[0.705s] Invoking command in '/home/devika/robo_ws/build/hello_moveit': CMAKE_PREFIX_PATH=${CMAKE_PREFIX_PATH}:/home/devika/ws_moveit2/install/moveit_configs_utils:/home/devika/ws_moveit2/install/launch_param_builder:/home/devika/robo_ws/install/perception_vision:/home/devika/robo_ws/install/cylinder_position_estimator:/opt/ros/humble /usr/bin/cmake --build /home/devika/robo_ws/build/hello_moveit
[1.332s] -- Found ament_cmake: 1.3.11 (/opt/ros/humble/share/ament_cmake/cmake)
[1.332s] -- Found rclcpp: 16.0.12 (/opt/ros/humble/share/rclcpp/cmake)
[1.333s] -- Found rosidl_generator_c: 3.1.6 (/opt/ros/humble/share/rosidl_generator_c/cmake)
[1.333s] -- Found rosidl_adapter: 3.1.6 (/opt/ros/humble/share/rosidl_adapter/cmake)
[1.333s] -- Found rosidl_generator_cpp: 3.1.6 (/opt/ros/humble/share/rosidl_generator_cpp/cmake)
[1.333s] -- Using all available rosidl_typesupport_c: rosidl_typesupport_fastrtps_c;rosidl_typesupport_introspection_c
[1.334s] -- Using all available rosidl_typesupport_cpp: rosidl_typesupport_fastrtps_cpp;rosidl_typesupport_introspection_cpp
[1.334s] -- Found rmw_implementation_cmake: 6.1.2 (/opt/ros/humble/share/rmw_implementation_cmake/cmake)
[1.334s] -- Found rmw_fastrtps_cpp: 6.2.7 (/opt/ros/humble/share/rmw_fastrtps_cpp/cmake)
[1.635s] -- Using RMW implementation 'rmw_fastrtps_cpp' as default
[1.751s] -- Found moveit_ros_planning_interface: 2.5.9 (/home/devika/ws_moveit2/install/moveit_ros_planning_interface/share/moveit_ros_planning_interface/cmake)
[1.776s] -- Found Boost: /usr/lib/x86_64-linux-gnu/cmake/Boost-1.74.0/BoostConfig.cmake (found version "1.74.0") found components: date_time filesystem program_options system thread 
[2.135s] -- Found Boost: /usr/lib/x86_64-linux-gnu/cmake/Boost-1.74.0/BoostConfig.cmake (found version "1.74.0") found components: chrono date_time filesystem iostreams program_options regex serialization system thread 
[2.210s] -- Found parameter_traits: 0.4.0 (/opt/ros/humble/share/parameter_traits/cmake)
[2.228s] -- Found rclcpp_lifecycle: 16.0.12 (/opt/ros/humble/share/rclcpp_lifecycle/cmake)
[2.277s] -- Found Boost: /usr/lib/x86_64-linux-gnu/cmake/Boost-1.74.0/BoostConfig.cmake (found version "1.74.0") found components: filesystem 
[2.391s] -- library: /usr/lib/x86_64-linux-gnu/libcurl.so
[2.476s] -- Ensuring Eigen3 include directory is part of orocos-kdl CMake target
[2.734s] -- Found Boost: /usr/lib/x86_64-linux-gnu/cmake/Boost-1.74.0/BoostConfig.cmake (found version "1.74.0") found components: system filesystem date_time program_options thread chrono 
[2.796s] -- Found Boost: /usr/lib/x86_64-linux-gnu/cmake/Boost-1.74.0/BoostConfig.cmake (found version "1.74.0") found components: thread system filesystem regex date_time program_options 
[2.837s] -- Found Boost: /usr/lib/x86_64-linux-gnu/cmake/Boost-1.74.0/BoostConfig.cmake (found version "1.74.0") found components: system filesystem date_time program_options thread 
[2.897s] -- Found moveit_visual_tools: 4.1.2 (/home/devika/ws_moveit2/install/moveit_visual_tools/share/moveit_visual_tools/cmake)
[3.017s] -- Setting assimp_DIR to: '/opt/ros/humble/share/rviz_assimp_vendor/cmake/../../../opt/rviz_assimp_vendor/lib/cmake/assimp-4.1'
[3.045s] -- Setting OGRE_DIR to: '/opt/ros/humble/share/rviz_ogre_vendor/cmake/../../../opt/rviz_ogre_vendor/lib/OGRE/cmake'
[3.049s] -- Found OGRE
[3.049s] --   static     : OFF
[3.051s] --   components : HLMS;MeshLodGenerator;Overlay;Paging;Property;RTShaderSystem;Terrain;Volume
[3.051s] --   plugins    : Plugin_BSPSceneManager;Plugin_OctreeSceneManager;Plugin_PCZSceneManager;Plugin_ParticleFX;RenderSystem_GL;RenderSystem_GL3Plus;Codec_STBI
[3.051s] --   media      : /opt/ros/humble/opt/rviz_ogre_vendor/share/OGRE/Media
[3.051s] -- OGRE_LIBRARIES: OgreHLMS;OgreMeshLodGenerator;OgreOverlay;OgrePaging;OgreProperty;OgreRTShaderSystem;OgreTerrain;OgreVolume;OgreMain
[3.051s] -- OGRE_LIBRARY_DIRS: /opt/ros/humble/opt/rviz_ogre_vendor/lib
[3.051s] -- OGRE_PLUGINS: Plugin_BSPSceneManager;Plugin_OctreeSceneManager;Plugin_PCZSceneManager;Plugin_ParticleFX;RenderSystem_GL;RenderSystem_GL3Plus;Codec_STBI
[3.051s] -- OGRE_PLUGIN_DIR: /opt/ros/humble/opt/rviz_ogre_vendor/lib/OGRE
[3.052s] -- rviz_ogre_vendor::OgreOverlay for IMPORTED_LOCATION_RELEASE: /opt/ros/humble/opt/rviz_ogre_vendor/lib/libOgreOverlay.so
[3.052s] -- rviz_ogre_vendor::OgreOverlay for IMPORTED_LOCATION_DEBUG: /opt/ros/humble/opt/rviz_ogre_vendor/lib/libOgreOverlay.so
[3.053s] -- rviz_ogre_vendor::OgreMain for IMPORTED_LOCATION_RELEASE: /opt/ros/humble/opt/rviz_ogre_vendor/lib/libOgreMain.so
[3.053s] -- rviz_ogre_vendor::OgreMain for IMPORTED_LOCATION_DEBUG: /opt/ros/humble/opt/rviz_ogre_vendor/lib/libOgreMain.so
[3.476s] -- Found ament_lint_auto: 0.12.12 (/opt/ros/humble/share/ament_lint_auto/cmake)
[3.683s] -- Added test 'copyright' to check source files copyright and LICENSE
[3.689s] -- Added test 'cppcheck' to perform static code analysis on C / C++ code
[3.690s] -- Configured cppcheck include dirs: $<BUILD_INTERFACE:/home/devika/robo_ws/src/hello_moveit/include>
[3.690s] -- Configured cppcheck exclude dirs and/or files: 
[3.692s] -- Added test 'cpplint' to check C / C++ code against the Google style
[3.692s] -- Configured cpplint exclude dirs and/or files: 
[3.696s] -- Added test 'flake8' to check Python code syntax and style conventions
[3.697s] -- Added test 'lint_cmake' to check CMake code style
[3.698s] -- Added test 'pep257' to check Python code against some of the docstring style conventions in PEP 257
[3.700s] -- Added test 'uncrustify' to check C / C++ code style
[3.701s] -- Configured uncrustify additional arguments: 
[3.701s] -- Added test 'xmllint' to check XML markup files
[3.705s] -- Configuring done
[4.504s] -- Generating done
[4.552s] -- Build files have been written to: /home/devika/robo_ws/build/hello_moveit
[4.672s] [35m[1mConsolidate compiler generated dependencies of target hello_moveit[0m
[4.777s] [ 33%] [32mBuilding CXX object CMakeFiles/hello_moveit.dir/src/hello_moveit_v1.cpp.o[0m
[22.437s] [01m[K/home/devika/robo_ws/src/hello_moveit/src/hello_moveit_v1.cpp:[m[K In member function ‘[01m[Kbool MoveitInterface::planAndExecuteMovement(const Pose&)[m[K’:
[22.438s] [01m[K/home/devika/robo_ws/src/hello_moveit/src/hello_moveit_v1.cpp:220:57:[m[K [01;35m[Kwarning: [m[K‘[01m[Kusing MoveItErrorCode = class moveit::core::MoveItErrorCode[m[K’ is deprecated: Use moveit::core::MoveItErrorCode [[01;35m[K]8;;https://gcc.gnu.org/onlinedocs/gcc/Warning-Options.html#index-Wdeprecated-declarations-Wdeprecated-declarations]8;;[m[K]
[22.438s]   220 |             moveit::planning_interface::MoveItErrorCode [01;35m[Kexecute_result[m[K = move_group_ptr_->execute(plan);
[22.438s]       |                                                         [01;35m[K^~~~~~~~~~~~~~[m[K
[22.439s] In file included from [01m[K/home/devika/robo_ws/src/hello_moveit/src/hello_moveit_v1.cpp:4[m[K:
[22.439s] [01m[K/home/devika/ws_moveit2/install/moveit_ros_planning_interface/include/moveit/move_group_interface/move_group_interface.h:71:7:[m[K [01;36m[Knote: [m[Kdeclared here
[22.439s]    71 | using [01;36m[KMoveItErrorCode[m[K [[deprecated("Use moveit::core::MoveItErrorCode")]] = moveit::core::MoveItErrorCode;
[22.439s]       |       [01;36m[K^~~~~~~~~~~~~~~[m[K
[22.439s] [01m[K/home/devika/robo_ws/src/hello_moveit/src/hello_moveit_v1.cpp:221:80:[m[K [01;35m[Kwarning: [m[K‘[01m[Kusing MoveItErrorCode = class moveit::core::MoveItErrorCode[m[K’ is deprecated: Use moveit::core::MoveItErrorCode [[01;35m[K]8;;https://gcc.gnu.org/onlinedocs/gcc/Warning-Options.html#index-Wdeprecated-declarations-Wdeprecated-declarations]8;;[m[K]
[22.439s]   221 | ecute_result == moveit::planning_interface::MoveItErrorCode::[01;35m[KSUCCESS[m[K) {
[22.439s]       |                                                              [01;35m[K^~~~~~~[m[K
[22.440s] 
[22.440s] In file included from [01m[K/home/devika/robo_ws/src/hello_moveit/src/hello_moveit_v1.cpp:4[m[K:
[22.440s] [01m[K/home/devika/ws_moveit2/install/moveit_ros_planning_interface/include/moveit/move_group_interface/move_group_interface.h:71:7:[m[K [01;36m[Knote: [m[Kdeclared here
[22.440s]    71 | using [01;36m[KMoveItErrorCode[m[K [[deprecated("Use moveit::core::MoveItErrorCode")]] = moveit::core::MoveItErrorCode;
[22.440s]       |       [01;36m[K^~~~~~~~~~~~~~~[m[K
[39.214s] [ 66%] [32mBuilding CXX object CMakeFiles/hello_moveit.dir/src/letsee.cpp.o[0m
[52.789s] [100%] [32m[1mLinking CXX executable hello_moveit[0m
[53.089s] /usr/bin/ld: CMakeFiles/hello_moveit.dir/src/letsee.cpp.o: in function `main':
[53.095s] letsee.cpp:(.text+0x69): multiple definition of `main'; CMakeFiles/hello_moveit.dir/src/hello_moveit_v1.cpp.o:hello_moveit_v1.cpp:(.text+0x603e): first defined here
[325.947s] collect2: error: ld returned 1 exit status
[325.952s] gmake[2]: *** [CMakeFiles/hello_moveit.dir/build.make:3180: hello_moveit] Error 1
[325.953s] gmake[1]: *** [CMakeFiles/Makefile2:137: CMakeFiles/hello_moveit.dir/all] Error 2
[325.953s] gmake: *** [Makefile:146: all] Error 2
[325.962s] Invoked command in '/home/devika/robo_ws/build/hello_moveit' returned '2': CMAKE_PREFIX_PATH=${CMAKE_PREFIX_PATH}:/home/devika/ws_moveit2/install/moveit_configs_utils:/home/devika/ws_moveit2/install/launch_param_builder:/home/devika/robo_ws/install/perception_vision:/home/devika/robo_ws/install/cylinder_position_estimator:/opt/ros/humble /usr/bin/cmake --build /home/devika/robo_ws/build/hello_moveit
