[0.736s] Invoking command in '/home/devika/robo_ws/build/hello_moveit': CMAKE_PREFIX_PATH=${CMAKE_PREFIX_PATH}:/home/devika/robo_ws/install/perception_vision:/home/devika/robo_ws/install/cylinder_position_estimator:/opt/ros/humble /usr/bin/cmake --build /home/devika/robo_ws/build/hello_moveit -- -j8 -l8
[0.906s] [ 50%] [32mBuilding CXX object CMakeFiles/hello_moveit.dir/src/hello_moveit_v1.cpp.o[0m
[23.711s] [100%] [32m[1mLinking CXX executable hello_moveit[0m
[24.496s] [100%] Built target hello_moveit
[24.522s] Invoked command in '/home/devika/robo_ws/build/hello_moveit' returned '0': CMAKE_PREFIX_PATH=${CMAKE_PREFIX_PATH}:/home/devika/robo_ws/install/perception_vision:/home/devika/robo_ws/install/cylinder_position_estimator:/opt/ros/humble /usr/bin/cmake --build /home/devika/robo_ws/build/hello_moveit -- -j8 -l8
[24.530s] Invoking command in '/home/devika/robo_ws/build/hello_moveit': CMAKE_PREFIX_PATH=${CMAKE_PREFIX_PATH}:/home/devika/robo_ws/install/perception_vision:/home/devika/robo_ws/install/cylinder_position_estimator:/opt/ros/humble /usr/bin/cmake --install /home/devika/robo_ws/build/hello_moveit
[24.550s] -- Install configuration: ""
[24.550s] -- Up-to-date: /home/devika/robo_ws/install/hello_moveit/share/hello_moveit/launch
[24.550s] -- Up-to-date: /home/devika/robo_ws/install/hello_moveit/share/hello_moveit/launch/hello.launch.py
[24.551s] -- Installing: /home/devika/robo_ws/install/hello_moveit/lib/hello_moveit/hello_moveit
[24.552s] -- Set runtime path of "/home/devika/robo_ws/install/hello_moveit/lib/hello_moveit/hello_moveit" to ""
[24.553s] -- Up-to-date: /home/devika/robo_ws/install/hello_moveit/share/ament_index/resource_index/package_run_dependencies/hello_moveit
[24.553s] -- Up-to-date: /home/devika/robo_ws/install/hello_moveit/share/ament_index/resource_index/parent_prefix_path/hello_moveit
[24.553s] -- Up-to-date: /home/devika/robo_ws/install/hello_moveit/share/hello_moveit/environment/ament_prefix_path.sh
[24.554s] -- Up-to-date: /home/devika/robo_ws/install/hello_moveit/share/hello_moveit/environment/ament_prefix_path.dsv
[24.554s] -- Up-to-date: /home/devika/robo_ws/install/hello_moveit/share/hello_moveit/environment/path.sh
[24.554s] -- Up-to-date: /home/devika/robo_ws/install/hello_moveit/share/hello_moveit/environment/path.dsv
[24.554s] -- Up-to-date: /home/devika/robo_ws/install/hello_moveit/share/hello_moveit/local_setup.bash
[24.555s] -- Up-to-date: /home/devika/robo_ws/install/hello_moveit/share/hello_moveit/local_setup.sh
[24.555s] -- Up-to-date: /home/devika/robo_ws/install/hello_moveit/share/hello_moveit/local_setup.zsh
[24.555s] -- Up-to-date: /home/devika/robo_ws/install/hello_moveit/share/hello_moveit/local_setup.dsv
[24.555s] -- Installing: /home/devika/robo_ws/install/hello_moveit/share/hello_moveit/package.dsv
[24.555s] -- Up-to-date: /home/devika/robo_ws/install/hello_moveit/share/ament_index/resource_index/packages/hello_moveit
[24.555s] -- Up-to-date: /home/devika/robo_ws/install/hello_moveit/share/hello_moveit/cmake/hello_moveitConfig.cmake
[24.556s] -- Up-to-date: /home/devika/robo_ws/install/hello_moveit/share/hello_moveit/cmake/hello_moveitConfig-version.cmake
[24.556s] -- Up-to-date: /home/devika/robo_ws/install/hello_moveit/share/hello_moveit/package.xml
[24.562s] Invoked command in '/home/devika/robo_ws/build/hello_moveit' returned '0': CMAKE_PREFIX_PATH=${CMAKE_PREFIX_PATH}:/home/devika/robo_ws/install/perception_vision:/home/devika/robo_ws/install/cylinder_position_estimator:/opt/ros/humble /usr/bin/cmake --install /home/devika/robo_ws/build/hello_moveit
