[2.221s] Invoking command in '/home/devika/robo_ws/build/yolov8_obb': CMAKE_PREFIX_PATH=${CMAKE_PREFIX_PATH}:/home/devika/robo_ws/install/perception_vision:/home/devika/robo_ws/install/cylinder_position_estimator:/home/devika/ws_moveit2/install/moveit_configs_utils:/home/devika/ws_moveit2/install/launch_param_builder:/opt/ros/humble /usr/bin/cmake --build /home/devika/robo_ws/build/yolov8_obb -- -j8 -l8
[2.577s] Invoked command in '/home/devika/robo_ws/build/yolov8_obb' returned '0': CMAKE_PREFIX_PATH=${CMAKE_PREFIX_PATH}:/home/devika/robo_ws/install/perception_vision:/home/devika/robo_ws/install/cylinder_position_estimator:/home/devika/ws_moveit2/install/moveit_configs_utils:/home/devika/ws_moveit2/install/launch_param_builder:/opt/ros/humble /usr/bin/cmake --build /home/devika/robo_ws/build/yolov8_obb -- -j8 -l8
[2.585s] Invoking command in '/home/devika/robo_ws/build/yolov8_obb': CMAKE_PREFIX_PATH=${CMAKE_PREFIX_PATH}:/home/devika/robo_ws/install/perception_vision:/home/devika/robo_ws/install/cylinder_position_estimator:/home/devika/ws_moveit2/install/moveit_configs_utils:/home/devika/ws_moveit2/install/launch_param_builder:/opt/ros/humble /usr/bin/cmake --install /home/devika/robo_ws/build/yolov8_obb
[2.672s] -- Install configuration: ""
[2.674s] -- Up-to-date: /home/devika/robo_ws/install/yolov8_obb/share/yolov8_obb//scripts
[2.675s] -- Up-to-date: /home/devika/robo_ws/install/yolov8_obb/share/yolov8_obb//scripts/yolov8_obb_subscriber.py
[2.676s] -- Up-to-date: /home/devika/robo_ws/install/yolov8_obb/share/yolov8_obb//scripts/yolov8_obb_publisher.py
[2.677s] -- Up-to-date: /home/devika/robo_ws/install/yolov8_obb/share/yolov8_obb//scripts/best.pt
[2.679s] -- Up-to-date: /home/devika/robo_ws/install/yolov8_obb/share/yolov8_obb//launch
[2.680s] -- Up-to-date: /home/devika/robo_ws/install/yolov8_obb/share/yolov8_obb//launch/yolov8_obb.launch.py
[2.683s] -- Up-to-date: /home/devika/robo_ws/install/yolov8_obb/lib/yolov8_obb/yolov8_obb_publisher.py
[2.684s] -- Up-to-date: /home/devika/robo_ws/install/yolov8_obb/lib/yolov8_obb/yolov8_obb_subscriber.py
[2.685s] -- Up-to-date: /home/devika/robo_ws/install/yolov8_obb/lib/yolov8_obb/yolov8_obb.launch.py
[2.685s] -- Up-to-date: /home/devika/robo_ws/install/yolov8_obb/share/ament_index/resource_index/package_run_dependencies/yolov8_obb
[2.685s] -- Up-to-date: /home/devika/robo_ws/install/yolov8_obb/share/ament_index/resource_index/parent_prefix_path/yolov8_obb
[2.687s] -- Up-to-date: /home/devika/robo_ws/install/yolov8_obb/share/yolov8_obb/environment/ament_prefix_path.sh
[2.688s] -- Up-to-date: /home/devika/robo_ws/install/yolov8_obb/share/yolov8_obb/environment/ament_prefix_path.dsv
[2.688s] -- Up-to-date: /home/devika/robo_ws/install/yolov8_obb/share/yolov8_obb/environment/path.sh
[2.689s] -- Up-to-date: /home/devika/robo_ws/install/yolov8_obb/share/yolov8_obb/environment/path.dsv
[2.690s] -- Up-to-date: /home/devika/robo_ws/install/yolov8_obb/share/yolov8_obb/local_setup.bash
[2.691s] -- Up-to-date: /home/devika/robo_ws/install/yolov8_obb/share/yolov8_obb/local_setup.sh
[2.692s] -- Up-to-date: /home/devika/robo_ws/install/yolov8_obb/share/yolov8_obb/local_setup.zsh
[2.692s] -- Up-to-date: /home/devika/robo_ws/install/yolov8_obb/share/yolov8_obb/local_setup.dsv
[2.693s] -- Installing: /home/devika/robo_ws/install/yolov8_obb/share/yolov8_obb/package.dsv
[2.693s] -- Up-to-date: /home/devika/robo_ws/install/yolov8_obb/share/ament_index/resource_index/packages/yolov8_obb
[2.697s] -- Up-to-date: /home/devika/robo_ws/install/yolov8_obb/share/yolov8_obb/cmake/yolov8_obbConfig.cmake
[2.698s] -- Up-to-date: /home/devika/robo_ws/install/yolov8_obb/share/yolov8_obb/cmake/yolov8_obbConfig-version.cmake
[2.698s] -- Up-to-date: /home/devika/robo_ws/install/yolov8_obb/share/yolov8_obb/package.xml
[2.718s] Invoked command in '/home/devika/robo_ws/build/yolov8_obb' returned '0': CMAKE_PREFIX_PATH=${CMAKE_PREFIX_PATH}:/home/devika/robo_ws/install/perception_vision:/home/devika/robo_ws/install/cylinder_position_estimator:/home/devika/ws_moveit2/install/moveit_configs_utils:/home/devika/ws_moveit2/install/launch_param_builder:/opt/ros/humble /usr/bin/cmake --install /home/devika/robo_ws/build/yolov8_obb
