[2.147s] Invoking command in '/home/devika/robo_ws/src/perception_vision': PYTHONPATH=/home/devika/robo_ws/build/perception_vision/prefix_override:/usr/lib/python3/dist-packages/colcon_core/task/python/colcon_distutils_commands:/home/devika/robo_ws/install/perception_vision/lib/python3.10/site-packages:${PYTHONPATH} /usr/bin/python3 -W ignore:setup.py install is deprecated -W ignore:easy_install command is deprecated setup.py egg_info --egg-base ../../build/perception_vision build --build-base /home/devika/robo_ws/build/perception_vision/build install --record /home/devika/robo_ws/build/perception_vision/install.log --single-version-externally-managed install_data
[2.584s] running egg_info
[2.584s] writing ../../build/perception_vision/perception_vision.egg-info/PKG-INFO
[2.584s] writing dependency_links to ../../build/perception_vision/perception_vision.egg-info/dependency_links.txt
[2.584s] writing entry points to ../../build/perception_vision/perception_vision.egg-info/entry_points.txt
[2.585s] writing requirements to ../../build/perception_vision/perception_vision.egg-info/requires.txt
[2.585s] writing top-level names to ../../build/perception_vision/perception_vision.egg-info/top_level.txt
[2.590s] reading manifest file '../../build/perception_vision/perception_vision.egg-info/SOURCES.txt'
[2.594s] writing manifest file '../../build/perception_vision/perception_vision.egg-info/SOURCES.txt'
[2.600s] running build
[2.600s] running build_py
[2.601s] running install
[2.601s] running install_lib
[2.601s] running install_data
[2.601s] running install_egg_info
[2.601s] removing '/home/devika/robo_ws/install/perception_vision/lib/python3.10/site-packages/perception_vision-0.0.0-py3.10.egg-info' (and everything under it)
[2.601s] Copying ../../build/perception_vision/perception_vision.egg-info to /home/devika/robo_ws/install/perception_vision/lib/python3.10/site-packages/perception_vision-0.0.0-py3.10.egg-info
[2.605s] running install_scripts
[2.674s] Installing yolov8_obb_node script to /home/devika/robo_ws/install/perception_vision/lib/perception_vision
[2.678s] writing list of installed files to '/home/devika/robo_ws/build/perception_vision/install.log'
[2.750s] Invoked command in '/home/devika/robo_ws/src/perception_vision' returned '0': PYTHONPATH=/home/devika/robo_ws/build/perception_vision/prefix_override:/usr/lib/python3/dist-packages/colcon_core/task/python/colcon_distutils_commands:/home/devika/robo_ws/install/perception_vision/lib/python3.10/site-packages:${PYTHONPATH} /usr/bin/python3 -W ignore:setup.py install is deprecated -W ignore:easy_install command is deprecated setup.py egg_info --egg-base ../../build/perception_vision build --build-base /home/devika/robo_ws/build/perception_vision/build install --record /home/devika/robo_ws/build/perception_vision/install.log --single-version-externally-managed install_data
