[0.181s] Invoking command in '/home/devika/robo_ws/build/rviz_marker_tools': CMAKE_PREFIX_PATH=${CMAKE_PREFIX_PATH}:/home/devika/robo_ws/install/perception_vision:/home/devika/robo_ws/install/cylinder_position_estimator:/home/devika/ws_moveit2/install/moveit_configs_utils:/home/devika/ws_moveit2/install/launch_param_builder:/opt/ros/humble /usr/bin/cmake --build /home/devika/robo_ws/build/rviz_marker_tools -- -j8 -l8
[1.158s] [100%] Built target rviz_marker_tools
[1.795s] Invoked command in '/home/devika/robo_ws/build/rviz_marker_tools' returned '0': CMAKE_PREFIX_PATH=${CMAKE_PREFIX_PATH}:/home/devika/robo_ws/install/perception_vision:/home/devika/robo_ws/install/cylinder_position_estimator:/home/devika/ws_moveit2/install/moveit_configs_utils:/home/devika/ws_moveit2/install/launch_param_builder:/opt/ros/humble /usr/bin/cmake --build /home/devika/robo_ws/build/rviz_marker_tools -- -j8 -l8
[1.802s] Invoking command in '/home/devika/robo_ws/build/rviz_marker_tools': CMAKE_PREFIX_PATH=${CMAKE_PREFIX_PATH}:/home/devika/robo_ws/install/perception_vision:/home/devika/robo_ws/install/cylinder_position_estimator:/home/devika/ws_moveit2/install/moveit_configs_utils:/home/devika/ws_moveit2/install/launch_param_builder:/opt/ros/humble /usr/bin/cmake --install /home/devika/robo_ws/build/rviz_marker_tools
[1.868s] -- Install configuration: "Release"
[1.868s] -- Up-to-date: /home/devika/robo_ws/install/rviz_marker_tools/include
[1.868s] -- Up-to-date: /home/devika/robo_ws/install/rviz_marker_tools/include/rviz_marker_tools
[1.869s] -- Up-to-date: /home/devika/robo_ws/install/rviz_marker_tools/include/rviz_marker_tools/marker_creation.h
[1.870s] -- Up-to-date: /home/devika/robo_ws/install/rviz_marker_tools/lib/librviz_marker_tools.so
[1.870s] -- Up-to-date: /home/devika/robo_ws/install/rviz_marker_tools/share/rviz_marker_tools/environment/library_path.sh
[1.870s] -- Up-to-date: /home/devika/robo_ws/install/rviz_marker_tools/share/rviz_marker_tools/environment/library_path.dsv
[1.870s] -- Up-to-date: /home/devika/robo_ws/install/rviz_marker_tools/share/ament_index/resource_index/package_run_dependencies/rviz_marker_tools
[1.871s] -- Up-to-date: /home/devika/robo_ws/install/rviz_marker_tools/share/ament_index/resource_index/parent_prefix_path/rviz_marker_tools
[1.871s] -- Up-to-date: /home/devika/robo_ws/install/rviz_marker_tools/share/rviz_marker_tools/environment/ament_prefix_path.sh
[1.871s] -- Up-to-date: /home/devika/robo_ws/install/rviz_marker_tools/share/rviz_marker_tools/environment/ament_prefix_path.dsv
[1.872s] -- Up-to-date: /home/devika/robo_ws/install/rviz_marker_tools/share/rviz_marker_tools/environment/path.sh
[1.872s] -- Up-to-date: /home/devika/robo_ws/install/rviz_marker_tools/share/rviz_marker_tools/environment/path.dsv
[1.872s] -- Up-to-date: /home/devika/robo_ws/install/rviz_marker_tools/share/rviz_marker_tools/local_setup.bash
[1.872s] -- Up-to-date: /home/devika/robo_ws/install/rviz_marker_tools/share/rviz_marker_tools/local_setup.sh
[1.873s] -- Up-to-date: /home/devika/robo_ws/install/rviz_marker_tools/share/rviz_marker_tools/local_setup.zsh
[1.873s] -- Up-to-date: /home/devika/robo_ws/install/rviz_marker_tools/share/rviz_marker_tools/local_setup.dsv
[1.873s] -- Installing: /home/devika/robo_ws/install/rviz_marker_tools/share/rviz_marker_tools/package.dsv
[1.873s] -- Up-to-date: /home/devika/robo_ws/install/rviz_marker_tools/share/ament_index/resource_index/packages/rviz_marker_tools
[1.873s] -- Up-to-date: /home/devika/robo_ws/install/rviz_marker_tools/share/rviz_marker_tools/cmake/rviz_marker_toolsTargetsExport.cmake
[1.874s] -- Up-to-date: /home/devika/robo_ws/install/rviz_marker_tools/share/rviz_marker_tools/cmake/rviz_marker_toolsTargetsExport-release.cmake
[1.874s] -- Up-to-date: /home/devika/robo_ws/install/rviz_marker_tools/share/rviz_marker_tools/cmake/ament_cmake_export_targets-extras.cmake
[1.874s] -- Up-to-date: /home/devika/robo_ws/install/rviz_marker_tools/share/rviz_marker_tools/cmake/ament_cmake_export_dependencies-extras.cmake
[1.874s] -- Up-to-date: /home/devika/robo_ws/install/rviz_marker_tools/share/rviz_marker_tools/cmake/rviz_marker_toolsConfig.cmake
[1.874s] -- Up-to-date: /home/devika/robo_ws/install/rviz_marker_tools/share/rviz_marker_tools/cmake/rviz_marker_toolsConfig-version.cmake
[1.875s] -- Up-to-date: /home/devika/robo_ws/install/rviz_marker_tools/share/rviz_marker_tools/package.xml
[2.001s] Invoked command in '/home/devika/robo_ws/build/rviz_marker_tools' returned '0': CMAKE_PREFIX_PATH=${CMAKE_PREFIX_PATH}:/home/devika/robo_ws/install/perception_vision:/home/devika/robo_ws/install/cylinder_position_estimator:/home/devika/ws_moveit2/install/moveit_configs_utils:/home/devika/ws_moveit2/install/launch_param_builder:/opt/ros/humble /usr/bin/cmake --install /home/devika/robo_ws/build/rviz_marker_tools
