[1.407s] Invoking command in '/home/devika/robo_ws/build/yolov8_msgs': CMAKE_PREFIX_PATH=${CMAKE_PREFIX_PATH}:/home/devika/robo_ws/install/perception_vision:/home/devika/robo_ws/install/cylinder_position_estimator:/home/devika/ws_moveit2/install/moveit_configs_utils:/home/devika/ws_moveit2/install/launch_param_builder:/opt/ros/humble /usr/bin/cmake --build /home/devika/robo_ws/build/yolov8_msgs -- -j8 -l8
[1.712s] [  2%] Built target yolov8_msgs__cpp
[1.712s] [ 12%] Built target yolov8_msgs__rosidl_generator_c
[1.785s] [ 12%] Built target ament_cmake_python_copy_yolov8_msgs
[1.916s] [ 23%] Built target yolov8_msgs__rosidl_typesupport_introspection_c
[1.922s] [ 33%] Built target yolov8_msgs__rosidl_typesupport_c
[1.928s] [ 43%] Built target yolov8_msgs__rosidl_typesupport_introspection_cpp
[1.933s] [ 53%] Built target yolov8_msgs__rosidl_typesupport_fastrtps_c
[1.946s] [ 64%] Built target yolov8_msgs__rosidl_typesupport_cpp
[1.965s] [ 74%] Built target yolov8_msgs__rosidl_typesupport_fastrtps_cpp
[2.080s] [ 74%] Built target yolov8_msgs
[2.186s] [ 76%] Built target yolov8_msgs__py
[2.306s] [ 84%] Built target yolov8_msgs__rosidl_generator_py
[2.429s] [ 89%] Built target yolov8_msgs__rosidl_typesupport_fastrtps_c__pyext
[2.430s] [ 94%] Built target yolov8_msgs__rosidl_typesupport_c__pyext
[2.436s] [100%] Built target yolov8_msgs__rosidl_typesupport_introspection_c__pyext
[2.686s] running egg_info
[2.688s] writing yolov8_msgs.egg-info/PKG-INFO
[2.688s] writing dependency_links to yolov8_msgs.egg-info/dependency_links.txt
[2.688s] writing top-level names to yolov8_msgs.egg-info/top_level.txt
[2.694s] reading manifest file 'yolov8_msgs.egg-info/SOURCES.txt'
[2.696s] writing manifest file 'yolov8_msgs.egg-info/SOURCES.txt'
[2.792s] [100%] Built target ament_cmake_python_build_yolov8_msgs_egg
[2.831s] Invoked command in '/home/devika/robo_ws/build/yolov8_msgs' returned '0': CMAKE_PREFIX_PATH=${CMAKE_PREFIX_PATH}:/home/devika/robo_ws/install/perception_vision:/home/devika/robo_ws/install/cylinder_position_estimator:/home/devika/ws_moveit2/install/moveit_configs_utils:/home/devika/ws_moveit2/install/launch_param_builder:/opt/ros/humble /usr/bin/cmake --build /home/devika/robo_ws/build/yolov8_msgs -- -j8 -l8
[2.836s] Invoking command in '/home/devika/robo_ws/build/yolov8_msgs': CMAKE_PREFIX_PATH=${CMAKE_PREFIX_PATH}:/home/devika/robo_ws/install/perception_vision:/home/devika/robo_ws/install/cylinder_position_estimator:/home/devika/ws_moveit2/install/moveit_configs_utils:/home/devika/ws_moveit2/install/launch_param_builder:/opt/ros/humble /usr/bin/cmake --install /home/devika/robo_ws/build/yolov8_msgs
[2.861s] -- Install configuration: ""
[2.862s] -- Up-to-date: /home/devika/robo_ws/install/yolov8_msgs/share/ament_index/resource_index/rosidl_interfaces/yolov8_msgs
[2.862s] -- Up-to-date: /home/devika/robo_ws/install/yolov8_msgs/include/yolov8_msgs/yolov8_msgs
[2.862s] -- Up-to-date: /home/devika/robo_ws/install/yolov8_msgs/include/yolov8_msgs/yolov8_msgs/msg
[2.863s] -- Up-to-date: /home/devika/robo_ws/install/yolov8_msgs/include/yolov8_msgs/yolov8_msgs/msg/inference_result.h
[2.863s] -- Up-to-date: /home/devika/robo_ws/install/yolov8_msgs/include/yolov8_msgs/yolov8_msgs/msg/rosidl_generator_c__visibility_control.h
[2.863s] -- Up-to-date: /home/devika/robo_ws/install/yolov8_msgs/include/yolov8_msgs/yolov8_msgs/msg/yolov8_inference.h
[2.863s] -- Up-to-date: /home/devika/robo_ws/install/yolov8_msgs/include/yolov8_msgs/yolov8_msgs/msg/detail
[2.864s] -- Up-to-date: /home/devika/robo_ws/install/yolov8_msgs/include/yolov8_msgs/yolov8_msgs/msg/detail/yolov8_inference__functions.c
[2.864s] -- Up-to-date: /home/devika/robo_ws/install/yolov8_msgs/include/yolov8_msgs/yolov8_msgs/msg/detail/inference_result__functions.c
[2.864s] -- Up-to-date: /home/devika/robo_ws/install/yolov8_msgs/include/yolov8_msgs/yolov8_msgs/msg/detail/inference_result__type_support.h
[2.864s] -- Up-to-date: /home/devika/robo_ws/install/yolov8_msgs/include/yolov8_msgs/yolov8_msgs/msg/detail/yolov8_inference__struct.h
[2.864s] -- Up-to-date: /home/devika/robo_ws/install/yolov8_msgs/include/yolov8_msgs/yolov8_msgs/msg/detail/yolov8_inference__functions.h
[2.864s] -- Up-to-date: /home/devika/robo_ws/install/yolov8_msgs/include/yolov8_msgs/yolov8_msgs/msg/detail/yolov8_inference__type_support.h
[2.864s] -- Up-to-date: /home/devika/robo_ws/install/yolov8_msgs/include/yolov8_msgs/yolov8_msgs/msg/detail/inference_result__struct.h
[2.865s] -- Up-to-date: /home/devika/robo_ws/install/yolov8_msgs/include/yolov8_msgs/yolov8_msgs/msg/detail/inference_result__functions.h
[2.865s] -- Up-to-date: /home/devika/robo_ws/install/yolov8_msgs/share/yolov8_msgs/environment/library_path.sh
[2.865s] -- Up-to-date: /home/devika/robo_ws/install/yolov8_msgs/share/yolov8_msgs/environment/library_path.dsv
[2.866s] -- Up-to-date: /home/devika/robo_ws/install/yolov8_msgs/lib/libyolov8_msgs__rosidl_generator_c.so
[2.867s] -- Up-to-date: /home/devika/robo_ws/install/yolov8_msgs/include/yolov8_msgs/yolov8_msgs
[2.868s] -- Up-to-date: /home/devika/robo_ws/install/yolov8_msgs/include/yolov8_msgs/yolov8_msgs/msg
[2.868s] -- Up-to-date: /home/devika/robo_ws/install/yolov8_msgs/include/yolov8_msgs/yolov8_msgs/msg/rosidl_typesupport_fastrtps_c__visibility_control.h
[2.869s] -- Up-to-date: /home/devika/robo_ws/install/yolov8_msgs/include/yolov8_msgs/yolov8_msgs/msg/detail
[2.869s] -- Up-to-date: /home/devika/robo_ws/install/yolov8_msgs/include/yolov8_msgs/yolov8_msgs/msg/detail/yolov8_inference__rosidl_typesupport_fastrtps_c.h
[2.869s] -- Up-to-date: /home/devika/robo_ws/install/yolov8_msgs/include/yolov8_msgs/yolov8_msgs/msg/detail/inference_result__rosidl_typesupport_fastrtps_c.h
[2.872s] -- Up-to-date: /home/devika/robo_ws/install/yolov8_msgs/lib/libyolov8_msgs__rosidl_typesupport_fastrtps_c.so
[2.872s] -- Up-to-date: /home/devika/robo_ws/install/yolov8_msgs/include/yolov8_msgs/yolov8_msgs
[2.873s] -- Up-to-date: /home/devika/robo_ws/install/yolov8_msgs/include/yolov8_msgs/yolov8_msgs/msg
[2.873s] -- Up-to-date: /home/devika/robo_ws/install/yolov8_msgs/include/yolov8_msgs/yolov8_msgs/msg/rosidl_generator_cpp__visibility_control.hpp
[2.874s] -- Up-to-date: /home/devika/robo_ws/install/yolov8_msgs/include/yolov8_msgs/yolov8_msgs/msg/inference_result.hpp
[2.874s] -- Up-to-date: /home/devika/robo_ws/install/yolov8_msgs/include/yolov8_msgs/yolov8_msgs/msg/yolov8_inference.hpp
[2.874s] -- Up-to-date: /home/devika/robo_ws/install/yolov8_msgs/include/yolov8_msgs/yolov8_msgs/msg/detail
[2.875s] -- Up-to-date: /home/devika/robo_ws/install/yolov8_msgs/include/yolov8_msgs/yolov8_msgs/msg/detail/yolov8_inference__type_support.hpp
[2.875s] -- Up-to-date: /home/devika/robo_ws/install/yolov8_msgs/include/yolov8_msgs/yolov8_msgs/msg/detail/inference_result__traits.hpp
[2.875s] -- Up-to-date: /home/devika/robo_ws/install/yolov8_msgs/include/yolov8_msgs/yolov8_msgs/msg/detail/inference_result__struct.hpp
[2.875s] -- Up-to-date: /home/devika/robo_ws/install/yolov8_msgs/include/yolov8_msgs/yolov8_msgs/msg/detail/yolov8_inference__builder.hpp
[2.875s] -- Up-to-date: /home/devika/robo_ws/install/yolov8_msgs/include/yolov8_msgs/yolov8_msgs/msg/detail/inference_result__builder.hpp
[2.876s] -- Up-to-date: /home/devika/robo_ws/install/yolov8_msgs/include/yolov8_msgs/yolov8_msgs/msg/detail/yolov8_inference__struct.hpp
[2.876s] -- Up-to-date: /home/devika/robo_ws/install/yolov8_msgs/include/yolov8_msgs/yolov8_msgs/msg/detail/inference_result__type_support.hpp
[2.876s] -- Up-to-date: /home/devika/robo_ws/install/yolov8_msgs/include/yolov8_msgs/yolov8_msgs/msg/detail/yolov8_inference__traits.hpp
[2.876s] -- Up-to-date: /home/devika/robo_ws/install/yolov8_msgs/include/yolov8_msgs/yolov8_msgs
[2.876s] -- Up-to-date: /home/devika/robo_ws/install/yolov8_msgs/include/yolov8_msgs/yolov8_msgs/msg
[2.876s] -- Up-to-date: /home/devika/robo_ws/install/yolov8_msgs/include/yolov8_msgs/yolov8_msgs/msg/rosidl_typesupport_fastrtps_cpp__visibility_control.h
[2.877s] -- Up-to-date: /home/devika/robo_ws/install/yolov8_msgs/include/yolov8_msgs/yolov8_msgs/msg/detail
[2.877s] -- Up-to-date: /home/devika/robo_ws/install/yolov8_msgs/include/yolov8_msgs/yolov8_msgs/msg/detail/yolov8_inference__rosidl_typesupport_fastrtps_cpp.hpp
[2.877s] -- Up-to-date: /home/devika/robo_ws/install/yolov8_msgs/include/yolov8_msgs/yolov8_msgs/msg/detail/inference_result__rosidl_typesupport_fastrtps_cpp.hpp
[2.877s] -- Up-to-date: /home/devika/robo_ws/install/yolov8_msgs/include/yolov8_msgs/yolov8_msgs/msg/detail/dds_fastrtps
[2.880s] -- Up-to-date: /home/devika/robo_ws/install/yolov8_msgs/lib/libyolov8_msgs__rosidl_typesupport_fastrtps_cpp.so
[2.880s] -- Up-to-date: /home/devika/robo_ws/install/yolov8_msgs/include/yolov8_msgs/yolov8_msgs
[2.881s] -- Up-to-date: /home/devika/robo_ws/install/yolov8_msgs/include/yolov8_msgs/yolov8_msgs/msg
[2.881s] -- Up-to-date: /home/devika/robo_ws/install/yolov8_msgs/include/yolov8_msgs/yolov8_msgs/msg/rosidl_typesupport_introspection_c__visibility_control.h
[2.882s] -- Up-to-date: /home/devika/robo_ws/install/yolov8_msgs/include/yolov8_msgs/yolov8_msgs/msg/detail
[2.882s] -- Up-to-date: /home/devika/robo_ws/install/yolov8_msgs/include/yolov8_msgs/yolov8_msgs/msg/detail/yolov8_inference__type_support.c
[2.882s] -- Up-to-date: /home/devika/robo_ws/install/yolov8_msgs/include/yolov8_msgs/yolov8_msgs/msg/detail/inference_result__rosidl_typesupport_introspection_c.h
[2.883s] -- Up-to-date: /home/devika/robo_ws/install/yolov8_msgs/include/yolov8_msgs/yolov8_msgs/msg/detail/inference_result__type_support.c
[2.883s] -- Up-to-date: /home/devika/robo_ws/install/yolov8_msgs/include/yolov8_msgs/yolov8_msgs/msg/detail/yolov8_inference__rosidl_typesupport_introspection_c.h
[2.884s] -- Up-to-date: /home/devika/robo_ws/install/yolov8_msgs/lib/libyolov8_msgs__rosidl_typesupport_introspection_c.so
[2.886s] -- Up-to-date: /home/devika/robo_ws/install/yolov8_msgs/lib/libyolov8_msgs__rosidl_typesupport_c.so
[2.887s] -- Up-to-date: /home/devika/robo_ws/install/yolov8_msgs/include/yolov8_msgs/yolov8_msgs
[2.887s] -- Up-to-date: /home/devika/robo_ws/install/yolov8_msgs/include/yolov8_msgs/yolov8_msgs/msg
[2.888s] -- Up-to-date: /home/devika/robo_ws/install/yolov8_msgs/include/yolov8_msgs/yolov8_msgs/msg/detail
[2.888s] -- Up-to-date: /home/devika/robo_ws/install/yolov8_msgs/include/yolov8_msgs/yolov8_msgs/msg/detail/yolov8_inference__type_support.cpp
[2.888s] -- Up-to-date: /home/devika/robo_ws/install/yolov8_msgs/include/yolov8_msgs/yolov8_msgs/msg/detail/inference_result__rosidl_typesupport_introspection_cpp.hpp
[2.888s] -- Up-to-date: /home/devika/robo_ws/install/yolov8_msgs/include/yolov8_msgs/yolov8_msgs/msg/detail/inference_result__type_support.cpp
[2.888s] -- Up-to-date: /home/devika/robo_ws/install/yolov8_msgs/include/yolov8_msgs/yolov8_msgs/msg/detail/yolov8_inference__rosidl_typesupport_introspection_cpp.hpp
[2.891s] -- Up-to-date: /home/devika/robo_ws/install/yolov8_msgs/lib/libyolov8_msgs__rosidl_typesupport_introspection_cpp.so
[2.892s] -- Up-to-date: /home/devika/robo_ws/install/yolov8_msgs/lib/libyolov8_msgs__rosidl_typesupport_cpp.so
[2.892s] -- Up-to-date: /home/devika/robo_ws/install/yolov8_msgs/share/yolov8_msgs/environment/pythonpath.sh
[2.893s] -- Up-to-date: /home/devika/robo_ws/install/yolov8_msgs/share/yolov8_msgs/environment/pythonpath.dsv
[2.893s] -- Up-to-date: /home/devika/robo_ws/install/yolov8_msgs/local/lib/python3.10/dist-packages/yolov8_msgs-0.0.0-py3.10.egg-info
[2.893s] -- Installing: /home/devika/robo_ws/install/yolov8_msgs/local/lib/python3.10/dist-packages/yolov8_msgs-0.0.0-py3.10.egg-info/dependency_links.txt
[2.893s] -- Installing: /home/devika/robo_ws/install/yolov8_msgs/local/lib/python3.10/dist-packages/yolov8_msgs-0.0.0-py3.10.egg-info/top_level.txt
[2.894s] -- Installing: /home/devika/robo_ws/install/yolov8_msgs/local/lib/python3.10/dist-packages/yolov8_msgs-0.0.0-py3.10.egg-info/PKG-INFO
[2.894s] -- Installing: /home/devika/robo_ws/install/yolov8_msgs/local/lib/python3.10/dist-packages/yolov8_msgs-0.0.0-py3.10.egg-info/SOURCES.txt
[2.894s] -- Up-to-date: /home/devika/robo_ws/install/yolov8_msgs/local/lib/python3.10/dist-packages/yolov8_msgs
[2.895s] -- Up-to-date: /home/devika/robo_ws/install/yolov8_msgs/local/lib/python3.10/dist-packages/yolov8_msgs/yolov8_msgs_s__rosidl_typesupport_fastrtps_c.cpython-310-x86_64-linux-gnu.so
[2.895s] -- Up-to-date: /home/devika/robo_ws/install/yolov8_msgs/local/lib/python3.10/dist-packages/yolov8_msgs/_yolov8_msgs_s.ep.rosidl_typesupport_fastrtps_c.c
[2.895s] -- Up-to-date: /home/devika/robo_ws/install/yolov8_msgs/local/lib/python3.10/dist-packages/yolov8_msgs/msg
[2.895s] -- Up-to-date: /home/devika/robo_ws/install/yolov8_msgs/local/lib/python3.10/dist-packages/yolov8_msgs/msg/_inference_result_s.c
[2.896s] -- Up-to-date: /home/devika/robo_ws/install/yolov8_msgs/local/lib/python3.10/dist-packages/yolov8_msgs/msg/_yolov8_inference.py
[2.896s] -- Up-to-date: /home/devika/robo_ws/install/yolov8_msgs/local/lib/python3.10/dist-packages/yolov8_msgs/msg/_inference_result.py
[2.896s] -- Up-to-date: /home/devika/robo_ws/install/yolov8_msgs/local/lib/python3.10/dist-packages/yolov8_msgs/msg/_yolov8_inference_s.c
[2.896s] -- Up-to-date: /home/devika/robo_ws/install/yolov8_msgs/local/lib/python3.10/dist-packages/yolov8_msgs/msg/__init__.py
[2.896s] -- Up-to-date: /home/devika/robo_ws/install/yolov8_msgs/local/lib/python3.10/dist-packages/yolov8_msgs/_yolov8_msgs_s.ep.rosidl_typesupport_introspection_c.c
[2.896s] -- Up-to-date: /home/devika/robo_ws/install/yolov8_msgs/local/lib/python3.10/dist-packages/yolov8_msgs/yolov8_msgs_s__rosidl_typesupport_c.cpython-310-x86_64-linux-gnu.so
[2.896s] -- Up-to-date: /home/devika/robo_ws/install/yolov8_msgs/local/lib/python3.10/dist-packages/yolov8_msgs/libyolov8_msgs__rosidl_generator_py.so
[2.896s] -- Up-to-date: /home/devika/robo_ws/install/yolov8_msgs/local/lib/python3.10/dist-packages/yolov8_msgs/_yolov8_msgs_s.ep.rosidl_typesupport_c.c
[2.896s] -- Up-to-date: /home/devika/robo_ws/install/yolov8_msgs/local/lib/python3.10/dist-packages/yolov8_msgs/__init__.py
[2.897s] -- Up-to-date: /home/devika/robo_ws/install/yolov8_msgs/local/lib/python3.10/dist-packages/yolov8_msgs/yolov8_msgs_s__rosidl_typesupport_introspection_c.cpython-310-x86_64-linux-gnu.so
[2.981s] Listing '/home/devika/robo_ws/install/yolov8_msgs/local/lib/python3.10/dist-packages/yolov8_msgs'...
[2.981s] Listing '/home/devika/robo_ws/install/yolov8_msgs/local/lib/python3.10/dist-packages/yolov8_msgs/msg'...
[2.997s] -- Up-to-date: /home/devika/robo_ws/install/yolov8_msgs/local/lib/python3.10/dist-packages/yolov8_msgs/yolov8_msgs_s__rosidl_typesupport_fastrtps_c.cpython-310-x86_64-linux-gnu.so
[2.999s] -- Up-to-date: /home/devika/robo_ws/install/yolov8_msgs/local/lib/python3.10/dist-packages/yolov8_msgs/yolov8_msgs_s__rosidl_typesupport_introspection_c.cpython-310-x86_64-linux-gnu.so
[3.001s] -- Up-to-date: /home/devika/robo_ws/install/yolov8_msgs/local/lib/python3.10/dist-packages/yolov8_msgs/yolov8_msgs_s__rosidl_typesupport_c.cpython-310-x86_64-linux-gnu.so
[3.003s] -- Up-to-date: /home/devika/robo_ws/install/yolov8_msgs/lib/libyolov8_msgs__rosidl_generator_py.so
[3.004s] -- Up-to-date: /home/devika/robo_ws/install/yolov8_msgs/share/yolov8_msgs/msg/InferenceResult.idl
[3.004s] -- Up-to-date: /home/devika/robo_ws/install/yolov8_msgs/share/yolov8_msgs/msg/Yolov8Inference.idl
[3.004s] -- Up-to-date: /home/devika/robo_ws/install/yolov8_msgs/share/yolov8_msgs/msg/InferenceResult.msg
[3.005s] -- Up-to-date: /home/devika/robo_ws/install/yolov8_msgs/share/yolov8_msgs/msg/Yolov8Inference.msg
[3.005s] -- Up-to-date: /home/devika/robo_ws/install/yolov8_msgs/share/ament_index/resource_index/package_run_dependencies/yolov8_msgs
[3.005s] -- Up-to-date: /home/devika/robo_ws/install/yolov8_msgs/share/ament_index/resource_index/parent_prefix_path/yolov8_msgs
[3.005s] -- Up-to-date: /home/devika/robo_ws/install/yolov8_msgs/share/yolov8_msgs/environment/ament_prefix_path.sh
[3.005s] -- Up-to-date: /home/devika/robo_ws/install/yolov8_msgs/share/yolov8_msgs/environment/ament_prefix_path.dsv
[3.005s] -- Up-to-date: /home/devika/robo_ws/install/yolov8_msgs/share/yolov8_msgs/environment/path.sh
[3.006s] -- Up-to-date: /home/devika/robo_ws/install/yolov8_msgs/share/yolov8_msgs/environment/path.dsv
[3.006s] -- Up-to-date: /home/devika/robo_ws/install/yolov8_msgs/share/yolov8_msgs/local_setup.bash
[3.006s] -- Up-to-date: /home/devika/robo_ws/install/yolov8_msgs/share/yolov8_msgs/local_setup.sh
[3.006s] -- Up-to-date: /home/devika/robo_ws/install/yolov8_msgs/share/yolov8_msgs/local_setup.zsh
[3.006s] -- Up-to-date: /home/devika/robo_ws/install/yolov8_msgs/share/yolov8_msgs/local_setup.dsv
[3.006s] -- Installing: /home/devika/robo_ws/install/yolov8_msgs/share/yolov8_msgs/package.dsv
[3.006s] -- Up-to-date: /home/devika/robo_ws/install/yolov8_msgs/share/ament_index/resource_index/packages/yolov8_msgs
[3.007s] -- Up-to-date: /home/devika/robo_ws/install/yolov8_msgs/share/yolov8_msgs/cmake/export_yolov8_msgs__rosidl_generator_cExport.cmake
[3.008s] -- Up-to-date: /home/devika/robo_ws/install/yolov8_msgs/share/yolov8_msgs/cmake/export_yolov8_msgs__rosidl_generator_cExport-noconfig.cmake
[3.009s] -- Up-to-date: /home/devika/robo_ws/install/yolov8_msgs/share/yolov8_msgs/cmake/export_yolov8_msgs__rosidl_typesupport_fastrtps_cExport.cmake
[3.009s] -- Up-to-date: /home/devika/robo_ws/install/yolov8_msgs/share/yolov8_msgs/cmake/export_yolov8_msgs__rosidl_typesupport_fastrtps_cExport-noconfig.cmake
[3.010s] -- Up-to-date: /home/devika/robo_ws/install/yolov8_msgs/share/yolov8_msgs/cmake/export_yolov8_msgs__rosidl_generator_cppExport.cmake
[3.011s] -- Up-to-date: /home/devika/robo_ws/install/yolov8_msgs/share/yolov8_msgs/cmake/export_yolov8_msgs__rosidl_typesupport_fastrtps_cppExport.cmake
[3.012s] -- Up-to-date: /home/devika/robo_ws/install/yolov8_msgs/share/yolov8_msgs/cmake/export_yolov8_msgs__rosidl_typesupport_fastrtps_cppExport-noconfig.cmake
[3.013s] -- Up-to-date: /home/devika/robo_ws/install/yolov8_msgs/share/yolov8_msgs/cmake/yolov8_msgs__rosidl_typesupport_introspection_cExport.cmake
[3.013s] -- Up-to-date: /home/devika/robo_ws/install/yolov8_msgs/share/yolov8_msgs/cmake/yolov8_msgs__rosidl_typesupport_introspection_cExport-noconfig.cmake
[3.014s] -- Up-to-date: /home/devika/robo_ws/install/yolov8_msgs/share/yolov8_msgs/cmake/yolov8_msgs__rosidl_typesupport_cExport.cmake
[3.015s] -- Up-to-date: /home/devika/robo_ws/install/yolov8_msgs/share/yolov8_msgs/cmake/yolov8_msgs__rosidl_typesupport_cExport-noconfig.cmake
[3.016s] -- Up-to-date: /home/devika/robo_ws/install/yolov8_msgs/share/yolov8_msgs/cmake/yolov8_msgs__rosidl_typesupport_introspection_cppExport.cmake
[3.017s] -- Up-to-date: /home/devika/robo_ws/install/yolov8_msgs/share/yolov8_msgs/cmake/yolov8_msgs__rosidl_typesupport_introspection_cppExport-noconfig.cmake
[3.019s] -- Up-to-date: /home/devika/robo_ws/install/yolov8_msgs/share/yolov8_msgs/cmake/yolov8_msgs__rosidl_typesupport_cppExport.cmake
[3.019s] -- Up-to-date: /home/devika/robo_ws/install/yolov8_msgs/share/yolov8_msgs/cmake/yolov8_msgs__rosidl_typesupport_cppExport-noconfig.cmake
[3.021s] -- Up-to-date: /home/devika/robo_ws/install/yolov8_msgs/share/yolov8_msgs/cmake/export_yolov8_msgs__rosidl_generator_pyExport.cmake
[3.022s] -- Up-to-date: /home/devika/robo_ws/install/yolov8_msgs/share/yolov8_msgs/cmake/export_yolov8_msgs__rosidl_generator_pyExport-noconfig.cmake
[3.022s] -- Up-to-date: /home/devika/robo_ws/install/yolov8_msgs/share/yolov8_msgs/cmake/rosidl_cmake-extras.cmake
[3.022s] -- Up-to-date: /home/devika/robo_ws/install/yolov8_msgs/share/yolov8_msgs/cmake/ament_cmake_export_dependencies-extras.cmake
[3.023s] -- Up-to-date: /home/devika/robo_ws/install/yolov8_msgs/share/yolov8_msgs/cmake/ament_cmake_export_include_directories-extras.cmake
[3.023s] -- Up-to-date: /home/devika/robo_ws/install/yolov8_msgs/share/yolov8_msgs/cmake/ament_cmake_export_libraries-extras.cmake
[3.023s] -- Up-to-date: /home/devika/robo_ws/install/yolov8_msgs/share/yolov8_msgs/cmake/ament_cmake_export_targets-extras.cmake
[3.023s] -- Up-to-date: /home/devika/robo_ws/install/yolov8_msgs/share/yolov8_msgs/cmake/rosidl_cmake_export_typesupport_targets-extras.cmake
[3.023s] -- Up-to-date: /home/devika/robo_ws/install/yolov8_msgs/share/yolov8_msgs/cmake/rosidl_cmake_export_typesupport_libraries-extras.cmake
[3.024s] -- Up-to-date: /home/devika/robo_ws/install/yolov8_msgs/share/yolov8_msgs/cmake/yolov8_msgsConfig.cmake
[3.024s] -- Up-to-date: /home/devika/robo_ws/install/yolov8_msgs/share/yolov8_msgs/cmake/yolov8_msgsConfig-version.cmake
[3.024s] -- Up-to-date: /home/devika/robo_ws/install/yolov8_msgs/share/yolov8_msgs/package.xml
[3.029s] Invoked command in '/home/devika/robo_ws/build/yolov8_msgs' returned '0': CMAKE_PREFIX_PATH=${CMAKE_PREFIX_PATH}:/home/devika/robo_ws/install/perception_vision:/home/devika/robo_ws/install/cylinder_position_estimator:/home/devika/ws_moveit2/install/moveit_configs_utils:/home/devika/ws_moveit2/install/launch_param_builder:/opt/ros/humble /usr/bin/cmake --install /home/devika/robo_ws/build/yolov8_msgs
