[0.944s] Invoking command in '/home/devika/robo_ws/build/hello_moveit': CMAKE_PREFIX_PATH=${CMAKE_PREFIX_PATH}:/home/devika/ws_moveit2/install/moveit_configs_utils:/home/devika/ws_moveit2/install/launch_param_builder:/home/devika/robo_ws/install/perception_vision:/home/devika/robo_ws/install/cylinder_position_estimator:/opt/ros/humble /usr/bin/cmake --build /home/devika/robo_ws/build/hello_moveit
[1.765s] [35m[1mConsolidate compiler generated dependencies of target hello_moveit[0m
[1.768s] [ 25%] [32mBuilding CXX object CMakeFiles/hello_moveit.dir/src/hello_moveit_v1.cpp.o[0m
[24.601s] In file included from [01m[K/usr/include/x86_64-linux-gnu/c++/11/bits/c++allocator.h:33[m[K,
[24.601s]                  from [01m[K/usr/include/c++/11/bits/allocator.h:46[m[K,
[24.602s]                  from [01m[K/usr/include/c++/11/memory:64[m[K,
[24.602s]                  from [01m[K/opt/ros/humble/include/rclcpp/rclcpp/rclcpp.hpp:153[m[K,
[24.602s]                  from [01m[K/home/devika/robo_ws/src/hello_moveit/src/hello_moveit_v1.cpp:1[m[K:
[24.602s] /usr/include/c++/11/ext/new_allocator.h: In instantiation of ‘[01m[Kvoid __gnu_cxx::new_allocator<_Tp>::construct(_Up*, _Args&& ...) [with _Up = moveit_visual_tools::MoveItVisualTools; _Args = {const char (&)[10], const char (&)[22], std::shared_ptr<rclcpp::node_interfaces::NodeBaseInterface>}; _Tp = moveit_visual_tools::MoveItVisualTools][m[K’:
[24.602s] [01m[K/usr/include/c++/11/bits/alloc_traits.h:516:17:[m[K   required from ‘[01m[Kstatic void std::allocator_traits<std::allocator<_Tp1> >::construct(std::allocator_traits<std::allocator<_Tp1> >::allocator_type&, _Up*, _Args&& ...) [with _Up = moveit_visual_tools::MoveItVisualTools; _Args = {const char (&)[10], const char (&)[22], std::shared_ptr<rclcpp::node_interfaces::NodeBaseInterface>}; _Tp = moveit_visual_tools::MoveItVisualTools; std::allocator_traits<std::allocator<_Tp1> >::allocator_type = std::allocator<moveit_visual_tools::MoveItVisualTools>][m[K’
[24.602s] [01m[K/usr/include/c++/11/bits/shared_ptr_base.h:519:39:[m[K   required from ‘[01m[Kstd::_Sp_counted_ptr_inplace<_Tp, _Alloc, _Lp>::_Sp_counted_ptr_inplace(_Alloc, _Args&& ...) [with _Args = {const char (&)[10], const char (&)[22], std::shared_ptr<rclcpp::node_interfaces::NodeBaseInterface>}; _Tp = moveit_visual_tools::MoveItVisualTools; _Alloc = std::allocator<moveit_visual_tools::MoveItVisualTools>; __gnu_cxx::_Lock_policy _Lp = __gnu_cxx::_S_atomic][m[K’
[24.602s] [01m[K/usr/include/c++/11/bits/shared_ptr_base.h:650:16:[m[K   required from ‘[01m[Kstd::__shared_count<_Lp>::__shared_count(_Tp*&, std::_Sp_alloc_shared_tag<_Alloc>, _Args&& ...) [with _Tp = moveit_visual_tools::MoveItVisualTools; _Alloc = std::allocator<moveit_visual_tools::MoveItVisualTools>; _Args = {const char (&)[10], const char (&)[22], std::shared_ptr<rclcpp::node_interfaces::NodeBaseInterface>}; __gnu_cxx::_Lock_policy _Lp = __gnu_cxx::_S_atomic][m[K’
[24.602s] [01m[K/usr/include/c++/11/bits/shared_ptr_base.h:1342:14:[m[K   required from ‘[01m[Kstd::__shared_ptr<_Tp, _Lp>::__shared_ptr(std::_Sp_alloc_shared_tag<_Tp>, _Args&& ...) [with _Alloc = std::allocator<moveit_visual_tools::MoveItVisualTools>; _Args = {const char (&)[10], const char (&)[22], std::shared_ptr<rclcpp::node_interfaces::NodeBaseInterface>}; _Tp = moveit_visual_tools::MoveItVisualTools; __gnu_cxx::_Lock_policy _Lp = __gnu_cxx::_S_atomic][m[K’
[24.602s] [01m[K/usr/include/c++/11/bits/shared_ptr.h:409:59:[m[K   required from ‘[01m[Kstd::shared_ptr<_Tp>::shared_ptr(std::_Sp_alloc_shared_tag<_Tp>, _Args&& ...) [with _Alloc = std::allocator<moveit_visual_tools::MoveItVisualTools>; _Args = {const char (&)[10], const char (&)[22], std::shared_ptr<rclcpp::node_interfaces::NodeBaseInterface>}; _Tp = moveit_visual_tools::MoveItVisualTools][m[K’
[24.603s] [01m[K/usr/include/c++/11/bits/shared_ptr.h:862:14:[m[K   required from ‘[01m[Kstd::shared_ptr<_Tp> std::allocate_shared(const _Alloc&, _Args&& ...) [with _Tp = moveit_visual_tools::MoveItVisualTools; _Alloc = std::allocator<moveit_visual_tools::MoveItVisualTools>; _Args = {const char (&)[10], const char (&)[22], std::shared_ptr<rclcpp::node_interfaces::NodeBaseInterface>}][m[K’
[24.603s] [01m[K/usr/include/c++/11/bits/shared_ptr.h:878:39:[m[K   required from ‘[01m[Kstd::shared_ptr<_Tp> std::make_shared(_Args&& ...) [with _Tp = moveit_visual_tools::MoveItVisualTools; _Args = {const char (&)[10], const char (&)[22], std::shared_ptr<rclcpp::node_interfaces::NodeBaseInterface>}][m[K’
[24.603s] [01m[K/home/devika/robo_ws/src/hello_moveit/src/hello_moveit_v1.cpp:20:81:[m[K   required from here
[24.603s] [01m[K/usr/include/c++/11/ext/new_allocator.h:162:11:[m[K [01;31m[Kerror: [m[Kno matching function for call to ‘[01m[Kmoveit_visual_tools::MoveItVisualTools::MoveItVisualTools(const char [10], const char [22], std::shared_ptr<rclcpp::node_interfaces::NodeBaseInterface>)[m[K’
[24.603s]   162 |         { [01;31m[K::new((void *)__p) _Up(std::forward<_Args>(__args)...)[m[K; }
[24.603s]       |           [01;31m[K^~~~~~~~~~~~~~~~~~~~~~~~~~~~~~~~~~~~~~~~~~~~~~~~~~~~~~[m[K
[24.603s] In file included from [01m[K/home/devika/robo_ws/src/hello_moveit/src/hello_moveit_v1.cpp:4[m[K:
[24.603s] [01m[K/home/devika/ws_moveit2/install/moveit_visual_tools/include/moveit_visual_tools/moveit_visual_tools.h:101:3:[m[K [01;36m[Knote: [m[Kcandidate: ‘[01m[Kmoveit_visual_tools::MoveItVisualTools::MoveItVisualTools(const SharedPtr&, const string&, const string&, moveit::core::RobotModelConstPtr)[m[K’
[24.604s]   101 |   [01;36m[KMoveItVisualTools[m[K(const rclcpp::Node::SharedPtr& node, const std::string& base_frame,
[24.604s]       |   [01;36m[K^~~~~~~~~~~~~~~~~[m[K
[24.604s] [01m[K/home/devika/ws_moveit2/install/moveit_visual_tools/include/moveit_visual_tools/moveit_visual_tools.h:101:52:[m[K [01;36m[Knote: [m[K  no known conversion for argument 1 from ‘[01m[Kconst char [10][m[K’ to ‘[01m[Kconst SharedPtr&[m[K’ {aka ‘[01m[Kconst std::shared_ptr<rclcpp::Node>&[m[K’}
[24.604s]   101 |   MoveItVisualTools([01;36m[Kconst rclcpp::Node::SharedPtr& node[m[K, const std::string& base_frame,
[24.604s]       |                     [01;36m[K~~~~~~~~~~~~~~~~~~~~~~~~~~~~~~~^~~~[m[K
[24.604s] [01m[K/home/devika/ws_moveit2/install/moveit_visual_tools/include/moveit_visual_tools/moveit_visual_tools.h:92:3:[m[K [01;36m[Knote: [m[Kcandidate: ‘[01m[Kmoveit_visual_tools::MoveItVisualTools::MoveItVisualTools(const SharedPtr&, const string&, const string&, planning_scene_monitor::PlanningSceneMonitorPtr)[m[K’
[24.604s]    92 |   [01;36m[KMoveItVisualTools[m[K(const rclcpp::Node::SharedPtr& node, const std::string& base_frame, const std::string& marker_topic,
[24.605s]       |   [01;36m[K^~~~~~~~~~~~~~~~~[m[K
[24.605s] [01m[K/home/devika/ws_moveit2/install/moveit_visual_tools/include/moveit_visual_tools/moveit_visual_tools.h:92:3:[m[K [01;36m[Knote: [m[K  candidate expects 4 arguments, 3 provided
[24.606s] [01m[K/home/devika/ws_moveit2/install/moveit_visual_tools/include/moveit_visual_tools/moveit_visual_tools.h:83:3:[m[K [01;36m[Knote: [m[Kcandidate: ‘[01m[Kmoveit_visual_tools::MoveItVisualTools::MoveItVisualTools(const SharedPtr&)[m[K’
[24.606s]    83 |   [01;36m[KMoveItVisualTools[m[K(const rclcpp::Node::SharedPtr& node);
[24.606s]       |   [01;36m[K^~~~~~~~~~~~~~~~~[m[K
[24.606s] [01m[K/home/devika/ws_moveit2/install/moveit_visual_tools/include/moveit_visual_tools/moveit_visual_tools.h:83:3:[m[K [01;36m[Knote: [m[K  candidate expects 1 argument, 3 provided
[24.606s] [01m[K/home/devika/ws_moveit2/install/moveit_visual_tools/include/moveit_visual_tools/moveit_visual_tools.h:74:7:[m[K [01;36m[Knote: [m[Kcandidate: ‘[01m[Kmoveit_visual_tools::MoveItVisualTools::MoveItVisualTools(const moveit_visual_tools::MoveItVisualTools&)[m[K’
[24.607s]    74 | class [01;36m[KMoveItVisualTools[m[K : public rviz_visual_tools::RvizVisualTools
[24.607s]       |       [01;36m[K^~~~~~~~~~~~~~~~~[m[K
[24.607s] [01m[K/home/devika/ws_moveit2/install/moveit_visual_tools/include/moveit_visual_tools/moveit_visual_tools.h:74:7:[m[K [01;36m[Knote: [m[K  candidate expects 1 argument, 3 provided
[24.607s] [01m[K/home/devika/ws_moveit2/install/moveit_visual_tools/include/moveit_visual_tools/moveit_visual_tools.h:74:7:[m[K [01;36m[Knote: [m[Kcandidate: ‘[01m[Kmoveit_visual_tools::MoveItVisualTools::MoveItVisualTools(moveit_visual_tools::MoveItVisualTools&&)[m[K’
[24.607s] [01m[K/home/devika/ws_moveit2/install/moveit_visual_tools/include/moveit_visual_tools/moveit_visual_tools.h:74:7:[m[K [01;36m[Knote: [m[K  candidate expects 1 argument, 3 provided
[26.578s] gmake[2]: *** [CMakeFiles/hello_moveit.dir/build.make:76: CMakeFiles/hello_moveit.dir/src/hello_moveit_v1.cpp.o] Error 1
[26.579s] gmake[1]: *** [CMakeFiles/Makefile2:139: CMakeFiles/hello_moveit.dir/all] Error 2
[26.579s] gmake: *** [Makefile:146: all] Error 2
[26.585s] Invoked command in '/home/devika/robo_ws/build/hello_moveit' returned '2': CMAKE_PREFIX_PATH=${CMAKE_PREFIX_PATH}:/home/devika/ws_moveit2/install/moveit_configs_utils:/home/devika/ws_moveit2/install/launch_param_builder:/home/devika/robo_ws/install/perception_vision:/home/devika/robo_ws/install/cylinder_position_estimator:/opt/ros/humble /usr/bin/cmake --build /home/devika/robo_ws/build/hello_moveit
