[4.171s] Invoking command in '/home/devika/robo_ws/src/perception_vision': PYTHONPATH=/home/devika/robo_ws/build/perception_vision/prefix_override:/usr/lib/python3/dist-packages/colcon_core/task/python/colcon_distutils_commands:/home/devika/robo_ws/install/perception_vision/lib/python3.10/site-packages:${PYTHONPATH} /usr/bin/python3 -W ignore:setup.py install is deprecated -W ignore:easy_install command is deprecated setup.py egg_info --egg-base ../../build/perception_vision build --build-base /home/devika/robo_ws/build/perception_vision/build install --record /home/devika/robo_ws/build/perception_vision/install.log --single-version-externally-managed install_data
[5.366s] running egg_info
[5.370s] writing ../../build/perception_vision/perception_vision.egg-info/PKG-INFO
[5.372s] writing dependency_links to ../../build/perception_vision/perception_vision.egg-info/dependency_links.txt
[5.373s] writing entry points to ../../build/perception_vision/perception_vision.egg-info/entry_points.txt
[5.373s] writing requirements to ../../build/perception_vision/perception_vision.egg-info/requires.txt
[5.373s] writing top-level names to ../../build/perception_vision/perception_vision.egg-info/top_level.txt
[5.379s] reading manifest file '../../build/perception_vision/perception_vision.egg-info/SOURCES.txt'
[5.383s] writing manifest file '../../build/perception_vision/perception_vision.egg-info/SOURCES.txt'
[5.384s] running build
[5.385s] running build_py
[5.386s] running install
[5.386s] running install_lib
[5.387s] running install_data
[5.388s] running install_egg_info
[5.393s] removing '/home/devika/robo_ws/install/perception_vision/lib/python3.10/site-packages/perception_vision-0.0.0-py3.10.egg-info' (and everything under it)
[5.395s] Copying ../../build/perception_vision/perception_vision.egg-info to /home/devika/robo_ws/install/perception_vision/lib/python3.10/site-packages/perception_vision-0.0.0-py3.10.egg-info
[5.397s] running install_scripts
[5.463s] Installing yolov8_obb_node script to /home/devika/robo_ws/install/perception_vision/lib/perception_vision
[5.464s] writing list of installed files to '/home/devika/robo_ws/build/perception_vision/install.log'
[5.573s] Invoked command in '/home/devika/robo_ws/src/perception_vision' returned '0': PYTHONPATH=/home/devika/robo_ws/build/perception_vision/prefix_override:/usr/lib/python3/dist-packages/colcon_core/task/python/colcon_distutils_commands:/home/devika/robo_ws/install/perception_vision/lib/python3.10/site-packages:${PYTHONPATH} /usr/bin/python3 -W ignore:setup.py install is deprecated -W ignore:easy_install command is deprecated setup.py egg_info --egg-base ../../build/perception_vision build --build-base /home/devika/robo_ws/build/perception_vision/build install --record /home/devika/robo_ws/build/perception_vision/install.log --single-version-externally-managed install_data
