-- Found ament_cmake: 1.3.11 (/opt/ros/humble/share/ament_cmake/cmake)
-- Found Python3: /usr/bin/python3 (found version "3.10.12") found components: Interpreter 
-- Found Boost: /usr/lib/x86_64-linux-gnu/cmake/Boost-1.74.0/BoostConfig.cmake (found version "1.74.0")  
-- Found geometry_msgs: 4.8.0 (/opt/ros/humble/share/geometry_msgs/cmake)
-- Found rosidl_generator_c: 3.1.6 (/opt/ros/humble/share/rosidl_generator_c/cmake)
-- Found rosidl_adapter: 3.1.6 (/opt/ros/humble/share/rosidl_adapter/cmake)
-- Found rosidl_generator_cpp: 3.1.6 (/opt/ros/humble/share/rosidl_generator_cpp/cmake)
-- Using all available rosidl_typesupport_c: rosidl_typesupport_fastrtps_c;rosidl_typesupport_introspection_c
-- Using all available rosidl_typesupport_cpp: rosidl_typesupport_fastrtps_cpp;rosidl_typesupport_introspection_cpp
-- Found moveit_common: 2.5.9 (/home/devika/ws_moveit2/install/moveit_common/share/moveit_common/cmake)
-- Found moveit_core: 2.5.9 (/home/devika/ws_moveit2/install/moveit_core/share/moveit_core/cmake)
-- Found Boost: /usr/lib/x86_64-linux-gnu/cmake/Boost-1.74.0/BoostConfig.cmake (found version "1.74.0") found components: chrono date_time filesystem iostreams program_options regex serialization system thread 
-- Found parameter_traits: 0.4.0 (/opt/ros/humble/share/parameter_traits/cmake)
-- Found rmw_implementation_cmake: 6.1.2 (/opt/ros/humble/share/rmw_implementation_cmake/cmake)
-- Found rmw_fastrtps_cpp: 6.2.7 (/opt/ros/humble/share/rmw_fastrtps_cpp/cmake)
-- Using RMW implementation 'rmw_fastrtps_cpp' as default
-- Found rclcpp_lifecycle: 16.0.12 (/opt/ros/humble/share/rclcpp_lifecycle/cmake)
-- Found Boost: /usr/lib/x86_64-linux-gnu/cmake/Boost-1.74.0/BoostConfig.cmake (found version "1.74.0") found components: filesystem 
-- library: /usr/lib/x86_64-linux-gnu/libcurl.so
-- Ensuring Eigen3 include directory is part of orocos-kdl CMake target
-- Found moveit_ros_planning: 2.5.9 (/home/devika/ws_moveit2/install/moveit_ros_planning/share/moveit_ros_planning/cmake)
-- Found Boost: /usr/lib/x86_64-linux-gnu/cmake/Boost-1.74.0/BoostConfig.cmake (found version "1.74.0") found components: system filesystem date_time program_options thread chrono 
-- Found moveit_ros_planning_interface: 2.5.9 (/home/devika/ws_moveit2/install/moveit_ros_planning_interface/share/moveit_ros_planning_interface/cmake)
-- Found Boost: /usr/lib/x86_64-linux-gnu/cmake/Boost-1.74.0/BoostConfig.cmake (found version "1.74.0") found components: date_time filesystem program_options system thread 
-- Found Boost: /usr/lib/x86_64-linux-gnu/cmake/Boost-1.74.0/BoostConfig.cmake (found version "1.74.0") found components: thread system filesystem regex date_time program_options 
-- Found Boost: /usr/lib/x86_64-linux-gnu/cmake/Boost-1.74.0/BoostConfig.cmake (found version "1.74.0") found components: system filesystem date_time program_options thread 
-- Found moveit_task_constructor_msgs: 0.1.3 (/home/devika/robo_ws/install/moveit_task_constructor_msgs/share/moveit_task_constructor_msgs/cmake)
-- Found py_binding_tools: 2.0.1 (/opt/ros/humble/share/py_binding_tools/cmake)
-- Found rviz_marker_tools: 0.1.3 (/home/devika/robo_ws/install/rviz_marker_tools/share/rviz_marker_tools/cmake)
-- Found Python3: /usr/bin/python3 (found version "3.10.12") found components: Interpreter Development Development.Module Development.Embed 
-- pybind11 v2.13.0 dev1
-- Found PythonInterp: /usr/bin/python3 (found suitable version "3.10.12", minimum required is "3.10.12") 
-- Found ament_cmake_pytest: 1.3.11 (/opt/ros/humble/share/ament_cmake_pytest/cmake)
-- Found launch_testing_ament_cmake: 1.0.8 (/opt/ros/humble/share/launch_testing_ament_cmake/cmake)
-- Found python_cmake_module: 0.10.0 (/opt/ros/humble/share/python_cmake_module/cmake)
-- Found PythonInterp: /usr/bin/python3 (found suitable version "3.10.12", minimum required is "3.6") 
-- Using PYTHON_EXECUTABLE: /usr/bin/python3
-- Using PYTHON_INCLUDE_DIRS: /usr/include/python3.10
-- Using PYTHON_LIBRARIES: /usr/lib/x86_64-linux-gnu/libpython3.10.so
-- Found ament_cmake_gtest: 1.3.11 (/opt/ros/humble/share/ament_cmake_gtest/cmake)
-- Found ament_cmake_gmock: 1.3.11 (/opt/ros/humble/share/ament_cmake_gmock/cmake)
-- Found launch_testing_ament_cmake: 1.0.8 (/opt/ros/humble/share/launch_testing_ament_cmake/cmake)
-- Found python_cmake_module: 0.10.0 (/opt/ros/humble/share/python_cmake_module/cmake)
-- Using PYTHON_EXECUTABLE: /usr/bin/python3
-- Using PYTHON_INCLUDE_DIRS: /usr/include/python3.10
-- Using PYTHON_LIBRARIES: /usr/lib/x86_64-linux-gnu/libpython3.10.so
-- Found gmock sources under '/opt/ros/humble/src/gmock_vendor': C++ tests using 'Google Mock' will be built
-- Found gtest sources under '/opt/ros/humble/src/gtest_vendor': C++ tests using 'Google Test' will be built
-- Configuring done
-- Generating done
-- Build files have been written to: /home/devika/robo_ws/build/moveit_task_constructor_core
[  0%] Built target ament_cmake_python_copy_moveit
running egg_info
writing moveit.egg-info/PKG-INFO
writing dependency_links to moveit.egg-info/dependency_links.txt
writing top-level names to moveit.egg-info/top_level.txt
reading manifest file 'moveit.egg-info/SOURCES.txt'
writing manifest file 'moveit.egg-info/SOURCES.txt'
[  0%] Built target ament_cmake_python_build_moveit_egg
[35m[1mConsolidate compiler generated dependencies of target moveit_task_constructor_core[0m
[  1%] [32mBuilding CXX object src/CMakeFiles/moveit_task_constructor_core.dir/container.cpp.o[0m
[  2%] [32mBuilding CXX object src/CMakeFiles/moveit_task_constructor_core.dir/cost_terms.cpp.o[0m
[  3%] [32mBuilding CXX object src/CMakeFiles/moveit_task_constructor_core.dir/introspection.cpp.o[0m
[  4%] [32mBuilding CXX object src/CMakeFiles/moveit_task_constructor_core.dir/marker_tools.cpp.o[0m
[  5%] [32mBuilding CXX object src/CMakeFiles/moveit_task_constructor_core.dir/merge.cpp.o[0m
[  7%] [32mBuilding CXX object src/CMakeFiles/moveit_task_constructor_core.dir/properties.cpp.o[0m
[  8%] [32mBuilding CXX object src/CMakeFiles/moveit_task_constructor_core.dir/stage.cpp.o[0m
[  9%] [32mBuilding CXX object src/CMakeFiles/moveit_task_constructor_core.dir/storage.cpp.o[0m
[ 10%] [32mBuilding CXX object src/CMakeFiles/moveit_task_constructor_core.dir/task.cpp.o[0m
[ 11%] [32mBuilding CXX object src/CMakeFiles/moveit_task_constructor_core.dir/utils.cpp.o[0m
[ 12%] [32mBuilding CXX object src/CMakeFiles/moveit_task_constructor_core.dir/solvers/planner_interface.cpp.o[0m
[ 14%] [32mBuilding CXX object src/CMakeFiles/moveit_task_constructor_core.dir/solvers/cartesian_path.cpp.o[0m
[ 15%] [32mBuilding CXX object src/CMakeFiles/moveit_task_constructor_core.dir/solvers/joint_interpolation.cpp.o[0m
[ 16%] [32mBuilding CXX object src/CMakeFiles/moveit_task_constructor_core.dir/solvers/pipeline_planner.cpp.o[0m
[ 17%] [32mBuilding CXX object src/CMakeFiles/moveit_task_constructor_core.dir/solvers/multi_planner.cpp.o[0m
[ 18%] [32m[1mLinking CXX shared library libmoveit_task_constructor_core.so[0m
[ 18%] Built target moveit_task_constructor_core
[35m[1mConsolidate compiler generated dependencies of target moveit_task_constructor_core_stages[0m
[ 20%] [32mBuilding CXX object src/stages/CMakeFiles/moveit_task_constructor_core_stages.dir/modify_planning_scene.cpp.o[0m
[ 21%] [32mBuilding CXX object src/stages/CMakeFiles/moveit_task_constructor_core_stages.dir/fix_collision_objects.cpp.o[0m
[ 22%] [32mBuilding CXX object src/stages/CMakeFiles/moveit_task_constructor_core_stages.dir/current_state.cpp.o[0m
[ 23%] [32mBuilding CXX object src/stages/CMakeFiles/moveit_task_constructor_core_stages.dir/fixed_state.cpp.o[0m
[ 24%] [32mBuilding CXX object src/stages/CMakeFiles/moveit_task_constructor_core_stages.dir/fixed_cartesian_poses.cpp.o[0m
[ 25%] [32mBuilding CXX object src/stages/CMakeFiles/moveit_task_constructor_core_stages.dir/generate_pose.cpp.o[0m
[ 27%] [32mBuilding CXX object src/stages/CMakeFiles/moveit_task_constructor_core_stages.dir/generate_random_pose.cpp.o[0m
[ 28%] [32mBuilding CXX object src/stages/CMakeFiles/moveit_task_constructor_core_stages.dir/generate_grasp_pose.cpp.o[0m
[ 29%] [32mBuilding CXX object src/stages/CMakeFiles/moveit_task_constructor_core_stages.dir/generate_place_pose.cpp.o[0m
[ 30%] [32mBuilding CXX object src/stages/CMakeFiles/moveit_task_constructor_core_stages.dir/compute_ik.cpp.o[0m
[ 31%] [32mBuilding CXX object src/stages/CMakeFiles/moveit_task_constructor_core_stages.dir/passthrough.cpp.o[0m
[ 32%] [32mBuilding CXX object src/stages/CMakeFiles/moveit_task_constructor_core_stages.dir/predicate_filter.cpp.o[0m
[ 34%] [32mBuilding CXX object src/stages/CMakeFiles/moveit_task_constructor_core_stages.dir/connect.cpp.o[0m
[ 35%] [32mBuilding CXX object src/stages/CMakeFiles/moveit_task_constructor_core_stages.dir/move_to.cpp.o[0m
[ 36%] [32mBuilding CXX object src/stages/CMakeFiles/moveit_task_constructor_core_stages.dir/move_relative.cpp.o[0m
[ 37%] [32mBuilding CXX object src/stages/CMakeFiles/moveit_task_constructor_core_stages.dir/simple_grasp.cpp.o[0m
[ 38%] [32mBuilding CXX object src/stages/CMakeFiles/moveit_task_constructor_core_stages.dir/pick.cpp.o[0m
[ 40%] [32m[1mLinking CXX shared library libmoveit_task_constructor_core_stages.so[0m
[ 40%] Built target moveit_task_constructor_core_stages
[35m[1mConsolidate compiler generated dependencies of target moveit_task_constructor_core_stage_plugins[0m
[ 41%] [32mBuilding CXX object src/stages/CMakeFiles/moveit_task_constructor_core_stage_plugins.dir/plugins.cpp.o[0m
[ 42%] [32m[1mLinking CXX shared library libmoveit_task_constructor_core_stage_plugins.so[0m
[ 42%] Built target moveit_task_constructor_core_stage_plugins
[35m[1mConsolidate compiler generated dependencies of target pymoveit_mtc[0m
[ 43%] [32mBuilding CXX object python/bindings/CMakeFiles/pymoveit_mtc.dir/src/properties.cpp.o[0m
[ 44%] [32mBuilding CXX object python/bindings/CMakeFiles/pymoveit_mtc.dir/src/solvers.cpp.o[0m
[ 45%] [32mBuilding CXX object python/bindings/CMakeFiles/pymoveit_mtc.dir/src/core.cpp.o[0m
[ 47%] [32mBuilding CXX object python/bindings/CMakeFiles/pymoveit_mtc.dir/src/stages.cpp.o[0m
[ 48%] [32mBuilding CXX object python/bindings/CMakeFiles/pymoveit_mtc.dir/src/module.cpp.o[0m
[ 49%] [32m[1mLinking CXX shared module pymoveit_mtc.cpython-310-x86_64-linux-gnu.so[0m
[ 49%] Built target pymoveit_mtc
[35m[1mConsolidate compiler generated dependencies of target gtest_utils[0m
[ 50%] [32mBuilding CXX object test/CMakeFiles/gtest_utils.dir/gtest_value_printers.cpp.o[0m
[ 51%] [32mBuilding CXX object test/CMakeFiles/gtest_utils.dir/models.cpp.o[0m
[ 52%] [32mBuilding CXX object test/CMakeFiles/gtest_utils.dir/stage_mockups.cpp.o[0m
[ 54%] [32m[1mLinking CXX shared library libgtest_utils.so[0m
[ 54%] Built target gtest_utils
[35m[1mConsolidate compiler generated dependencies of target gtest_main[0m
[ 56%] Built target gtest_main
[35m[1mConsolidate compiler generated dependencies of target gmock[0m
[ 60%] Built target gmock
[35m[1mConsolidate compiler generated dependencies of target gmock_main[0m
[ 62%] Built target gmock_main
[35m[1mConsolidate compiler generated dependencies of target moveit_task_constructor_core-test-mockups[0m
[ 63%] [32mBuilding CXX object test/CMakeFiles/moveit_task_constructor_core-test-mockups.dir/test_mockups.cpp.o[0m
[ 64%] [32m[1mLinking CXX executable moveit_task_constructor_core-test-mockups[0m
[ 64%] Built target moveit_task_constructor_core-test-mockups
[35m[1mConsolidate compiler generated dependencies of target gtest[0m
[ 67%] Built target gtest
[35m[1mConsolidate compiler generated dependencies of target moveit_task_constructor_core-test-stage[0m
[ 68%] [32mBuilding CXX object test/CMakeFiles/moveit_task_constructor_core-test-stage.dir/test_stage.cpp.o[0m
[ 69%] [32m[1mLinking CXX executable moveit_task_constructor_core-test-stage[0m
[ 69%] Built target moveit_task_constructor_core-test-stage
[35m[1mConsolidate compiler generated dependencies of target moveit_task_constructor_core-test-container[0m
[ 70%] [32mBuilding CXX object test/CMakeFiles/moveit_task_constructor_core-test-container.dir/test_container.cpp.o[0m
[ 71%] [32m[1mLinking CXX executable moveit_task_constructor_core-test-container[0m
[ 71%] Built target moveit_task_constructor_core-test-container
[35m[1mConsolidate compiler generated dependencies of target moveit_task_constructor_core-test-serial[0m
[ 72%] [32mBuilding CXX object test/CMakeFiles/moveit_task_constructor_core-test-serial.dir/test_serial.cpp.o[0m
[ 74%] [32m[1mLinking CXX executable moveit_task_constructor_core-test-serial[0m
[ 74%] Built target moveit_task_constructor_core-test-serial
[35m[1mConsolidate compiler generated dependencies of target moveit_task_constructor_core-test-pruning[0m
[ 75%] [32mBuilding CXX object test/CMakeFiles/moveit_task_constructor_core-test-pruning.dir/test_pruning.cpp.o[0m
[ 76%] [32m[1mLinking CXX executable moveit_task_constructor_core-test-pruning[0m
[ 76%] Built target moveit_task_constructor_core-test-pruning
[35m[1mConsolidate compiler generated dependencies of target moveit_task_constructor_core-test-properties[0m
[ 77%] [32mBuilding CXX object test/CMakeFiles/moveit_task_constructor_core-test-properties.dir/test_properties.cpp.o[0m
[ 78%] [32m[1mLinking CXX executable moveit_task_constructor_core-test-properties[0m
[ 78%] Built target moveit_task_constructor_core-test-properties
[35m[1mConsolidate compiler generated dependencies of target moveit_task_constructor_core-test-cost-terms[0m
[ 80%] [32mBuilding CXX object test/CMakeFiles/moveit_task_constructor_core-test-cost-terms.dir/test_cost_terms.cpp.o[0m
[ 81%] [32m[1mLinking CXX executable moveit_task_constructor_core-test-cost-terms[0m
[ 81%] Built target moveit_task_constructor_core-test-cost-terms
[35m[1mConsolidate compiler generated dependencies of target moveit_task_constructor_core-test-fallback[0m
[ 82%] [32mBuilding CXX object test/CMakeFiles/moveit_task_constructor_core-test-fallback.dir/test_fallback.cpp.o[0m
[ 83%] [32m[1mLinking CXX executable moveit_task_constructor_core-test-fallback[0m
[ 83%] Built target moveit_task_constructor_core-test-fallback
[35m[1mConsolidate compiler generated dependencies of target moveit_task_constructor_core-test-cost-queue[0m
[ 84%] [32mBuilding CXX object test/CMakeFiles/moveit_task_constructor_core-test-cost-queue.dir/test_cost_queue.cpp.o[0m
[ 85%] [32m[1mLinking CXX executable moveit_task_constructor_core-test-cost-queue[0m
[ 85%] Built target moveit_task_constructor_core-test-cost-queue
[35m[1mConsolidate compiler generated dependencies of target moveit_task_constructor_core-test-interface-state[0m
[ 87%] [32mBuilding CXX object test/CMakeFiles/moveit_task_constructor_core-test-interface-state.dir/test_interface_state.cpp.o[0m
[ 88%] [32m[1mLinking CXX executable moveit_task_constructor_core-test-interface-state[0m
[ 88%] Built target moveit_task_constructor_core-test-interface-state
[35m[1mConsolidate compiler generated dependencies of target moveit_task_constructor_core-test-move-to[0m
[ 89%] [32mBuilding CXX object test/CMakeFiles/moveit_task_constructor_core-test-move-to.dir/test_move_to.cpp.o[0m
[ 90%] [32m[1mLinking CXX executable moveit_task_constructor_core-test-move-to[0m
[ 90%] Built target moveit_task_constructor_core-test-move-to
[35m[1mConsolidate compiler generated dependencies of target moveit_task_constructor_core-test-move-relative[0m
[ 91%] [32mBuilding CXX object test/CMakeFiles/moveit_task_constructor_core-test-move-relative.dir/test_move_relative.cpp.o[0m
[ 92%] [32m[1mLinking CXX executable moveit_task_constructor_core-test-move-relative[0m
[ 92%] Built target moveit_task_constructor_core-test-move-relative
[35m[1mConsolidate compiler generated dependencies of target pick_ur5[0m
[ 94%] [32mBuilding CXX object test/CMakeFiles/pick_ur5.dir/pick_ur5.cpp.o[0m
[ 95%] [32m[1mLinking CXX executable pick_ur5[0m
[ 95%] Built target pick_ur5
[35m[1mConsolidate compiler generated dependencies of target pick_pr2[0m
[ 96%] [32mBuilding CXX object test/CMakeFiles/pick_pr2.dir/pick_pr2.cpp.o[0m
[ 97%] [32m[1mLinking CXX executable pick_pr2[0m
[ 97%] Built target pick_pr2
[35m[1mConsolidate compiler generated dependencies of target pick_pa10[0m
[ 98%] [32mBuilding CXX object test/CMakeFiles/pick_pa10.dir/pick_pa10.cpp.o[0m
[100%] [32m[1mLinking CXX executable pick_pa10[0m
[100%] Built target pick_pa10
-- Install configuration: "Release"
-- Installing: /home/devika/robo_ws/install/moveit_task_constructor_core/lib/libmoveit_task_constructor_core_stages.so
-- Set runtime path of "/home/devika/robo_ws/install/moveit_task_constructor_core/lib/libmoveit_task_constructor_core_stages.so" to ""
-- Installing: /home/devika/robo_ws/install/moveit_task_constructor_core/lib/libmoveit_task_constructor_core_stage_plugins.so
-- Set runtime path of "/home/devika/robo_ws/install/moveit_task_constructor_core/lib/libmoveit_task_constructor_core_stage_plugins.so" to ""
-- Installing: /home/devika/robo_ws/install/moveit_task_constructor_core/lib/libmoveit_task_constructor_core.so
-- Set runtime path of "/home/devika/robo_ws/install/moveit_task_constructor_core/lib/libmoveit_task_constructor_core.so" to ""
-- Up-to-date: /home/devika/robo_ws/install/moveit_task_constructor_core/share/moveit_task_constructor_core/environment/pythonpath.sh
-- Installing: /home/devika/robo_ws/install/moveit_task_constructor_core/share/moveit_task_constructor_core/environment/pythonpath.dsv
-- Up-to-date: /home/devika/robo_ws/install/moveit_task_constructor_core/local/lib/python3.10/dist-packages/moveit-0.1.3-py3.10.egg-info
-- Installing: /home/devika/robo_ws/install/moveit_task_constructor_core/local/lib/python3.10/dist-packages/moveit-0.1.3-py3.10.egg-info/dependency_links.txt
-- Installing: /home/devika/robo_ws/install/moveit_task_constructor_core/local/lib/python3.10/dist-packages/moveit-0.1.3-py3.10.egg-info/top_level.txt
-- Installing: /home/devika/robo_ws/install/moveit_task_constructor_core/local/lib/python3.10/dist-packages/moveit-0.1.3-py3.10.egg-info/PKG-INFO
-- Installing: /home/devika/robo_ws/install/moveit_task_constructor_core/local/lib/python3.10/dist-packages/moveit-0.1.3-py3.10.egg-info/SOURCES.txt
-- Up-to-date: /home/devika/robo_ws/install/moveit_task_constructor_core/local/lib/python3.10/dist-packages/moveit
-- Up-to-date: /home/devika/robo_ws/install/moveit_task_constructor_core/local/lib/python3.10/dist-packages/moveit/task_constructor
-- Up-to-date: /home/devika/robo_ws/install/moveit_task_constructor_core/local/lib/python3.10/dist-packages/moveit/task_constructor/core.py
-- Up-to-date: /home/devika/robo_ws/install/moveit_task_constructor_core/local/lib/python3.10/dist-packages/moveit/task_constructor/stages.py
-- Up-to-date: /home/devika/robo_ws/install/moveit_task_constructor_core/local/lib/python3.10/dist-packages/moveit/task_constructor/__init__.py
-- Up-to-date: /home/devika/robo_ws/install/moveit_task_constructor_core/local/lib/python3.10/dist-packages/moveit/__init__.py
Listing '/home/devika/robo_ws/install/moveit_task_constructor_core/local/lib/python3.10/dist-packages/moveit'...
Listing '/home/devika/robo_ws/install/moveit_task_constructor_core/local/lib/python3.10/dist-packages/moveit/task_constructor'...
-- Up-to-date: /home/devika/robo_ws/install/moveit_task_constructor_core/include/moveit/python/pybind11
-- Up-to-date: /home/devika/robo_ws/install/moveit_task_constructor_core/include/moveit/python/pybind11/eval.h
-- Up-to-date: /home/devika/robo_ws/install/moveit_task_constructor_core/include/moveit/python/pybind11/trampoline_self_life_support.h
-- Up-to-date: /home/devika/robo_ws/install/moveit_task_constructor_core/include/moveit/python/pybind11/complex.h
-- Up-to-date: /home/devika/robo_ws/install/moveit_task_constructor_core/include/moveit/python/pybind11/embed.h
-- Up-to-date: /home/devika/robo_ws/install/moveit_task_constructor_core/include/moveit/python/pybind11/options.h
-- Up-to-date: /home/devika/robo_ws/install/moveit_task_constructor_core/include/moveit/python/pybind11/stl.h
-- Up-to-date: /home/devika/robo_ws/install/moveit_task_constructor_core/include/moveit/python/pybind11/functional.h
-- Up-to-date: /home/devika/robo_ws/install/moveit_task_constructor_core/include/moveit/python/pybind11/iostream.h
-- Up-to-date: /home/devika/robo_ws/install/moveit_task_constructor_core/include/moveit/python/pybind11/eigen
-- Up-to-date: /home/devika/robo_ws/install/moveit_task_constructor_core/include/moveit/python/pybind11/eigen/tensor.h
-- Up-to-date: /home/devika/robo_ws/install/moveit_task_constructor_core/include/moveit/python/pybind11/eigen/matrix.h
-- Up-to-date: /home/devika/robo_ws/install/moveit_task_constructor_core/include/moveit/python/pybind11/eigen/common.h
-- Up-to-date: /home/devika/robo_ws/install/moveit_task_constructor_core/include/moveit/python/pybind11/type_caster_pyobject_ptr.h
-- Up-to-date: /home/devika/robo_ws/install/moveit_task_constructor_core/include/moveit/python/pybind11/stl
-- Up-to-date: /home/devika/robo_ws/install/moveit_task_constructor_core/include/moveit/python/pybind11/stl/filesystem.h
-- Up-to-date: /home/devika/robo_ws/install/moveit_task_constructor_core/include/moveit/python/pybind11/attr.h
-- Up-to-date: /home/devika/robo_ws/install/moveit_task_constructor_core/include/moveit/python/pybind11/smart_holder.h
-- Up-to-date: /home/devika/robo_ws/install/moveit_task_constructor_core/include/moveit/python/pybind11/typing.h
-- Up-to-date: /home/devika/robo_ws/install/moveit_task_constructor_core/include/moveit/python/pybind11/gil_safe_call_once.h
-- Up-to-date: /home/devika/robo_ws/install/moveit_task_constructor_core/include/moveit/python/pybind11/chrono.h
-- Up-to-date: /home/devika/robo_ws/install/moveit_task_constructor_core/include/moveit/python/pybind11/pytypes.h
-- Up-to-date: /home/devika/robo_ws/install/moveit_task_constructor_core/include/moveit/python/pybind11/operators.h
-- Up-to-date: /home/devika/robo_ws/install/moveit_task_constructor_core/include/moveit/python/pybind11/buffer_info.h
-- Up-to-date: /home/devika/robo_ws/install/moveit_task_constructor_core/include/moveit/python/pybind11/pybind11.h
-- Up-to-date: /home/devika/robo_ws/install/moveit_task_constructor_core/include/moveit/python/pybind11/numpy.h
-- Up-to-date: /home/devika/robo_ws/install/moveit_task_constructor_core/include/moveit/python/pybind11/stl_bind.h
-- Up-to-date: /home/devika/robo_ws/install/moveit_task_constructor_core/include/moveit/python/pybind11/gil.h
-- Up-to-date: /home/devika/robo_ws/install/moveit_task_constructor_core/include/moveit/python/pybind11/detail
-- Up-to-date: /home/devika/robo_ws/install/moveit_task_constructor_core/include/moveit/python/pybind11/detail/descr.h
-- Up-to-date: /home/devika/robo_ws/install/moveit_task_constructor_core/include/moveit/python/pybind11/detail/internals.h
-- Up-to-date: /home/devika/robo_ws/install/moveit_task_constructor_core/include/moveit/python/pybind11/detail/smart_holder_sfinae_hooks_only.h
-- Up-to-date: /home/devika/robo_ws/install/moveit_task_constructor_core/include/moveit/python/pybind11/detail/class.h
-- Up-to-date: /home/devika/robo_ws/install/moveit_task_constructor_core/include/moveit/python/pybind11/detail/type_caster_base.h
-- Up-to-date: /home/devika/robo_ws/install/moveit_task_constructor_core/include/moveit/python/pybind11/detail/typeid.h
-- Up-to-date: /home/devika/robo_ws/install/moveit_task_constructor_core/include/moveit/python/pybind11/detail/smart_holder_type_casters.h
-- Up-to-date: /home/devika/robo_ws/install/moveit_task_constructor_core/include/moveit/python/pybind11/detail/smart_holder_poc.h
-- Up-to-date: /home/devika/robo_ws/install/moveit_task_constructor_core/include/moveit/python/pybind11/detail/init.h
-- Up-to-date: /home/devika/robo_ws/install/moveit_task_constructor_core/include/moveit/python/pybind11/detail/type_caster_odr_guard.h
-- Up-to-date: /home/devika/robo_ws/install/moveit_task_constructor_core/include/moveit/python/pybind11/detail/common.h
-- Up-to-date: /home/devika/robo_ws/install/moveit_task_constructor_core/include/moveit/python/pybind11/detail/dynamic_raw_ptr_cast_if_possible.h
-- Up-to-date: /home/devika/robo_ws/install/moveit_task_constructor_core/include/moveit/python/pybind11/common.h
-- Up-to-date: /home/devika/robo_ws/install/moveit_task_constructor_core/include/moveit/python/pybind11/cast.h
-- Up-to-date: /home/devika/robo_ws/install/moveit_task_constructor_core/include/moveit/python/pybind11/eigen.h
-- Up-to-date: /home/devika/robo_ws/install/moveit_task_constructor_core/share/moveit_task_constructor_core/cmake/pybind11Config.cmake
-- Up-to-date: /home/devika/robo_ws/install/moveit_task_constructor_core/share/moveit_task_constructor_core/cmake/pybind11ConfigVersion.cmake
-- Up-to-date: /home/devika/robo_ws/install/moveit_task_constructor_core/share/moveit_task_constructor_core/cmake/FindPythonLibsNew.cmake
-- Up-to-date: /home/devika/robo_ws/install/moveit_task_constructor_core/share/moveit_task_constructor_core/cmake/pybind11Common.cmake
-- Up-to-date: /home/devika/robo_ws/install/moveit_task_constructor_core/share/moveit_task_constructor_core/cmake/pybind11Tools.cmake
-- Up-to-date: /home/devika/robo_ws/install/moveit_task_constructor_core/share/moveit_task_constructor_core/cmake/pybind11NewTools.cmake
-- Up-to-date: /home/devika/robo_ws/install/moveit_task_constructor_core/share/moveit_task_constructor_core/cmake/pybind11Targets.cmake
-- Up-to-date: /home/devika/robo_ws/install/moveit_task_constructor_core/share/pkgconfig/pybind11.pc
-- Installing: /home/devika/robo_ws/install/moveit_task_constructor_core/local/lib/python3.10/dist-packages/pymoveit_mtc.cpython-310-x86_64-linux-gnu.so
-- Set runtime path of "/home/devika/robo_ws/install/moveit_task_constructor_core/local/lib/python3.10/dist-packages/pymoveit_mtc.cpython-310-x86_64-linux-gnu.so" to ""
-- Up-to-date: /home/devika/robo_ws/install/moveit_task_constructor_core/include
-- Up-to-date: /home/devika/robo_ws/install/moveit_task_constructor_core/include/moveit
-- Up-to-date: /home/devika/robo_ws/install/moveit_task_constructor_core/include/moveit/task_constructor
-- Up-to-date: /home/devika/robo_ws/install/moveit_task_constructor_core/include/moveit/task_constructor/stages.h
-- Up-to-date: /home/devika/robo_ws/install/moveit_task_constructor_core/include/moveit/task_constructor/type_traits.h
-- Up-to-date: /home/devika/robo_ws/install/moveit_task_constructor_core/include/moveit/task_constructor/properties.h
-- Up-to-date: /home/devika/robo_ws/install/moveit_task_constructor_core/include/moveit/task_constructor/trajectory_execution_info.h
-- Up-to-date: /home/devika/robo_ws/install/moveit_task_constructor_core/include/moveit/task_constructor/stage.h
-- Up-to-date: /home/devika/robo_ws/install/moveit_task_constructor_core/include/moveit/task_constructor/container.h
-- Up-to-date: /home/devika/robo_ws/install/moveit_task_constructor_core/include/moveit/task_constructor/solvers.h
-- Up-to-date: /home/devika/robo_ws/install/moveit_task_constructor_core/include/moveit/task_constructor/moveit_compat.h
-- Up-to-date: /home/devika/robo_ws/install/moveit_task_constructor_core/include/moveit/task_constructor/cost_terms.h
-- Up-to-date: /home/devika/robo_ws/install/moveit_task_constructor_core/include/moveit/task_constructor/utils.h
-- Up-to-date: /home/devika/robo_ws/install/moveit_task_constructor_core/include/moveit/task_constructor/solvers
-- Up-to-date: /home/devika/robo_ws/install/moveit_task_constructor_core/include/moveit/task_constructor/solvers/cartesian_path.h
-- Up-to-date: /home/devika/robo_ws/install/moveit_task_constructor_core/include/moveit/task_constructor/solvers/multi_planner.h
-- Up-to-date: /home/devika/robo_ws/install/moveit_task_constructor_core/include/moveit/task_constructor/solvers/pipeline_planner.h
-- Up-to-date: /home/devika/robo_ws/install/moveit_task_constructor_core/include/moveit/task_constructor/solvers/joint_interpolation.h
-- Up-to-date: /home/devika/robo_ws/install/moveit_task_constructor_core/include/moveit/task_constructor/solvers/planner_interface.h
-- Up-to-date: /home/devika/robo_ws/install/moveit_task_constructor_core/include/moveit/task_constructor/marker_tools.h
-- Up-to-date: /home/devika/robo_ws/install/moveit_task_constructor_core/include/moveit/task_constructor/storage.h
-- Up-to-date: /home/devika/robo_ws/install/moveit_task_constructor_core/include/moveit/task_constructor/cost_queue.h
-- Up-to-date: /home/devika/robo_ws/install/moveit_task_constructor_core/include/moveit/task_constructor/stages
-- Up-to-date: /home/devika/robo_ws/install/moveit_task_constructor_core/include/moveit/task_constructor/stages/connect.h
-- Up-to-date: /home/devika/robo_ws/install/moveit_task_constructor_core/include/moveit/task_constructor/stages/generate_grasp_pose.h
-- Up-to-date: /home/devika/robo_ws/install/moveit_task_constructor_core/include/moveit/task_constructor/stages/noop.h
-- Up-to-date: /home/devika/robo_ws/install/moveit_task_constructor_core/include/moveit/task_constructor/stages/modify_planning_scene.h
-- Up-to-date: /home/devika/robo_ws/install/moveit_task_constructor_core/include/moveit/task_constructor/stages/generate_place_pose.h
-- Up-to-date: /home/devika/robo_ws/install/moveit_task_constructor_core/include/moveit/task_constructor/stages/passthrough.h
-- Up-to-date: /home/devika/robo_ws/install/moveit_task_constructor_core/include/moveit/task_constructor/stages/pick.h
-- Up-to-date: /home/devika/robo_ws/install/moveit_task_constructor_core/include/moveit/task_constructor/stages/move_to.h
-- Up-to-date: /home/devika/robo_ws/install/moveit_task_constructor_core/include/moveit/task_constructor/stages/generate_pose.h
-- Up-to-date: /home/devika/robo_ws/install/moveit_task_constructor_core/include/moveit/task_constructor/stages/current_state.h
-- Up-to-date: /home/devika/robo_ws/install/moveit_task_constructor_core/include/moveit/task_constructor/stages/fixed_cartesian_poses.h
-- Up-to-date: /home/devika/robo_ws/install/moveit_task_constructor_core/include/moveit/task_constructor/stages/compute_ik.h
-- Up-to-date: /home/devika/robo_ws/install/moveit_task_constructor_core/include/moveit/task_constructor/stages/fixed_state.h
-- Up-to-date: /home/devika/robo_ws/install/moveit_task_constructor_core/include/moveit/task_constructor/stages/move_relative.h
-- Up-to-date: /home/devika/robo_ws/install/moveit_task_constructor_core/include/moveit/task_constructor/stages/predicate_filter.h
-- Up-to-date: /home/devika/robo_ws/install/moveit_task_constructor_core/include/moveit/task_constructor/stages/fix_collision_objects.h
-- Up-to-date: /home/devika/robo_ws/install/moveit_task_constructor_core/include/moveit/task_constructor/stages/simple_grasp.h
-- Up-to-date: /home/devika/robo_ws/install/moveit_task_constructor_core/include/moveit/task_constructor/stages/generate_random_pose.h
-- Up-to-date: /home/devika/robo_ws/install/moveit_task_constructor_core/include/moveit/task_constructor/task.h
-- Up-to-date: /home/devika/robo_ws/install/moveit_task_constructor_core/include/moveit/task_constructor/introspection.h
-- Up-to-date: /home/devika/robo_ws/install/moveit_task_constructor_core/include/moveit/task_constructor/merge.h
-- Up-to-date: /home/devika/robo_ws/install/moveit_task_constructor_core/include/moveit/python
-- Up-to-date: /home/devika/robo_ws/install/moveit_task_constructor_core/include/moveit/python/task_constructor
-- Up-to-date: /home/devika/robo_ws/install/moveit_task_constructor_core/include/moveit/python/task_constructor/properties.h
-- Up-to-date: /home/devika/robo_ws/install/moveit_task_constructor_core/share/moveit_task_constructor_core/motion_planning_stages_plugin_description.xml
-- Up-to-date: /home/devika/robo_ws/install/moveit_task_constructor_core/share/moveit_task_constructor_core/environment/library_path.sh
-- Installing: /home/devika/robo_ws/install/moveit_task_constructor_core/share/moveit_task_constructor_core/environment/library_path.dsv
-- Up-to-date: /home/devika/robo_ws/install/moveit_task_constructor_core/share/ament_index/resource_index/package_run_dependencies/moveit_task_constructor_core
-- Installing: /home/devika/robo_ws/install/moveit_task_constructor_core/share/ament_index/resource_index/parent_prefix_path/moveit_task_constructor_core
-- Up-to-date: /home/devika/robo_ws/install/moveit_task_constructor_core/share/moveit_task_constructor_core/environment/ament_prefix_path.sh
-- Installing: /home/devika/robo_ws/install/moveit_task_constructor_core/share/moveit_task_constructor_core/environment/ament_prefix_path.dsv
-- Up-to-date: /home/devika/robo_ws/install/moveit_task_constructor_core/share/moveit_task_constructor_core/environment/path.sh
-- Installing: /home/devika/robo_ws/install/moveit_task_constructor_core/share/moveit_task_constructor_core/environment/path.dsv
-- Up-to-date: /home/devika/robo_ws/install/moveit_task_constructor_core/share/moveit_task_constructor_core/local_setup.bash
-- Up-to-date: /home/devika/robo_ws/install/moveit_task_constructor_core/share/moveit_task_constructor_core/local_setup.sh
-- Up-to-date: /home/devika/robo_ws/install/moveit_task_constructor_core/share/moveit_task_constructor_core/local_setup.zsh
-- Installing: /home/devika/robo_ws/install/moveit_task_constructor_core/share/moveit_task_constructor_core/local_setup.dsv
-- Installing: /home/devika/robo_ws/install/moveit_task_constructor_core/share/moveit_task_constructor_core/package.dsv
-- Up-to-date: /home/devika/robo_ws/install/moveit_task_constructor_core/share/ament_index/resource_index/packages/moveit_task_constructor_core
-- Up-to-date: /home/devika/robo_ws/install/moveit_task_constructor_core/share/ament_index/resource_index/moveit_task_constructor_core__pluginlib__plugin/moveit_task_constructor_core
-- Up-to-date: /home/devika/robo_ws/install/moveit_task_constructor_core/share/moveit_task_constructor_core/cmake/moveit_task_constructor_coreTargetsExport.cmake
-- Up-to-date: /home/devika/robo_ws/install/moveit_task_constructor_core/share/moveit_task_constructor_core/cmake/moveit_task_constructor_coreTargetsExport-release.cmake
-- Up-to-date: /home/devika/robo_ws/install/moveit_task_constructor_core/share/moveit_task_constructor_core/cmake/ament_cmake_export_targets-extras.cmake
-- Up-to-date: /home/devika/robo_ws/install/moveit_task_constructor_core/share/moveit_task_constructor_core/cmake/ament_cmake_export_dependencies-extras.cmake
-- Up-to-date: /home/devika/robo_ws/install/moveit_task_constructor_core/share/moveit_task_constructor_core/cmake/moveit_task_constructor_coreConfig.cmake
-- Up-to-date: /home/devika/robo_ws/install/moveit_task_constructor_core/share/moveit_task_constructor_core/cmake/moveit_task_constructor_coreConfig-version.cmake
-- Up-to-date: /home/devika/robo_ws/install/moveit_task_constructor_core/share/moveit_task_constructor_core/package.xml
