[0.064s] Invoking command in '/home/devika/robo_ws/build/moveit_task_constructor_core': CMAKE_PREFIX_PATH=/home/devika/robo_ws/install/rviz_marker_tools:/home/devika/robo_ws/install/moveit_task_constructor_msgs:/home/devika/ws_moveit2/install/pilz_industrial_motion_planner_testutils:/home/devika/ws_moveit2/install/moveit_runtime:/home/devika/ws_moveit2/install/moveit2_tutorials:/home/devika/ws_moveit2/install/moveit:/home/devika/ws_moveit2/install/moveit_planners:/home/devika/ws_moveit2/install/pilz_industrial_motion_planner:/home/devika/ws_moveit2/install/moveit_visual_tools:/home/devika/ws_moveit2/install/moveit_task_constructor_visualization:/home/devika/ws_moveit2/install/moveit_task_constructor_demo:/home/devika/ws_moveit2/install/moveit_task_constructor_capabilities:/home/devika/ws_moveit2/install/moveit_task_constructor_core:/home/devika/ws_moveit2/install/moveit_ros_control_interface:/home/devika/ws_moveit2/install/moveit_plugins:/home/devika/ws_moveit2/install/moveit_simple_controller_manager:/home/devika/ws_moveit2/install/moveit_setup_assistant:/home/devika/ws_moveit2/install/moveit_setup_srdf_plugins:/home/devika/ws_moveit2/install/moveit_setup_core_plugins:/home/devika/ws_moveit2/install/moveit_setup_controllers:/home/devika/ws_moveit2/install/moveit_setup_app_plugins:/home/devika/ws_moveit2/install/moveit_setup_framework:/home/devika/ws_moveit2/install/moveit_servo:/home/devika/ws_moveit2/install/moveit_ros:/home/devika/ws_moveit2/install/moveit_ros_visualization:/home/devika/ws_moveit2/install/moveit_hybrid_planning:/home/devika/ws_moveit2/install/moveit_ros_planning_interface:/home/devika/ws_moveit2/install/moveit_ros_benchmarks:/home/devika/ws_moveit2/install/moveit_ros_warehouse:/home/devika/ws_moveit2/install/moveit_ros_robot_interaction:/home/devika/ws_moveit2/install/moveit_ros_perception:/home/devika/ws_moveit2/install/moveit_resources_prbt_pg70_support:/home/devika/ws_moveit2/install/moveit_resources_prbt_moveit_config:/home/devika/ws_moveit2/install/moveit_ros_move_group:/home/devika/ws_moveit2/install/moveit_planners_ompl:/home/devika/ws_moveit2/install/moveit_ros_planning:/home/devika/ws_moveit2/install/moveit_ros_occupancy_map_monitor:/home/devika/ws_moveit2/install/moveit_resources_prbt_ikfast_manipulator_plugin:/home/devika/ws_moveit2/install/moveit_planners_chomp:/home/devika/ws_moveit2/install/moveit_kinematics:/home/devika/ws_moveit2/install/moveit_chomp_optimizer_adapter:/home/devika/ws_moveit2/install/chomp_motion_planner:/home/devika/ws_moveit2/install/moveit_core:/home/devika/ws_moveit2/install/srdfdom:/home/devika/ws_moveit2/install/rviz_marker_tools:/home/devika/ws_moveit2/install/rosparam_shortcuts:/home/devika/ws_moveit2/install/moveit_task_constructor_msgs:/home/devika/ws_moveit2/install/moveit_resources_prbt_support:/home/devika/ws_moveit2/install/moveit_resources:/home/devika/ws_moveit2/install/moveit_resources_pr2_description:/home/devika/ws_moveit2/install/moveit_resources_panda_moveit_config:/home/devika/ws_moveit2/install/moveit_resources_panda_description:/home/devika/ws_moveit2/install/moveit_resources_fanuc_moveit_config:/home/devika/ws_moveit2/install/moveit_resources_fanuc_description:/home/devika/ws_moveit2/install/moveit_common:/home/devika/robo_ws/install/urdf_humble_test_moveit_config:/home/devika/robo_ws/install/warehouse_ros_mongo:/home/devika/robo_ws/install/urdf_humble_test:/home/devika/robo_ws/install/moveit_task_constructor_visualization:/home/devika/robo_ws/install/moveit_task_constructor_demo:/home/devika/robo_ws/install/moveit_task_constructor_capabilities:/home/devika/robo_ws/install/hello_moveit_task_constructor:/home/devika/robo_ws/install/moveit_task_constructor_core:/home/devika/robo_ws/install/hello_moveit:/home/devika/robo_ws/install/gazebo_ros2_control:/home/devika/manga_ws/install/urdf_humble_test_moveit_config:/home/devika/manga_ws/install/urdf_humble_test:/home/devika/manga_ws/install/hello_moveit:/home/devika/some_ws/install/motoman_hc10_support:/home/devika/some_ws/install/motoman_resources:/home/devika/some_ws/install/hello_moveit:/home/devika/some_ws/install/hc20_sim_moveit_config:/home/devika/some_ws/install/hc20_moveit_config:/home/devika/some_ws/install/hc10_movit2v3:/home/devika/some_ws/install/hc10dt_moveit_config:/home/devika/ws_moveit2/install/moveit_configs_utils:/home/devika/ws_moveit2/install/launch_param_builder:/home/devika/robo_ws/install/perception_vision:/home/devika/robo_ws/install/cylinder_position_estimator:/opt/ros/humble LD_LIBRARY_PATH=/home/devika/robo_ws/install/rviz_marker_tools/lib:/home/devika/robo_ws/install/moveit_task_constructor_msgs/lib:/home/devika/ws_moveit2/install/pilz_industrial_motion_planner_testutils/lib:/home/devika/ws_moveit2/install/pilz_industrial_motion_planner/lib:/home/devika/ws_moveit2/install/moveit_visual_tools/lib:/home/devika/ws_moveit2/install/moveit_task_constructor_visualization/lib:/home/devika/ws_moveit2/install/moveit_task_constructor_demo/lib:/home/devika/ws_moveit2/install/moveit_task_constructor_capabilities/lib:/home/devika/ws_moveit2/install/moveit_task_constructor_core/lib:/home/devika/ws_moveit2/install/moveit_ros_control_interface/lib:/home/devika/ws_moveit2/install/moveit_simple_controller_manager/lib:/home/devika/ws_moveit2/install/moveit_setup_assistant/lib:/home/devika/ws_moveit2/install/moveit_setup_srdf_plugins/lib:/home/devika/ws_moveit2/install/moveit_setup_core_plugins/lib:/home/devika/ws_moveit2/install/moveit_setup_controllers/lib:/home/devika/ws_moveit2/install/moveit_setup_app_plugins/lib:/home/devika/ws_moveit2/install/moveit_setup_framework/lib:/home/devika/ws_moveit2/install/moveit_servo/lib:/home/devika/ws_moveit2/install/moveit_ros_visualization/lib:/home/devika/ws_moveit2/install/moveit_hybrid_planning/lib:/home/devika/ws_moveit2/install/moveit_ros_planning_interface/lib:/home/devika/ws_moveit2/install/moveit_ros_benchmarks/lib:/home/devika/ws_moveit2/install/moveit_ros_warehouse/lib:/home/devika/ws_moveit2/install/moveit_ros_robot_interaction/lib:/home/devika/ws_moveit2/install/moveit_ros_perception/lib:/home/devika/ws_moveit2/install/moveit_ros_move_group/lib:/home/devika/ws_moveit2/install/moveit_planners_ompl/lib:/home/devika/ws_moveit2/install/moveit_ros_planning/lib:/home/devika/ws_moveit2/install/moveit_ros_occupancy_map_monitor/lib:/home/devika/ws_moveit2/install/moveit_resources_prbt_ikfast_manipulator_plugin/lib:/home/devika/ws_moveit2/install/moveit_planners_chomp/lib:/home/devika/ws_moveit2/install/moveit_kinematics/lib:/home/devika/ws_moveit2/install/moveit_chomp_optimizer_adapter/lib:/home/devika/ws_moveit2/install/chomp_motion_planner/lib:/home/devika/ws_moveit2/install/moveit_core/lib:/home/devika/ws_moveit2/install/srdfdom/lib:/home/devika/ws_moveit2/install/rviz_marker_tools/lib:/home/devika/ws_moveit2/install/rosparam_shortcuts/lib:/home/devika/ws_moveit2/install/moveit_task_constructor_msgs/lib:/home/devika/robo_ws/install/warehouse_ros_mongo/lib:/home/devika/robo_ws/install/moveit_task_constructor_visualization/lib:/home/devika/robo_ws/install/moveit_task_constructor_demo/lib:/home/devika/robo_ws/install/moveit_task_constructor_capabilities/lib:/home/devika/robo_ws/install/hello_moveit_task_constructor/lib:/home/devika/robo_ws/install/moveit_task_constructor_core/lib:/home/devika/robo_ws/install/gazebo_ros2_control/lib:/usr/lib/x86_64-linux-gnu/gazebo-11/plugins:/opt/ros/humble/opt/rviz_ogre_vendor/lib:/opt/ros/humble/lib/x86_64-linux-gnu:/opt/ros/humble/lib /usr/bin/cmake --build /home/devika/robo_ws/build/moveit_task_constructor_core
[0.176s] -- Found ament_cmake: 1.3.11 (/opt/ros/humble/share/ament_cmake/cmake)
[0.301s] -- Found Python3: /usr/bin/python3 (found version "3.10.12") found components: Interpreter 
[0.454s] -- Found Boost: /usr/lib/x86_64-linux-gnu/cmake/Boost-1.74.0/BoostConfig.cmake (found version "1.74.0")  
[0.458s] -- Found geometry_msgs: 4.8.0 (/opt/ros/humble/share/geometry_msgs/cmake)
[0.514s] -- Found rosidl_generator_c: 3.1.6 (/opt/ros/humble/share/rosidl_generator_c/cmake)
[0.518s] -- Found rosidl_adapter: 3.1.6 (/opt/ros/humble/share/rosidl_adapter/cmake)
[0.527s] -- Found rosidl_generator_cpp: 3.1.6 (/opt/ros/humble/share/rosidl_generator_cpp/cmake)
[0.545s] -- Using all available rosidl_typesupport_c: rosidl_typesupport_fastrtps_c;rosidl_typesupport_introspection_c
[0.570s] -- Using all available rosidl_typesupport_cpp: rosidl_typesupport_fastrtps_cpp;rosidl_typesupport_introspection_cpp
[0.631s] -- Found moveit_common: 2.5.9 (/home/devika/ws_moveit2/install/moveit_common/share/moveit_common/cmake)
[0.758s] [0mmoveit_task_constructor_core: You did not request a specific build type: Choosing 'Release' for maximum performance[0m
[0.768s] -- Found moveit_core: 2.5.9 (/home/devika/ws_moveit2/install/moveit_core/share/moveit_core/cmake)
[0.794s] -- Found Boost: /usr/lib/x86_64-linux-gnu/cmake/Boost-1.74.0/BoostConfig.cmake (found version "1.74.0") found components: chrono date_time filesystem iostreams program_options regex serialization system thread 
[0.859s] -- Found parameter_traits: 0.4.0 (/opt/ros/humble/share/parameter_traits/cmake)
[0.898s] -- Found rmw_implementation_cmake: 6.1.2 (/opt/ros/humble/share/rmw_implementation_cmake/cmake)
[0.905s] -- Found rmw_fastrtps_cpp: 6.2.7 (/opt/ros/humble/share/rmw_fastrtps_cpp/cmake)
[1.155s] -- Using RMW implementation 'rmw_fastrtps_cpp' as default
[1.220s] -- Found rclcpp_lifecycle: 16.0.12 (/opt/ros/humble/share/rclcpp_lifecycle/cmake)
[1.248s] -- Found Boost: /usr/lib/x86_64-linux-gnu/cmake/Boost-1.74.0/BoostConfig.cmake (found version "1.74.0") found components: filesystem 
[1.336s] -- library: /usr/lib/x86_64-linux-gnu/libcurl.so
[1.404s] -- Ensuring Eigen3 include directory is part of orocos-kdl CMake target
[1.682s] -- Found moveit_ros_planning: 2.5.9 (/home/devika/ws_moveit2/install/moveit_ros_planning/share/moveit_ros_planning/cmake)
[1.689s] -- Found Boost: /usr/lib/x86_64-linux-gnu/cmake/Boost-1.74.0/BoostConfig.cmake (found version "1.74.0") found components: system filesystem date_time program_options thread chrono 
[1.726s] -- Found moveit_ros_planning_interface: 2.5.9 (/home/devika/ws_moveit2/install/moveit_ros_planning_interface/share/moveit_ros_planning_interface/cmake)
[1.732s] -- Found Boost: /usr/lib/x86_64-linux-gnu/cmake/Boost-1.74.0/BoostConfig.cmake (found version "1.74.0") found components: date_time filesystem program_options system thread 
[1.753s] -- Found Boost: /usr/lib/x86_64-linux-gnu/cmake/Boost-1.74.0/BoostConfig.cmake (found version "1.74.0") found components: thread system filesystem regex date_time program_options 
[1.782s] -- Found Boost: /usr/lib/x86_64-linux-gnu/cmake/Boost-1.74.0/BoostConfig.cmake (found version "1.74.0") found components: system filesystem date_time program_options thread 
[1.823s] -- Found moveit_task_constructor_msgs: 0.1.3 (/home/devika/robo_ws/install/moveit_task_constructor_msgs/share/moveit_task_constructor_msgs/cmake)
[1.864s] -- Found py_binding_tools: 2.0.1 (/opt/ros/humble/share/py_binding_tools/cmake)
[1.869s] -- Found rviz_marker_tools: 0.1.3 (/home/devika/robo_ws/install/rviz_marker_tools/share/rviz_marker_tools/cmake)
[2.078s] -- Found Python3: /usr/bin/python3 (found version "3.10.12") found components: Interpreter Development Development.Module Development.Embed 
[2.099s] -- pybind11 v2.13.0 dev1
[2.144s] -- Found PythonInterp: /usr/bin/python3 (found suitable version "3.10.12", minimum required is "3.10.12") 
[2.199s] -- Found ament_cmake_pytest: 1.3.11 (/opt/ros/humble/share/ament_cmake_pytest/cmake)
[2.202s] -- Found launch_testing_ament_cmake: 1.0.8 (/opt/ros/humble/share/launch_testing_ament_cmake/cmake)
[2.203s] -- Found python_cmake_module: 0.10.0 (/opt/ros/humble/share/python_cmake_module/cmake)
[2.245s] -- Found PythonInterp: /usr/bin/python3 (found suitable version "3.10.12", minimum required is "3.6") 
[2.250s] -- Using PYTHON_EXECUTABLE: /usr/bin/python3
[2.250s] -- Using PYTHON_INCLUDE_DIRS: /usr/include/python3.10
[2.250s] -- Using PYTHON_LIBRARIES: /usr/lib/x86_64-linux-gnu/libpython3.10.so
[3.270s] -- Found ament_cmake_gtest: 1.3.11 (/opt/ros/humble/share/ament_cmake_gtest/cmake)
[3.271s] -- Found ament_cmake_gmock: 1.3.11 (/opt/ros/humble/share/ament_cmake_gmock/cmake)
[3.271s] -- Found launch_testing_ament_cmake: 1.0.8 (/opt/ros/humble/share/launch_testing_ament_cmake/cmake)
[3.271s] -- Found python_cmake_module: 0.10.0 (/opt/ros/humble/share/python_cmake_module/cmake)
[3.301s] -- Using PYTHON_EXECUTABLE: /usr/bin/python3
[3.302s] -- Using PYTHON_INCLUDE_DIRS: /usr/include/python3.10
[3.302s] -- Using PYTHON_LIBRARIES: /usr/lib/x86_64-linux-gnu/libpython3.10.so
[3.306s] -- Found gmock sources under '/opt/ros/humble/src/gmock_vendor': C++ tests using 'Google Mock' will be built
[3.312s] -- Found gtest sources under '/opt/ros/humble/src/gtest_vendor': C++ tests using 'Google Test' will be built
[3.354s] -- Configuring done
[4.132s] -- Generating done
[4.290s] -- Build files have been written to: /home/devika/robo_ws/build/moveit_task_constructor_core
[4.469s] [  0%] Built target ament_cmake_python_copy_moveit
[4.873s] running egg_info
[4.874s] writing moveit.egg-info/PKG-INFO
[4.874s] writing dependency_links to moveit.egg-info/dependency_links.txt
[4.875s] writing top-level names to moveit.egg-info/top_level.txt
[4.878s] reading manifest file 'moveit.egg-info/SOURCES.txt'
[4.879s] writing manifest file 'moveit.egg-info/SOURCES.txt'
[4.936s] [  0%] Built target ament_cmake_python_build_moveit_egg
[5.045s] [35m[1mConsolidate compiler generated dependencies of target moveit_task_constructor_core[0m
[5.179s] [  1%] [32mBuilding CXX object src/CMakeFiles/moveit_task_constructor_core.dir/container.cpp.o[0m
[21.053s] [  2%] [32mBuilding CXX object src/CMakeFiles/moveit_task_constructor_core.dir/cost_terms.cpp.o[0m
[32.441s] [  3%] [32mBuilding CXX object src/CMakeFiles/moveit_task_constructor_core.dir/introspection.cpp.o[0m
[50.880s] [  4%] [32mBuilding CXX object src/CMakeFiles/moveit_task_constructor_core.dir/marker_tools.cpp.o[0m
[59.841s] [  5%] [32mBuilding CXX object src/CMakeFiles/moveit_task_constructor_core.dir/merge.cpp.o[0m
[70.004s] [  7%] [32mBuilding CXX object src/CMakeFiles/moveit_task_constructor_core.dir/properties.cpp.o[0m
[73.053s] [  8%] [32mBuilding CXX object src/CMakeFiles/moveit_task_constructor_core.dir/stage.cpp.o[0m
[86.925s] [  9%] [32mBuilding CXX object src/CMakeFiles/moveit_task_constructor_core.dir/storage.cpp.o[0m
[99.173s] [ 10%] [32mBuilding CXX object src/CMakeFiles/moveit_task_constructor_core.dir/task.cpp.o[0m
[117.051s] [ 11%] [32mBuilding CXX object src/CMakeFiles/moveit_task_constructor_core.dir/utils.cpp.o[0m
[127.876s] [ 12%] [32mBuilding CXX object src/CMakeFiles/moveit_task_constructor_core.dir/solvers/planner_interface.cpp.o[0m
[136.351s] [ 14%] [32mBuilding CXX object src/CMakeFiles/moveit_task_constructor_core.dir/solvers/cartesian_path.cpp.o[0m
[148.504s] [ 15%] [32mBuilding CXX object src/CMakeFiles/moveit_task_constructor_core.dir/solvers/joint_interpolation.cpp.o[0m
[158.627s] [ 16%] [32mBuilding CXX object src/CMakeFiles/moveit_task_constructor_core.dir/solvers/pipeline_planner.cpp.o[0m
[178.827s] [ 17%] [32mBuilding CXX object src/CMakeFiles/moveit_task_constructor_core.dir/solvers/multi_planner.cpp.o[0m
[187.389s] [ 18%] [32m[1mLinking CXX shared library libmoveit_task_constructor_core.so[0m
[188.000s] [ 18%] Built target moveit_task_constructor_core
[188.113s] [35m[1mConsolidate compiler generated dependencies of target moveit_task_constructor_core_stages[0m
[188.241s] [ 20%] [32mBuilding CXX object src/stages/CMakeFiles/moveit_task_constructor_core_stages.dir/modify_planning_scene.cpp.o[0m
[200.047s] [ 21%] [32mBuilding CXX object src/stages/CMakeFiles/moveit_task_constructor_core_stages.dir/fix_collision_objects.cpp.o[0m
[217.780s] [ 22%] [32mBuilding CXX object src/stages/CMakeFiles/moveit_task_constructor_core_stages.dir/current_state.cpp.o[0m
[228.703s] [ 23%] [32mBuilding CXX object src/stages/CMakeFiles/moveit_task_constructor_core_stages.dir/fixed_state.cpp.o[0m
[237.953s] [ 24%] [32mBuilding CXX object src/stages/CMakeFiles/moveit_task_constructor_core_stages.dir/fixed_cartesian_poses.cpp.o[0m
[248.256s] [ 25%] [32mBuilding CXX object src/stages/CMakeFiles/moveit_task_constructor_core_stages.dir/generate_pose.cpp.o[0m
[258.375s] [ 27%] [32mBuilding CXX object src/stages/CMakeFiles/moveit_task_constructor_core_stages.dir/generate_random_pose.cpp.o[0m
[269.797s] [ 28%] [32mBuilding CXX object src/stages/CMakeFiles/moveit_task_constructor_core_stages.dir/generate_grasp_pose.cpp.o[0m
[281.467s] [ 29%] [32mBuilding CXX object src/stages/CMakeFiles/moveit_task_constructor_core_stages.dir/generate_place_pose.cpp.o[0m
[293.340s] [ 30%] [32mBuilding CXX object src/stages/CMakeFiles/moveit_task_constructor_core_stages.dir/compute_ik.cpp.o[0m
[306.550s] [ 31%] [32mBuilding CXX object src/stages/CMakeFiles/moveit_task_constructor_core_stages.dir/passthrough.cpp.o[0m
[308.934s] [ 32%] [32mBuilding CXX object src/stages/CMakeFiles/moveit_task_constructor_core_stages.dir/predicate_filter.cpp.o[0m
[317.859s] [ 34%] [32mBuilding CXX object src/stages/CMakeFiles/moveit_task_constructor_core_stages.dir/connect.cpp.o[0m
[329.318s] [ 35%] [32mBuilding CXX object src/stages/CMakeFiles/moveit_task_constructor_core_stages.dir/move_to.cpp.o[0m
[342.028s] [ 36%] [32mBuilding CXX object src/stages/CMakeFiles/moveit_task_constructor_core_stages.dir/move_relative.cpp.o[0m
[364.075s] [ 37%] [32mBuilding CXX object src/stages/CMakeFiles/moveit_task_constructor_core_stages.dir/simple_grasp.cpp.o[0m
[375.047s] [ 38%] [32mBuilding CXX object src/stages/CMakeFiles/moveit_task_constructor_core_stages.dir/pick.cpp.o[0m
[384.971s] [ 40%] [32m[1mLinking CXX shared library libmoveit_task_constructor_core_stages.so[0m
[385.417s] [ 40%] Built target moveit_task_constructor_core_stages
[385.462s] [35m[1mConsolidate compiler generated dependencies of target moveit_task_constructor_core_stage_plugins[0m
[385.512s] [ 41%] [32mBuilding CXX object src/stages/CMakeFiles/moveit_task_constructor_core_stage_plugins.dir/plugins.cpp.o[0m
[388.113s] [ 42%] [32m[1mLinking CXX shared library libmoveit_task_constructor_core_stage_plugins.so[0m
[388.415s] [ 42%] Built target moveit_task_constructor_core_stage_plugins
[388.473s] [35m[1mConsolidate compiler generated dependencies of target pymoveit_mtc[0m
[388.551s] [ 43%] [32mBuilding CXX object python/bindings/CMakeFiles/pymoveit_mtc.dir/src/properties.cpp.o[0m
[396.144s] [ 44%] [32mBuilding CXX object python/bindings/CMakeFiles/pymoveit_mtc.dir/src/solvers.cpp.o[0m
[404.881s] [ 45%] [32mBuilding CXX object python/bindings/CMakeFiles/pymoveit_mtc.dir/src/core.cpp.o[0m
[425.929s] [ 47%] [32mBuilding CXX object python/bindings/CMakeFiles/pymoveit_mtc.dir/src/stages.cpp.o[0m
[444.568s] [ 48%] [32mBuilding CXX object python/bindings/CMakeFiles/pymoveit_mtc.dir/src/module.cpp.o[0m
[447.224s] [ 49%] [32m[1mLinking CXX shared module pymoveit_mtc.cpython-310-x86_64-linux-gnu.so[0m
[449.789s] lto-wrapper: warning: using serial compilation of 12 LTRANS jobs
[463.780s] [ 49%] Built target pymoveit_mtc
[463.831s] [35m[1mConsolidate compiler generated dependencies of target gtest_utils[0m
[463.902s] [ 50%] [32mBuilding CXX object test/CMakeFiles/gtest_utils.dir/gtest_value_printers.cpp.o[0m
[469.159s] [ 51%] [32mBuilding CXX object test/CMakeFiles/gtest_utils.dir/models.cpp.o[0m
[475.368s] [ 52%] [32mBuilding CXX object test/CMakeFiles/gtest_utils.dir/stage_mockups.cpp.o[0m
[486.070s] [ 54%] [32m[1mLinking CXX shared library libgtest_utils.so[0m
[486.430s] [ 54%] Built target gtest_utils
[486.470s] [35m[1mConsolidate compiler generated dependencies of target gtest_main[0m
[486.523s] [ 56%] Built target gtest_main
[486.563s] [35m[1mConsolidate compiler generated dependencies of target gmock[0m
[486.603s] [ 60%] Built target gmock
[486.643s] [35m[1mConsolidate compiler generated dependencies of target gmock_main[0m
[486.689s] [ 62%] Built target gmock_main
[486.733s] [35m[1mConsolidate compiler generated dependencies of target moveit_task_constructor_core-test-mockups[0m
[486.793s] [ 63%] [32mBuilding CXX object test/CMakeFiles/moveit_task_constructor_core-test-mockups.dir/test_mockups.cpp.o[0m
[499.536s] [ 64%] [32m[1mLinking CXX executable moveit_task_constructor_core-test-mockups[0m
[500.108s] [ 64%] Built target moveit_task_constructor_core-test-mockups
[500.150s] [35m[1mConsolidate compiler generated dependencies of target gtest[0m
[500.203s] [ 67%] Built target gtest
[500.239s] [35m[1mConsolidate compiler generated dependencies of target moveit_task_constructor_core-test-stage[0m
[500.297s] [ 68%] [32mBuilding CXX object test/CMakeFiles/moveit_task_constructor_core-test-stage.dir/test_stage.cpp.o[0m
[511.636s] [ 69%] [32m[1mLinking CXX executable moveit_task_constructor_core-test-stage[0m
[512.234s] [ 69%] Built target moveit_task_constructor_core-test-stage
[512.278s] [35m[1mConsolidate compiler generated dependencies of target moveit_task_constructor_core-test-container[0m
[512.336s] [ 70%] [32mBuilding CXX object test/CMakeFiles/moveit_task_constructor_core-test-container.dir/test_container.cpp.o[0m
[526.355s] [ 71%] [32m[1mLinking CXX executable moveit_task_constructor_core-test-container[0m
[526.937s] [ 71%] Built target moveit_task_constructor_core-test-container
[526.985s] [35m[1mConsolidate compiler generated dependencies of target moveit_task_constructor_core-test-serial[0m
[527.041s] [ 72%] [32mBuilding CXX object test/CMakeFiles/moveit_task_constructor_core-test-serial.dir/test_serial.cpp.o[0m
[538.767s] [ 74%] [32m[1mLinking CXX executable moveit_task_constructor_core-test-serial[0m
[539.298s] [ 74%] Built target moveit_task_constructor_core-test-serial
[539.342s] [35m[1mConsolidate compiler generated dependencies of target moveit_task_constructor_core-test-pruning[0m
[539.409s] [ 75%] [32mBuilding CXX object test/CMakeFiles/moveit_task_constructor_core-test-pruning.dir/test_pruning.cpp.o[0m
[551.171s] [ 76%] [32m[1mLinking CXX executable moveit_task_constructor_core-test-pruning[0m
[551.692s] [ 76%] Built target moveit_task_constructor_core-test-pruning
[551.734s] [35m[1mConsolidate compiler generated dependencies of target moveit_task_constructor_core-test-properties[0m
[551.777s] [ 77%] [32mBuilding CXX object test/CMakeFiles/moveit_task_constructor_core-test-properties.dir/test_properties.cpp.o[0m
[554.926s] [ 78%] [32m[1mLinking CXX executable moveit_task_constructor_core-test-properties[0m
[555.395s] [ 78%] Built target moveit_task_constructor_core-test-properties
[555.439s] [35m[1mConsolidate compiler generated dependencies of target moveit_task_constructor_core-test-cost-terms[0m
[555.502s] [ 80%] [32mBuilding CXX object test/CMakeFiles/moveit_task_constructor_core-test-cost-terms.dir/test_cost_terms.cpp.o[0m
[568.694s] [ 81%] [32m[1mLinking CXX executable moveit_task_constructor_core-test-cost-terms[0m
[569.259s] [ 81%] Built target moveit_task_constructor_core-test-cost-terms
[569.298s] [35m[1mConsolidate compiler generated dependencies of target moveit_task_constructor_core-test-fallback[0m
[569.365s] [ 82%] [32mBuilding CXX object test/CMakeFiles/moveit_task_constructor_core-test-fallback.dir/test_fallback.cpp.o[0m
[582.700s] [ 83%] [32m[1mLinking CXX executable moveit_task_constructor_core-test-fallback[0m
[583.267s] [ 83%] Built target moveit_task_constructor_core-test-fallback
[583.305s] [35m[1mConsolidate compiler generated dependencies of target moveit_task_constructor_core-test-cost-queue[0m
[583.353s] [ 84%] [32mBuilding CXX object test/CMakeFiles/moveit_task_constructor_core-test-cost-queue.dir/test_cost_queue.cpp.o[0m
[588.666s] [ 85%] [32m[1mLinking CXX executable moveit_task_constructor_core-test-cost-queue[0m
[589.151s] [ 85%] Built target moveit_task_constructor_core-test-cost-queue
[589.194s] [35m[1mConsolidate compiler generated dependencies of target moveit_task_constructor_core-test-interface-state[0m
[589.244s] [ 87%] [32mBuilding CXX object test/CMakeFiles/moveit_task_constructor_core-test-interface-state.dir/test_interface_state.cpp.o[0m
[599.905s] [ 88%] [32m[1mLinking CXX executable moveit_task_constructor_core-test-interface-state[0m
[600.463s] [ 88%] Built target moveit_task_constructor_core-test-interface-state
[600.512s] [35m[1mConsolidate compiler generated dependencies of target moveit_task_constructor_core-test-move-to[0m
[600.581s] [ 89%] [32mBuilding CXX object test/CMakeFiles/moveit_task_constructor_core-test-move-to.dir/test_move_to.cpp.o[0m
[617.005s] [ 90%] [32m[1mLinking CXX executable moveit_task_constructor_core-test-move-to[0m
[617.705s] [ 90%] Built target moveit_task_constructor_core-test-move-to
[617.750s] [35m[1mConsolidate compiler generated dependencies of target moveit_task_constructor_core-test-move-relative[0m
[617.803s] [ 91%] [32mBuilding CXX object test/CMakeFiles/moveit_task_constructor_core-test-move-relative.dir/test_move_relative.cpp.o[0m
[632.893s] [ 92%] [32m[1mLinking CXX executable moveit_task_constructor_core-test-move-relative[0m
[633.469s] [ 92%] Built target moveit_task_constructor_core-test-move-relative
[633.507s] [35m[1mConsolidate compiler generated dependencies of target pick_ur5[0m
[633.557s] [ 94%] [32mBuilding CXX object test/CMakeFiles/pick_ur5.dir/pick_ur5.cpp.o[0m
[645.074s] [ 95%] [32m[1mLinking CXX executable pick_ur5[0m
[645.589s] [ 95%] Built target pick_ur5
[645.636s] [35m[1mConsolidate compiler generated dependencies of target pick_pr2[0m
[645.696s] [ 96%] [32mBuilding CXX object test/CMakeFiles/pick_pr2.dir/pick_pr2.cpp.o[0m
[656.608s] [ 97%] [32m[1mLinking CXX executable pick_pr2[0m
[657.144s] [ 97%] Built target pick_pr2
[657.186s] [35m[1mConsolidate compiler generated dependencies of target pick_pa10[0m
[657.247s] [ 98%] [32mBuilding CXX object test/CMakeFiles/pick_pa10.dir/pick_pa10.cpp.o[0m
[669.517s] [100%] [32m[1mLinking CXX executable pick_pa10[0m
[670.044s] [100%] Built target pick_pa10
[670.068s] Invoked command in '/home/devika/robo_ws/build/moveit_task_constructor_core' returned '0': CMAKE_PREFIX_PATH=/home/devika/robo_ws/install/rviz_marker_tools:/home/devika/robo_ws/install/moveit_task_constructor_msgs:/home/devika/ws_moveit2/install/pilz_industrial_motion_planner_testutils:/home/devika/ws_moveit2/install/moveit_runtime:/home/devika/ws_moveit2/install/moveit2_tutorials:/home/devika/ws_moveit2/install/moveit:/home/devika/ws_moveit2/install/moveit_planners:/home/devika/ws_moveit2/install/pilz_industrial_motion_planner:/home/devika/ws_moveit2/install/moveit_visual_tools:/home/devika/ws_moveit2/install/moveit_task_constructor_visualization:/home/devika/ws_moveit2/install/moveit_task_constructor_demo:/home/devika/ws_moveit2/install/moveit_task_constructor_capabilities:/home/devika/ws_moveit2/install/moveit_task_constructor_core:/home/devika/ws_moveit2/install/moveit_ros_control_interface:/home/devika/ws_moveit2/install/moveit_plugins:/home/devika/ws_moveit2/install/moveit_simple_controller_manager:/home/devika/ws_moveit2/install/moveit_setup_assistant:/home/devika/ws_moveit2/install/moveit_setup_srdf_plugins:/home/devika/ws_moveit2/install/moveit_setup_core_plugins:/home/devika/ws_moveit2/install/moveit_setup_controllers:/home/devika/ws_moveit2/install/moveit_setup_app_plugins:/home/devika/ws_moveit2/install/moveit_setup_framework:/home/devika/ws_moveit2/install/moveit_servo:/home/devika/ws_moveit2/install/moveit_ros:/home/devika/ws_moveit2/install/moveit_ros_visualization:/home/devika/ws_moveit2/install/moveit_hybrid_planning:/home/devika/ws_moveit2/install/moveit_ros_planning_interface:/home/devika/ws_moveit2/install/moveit_ros_benchmarks:/home/devika/ws_moveit2/install/moveit_ros_warehouse:/home/devika/ws_moveit2/install/moveit_ros_robot_interaction:/home/devika/ws_moveit2/install/moveit_ros_perception:/home/devika/ws_moveit2/install/moveit_resources_prbt_pg70_support:/home/devika/ws_moveit2/install/moveit_resources_prbt_moveit_config:/home/devika/ws_moveit2/install/moveit_ros_move_group:/home/devika/ws_moveit2/install/moveit_planners_ompl:/home/devika/ws_moveit2/install/moveit_ros_planning:/home/devika/ws_moveit2/install/moveit_ros_occupancy_map_monitor:/home/devika/ws_moveit2/install/moveit_resources_prbt_ikfast_manipulator_plugin:/home/devika/ws_moveit2/install/moveit_planners_chomp:/home/devika/ws_moveit2/install/moveit_kinematics:/home/devika/ws_moveit2/install/moveit_chomp_optimizer_adapter:/home/devika/ws_moveit2/install/chomp_motion_planner:/home/devika/ws_moveit2/install/moveit_core:/home/devika/ws_moveit2/install/srdfdom:/home/devika/ws_moveit2/install/rviz_marker_tools:/home/devika/ws_moveit2/install/rosparam_shortcuts:/home/devika/ws_moveit2/install/moveit_task_constructor_msgs:/home/devika/ws_moveit2/install/moveit_resources_prbt_support:/home/devika/ws_moveit2/install/moveit_resources:/home/devika/ws_moveit2/install/moveit_resources_pr2_description:/home/devika/ws_moveit2/install/moveit_resources_panda_moveit_config:/home/devika/ws_moveit2/install/moveit_resources_panda_description:/home/devika/ws_moveit2/install/moveit_resources_fanuc_moveit_config:/home/devika/ws_moveit2/install/moveit_resources_fanuc_description:/home/devika/ws_moveit2/install/moveit_common:/home/devika/robo_ws/install/urdf_humble_test_moveit_config:/home/devika/robo_ws/install/warehouse_ros_mongo:/home/devika/robo_ws/install/urdf_humble_test:/home/devika/robo_ws/install/moveit_task_constructor_visualization:/home/devika/robo_ws/install/moveit_task_constructor_demo:/home/devika/robo_ws/install/moveit_task_constructor_capabilities:/home/devika/robo_ws/install/hello_moveit_task_constructor:/home/devika/robo_ws/install/moveit_task_constructor_core:/home/devika/robo_ws/install/hello_moveit:/home/devika/robo_ws/install/gazebo_ros2_control:/home/devika/manga_ws/install/urdf_humble_test_moveit_config:/home/devika/manga_ws/install/urdf_humble_test:/home/devika/manga_ws/install/hello_moveit:/home/devika/some_ws/install/motoman_hc10_support:/home/devika/some_ws/install/motoman_resources:/home/devika/some_ws/install/hello_moveit:/home/devika/some_ws/install/hc20_sim_moveit_config:/home/devika/some_ws/install/hc20_moveit_config:/home/devika/some_ws/install/hc10_movit2v3:/home/devika/some_ws/install/hc10dt_moveit_config:/home/devika/ws_moveit2/install/moveit_configs_utils:/home/devika/ws_moveit2/install/launch_param_builder:/home/devika/robo_ws/install/perception_vision:/home/devika/robo_ws/install/cylinder_position_estimator:/opt/ros/humble LD_LIBRARY_PATH=/home/devika/robo_ws/install/rviz_marker_tools/lib:/home/devika/robo_ws/install/moveit_task_constructor_msgs/lib:/home/devika/ws_moveit2/install/pilz_industrial_motion_planner_testutils/lib:/home/devika/ws_moveit2/install/pilz_industrial_motion_planner/lib:/home/devika/ws_moveit2/install/moveit_visual_tools/lib:/home/devika/ws_moveit2/install/moveit_task_constructor_visualization/lib:/home/devika/ws_moveit2/install/moveit_task_constructor_demo/lib:/home/devika/ws_moveit2/install/moveit_task_constructor_capabilities/lib:/home/devika/ws_moveit2/install/moveit_task_constructor_core/lib:/home/devika/ws_moveit2/install/moveit_ros_control_interface/lib:/home/devika/ws_moveit2/install/moveit_simple_controller_manager/lib:/home/devika/ws_moveit2/install/moveit_setup_assistant/lib:/home/devika/ws_moveit2/install/moveit_setup_srdf_plugins/lib:/home/devika/ws_moveit2/install/moveit_setup_core_plugins/lib:/home/devika/ws_moveit2/install/moveit_setup_controllers/lib:/home/devika/ws_moveit2/install/moveit_setup_app_plugins/lib:/home/devika/ws_moveit2/install/moveit_setup_framework/lib:/home/devika/ws_moveit2/install/moveit_servo/lib:/home/devika/ws_moveit2/install/moveit_ros_visualization/lib:/home/devika/ws_moveit2/install/moveit_hybrid_planning/lib:/home/devika/ws_moveit2/install/moveit_ros_planning_interface/lib:/home/devika/ws_moveit2/install/moveit_ros_benchmarks/lib:/home/devika/ws_moveit2/install/moveit_ros_warehouse/lib:/home/devika/ws_moveit2/install/moveit_ros_robot_interaction/lib:/home/devika/ws_moveit2/install/moveit_ros_perception/lib:/home/devika/ws_moveit2/install/moveit_ros_move_group/lib:/home/devika/ws_moveit2/install/moveit_planners_ompl/lib:/home/devika/ws_moveit2/install/moveit_ros_planning/lib:/home/devika/ws_moveit2/install/moveit_ros_occupancy_map_monitor/lib:/home/devika/ws_moveit2/install/moveit_resources_prbt_ikfast_manipulator_plugin/lib:/home/devika/ws_moveit2/install/moveit_planners_chomp/lib:/home/devika/ws_moveit2/install/moveit_kinematics/lib:/home/devika/ws_moveit2/install/moveit_chomp_optimizer_adapter/lib:/home/devika/ws_moveit2/install/chomp_motion_planner/lib:/home/devika/ws_moveit2/install/moveit_core/lib:/home/devika/ws_moveit2/install/srdfdom/lib:/home/devika/ws_moveit2/install/rviz_marker_tools/lib:/home/devika/ws_moveit2/install/rosparam_shortcuts/lib:/home/devika/ws_moveit2/install/moveit_task_constructor_msgs/lib:/home/devika/robo_ws/install/warehouse_ros_mongo/lib:/home/devika/robo_ws/install/moveit_task_constructor_visualization/lib:/home/devika/robo_ws/install/moveit_task_constructor_demo/lib:/home/devika/robo_ws/install/moveit_task_constructor_capabilities/lib:/home/devika/robo_ws/install/hello_moveit_task_constructor/lib:/home/devika/robo_ws/install/moveit_task_constructor_core/lib:/home/devika/robo_ws/install/gazebo_ros2_control/lib:/usr/lib/x86_64-linux-gnu/gazebo-11/plugins:/opt/ros/humble/opt/rviz_ogre_vendor/lib:/opt/ros/humble/lib/x86_64-linux-gnu:/opt/ros/humble/lib /usr/bin/cmake --build /home/devika/robo_ws/build/moveit_task_constructor_core
[670.071s] Invoking command in '/home/devika/robo_ws/build/moveit_task_constructor_core': CMAKE_PREFIX_PATH=/home/devika/robo_ws/install/rviz_marker_tools:/home/devika/robo_ws/install/moveit_task_constructor_msgs:/home/devika/ws_moveit2/install/pilz_industrial_motion_planner_testutils:/home/devika/ws_moveit2/install/moveit_runtime:/home/devika/ws_moveit2/install/moveit2_tutorials:/home/devika/ws_moveit2/install/moveit:/home/devika/ws_moveit2/install/moveit_planners:/home/devika/ws_moveit2/install/pilz_industrial_motion_planner:/home/devika/ws_moveit2/install/moveit_visual_tools:/home/devika/ws_moveit2/install/moveit_task_constructor_visualization:/home/devika/ws_moveit2/install/moveit_task_constructor_demo:/home/devika/ws_moveit2/install/moveit_task_constructor_capabilities:/home/devika/ws_moveit2/install/moveit_task_constructor_core:/home/devika/ws_moveit2/install/moveit_ros_control_interface:/home/devika/ws_moveit2/install/moveit_plugins:/home/devika/ws_moveit2/install/moveit_simple_controller_manager:/home/devika/ws_moveit2/install/moveit_setup_assistant:/home/devika/ws_moveit2/install/moveit_setup_srdf_plugins:/home/devika/ws_moveit2/install/moveit_setup_core_plugins:/home/devika/ws_moveit2/install/moveit_setup_controllers:/home/devika/ws_moveit2/install/moveit_setup_app_plugins:/home/devika/ws_moveit2/install/moveit_setup_framework:/home/devika/ws_moveit2/install/moveit_servo:/home/devika/ws_moveit2/install/moveit_ros:/home/devika/ws_moveit2/install/moveit_ros_visualization:/home/devika/ws_moveit2/install/moveit_hybrid_planning:/home/devika/ws_moveit2/install/moveit_ros_planning_interface:/home/devika/ws_moveit2/install/moveit_ros_benchmarks:/home/devika/ws_moveit2/install/moveit_ros_warehouse:/home/devika/ws_moveit2/install/moveit_ros_robot_interaction:/home/devika/ws_moveit2/install/moveit_ros_perception:/home/devika/ws_moveit2/install/moveit_resources_prbt_pg70_support:/home/devika/ws_moveit2/install/moveit_resources_prbt_moveit_config:/home/devika/ws_moveit2/install/moveit_ros_move_group:/home/devika/ws_moveit2/install/moveit_planners_ompl:/home/devika/ws_moveit2/install/moveit_ros_planning:/home/devika/ws_moveit2/install/moveit_ros_occupancy_map_monitor:/home/devika/ws_moveit2/install/moveit_resources_prbt_ikfast_manipulator_plugin:/home/devika/ws_moveit2/install/moveit_planners_chomp:/home/devika/ws_moveit2/install/moveit_kinematics:/home/devika/ws_moveit2/install/moveit_chomp_optimizer_adapter:/home/devika/ws_moveit2/install/chomp_motion_planner:/home/devika/ws_moveit2/install/moveit_core:/home/devika/ws_moveit2/install/srdfdom:/home/devika/ws_moveit2/install/rviz_marker_tools:/home/devika/ws_moveit2/install/rosparam_shortcuts:/home/devika/ws_moveit2/install/moveit_task_constructor_msgs:/home/devika/ws_moveit2/install/moveit_resources_prbt_support:/home/devika/ws_moveit2/install/moveit_resources:/home/devika/ws_moveit2/install/moveit_resources_pr2_description:/home/devika/ws_moveit2/install/moveit_resources_panda_moveit_config:/home/devika/ws_moveit2/install/moveit_resources_panda_description:/home/devika/ws_moveit2/install/moveit_resources_fanuc_moveit_config:/home/devika/ws_moveit2/install/moveit_resources_fanuc_description:/home/devika/ws_moveit2/install/moveit_common:/home/devika/robo_ws/install/urdf_humble_test_moveit_config:/home/devika/robo_ws/install/warehouse_ros_mongo:/home/devika/robo_ws/install/urdf_humble_test:/home/devika/robo_ws/install/moveit_task_constructor_visualization:/home/devika/robo_ws/install/moveit_task_constructor_demo:/home/devika/robo_ws/install/moveit_task_constructor_capabilities:/home/devika/robo_ws/install/hello_moveit_task_constructor:/home/devika/robo_ws/install/moveit_task_constructor_core:/home/devika/robo_ws/install/hello_moveit:/home/devika/robo_ws/install/gazebo_ros2_control:/home/devika/manga_ws/install/urdf_humble_test_moveit_config:/home/devika/manga_ws/install/urdf_humble_test:/home/devika/manga_ws/install/hello_moveit:/home/devika/some_ws/install/motoman_hc10_support:/home/devika/some_ws/install/motoman_resources:/home/devika/some_ws/install/hello_moveit:/home/devika/some_ws/install/hc20_sim_moveit_config:/home/devika/some_ws/install/hc20_moveit_config:/home/devika/some_ws/install/hc10_movit2v3:/home/devika/some_ws/install/hc10dt_moveit_config:/home/devika/ws_moveit2/install/moveit_configs_utils:/home/devika/ws_moveit2/install/launch_param_builder:/home/devika/robo_ws/install/perception_vision:/home/devika/robo_ws/install/cylinder_position_estimator:/opt/ros/humble LD_LIBRARY_PATH=/home/devika/robo_ws/install/rviz_marker_tools/lib:/home/devika/robo_ws/install/moveit_task_constructor_msgs/lib:/home/devika/ws_moveit2/install/pilz_industrial_motion_planner_testutils/lib:/home/devika/ws_moveit2/install/pilz_industrial_motion_planner/lib:/home/devika/ws_moveit2/install/moveit_visual_tools/lib:/home/devika/ws_moveit2/install/moveit_task_constructor_visualization/lib:/home/devika/ws_moveit2/install/moveit_task_constructor_demo/lib:/home/devika/ws_moveit2/install/moveit_task_constructor_capabilities/lib:/home/devika/ws_moveit2/install/moveit_task_constructor_core/lib:/home/devika/ws_moveit2/install/moveit_ros_control_interface/lib:/home/devika/ws_moveit2/install/moveit_simple_controller_manager/lib:/home/devika/ws_moveit2/install/moveit_setup_assistant/lib:/home/devika/ws_moveit2/install/moveit_setup_srdf_plugins/lib:/home/devika/ws_moveit2/install/moveit_setup_core_plugins/lib:/home/devika/ws_moveit2/install/moveit_setup_controllers/lib:/home/devika/ws_moveit2/install/moveit_setup_app_plugins/lib:/home/devika/ws_moveit2/install/moveit_setup_framework/lib:/home/devika/ws_moveit2/install/moveit_servo/lib:/home/devika/ws_moveit2/install/moveit_ros_visualization/lib:/home/devika/ws_moveit2/install/moveit_hybrid_planning/lib:/home/devika/ws_moveit2/install/moveit_ros_planning_interface/lib:/home/devika/ws_moveit2/install/moveit_ros_benchmarks/lib:/home/devika/ws_moveit2/install/moveit_ros_warehouse/lib:/home/devika/ws_moveit2/install/moveit_ros_robot_interaction/lib:/home/devika/ws_moveit2/install/moveit_ros_perception/lib:/home/devika/ws_moveit2/install/moveit_ros_move_group/lib:/home/devika/ws_moveit2/install/moveit_planners_ompl/lib:/home/devika/ws_moveit2/install/moveit_ros_planning/lib:/home/devika/ws_moveit2/install/moveit_ros_occupancy_map_monitor/lib:/home/devika/ws_moveit2/install/moveit_resources_prbt_ikfast_manipulator_plugin/lib:/home/devika/ws_moveit2/install/moveit_planners_chomp/lib:/home/devika/ws_moveit2/install/moveit_kinematics/lib:/home/devika/ws_moveit2/install/moveit_chomp_optimizer_adapter/lib:/home/devika/ws_moveit2/install/chomp_motion_planner/lib:/home/devika/ws_moveit2/install/moveit_core/lib:/home/devika/ws_moveit2/install/srdfdom/lib:/home/devika/ws_moveit2/install/rviz_marker_tools/lib:/home/devika/ws_moveit2/install/rosparam_shortcuts/lib:/home/devika/ws_moveit2/install/moveit_task_constructor_msgs/lib:/home/devika/robo_ws/install/warehouse_ros_mongo/lib:/home/devika/robo_ws/install/moveit_task_constructor_visualization/lib:/home/devika/robo_ws/install/moveit_task_constructor_demo/lib:/home/devika/robo_ws/install/moveit_task_constructor_capabilities/lib:/home/devika/robo_ws/install/hello_moveit_task_constructor/lib:/home/devika/robo_ws/install/moveit_task_constructor_core/lib:/home/devika/robo_ws/install/gazebo_ros2_control/lib:/usr/lib/x86_64-linux-gnu/gazebo-11/plugins:/opt/ros/humble/opt/rviz_ogre_vendor/lib:/opt/ros/humble/lib/x86_64-linux-gnu:/opt/ros/humble/lib /usr/bin/cmake --install /home/devika/robo_ws/build/moveit_task_constructor_core
[670.097s] -- Install configuration: "Release"
[670.099s] -- Installing: /home/devika/robo_ws/install/moveit_task_constructor_core/lib/libmoveit_task_constructor_core_stages.so
[670.101s] -- Set runtime path of "/home/devika/robo_ws/install/moveit_task_constructor_core/lib/libmoveit_task_constructor_core_stages.so" to ""
[670.103s] -- Installing: /home/devika/robo_ws/install/moveit_task_constructor_core/lib/libmoveit_task_constructor_core_stage_plugins.so
[670.103s] -- Set runtime path of "/home/devika/robo_ws/install/moveit_task_constructor_core/lib/libmoveit_task_constructor_core_stage_plugins.so" to ""
[670.106s] -- Installing: /home/devika/robo_ws/install/moveit_task_constructor_core/lib/libmoveit_task_constructor_core.so
[670.109s] -- Set runtime path of "/home/devika/robo_ws/install/moveit_task_constructor_core/lib/libmoveit_task_constructor_core.so" to ""
[670.109s] -- Up-to-date: /home/devika/robo_ws/install/moveit_task_constructor_core/share/moveit_task_constructor_core/environment/pythonpath.sh
[670.109s] -- Installing: /home/devika/robo_ws/install/moveit_task_constructor_core/share/moveit_task_constructor_core/environment/pythonpath.dsv
[670.110s] -- Up-to-date: /home/devika/robo_ws/install/moveit_task_constructor_core/local/lib/python3.10/dist-packages/moveit-0.1.3-py3.10.egg-info
[670.110s] -- Installing: /home/devika/robo_ws/install/moveit_task_constructor_core/local/lib/python3.10/dist-packages/moveit-0.1.3-py3.10.egg-info/dependency_links.txt
[670.110s] -- Installing: /home/devika/robo_ws/install/moveit_task_constructor_core/local/lib/python3.10/dist-packages/moveit-0.1.3-py3.10.egg-info/top_level.txt
[670.110s] -- Installing: /home/devika/robo_ws/install/moveit_task_constructor_core/local/lib/python3.10/dist-packages/moveit-0.1.3-py3.10.egg-info/PKG-INFO
[670.110s] -- Installing: /home/devika/robo_ws/install/moveit_task_constructor_core/local/lib/python3.10/dist-packages/moveit-0.1.3-py3.10.egg-info/SOURCES.txt
[670.111s] -- Up-to-date: /home/devika/robo_ws/install/moveit_task_constructor_core/local/lib/python3.10/dist-packages/moveit
[670.111s] -- Up-to-date: /home/devika/robo_ws/install/moveit_task_constructor_core/local/lib/python3.10/dist-packages/moveit/task_constructor
[670.111s] -- Up-to-date: /home/devika/robo_ws/install/moveit_task_constructor_core/local/lib/python3.10/dist-packages/moveit/task_constructor/core.py
[670.111s] -- Up-to-date: /home/devika/robo_ws/install/moveit_task_constructor_core/local/lib/python3.10/dist-packages/moveit/task_constructor/stages.py
[670.111s] -- Up-to-date: /home/devika/robo_ws/install/moveit_task_constructor_core/local/lib/python3.10/dist-packages/moveit/task_constructor/__init__.py
[670.112s] -- Up-to-date: /home/devika/robo_ws/install/moveit_task_constructor_core/local/lib/python3.10/dist-packages/moveit/__init__.py
[670.168s] Listing '/home/devika/robo_ws/install/moveit_task_constructor_core/local/lib/python3.10/dist-packages/moveit'...
[670.168s] Listing '/home/devika/robo_ws/install/moveit_task_constructor_core/local/lib/python3.10/dist-packages/moveit/task_constructor'...
[670.175s] -- Up-to-date: /home/devika/robo_ws/install/moveit_task_constructor_core/include/moveit/python/pybind11
[670.176s] -- Up-to-date: /home/devika/robo_ws/install/moveit_task_constructor_core/include/moveit/python/pybind11/eval.h
[670.176s] -- Up-to-date: /home/devika/robo_ws/install/moveit_task_constructor_core/include/moveit/python/pybind11/trampoline_self_life_support.h
[670.176s] -- Up-to-date: /home/devika/robo_ws/install/moveit_task_constructor_core/include/moveit/python/pybind11/complex.h
[670.176s] -- Up-to-date: /home/devika/robo_ws/install/moveit_task_constructor_core/include/moveit/python/pybind11/embed.h
[670.176s] -- Up-to-date: /home/devika/robo_ws/install/moveit_task_constructor_core/include/moveit/python/pybind11/options.h
[670.176s] -- Up-to-date: /home/devika/robo_ws/install/moveit_task_constructor_core/include/moveit/python/pybind11/stl.h
[670.176s] -- Up-to-date: /home/devika/robo_ws/install/moveit_task_constructor_core/include/moveit/python/pybind11/functional.h
[670.176s] -- Up-to-date: /home/devika/robo_ws/install/moveit_task_constructor_core/include/moveit/python/pybind11/iostream.h
[670.177s] -- Up-to-date: /home/devika/robo_ws/install/moveit_task_constructor_core/include/moveit/python/pybind11/eigen
[670.177s] -- Up-to-date: /home/devika/robo_ws/install/moveit_task_constructor_core/include/moveit/python/pybind11/eigen/tensor.h
[670.177s] -- Up-to-date: /home/devika/robo_ws/install/moveit_task_constructor_core/include/moveit/python/pybind11/eigen/matrix.h
[670.177s] -- Up-to-date: /home/devika/robo_ws/install/moveit_task_constructor_core/include/moveit/python/pybind11/eigen/common.h
[670.178s] -- Up-to-date: /home/devika/robo_ws/install/moveit_task_constructor_core/include/moveit/python/pybind11/type_caster_pyobject_ptr.h
[670.178s] -- Up-to-date: /home/devika/robo_ws/install/moveit_task_constructor_core/include/moveit/python/pybind11/stl
[670.178s] -- Up-to-date: /home/devika/robo_ws/install/moveit_task_constructor_core/include/moveit/python/pybind11/stl/filesystem.h
[670.179s] -- Up-to-date: /home/devika/robo_ws/install/moveit_task_constructor_core/include/moveit/python/pybind11/attr.h
[670.179s] -- Up-to-date: /home/devika/robo_ws/install/moveit_task_constructor_core/include/moveit/python/pybind11/smart_holder.h
[670.179s] -- Up-to-date: /home/devika/robo_ws/install/moveit_task_constructor_core/include/moveit/python/pybind11/typing.h
[670.179s] -- Up-to-date: /home/devika/robo_ws/install/moveit_task_constructor_core/include/moveit/python/pybind11/gil_safe_call_once.h
[670.179s] -- Up-to-date: /home/devika/robo_ws/install/moveit_task_constructor_core/include/moveit/python/pybind11/chrono.h
[670.179s] -- Up-to-date: /home/devika/robo_ws/install/moveit_task_constructor_core/include/moveit/python/pybind11/pytypes.h
[670.179s] -- Up-to-date: /home/devika/robo_ws/install/moveit_task_constructor_core/include/moveit/python/pybind11/operators.h
[670.179s] -- Up-to-date: /home/devika/robo_ws/install/moveit_task_constructor_core/include/moveit/python/pybind11/buffer_info.h
[670.179s] -- Up-to-date: /home/devika/robo_ws/install/moveit_task_constructor_core/include/moveit/python/pybind11/pybind11.h
[670.180s] -- Up-to-date: /home/devika/robo_ws/install/moveit_task_constructor_core/include/moveit/python/pybind11/numpy.h
[670.180s] -- Up-to-date: /home/devika/robo_ws/install/moveit_task_constructor_core/include/moveit/python/pybind11/stl_bind.h
[670.180s] -- Up-to-date: /home/devika/robo_ws/install/moveit_task_constructor_core/include/moveit/python/pybind11/gil.h
[670.180s] -- Up-to-date: /home/devika/robo_ws/install/moveit_task_constructor_core/include/moveit/python/pybind11/detail
[670.180s] -- Up-to-date: /home/devika/robo_ws/install/moveit_task_constructor_core/include/moveit/python/pybind11/detail/descr.h
[670.180s] -- Up-to-date: /home/devika/robo_ws/install/moveit_task_constructor_core/include/moveit/python/pybind11/detail/internals.h
[670.180s] -- Up-to-date: /home/devika/robo_ws/install/moveit_task_constructor_core/include/moveit/python/pybind11/detail/smart_holder_sfinae_hooks_only.h
[670.180s] -- Up-to-date: /home/devika/robo_ws/install/moveit_task_constructor_core/include/moveit/python/pybind11/detail/class.h
[670.181s] -- Up-to-date: /home/devika/robo_ws/install/moveit_task_constructor_core/include/moveit/python/pybind11/detail/type_caster_base.h
[670.181s] -- Up-to-date: /home/devika/robo_ws/install/moveit_task_constructor_core/include/moveit/python/pybind11/detail/typeid.h
[670.181s] -- Up-to-date: /home/devika/robo_ws/install/moveit_task_constructor_core/include/moveit/python/pybind11/detail/smart_holder_type_casters.h
[670.181s] -- Up-to-date: /home/devika/robo_ws/install/moveit_task_constructor_core/include/moveit/python/pybind11/detail/smart_holder_poc.h
[670.181s] -- Up-to-date: /home/devika/robo_ws/install/moveit_task_constructor_core/include/moveit/python/pybind11/detail/init.h
[670.181s] -- Up-to-date: /home/devika/robo_ws/install/moveit_task_constructor_core/include/moveit/python/pybind11/detail/type_caster_odr_guard.h
[670.181s] -- Up-to-date: /home/devika/robo_ws/install/moveit_task_constructor_core/include/moveit/python/pybind11/detail/common.h
[670.181s] -- Up-to-date: /home/devika/robo_ws/install/moveit_task_constructor_core/include/moveit/python/pybind11/detail/dynamic_raw_ptr_cast_if_possible.h
[670.182s] -- Up-to-date: /home/devika/robo_ws/install/moveit_task_constructor_core/include/moveit/python/pybind11/common.h
[670.182s] -- Up-to-date: /home/devika/robo_ws/install/moveit_task_constructor_core/include/moveit/python/pybind11/cast.h
[670.182s] -- Up-to-date: /home/devika/robo_ws/install/moveit_task_constructor_core/include/moveit/python/pybind11/eigen.h
[670.182s] -- Up-to-date: /home/devika/robo_ws/install/moveit_task_constructor_core/share/moveit_task_constructor_core/cmake/pybind11Config.cmake
[670.182s] -- Up-to-date: /home/devika/robo_ws/install/moveit_task_constructor_core/share/moveit_task_constructor_core/cmake/pybind11ConfigVersion.cmake
[670.182s] -- Up-to-date: /home/devika/robo_ws/install/moveit_task_constructor_core/share/moveit_task_constructor_core/cmake/FindPythonLibsNew.cmake
[670.182s] -- Up-to-date: /home/devika/robo_ws/install/moveit_task_constructor_core/share/moveit_task_constructor_core/cmake/pybind11Common.cmake
[670.183s] -- Up-to-date: /home/devika/robo_ws/install/moveit_task_constructor_core/share/moveit_task_constructor_core/cmake/pybind11Tools.cmake
[670.183s] -- Up-to-date: /home/devika/robo_ws/install/moveit_task_constructor_core/share/moveit_task_constructor_core/cmake/pybind11NewTools.cmake
[670.183s] -- Up-to-date: /home/devika/robo_ws/install/moveit_task_constructor_core/share/moveit_task_constructor_core/cmake/pybind11Targets.cmake
[670.183s] -- Up-to-date: /home/devika/robo_ws/install/moveit_task_constructor_core/share/pkgconfig/pybind11.pc
[670.186s] -- Installing: /home/devika/robo_ws/install/moveit_task_constructor_core/local/lib/python3.10/dist-packages/pymoveit_mtc.cpython-310-x86_64-linux-gnu.so
[670.190s] -- Set runtime path of "/home/devika/robo_ws/install/moveit_task_constructor_core/local/lib/python3.10/dist-packages/pymoveit_mtc.cpython-310-x86_64-linux-gnu.so" to ""
[670.191s] -- Up-to-date: /home/devika/robo_ws/install/moveit_task_constructor_core/include
[670.191s] -- Up-to-date: /home/devika/robo_ws/install/moveit_task_constructor_core/include/moveit
[670.191s] -- Up-to-date: /home/devika/robo_ws/install/moveit_task_constructor_core/include/moveit/task_constructor
[670.192s] -- Up-to-date: /home/devika/robo_ws/install/moveit_task_constructor_core/include/moveit/task_constructor/stages.h
[670.192s] -- Up-to-date: /home/devika/robo_ws/install/moveit_task_constructor_core/include/moveit/task_constructor/type_traits.h
[670.192s] -- Up-to-date: /home/devika/robo_ws/install/moveit_task_constructor_core/include/moveit/task_constructor/properties.h
[670.192s] -- Up-to-date: /home/devika/robo_ws/install/moveit_task_constructor_core/include/moveit/task_constructor/trajectory_execution_info.h
[670.192s] -- Up-to-date: /home/devika/robo_ws/install/moveit_task_constructor_core/include/moveit/task_constructor/stage.h
[670.192s] -- Up-to-date: /home/devika/robo_ws/install/moveit_task_constructor_core/include/moveit/task_constructor/container.h
[670.193s] -- Up-to-date: /home/devika/robo_ws/install/moveit_task_constructor_core/include/moveit/task_constructor/solvers.h
[670.193s] -- Up-to-date: /home/devika/robo_ws/install/moveit_task_constructor_core/include/moveit/task_constructor/moveit_compat.h
[670.193s] -- Up-to-date: /home/devika/robo_ws/install/moveit_task_constructor_core/include/moveit/task_constructor/cost_terms.h
[670.193s] -- Up-to-date: /home/devika/robo_ws/install/moveit_task_constructor_core/include/moveit/task_constructor/utils.h
[670.193s] -- Up-to-date: /home/devika/robo_ws/install/moveit_task_constructor_core/include/moveit/task_constructor/solvers
[670.193s] -- Up-to-date: /home/devika/robo_ws/install/moveit_task_constructor_core/include/moveit/task_constructor/solvers/cartesian_path.h
[670.194s] -- Up-to-date: /home/devika/robo_ws/install/moveit_task_constructor_core/include/moveit/task_constructor/solvers/multi_planner.h
[670.194s] -- Up-to-date: /home/devika/robo_ws/install/moveit_task_constructor_core/include/moveit/task_constructor/solvers/pipeline_planner.h
[670.194s] -- Up-to-date: /home/devika/robo_ws/install/moveit_task_constructor_core/include/moveit/task_constructor/solvers/joint_interpolation.h
[670.194s] -- Up-to-date: /home/devika/robo_ws/install/moveit_task_constructor_core/include/moveit/task_constructor/solvers/planner_interface.h
[670.194s] -- Up-to-date: /home/devika/robo_ws/install/moveit_task_constructor_core/include/moveit/task_constructor/marker_tools.h
[670.194s] -- Up-to-date: /home/devika/robo_ws/install/moveit_task_constructor_core/include/moveit/task_constructor/storage.h
[670.194s] -- Up-to-date: /home/devika/robo_ws/install/moveit_task_constructor_core/include/moveit/task_constructor/cost_queue.h
[670.194s] -- Up-to-date: /home/devika/robo_ws/install/moveit_task_constructor_core/include/moveit/task_constructor/stages
[670.195s] -- Up-to-date: /home/devika/robo_ws/install/moveit_task_constructor_core/include/moveit/task_constructor/stages/connect.h
[670.195s] -- Up-to-date: /home/devika/robo_ws/install/moveit_task_constructor_core/include/moveit/task_constructor/stages/generate_grasp_pose.h
[670.195s] -- Up-to-date: /home/devika/robo_ws/install/moveit_task_constructor_core/include/moveit/task_constructor/stages/noop.h
[670.195s] -- Up-to-date: /home/devika/robo_ws/install/moveit_task_constructor_core/include/moveit/task_constructor/stages/modify_planning_scene.h
[670.195s] -- Up-to-date: /home/devika/robo_ws/install/moveit_task_constructor_core/include/moveit/task_constructor/stages/generate_place_pose.h
[670.195s] -- Up-to-date: /home/devika/robo_ws/install/moveit_task_constructor_core/include/moveit/task_constructor/stages/passthrough.h
[670.195s] -- Up-to-date: /home/devika/robo_ws/install/moveit_task_constructor_core/include/moveit/task_constructor/stages/pick.h
[670.195s] -- Up-to-date: /home/devika/robo_ws/install/moveit_task_constructor_core/include/moveit/task_constructor/stages/move_to.h
[670.195s] -- Up-to-date: /home/devika/robo_ws/install/moveit_task_constructor_core/include/moveit/task_constructor/stages/generate_pose.h
[670.196s] -- Up-to-date: /home/devika/robo_ws/install/moveit_task_constructor_core/include/moveit/task_constructor/stages/current_state.h
[670.196s] -- Up-to-date: /home/devika/robo_ws/install/moveit_task_constructor_core/include/moveit/task_constructor/stages/fixed_cartesian_poses.h
[670.196s] -- Up-to-date: /home/devika/robo_ws/install/moveit_task_constructor_core/include/moveit/task_constructor/stages/compute_ik.h
[670.196s] -- Up-to-date: /home/devika/robo_ws/install/moveit_task_constructor_core/include/moveit/task_constructor/stages/fixed_state.h
[670.196s] -- Up-to-date: /home/devika/robo_ws/install/moveit_task_constructor_core/include/moveit/task_constructor/stages/move_relative.h
[670.196s] -- Up-to-date: /home/devika/robo_ws/install/moveit_task_constructor_core/include/moveit/task_constructor/stages/predicate_filter.h
[670.196s] -- Up-to-date: /home/devika/robo_ws/install/moveit_task_constructor_core/include/moveit/task_constructor/stages/fix_collision_objects.h
[670.196s] -- Up-to-date: /home/devika/robo_ws/install/moveit_task_constructor_core/include/moveit/task_constructor/stages/simple_grasp.h
[670.196s] -- Up-to-date: /home/devika/robo_ws/install/moveit_task_constructor_core/include/moveit/task_constructor/stages/generate_random_pose.h
[670.197s] -- Up-to-date: /home/devika/robo_ws/install/moveit_task_constructor_core/include/moveit/task_constructor/task.h
[670.197s] -- Up-to-date: /home/devika/robo_ws/install/moveit_task_constructor_core/include/moveit/task_constructor/introspection.h
[670.197s] -- Up-to-date: /home/devika/robo_ws/install/moveit_task_constructor_core/include/moveit/task_constructor/merge.h
[670.197s] -- Up-to-date: /home/devika/robo_ws/install/moveit_task_constructor_core/include/moveit/python
[670.197s] -- Up-to-date: /home/devika/robo_ws/install/moveit_task_constructor_core/include/moveit/python/task_constructor
[670.197s] -- Up-to-date: /home/devika/robo_ws/install/moveit_task_constructor_core/include/moveit/python/task_constructor/properties.h
[670.197s] -- Up-to-date: /home/devika/robo_ws/install/moveit_task_constructor_core/share/moveit_task_constructor_core/motion_planning_stages_plugin_description.xml
[670.197s] -- Up-to-date: /home/devika/robo_ws/install/moveit_task_constructor_core/share/moveit_task_constructor_core/environment/library_path.sh
[670.197s] -- Installing: /home/devika/robo_ws/install/moveit_task_constructor_core/share/moveit_task_constructor_core/environment/library_path.dsv
[670.197s] -- Up-to-date: /home/devika/robo_ws/install/moveit_task_constructor_core/share/ament_index/resource_index/package_run_dependencies/moveit_task_constructor_core
[670.198s] -- Installing: /home/devika/robo_ws/install/moveit_task_constructor_core/share/ament_index/resource_index/parent_prefix_path/moveit_task_constructor_core
[670.199s] -- Up-to-date: /home/devika/robo_ws/install/moveit_task_constructor_core/share/moveit_task_constructor_core/environment/ament_prefix_path.sh
[670.199s] -- Installing: /home/devika/robo_ws/install/moveit_task_constructor_core/share/moveit_task_constructor_core/environment/ament_prefix_path.dsv
[670.199s] -- Up-to-date: /home/devika/robo_ws/install/moveit_task_constructor_core/share/moveit_task_constructor_core/environment/path.sh
[670.199s] -- Installing: /home/devika/robo_ws/install/moveit_task_constructor_core/share/moveit_task_constructor_core/environment/path.dsv
[670.200s] -- Up-to-date: /home/devika/robo_ws/install/moveit_task_constructor_core/share/moveit_task_constructor_core/local_setup.bash
[670.200s] -- Up-to-date: /home/devika/robo_ws/install/moveit_task_constructor_core/share/moveit_task_constructor_core/local_setup.sh
[670.200s] -- Up-to-date: /home/devika/robo_ws/install/moveit_task_constructor_core/share/moveit_task_constructor_core/local_setup.zsh
[670.200s] -- Installing: /home/devika/robo_ws/install/moveit_task_constructor_core/share/moveit_task_constructor_core/local_setup.dsv
[670.201s] -- Installing: /home/devika/robo_ws/install/moveit_task_constructor_core/share/moveit_task_constructor_core/package.dsv
[670.201s] -- Up-to-date: /home/devika/robo_ws/install/moveit_task_constructor_core/share/ament_index/resource_index/packages/moveit_task_constructor_core
[670.202s] -- Up-to-date: /home/devika/robo_ws/install/moveit_task_constructor_core/share/ament_index/resource_index/moveit_task_constructor_core__pluginlib__plugin/moveit_task_constructor_core
[670.203s] -- Up-to-date: /home/devika/robo_ws/install/moveit_task_constructor_core/share/moveit_task_constructor_core/cmake/moveit_task_constructor_coreTargetsExport.cmake
[670.203s] -- Up-to-date: /home/devika/robo_ws/install/moveit_task_constructor_core/share/moveit_task_constructor_core/cmake/moveit_task_constructor_coreTargetsExport-release.cmake
[670.203s] -- Up-to-date: /home/devika/robo_ws/install/moveit_task_constructor_core/share/moveit_task_constructor_core/cmake/ament_cmake_export_targets-extras.cmake
[670.203s] -- Up-to-date: /home/devika/robo_ws/install/moveit_task_constructor_core/share/moveit_task_constructor_core/cmake/ament_cmake_export_dependencies-extras.cmake
[670.203s] -- Up-to-date: /home/devika/robo_ws/install/moveit_task_constructor_core/share/moveit_task_constructor_core/cmake/moveit_task_constructor_coreConfig.cmake
[670.204s] -- Up-to-date: /home/devika/robo_ws/install/moveit_task_constructor_core/share/moveit_task_constructor_core/cmake/moveit_task_constructor_coreConfig-version.cmake
[670.204s] -- Up-to-date: /home/devika/robo_ws/install/moveit_task_constructor_core/share/moveit_task_constructor_core/package.xml
[670.211s] Invoked command in '/home/devika/robo_ws/build/moveit_task_constructor_core' returned '0': CMAKE_PREFIX_PATH=/home/devika/robo_ws/install/rviz_marker_tools:/home/devika/robo_ws/install/moveit_task_constructor_msgs:/home/devika/ws_moveit2/install/pilz_industrial_motion_planner_testutils:/home/devika/ws_moveit2/install/moveit_runtime:/home/devika/ws_moveit2/install/moveit2_tutorials:/home/devika/ws_moveit2/install/moveit:/home/devika/ws_moveit2/install/moveit_planners:/home/devika/ws_moveit2/install/pilz_industrial_motion_planner:/home/devika/ws_moveit2/install/moveit_visual_tools:/home/devika/ws_moveit2/install/moveit_task_constructor_visualization:/home/devika/ws_moveit2/install/moveit_task_constructor_demo:/home/devika/ws_moveit2/install/moveit_task_constructor_capabilities:/home/devika/ws_moveit2/install/moveit_task_constructor_core:/home/devika/ws_moveit2/install/moveit_ros_control_interface:/home/devika/ws_moveit2/install/moveit_plugins:/home/devika/ws_moveit2/install/moveit_simple_controller_manager:/home/devika/ws_moveit2/install/moveit_setup_assistant:/home/devika/ws_moveit2/install/moveit_setup_srdf_plugins:/home/devika/ws_moveit2/install/moveit_setup_core_plugins:/home/devika/ws_moveit2/install/moveit_setup_controllers:/home/devika/ws_moveit2/install/moveit_setup_app_plugins:/home/devika/ws_moveit2/install/moveit_setup_framework:/home/devika/ws_moveit2/install/moveit_servo:/home/devika/ws_moveit2/install/moveit_ros:/home/devika/ws_moveit2/install/moveit_ros_visualization:/home/devika/ws_moveit2/install/moveit_hybrid_planning:/home/devika/ws_moveit2/install/moveit_ros_planning_interface:/home/devika/ws_moveit2/install/moveit_ros_benchmarks:/home/devika/ws_moveit2/install/moveit_ros_warehouse:/home/devika/ws_moveit2/install/moveit_ros_robot_interaction:/home/devika/ws_moveit2/install/moveit_ros_perception:/home/devika/ws_moveit2/install/moveit_resources_prbt_pg70_support:/home/devika/ws_moveit2/install/moveit_resources_prbt_moveit_config:/home/devika/ws_moveit2/install/moveit_ros_move_group:/home/devika/ws_moveit2/install/moveit_planners_ompl:/home/devika/ws_moveit2/install/moveit_ros_planning:/home/devika/ws_moveit2/install/moveit_ros_occupancy_map_monitor:/home/devika/ws_moveit2/install/moveit_resources_prbt_ikfast_manipulator_plugin:/home/devika/ws_moveit2/install/moveit_planners_chomp:/home/devika/ws_moveit2/install/moveit_kinematics:/home/devika/ws_moveit2/install/moveit_chomp_optimizer_adapter:/home/devika/ws_moveit2/install/chomp_motion_planner:/home/devika/ws_moveit2/install/moveit_core:/home/devika/ws_moveit2/install/srdfdom:/home/devika/ws_moveit2/install/rviz_marker_tools:/home/devika/ws_moveit2/install/rosparam_shortcuts:/home/devika/ws_moveit2/install/moveit_task_constructor_msgs:/home/devika/ws_moveit2/install/moveit_resources_prbt_support:/home/devika/ws_moveit2/install/moveit_resources:/home/devika/ws_moveit2/install/moveit_resources_pr2_description:/home/devika/ws_moveit2/install/moveit_resources_panda_moveit_config:/home/devika/ws_moveit2/install/moveit_resources_panda_description:/home/devika/ws_moveit2/install/moveit_resources_fanuc_moveit_config:/home/devika/ws_moveit2/install/moveit_resources_fanuc_description:/home/devika/ws_moveit2/install/moveit_common:/home/devika/robo_ws/install/urdf_humble_test_moveit_config:/home/devika/robo_ws/install/warehouse_ros_mongo:/home/devika/robo_ws/install/urdf_humble_test:/home/devika/robo_ws/install/moveit_task_constructor_visualization:/home/devika/robo_ws/install/moveit_task_constructor_demo:/home/devika/robo_ws/install/moveit_task_constructor_capabilities:/home/devika/robo_ws/install/hello_moveit_task_constructor:/home/devika/robo_ws/install/moveit_task_constructor_core:/home/devika/robo_ws/install/hello_moveit:/home/devika/robo_ws/install/gazebo_ros2_control:/home/devika/manga_ws/install/urdf_humble_test_moveit_config:/home/devika/manga_ws/install/urdf_humble_test:/home/devika/manga_ws/install/hello_moveit:/home/devika/some_ws/install/motoman_hc10_support:/home/devika/some_ws/install/motoman_resources:/home/devika/some_ws/install/hello_moveit:/home/devika/some_ws/install/hc20_sim_moveit_config:/home/devika/some_ws/install/hc20_moveit_config:/home/devika/some_ws/install/hc10_movit2v3:/home/devika/some_ws/install/hc10dt_moveit_config:/home/devika/ws_moveit2/install/moveit_configs_utils:/home/devika/ws_moveit2/install/launch_param_builder:/home/devika/robo_ws/install/perception_vision:/home/devika/robo_ws/install/cylinder_position_estimator:/opt/ros/humble LD_LIBRARY_PATH=/home/devika/robo_ws/install/rviz_marker_tools/lib:/home/devika/robo_ws/install/moveit_task_constructor_msgs/lib:/home/devika/ws_moveit2/install/pilz_industrial_motion_planner_testutils/lib:/home/devika/ws_moveit2/install/pilz_industrial_motion_planner/lib:/home/devika/ws_moveit2/install/moveit_visual_tools/lib:/home/devika/ws_moveit2/install/moveit_task_constructor_visualization/lib:/home/devika/ws_moveit2/install/moveit_task_constructor_demo/lib:/home/devika/ws_moveit2/install/moveit_task_constructor_capabilities/lib:/home/devika/ws_moveit2/install/moveit_task_constructor_core/lib:/home/devika/ws_moveit2/install/moveit_ros_control_interface/lib:/home/devika/ws_moveit2/install/moveit_simple_controller_manager/lib:/home/devika/ws_moveit2/install/moveit_setup_assistant/lib:/home/devika/ws_moveit2/install/moveit_setup_srdf_plugins/lib:/home/devika/ws_moveit2/install/moveit_setup_core_plugins/lib:/home/devika/ws_moveit2/install/moveit_setup_controllers/lib:/home/devika/ws_moveit2/install/moveit_setup_app_plugins/lib:/home/devika/ws_moveit2/install/moveit_setup_framework/lib:/home/devika/ws_moveit2/install/moveit_servo/lib:/home/devika/ws_moveit2/install/moveit_ros_visualization/lib:/home/devika/ws_moveit2/install/moveit_hybrid_planning/lib:/home/devika/ws_moveit2/install/moveit_ros_planning_interface/lib:/home/devika/ws_moveit2/install/moveit_ros_benchmarks/lib:/home/devika/ws_moveit2/install/moveit_ros_warehouse/lib:/home/devika/ws_moveit2/install/moveit_ros_robot_interaction/lib:/home/devika/ws_moveit2/install/moveit_ros_perception/lib:/home/devika/ws_moveit2/install/moveit_ros_move_group/lib:/home/devika/ws_moveit2/install/moveit_planners_ompl/lib:/home/devika/ws_moveit2/install/moveit_ros_planning/lib:/home/devika/ws_moveit2/install/moveit_ros_occupancy_map_monitor/lib:/home/devika/ws_moveit2/install/moveit_resources_prbt_ikfast_manipulator_plugin/lib:/home/devika/ws_moveit2/install/moveit_planners_chomp/lib:/home/devika/ws_moveit2/install/moveit_kinematics/lib:/home/devika/ws_moveit2/install/moveit_chomp_optimizer_adapter/lib:/home/devika/ws_moveit2/install/chomp_motion_planner/lib:/home/devika/ws_moveit2/install/moveit_core/lib:/home/devika/ws_moveit2/install/srdfdom/lib:/home/devika/ws_moveit2/install/rviz_marker_tools/lib:/home/devika/ws_moveit2/install/rosparam_shortcuts/lib:/home/devika/ws_moveit2/install/moveit_task_constructor_msgs/lib:/home/devika/robo_ws/install/warehouse_ros_mongo/lib:/home/devika/robo_ws/install/moveit_task_constructor_visualization/lib:/home/devika/robo_ws/install/moveit_task_constructor_demo/lib:/home/devika/robo_ws/install/moveit_task_constructor_capabilities/lib:/home/devika/robo_ws/install/hello_moveit_task_constructor/lib:/home/devika/robo_ws/install/moveit_task_constructor_core/lib:/home/devika/robo_ws/install/gazebo_ros2_control/lib:/usr/lib/x86_64-linux-gnu/gazebo-11/plugins:/opt/ros/humble/opt/rviz_ogre_vendor/lib:/opt/ros/humble/lib/x86_64-linux-gnu:/opt/ros/humble/lib /usr/bin/cmake --install /home/devika/robo_ws/build/moveit_task_constructor_core
