[1.917s] Invoking command in '/home/devika/robo_ws/build/yolov8_msgs': CMAKE_PREFIX_PATH=${CMAKE_PREFIX_PATH}:/home/devika/robo_ws/install/perception_vision:/home/devika/robo_ws/install/cylinder_position_estimator:/home/devika/ws_moveit2/install/moveit_configs_utils:/home/devika/ws_moveit2/install/launch_param_builder:/opt/ros/humble /usr/bin/cmake --build /home/devika/robo_ws/build/yolov8_msgs -- -j8 -l8
[2.379s] [ 10%] Built target yolov8_msgs__rosidl_generator_c
[2.475s] [ 12%] Built target yolov8_msgs__cpp
[2.608s] [ 23%] Built target yolov8_msgs__rosidl_typesupport_introspection_c
[2.613s] [ 23%] Built target ament_cmake_python_copy_yolov8_msgs
[2.685s] [ 33%] Built target yolov8_msgs__rosidl_typesupport_fastrtps_c
[2.718s] [ 43%] Built target yolov8_msgs__rosidl_typesupport_c
[2.733s] [ 53%] Built target yolov8_msgs__rosidl_typesupport_introspection_cpp
[2.771s] [ 64%] Built target yolov8_msgs__rosidl_typesupport_cpp
[2.772s] [ 74%] Built target yolov8_msgs__rosidl_typesupport_fastrtps_cpp
[2.942s] [ 74%] Built target yolov8_msgs
[3.094s] [ 76%] Built target yolov8_msgs__py
[3.264s] [ 84%] Built target yolov8_msgs__rosidl_generator_py
[3.424s] [ 89%] Built target yolov8_msgs__rosidl_typesupport_introspection_c__pyext
[3.454s] [ 94%] Built target yolov8_msgs__rosidl_typesupport_fastrtps_c__pyext
[3.466s] [100%] Built target yolov8_msgs__rosidl_typesupport_c__pyext
[4.012s] running egg_info
[4.013s] writing yolov8_msgs.egg-info/PKG-INFO
[4.015s] writing dependency_links to yolov8_msgs.egg-info/dependency_links.txt
[4.015s] writing top-level names to yolov8_msgs.egg-info/top_level.txt
[4.027s] reading manifest file 'yolov8_msgs.egg-info/SOURCES.txt'
[4.027s] writing manifest file 'yolov8_msgs.egg-info/SOURCES.txt'
[4.209s] [100%] Built target ament_cmake_python_build_yolov8_msgs_egg
[4.270s] Invoked command in '/home/devika/robo_ws/build/yolov8_msgs' returned '0': CMAKE_PREFIX_PATH=${CMAKE_PREFIX_PATH}:/home/devika/robo_ws/install/perception_vision:/home/devika/robo_ws/install/cylinder_position_estimator:/home/devika/ws_moveit2/install/moveit_configs_utils:/home/devika/ws_moveit2/install/launch_param_builder:/opt/ros/humble /usr/bin/cmake --build /home/devika/robo_ws/build/yolov8_msgs -- -j8 -l8
[4.274s] Invoking command in '/home/devika/robo_ws/build/yolov8_msgs': CMAKE_PREFIX_PATH=${CMAKE_PREFIX_PATH}:/home/devika/robo_ws/install/perception_vision:/home/devika/robo_ws/install/cylinder_position_estimator:/home/devika/ws_moveit2/install/moveit_configs_utils:/home/devika/ws_moveit2/install/launch_param_builder:/opt/ros/humble /usr/bin/cmake --install /home/devika/robo_ws/build/yolov8_msgs
[4.326s] -- Install configuration: ""
[4.327s] -- Up-to-date: /home/devika/robo_ws/install/yolov8_msgs/share/ament_index/resource_index/rosidl_interfaces/yolov8_msgs
[4.328s] -- Up-to-date: /home/devika/robo_ws/install/yolov8_msgs/include/yolov8_msgs/yolov8_msgs
[4.328s] -- Up-to-date: /home/devika/robo_ws/install/yolov8_msgs/include/yolov8_msgs/yolov8_msgs/msg
[4.329s] -- Up-to-date: /home/devika/robo_ws/install/yolov8_msgs/include/yolov8_msgs/yolov8_msgs/msg/inference_result.h
[4.330s] -- Up-to-date: /home/devika/robo_ws/install/yolov8_msgs/include/yolov8_msgs/yolov8_msgs/msg/rosidl_generator_c__visibility_control.h
[4.330s] -- Up-to-date: /home/devika/robo_ws/install/yolov8_msgs/include/yolov8_msgs/yolov8_msgs/msg/yolov8_inference.h
[4.330s] -- Up-to-date: /home/devika/robo_ws/install/yolov8_msgs/include/yolov8_msgs/yolov8_msgs/msg/detail
[4.330s] -- Up-to-date: /home/devika/robo_ws/install/yolov8_msgs/include/yolov8_msgs/yolov8_msgs/msg/detail/yolov8_inference__functions.c
[4.331s] -- Up-to-date: /home/devika/robo_ws/install/yolov8_msgs/include/yolov8_msgs/yolov8_msgs/msg/detail/inference_result__functions.c
[4.334s] -- Up-to-date: /home/devika/robo_ws/install/yolov8_msgs/include/yolov8_msgs/yolov8_msgs/msg/detail/inference_result__type_support.h
[4.337s] -- Up-to-date: /home/devika/robo_ws/install/yolov8_msgs/include/yolov8_msgs/yolov8_msgs/msg/detail/yolov8_inference__struct.h
[4.337s] -- Up-to-date: /home/devika/robo_ws/install/yolov8_msgs/include/yolov8_msgs/yolov8_msgs/msg/detail/yolov8_inference__functions.h
[4.338s] -- Up-to-date: /home/devika/robo_ws/install/yolov8_msgs/include/yolov8_msgs/yolov8_msgs/msg/detail/yolov8_inference__type_support.h
[4.338s] -- Up-to-date: /home/devika/robo_ws/install/yolov8_msgs/include/yolov8_msgs/yolov8_msgs/msg/detail/inference_result__struct.h
[4.338s] -- Up-to-date: /home/devika/robo_ws/install/yolov8_msgs/include/yolov8_msgs/yolov8_msgs/msg/detail/inference_result__functions.h
[4.338s] -- Up-to-date: /home/devika/robo_ws/install/yolov8_msgs/share/yolov8_msgs/environment/library_path.sh
[4.350s] -- Up-to-date: /home/devika/robo_ws/install/yolov8_msgs/share/yolov8_msgs/environment/library_path.dsv
[4.353s] -- Up-to-date: /home/devika/robo_ws/install/yolov8_msgs/lib/libyolov8_msgs__rosidl_generator_c.so
[4.354s] -- Up-to-date: /home/devika/robo_ws/install/yolov8_msgs/include/yolov8_msgs/yolov8_msgs
[4.354s] -- Up-to-date: /home/devika/robo_ws/install/yolov8_msgs/include/yolov8_msgs/yolov8_msgs/msg
[4.354s] -- Up-to-date: /home/devika/robo_ws/install/yolov8_msgs/include/yolov8_msgs/yolov8_msgs/msg/rosidl_typesupport_fastrtps_c__visibility_control.h
[4.355s] -- Up-to-date: /home/devika/robo_ws/install/yolov8_msgs/include/yolov8_msgs/yolov8_msgs/msg/detail
[4.355s] -- Up-to-date: /home/devika/robo_ws/install/yolov8_msgs/include/yolov8_msgs/yolov8_msgs/msg/detail/yolov8_inference__rosidl_typesupport_fastrtps_c.h
[4.355s] -- Up-to-date: /home/devika/robo_ws/install/yolov8_msgs/include/yolov8_msgs/yolov8_msgs/msg/detail/inference_result__rosidl_typesupport_fastrtps_c.h
[4.356s] -- Up-to-date: /home/devika/robo_ws/install/yolov8_msgs/lib/libyolov8_msgs__rosidl_typesupport_fastrtps_c.so
[4.356s] -- Up-to-date: /home/devika/robo_ws/install/yolov8_msgs/include/yolov8_msgs/yolov8_msgs
[4.357s] -- Up-to-date: /home/devika/robo_ws/install/yolov8_msgs/include/yolov8_msgs/yolov8_msgs/msg
[4.357s] -- Up-to-date: /home/devika/robo_ws/install/yolov8_msgs/include/yolov8_msgs/yolov8_msgs/msg/rosidl_generator_cpp__visibility_control.hpp
[4.358s] -- Up-to-date: /home/devika/robo_ws/install/yolov8_msgs/include/yolov8_msgs/yolov8_msgs/msg/inference_result.hpp
[4.358s] -- Up-to-date: /home/devika/robo_ws/install/yolov8_msgs/include/yolov8_msgs/yolov8_msgs/msg/yolov8_inference.hpp
[4.358s] -- Up-to-date: /home/devika/robo_ws/install/yolov8_msgs/include/yolov8_msgs/yolov8_msgs/msg/detail
[4.359s] -- Up-to-date: /home/devika/robo_ws/install/yolov8_msgs/include/yolov8_msgs/yolov8_msgs/msg/detail/yolov8_inference__type_support.hpp
[4.359s] -- Up-to-date: /home/devika/robo_ws/install/yolov8_msgs/include/yolov8_msgs/yolov8_msgs/msg/detail/inference_result__traits.hpp
[4.359s] -- Up-to-date: /home/devika/robo_ws/install/yolov8_msgs/include/yolov8_msgs/yolov8_msgs/msg/detail/inference_result__struct.hpp
[4.360s] -- Up-to-date: /home/devika/robo_ws/install/yolov8_msgs/include/yolov8_msgs/yolov8_msgs/msg/detail/yolov8_inference__builder.hpp
[4.360s] -- Up-to-date: /home/devika/robo_ws/install/yolov8_msgs/include/yolov8_msgs/yolov8_msgs/msg/detail/inference_result__builder.hpp
[4.361s] -- Up-to-date: /home/devika/robo_ws/install/yolov8_msgs/include/yolov8_msgs/yolov8_msgs/msg/detail/yolov8_inference__struct.hpp
[4.361s] -- Up-to-date: /home/devika/robo_ws/install/yolov8_msgs/include/yolov8_msgs/yolov8_msgs/msg/detail/inference_result__type_support.hpp
[4.361s] -- Up-to-date: /home/devika/robo_ws/install/yolov8_msgs/include/yolov8_msgs/yolov8_msgs/msg/detail/yolov8_inference__traits.hpp
[4.361s] -- Up-to-date: /home/devika/robo_ws/install/yolov8_msgs/include/yolov8_msgs/yolov8_msgs
[4.362s] -- Up-to-date: /home/devika/robo_ws/install/yolov8_msgs/include/yolov8_msgs/yolov8_msgs/msg
[4.362s] -- Up-to-date: /home/devika/robo_ws/install/yolov8_msgs/include/yolov8_msgs/yolov8_msgs/msg/rosidl_typesupport_fastrtps_cpp__visibility_control.h
[4.362s] -- Up-to-date: /home/devika/robo_ws/install/yolov8_msgs/include/yolov8_msgs/yolov8_msgs/msg/detail
[4.362s] -- Up-to-date: /home/devika/robo_ws/install/yolov8_msgs/include/yolov8_msgs/yolov8_msgs/msg/detail/yolov8_inference__rosidl_typesupport_fastrtps_cpp.hpp
[4.362s] -- Up-to-date: /home/devika/robo_ws/install/yolov8_msgs/include/yolov8_msgs/yolov8_msgs/msg/detail/inference_result__rosidl_typesupport_fastrtps_cpp.hpp
[4.363s] -- Up-to-date: /home/devika/robo_ws/install/yolov8_msgs/include/yolov8_msgs/yolov8_msgs/msg/detail/dds_fastrtps
[4.363s] -- Up-to-date: /home/devika/robo_ws/install/yolov8_msgs/lib/libyolov8_msgs__rosidl_typesupport_fastrtps_cpp.so
[4.363s] -- Up-to-date: /home/devika/robo_ws/install/yolov8_msgs/include/yolov8_msgs/yolov8_msgs
[4.363s] -- Up-to-date: /home/devika/robo_ws/install/yolov8_msgs/include/yolov8_msgs/yolov8_msgs/msg
[4.363s] -- Up-to-date: /home/devika/robo_ws/install/yolov8_msgs/include/yolov8_msgs/yolov8_msgs/msg/rosidl_typesupport_introspection_c__visibility_control.h
[4.365s] -- Up-to-date: /home/devika/robo_ws/install/yolov8_msgs/include/yolov8_msgs/yolov8_msgs/msg/detail
[4.369s] -- Up-to-date: /home/devika/robo_ws/install/yolov8_msgs/include/yolov8_msgs/yolov8_msgs/msg/detail/yolov8_inference__type_support.c
[4.370s] -- Up-to-date: /home/devika/robo_ws/install/yolov8_msgs/include/yolov8_msgs/yolov8_msgs/msg/detail/inference_result__rosidl_typesupport_introspection_c.h
[4.370s] -- Up-to-date: /home/devika/robo_ws/install/yolov8_msgs/include/yolov8_msgs/yolov8_msgs/msg/detail/inference_result__type_support.c
[4.370s] -- Up-to-date: /home/devika/robo_ws/install/yolov8_msgs/include/yolov8_msgs/yolov8_msgs/msg/detail/yolov8_inference__rosidl_typesupport_introspection_c.h
[4.371s] -- Up-to-date: /home/devika/robo_ws/install/yolov8_msgs/lib/libyolov8_msgs__rosidl_typesupport_introspection_c.so
[4.371s] -- Up-to-date: /home/devika/robo_ws/install/yolov8_msgs/lib/libyolov8_msgs__rosidl_typesupport_c.so
[4.371s] -- Up-to-date: /home/devika/robo_ws/install/yolov8_msgs/include/yolov8_msgs/yolov8_msgs
[4.372s] -- Up-to-date: /home/devika/robo_ws/install/yolov8_msgs/include/yolov8_msgs/yolov8_msgs/msg
[4.372s] -- Up-to-date: /home/devika/robo_ws/install/yolov8_msgs/include/yolov8_msgs/yolov8_msgs/msg/detail
[4.372s] -- Up-to-date: /home/devika/robo_ws/install/yolov8_msgs/include/yolov8_msgs/yolov8_msgs/msg/detail/yolov8_inference__type_support.cpp
[4.373s] -- Up-to-date: /home/devika/robo_ws/install/yolov8_msgs/include/yolov8_msgs/yolov8_msgs/msg/detail/inference_result__rosidl_typesupport_introspection_cpp.hpp
[4.373s] -- Up-to-date: /home/devika/robo_ws/install/yolov8_msgs/include/yolov8_msgs/yolov8_msgs/msg/detail/inference_result__type_support.cpp
[4.373s] -- Up-to-date: /home/devika/robo_ws/install/yolov8_msgs/include/yolov8_msgs/yolov8_msgs/msg/detail/yolov8_inference__rosidl_typesupport_introspection_cpp.hpp
[4.373s] -- Up-to-date: /home/devika/robo_ws/install/yolov8_msgs/lib/libyolov8_msgs__rosidl_typesupport_introspection_cpp.so
[4.378s] -- Up-to-date: /home/devika/robo_ws/install/yolov8_msgs/lib/libyolov8_msgs__rosidl_typesupport_cpp.so
[4.379s] -- Up-to-date: /home/devika/robo_ws/install/yolov8_msgs/share/yolov8_msgs/environment/pythonpath.sh
[4.379s] -- Up-to-date: /home/devika/robo_ws/install/yolov8_msgs/share/yolov8_msgs/environment/pythonpath.dsv
[4.379s] -- Up-to-date: /home/devika/robo_ws/install/yolov8_msgs/local/lib/python3.10/dist-packages/yolov8_msgs-0.0.0-py3.10.egg-info
[4.380s] -- Installing: /home/devika/robo_ws/install/yolov8_msgs/local/lib/python3.10/dist-packages/yolov8_msgs-0.0.0-py3.10.egg-info/dependency_links.txt
[4.380s] -- Installing: /home/devika/robo_ws/install/yolov8_msgs/local/lib/python3.10/dist-packages/yolov8_msgs-0.0.0-py3.10.egg-info/top_level.txt
[4.380s] -- Installing: /home/devika/robo_ws/install/yolov8_msgs/local/lib/python3.10/dist-packages/yolov8_msgs-0.0.0-py3.10.egg-info/PKG-INFO
[4.380s] -- Installing: /home/devika/robo_ws/install/yolov8_msgs/local/lib/python3.10/dist-packages/yolov8_msgs-0.0.0-py3.10.egg-info/SOURCES.txt
[4.381s] -- Up-to-date: /home/devika/robo_ws/install/yolov8_msgs/local/lib/python3.10/dist-packages/yolov8_msgs
[4.381s] -- Up-to-date: /home/devika/robo_ws/install/yolov8_msgs/local/lib/python3.10/dist-packages/yolov8_msgs/yolov8_msgs_s__rosidl_typesupport_fastrtps_c.cpython-310-x86_64-linux-gnu.so
[4.381s] -- Up-to-date: /home/devika/robo_ws/install/yolov8_msgs/local/lib/python3.10/dist-packages/yolov8_msgs/_yolov8_msgs_s.ep.rosidl_typesupport_fastrtps_c.c
[4.382s] -- Up-to-date: /home/devika/robo_ws/install/yolov8_msgs/local/lib/python3.10/dist-packages/yolov8_msgs/msg
[4.382s] -- Up-to-date: /home/devika/robo_ws/install/yolov8_msgs/local/lib/python3.10/dist-packages/yolov8_msgs/msg/_inference_result_s.c
[4.382s] -- Up-to-date: /home/devika/robo_ws/install/yolov8_msgs/local/lib/python3.10/dist-packages/yolov8_msgs/msg/_yolov8_inference.py
[4.383s] -- Up-to-date: /home/devika/robo_ws/install/yolov8_msgs/local/lib/python3.10/dist-packages/yolov8_msgs/msg/_inference_result.py
[4.383s] -- Up-to-date: /home/devika/robo_ws/install/yolov8_msgs/local/lib/python3.10/dist-packages/yolov8_msgs/msg/_yolov8_inference_s.c
[4.383s] -- Up-to-date: /home/devika/robo_ws/install/yolov8_msgs/local/lib/python3.10/dist-packages/yolov8_msgs/msg/__init__.py
[4.383s] -- Up-to-date: /home/devika/robo_ws/install/yolov8_msgs/local/lib/python3.10/dist-packages/yolov8_msgs/_yolov8_msgs_s.ep.rosidl_typesupport_introspection_c.c
[4.384s] -- Up-to-date: /home/devika/robo_ws/install/yolov8_msgs/local/lib/python3.10/dist-packages/yolov8_msgs/yolov8_msgs_s__rosidl_typesupport_c.cpython-310-x86_64-linux-gnu.so
[4.384s] -- Up-to-date: /home/devika/robo_ws/install/yolov8_msgs/local/lib/python3.10/dist-packages/yolov8_msgs/libyolov8_msgs__rosidl_generator_py.so
[4.384s] -- Up-to-date: /home/devika/robo_ws/install/yolov8_msgs/local/lib/python3.10/dist-packages/yolov8_msgs/_yolov8_msgs_s.ep.rosidl_typesupport_c.c
[4.386s] -- Up-to-date: /home/devika/robo_ws/install/yolov8_msgs/local/lib/python3.10/dist-packages/yolov8_msgs/__init__.py
[4.387s] -- Up-to-date: /home/devika/robo_ws/install/yolov8_msgs/local/lib/python3.10/dist-packages/yolov8_msgs/yolov8_msgs_s__rosidl_typesupport_introspection_c.cpython-310-x86_64-linux-gnu.so
[4.521s] Listing '/home/devika/robo_ws/install/yolov8_msgs/local/lib/python3.10/dist-packages/yolov8_msgs'...
[4.521s] Listing '/home/devika/robo_ws/install/yolov8_msgs/local/lib/python3.10/dist-packages/yolov8_msgs/msg'...
[4.540s] -- Up-to-date: /home/devika/robo_ws/install/yolov8_msgs/local/lib/python3.10/dist-packages/yolov8_msgs/yolov8_msgs_s__rosidl_typesupport_fastrtps_c.cpython-310-x86_64-linux-gnu.so
[4.541s] -- Up-to-date: /home/devika/robo_ws/install/yolov8_msgs/local/lib/python3.10/dist-packages/yolov8_msgs/yolov8_msgs_s__rosidl_typesupport_introspection_c.cpython-310-x86_64-linux-gnu.so
[4.542s] -- Up-to-date: /home/devika/robo_ws/install/yolov8_msgs/local/lib/python3.10/dist-packages/yolov8_msgs/yolov8_msgs_s__rosidl_typesupport_c.cpython-310-x86_64-linux-gnu.so
[4.543s] -- Up-to-date: /home/devika/robo_ws/install/yolov8_msgs/lib/libyolov8_msgs__rosidl_generator_py.so
[4.546s] -- Up-to-date: /home/devika/robo_ws/install/yolov8_msgs/share/yolov8_msgs/msg/InferenceResult.idl
[4.550s] -- Up-to-date: /home/devika/robo_ws/install/yolov8_msgs/share/yolov8_msgs/msg/Yolov8Inference.idl
[4.550s] -- Up-to-date: /home/devika/robo_ws/install/yolov8_msgs/share/yolov8_msgs/msg/InferenceResult.msg
[4.551s] -- Up-to-date: /home/devika/robo_ws/install/yolov8_msgs/share/yolov8_msgs/msg/Yolov8Inference.msg
[4.555s] -- Up-to-date: /home/devika/robo_ws/install/yolov8_msgs/share/ament_index/resource_index/package_run_dependencies/yolov8_msgs
[4.556s] -- Up-to-date: /home/devika/robo_ws/install/yolov8_msgs/share/ament_index/resource_index/parent_prefix_path/yolov8_msgs
[4.557s] -- Up-to-date: /home/devika/robo_ws/install/yolov8_msgs/share/yolov8_msgs/environment/ament_prefix_path.sh
[4.558s] -- Up-to-date: /home/devika/robo_ws/install/yolov8_msgs/share/yolov8_msgs/environment/ament_prefix_path.dsv
[4.560s] -- Up-to-date: /home/devika/robo_ws/install/yolov8_msgs/share/yolov8_msgs/environment/path.sh
[4.560s] -- Up-to-date: /home/devika/robo_ws/install/yolov8_msgs/share/yolov8_msgs/environment/path.dsv
[4.564s] -- Up-to-date: /home/devika/robo_ws/install/yolov8_msgs/share/yolov8_msgs/local_setup.bash
[4.566s] -- Up-to-date: /home/devika/robo_ws/install/yolov8_msgs/share/yolov8_msgs/local_setup.sh
[4.567s] -- Up-to-date: /home/devika/robo_ws/install/yolov8_msgs/share/yolov8_msgs/local_setup.zsh
[4.567s] -- Up-to-date: /home/devika/robo_ws/install/yolov8_msgs/share/yolov8_msgs/local_setup.dsv
[4.570s] -- Installing: /home/devika/robo_ws/install/yolov8_msgs/share/yolov8_msgs/package.dsv
[4.571s] -- Up-to-date: /home/devika/robo_ws/install/yolov8_msgs/share/ament_index/resource_index/packages/yolov8_msgs
[4.573s] -- Up-to-date: /home/devika/robo_ws/install/yolov8_msgs/share/yolov8_msgs/cmake/export_yolov8_msgs__rosidl_generator_cExport.cmake
[4.574s] -- Up-to-date: /home/devika/robo_ws/install/yolov8_msgs/share/yolov8_msgs/cmake/export_yolov8_msgs__rosidl_generator_cExport-noconfig.cmake
[4.577s] -- Up-to-date: /home/devika/robo_ws/install/yolov8_msgs/share/yolov8_msgs/cmake/export_yolov8_msgs__rosidl_typesupport_fastrtps_cExport.cmake
[4.577s] -- Up-to-date: /home/devika/robo_ws/install/yolov8_msgs/share/yolov8_msgs/cmake/export_yolov8_msgs__rosidl_typesupport_fastrtps_cExport-noconfig.cmake
[4.578s] -- Up-to-date: /home/devika/robo_ws/install/yolov8_msgs/share/yolov8_msgs/cmake/export_yolov8_msgs__rosidl_generator_cppExport.cmake
[4.578s] -- Up-to-date: /home/devika/robo_ws/install/yolov8_msgs/share/yolov8_msgs/cmake/export_yolov8_msgs__rosidl_typesupport_fastrtps_cppExport.cmake
[4.581s] -- Up-to-date: /home/devika/robo_ws/install/yolov8_msgs/share/yolov8_msgs/cmake/export_yolov8_msgs__rosidl_typesupport_fastrtps_cppExport-noconfig.cmake
[4.582s] -- Up-to-date: /home/devika/robo_ws/install/yolov8_msgs/share/yolov8_msgs/cmake/yolov8_msgs__rosidl_typesupport_introspection_cExport.cmake
[4.583s] -- Up-to-date: /home/devika/robo_ws/install/yolov8_msgs/share/yolov8_msgs/cmake/yolov8_msgs__rosidl_typesupport_introspection_cExport-noconfig.cmake
[4.583s] -- Up-to-date: /home/devika/robo_ws/install/yolov8_msgs/share/yolov8_msgs/cmake/yolov8_msgs__rosidl_typesupport_cExport.cmake
[4.584s] -- Up-to-date: /home/devika/robo_ws/install/yolov8_msgs/share/yolov8_msgs/cmake/yolov8_msgs__rosidl_typesupport_cExport-noconfig.cmake
[4.585s] -- Up-to-date: /home/devika/robo_ws/install/yolov8_msgs/share/yolov8_msgs/cmake/yolov8_msgs__rosidl_typesupport_introspection_cppExport.cmake
[4.587s] -- Up-to-date: /home/devika/robo_ws/install/yolov8_msgs/share/yolov8_msgs/cmake/yolov8_msgs__rosidl_typesupport_introspection_cppExport-noconfig.cmake
[4.590s] -- Up-to-date: /home/devika/robo_ws/install/yolov8_msgs/share/yolov8_msgs/cmake/yolov8_msgs__rosidl_typesupport_cppExport.cmake
[4.593s] -- Up-to-date: /home/devika/robo_ws/install/yolov8_msgs/share/yolov8_msgs/cmake/yolov8_msgs__rosidl_typesupport_cppExport-noconfig.cmake
[4.596s] -- Up-to-date: /home/devika/robo_ws/install/yolov8_msgs/share/yolov8_msgs/cmake/export_yolov8_msgs__rosidl_generator_pyExport.cmake
[4.597s] -- Up-to-date: /home/devika/robo_ws/install/yolov8_msgs/share/yolov8_msgs/cmake/export_yolov8_msgs__rosidl_generator_pyExport-noconfig.cmake
[4.597s] -- Up-to-date: /home/devika/robo_ws/install/yolov8_msgs/share/yolov8_msgs/cmake/rosidl_cmake-extras.cmake
[4.597s] -- Up-to-date: /home/devika/robo_ws/install/yolov8_msgs/share/yolov8_msgs/cmake/ament_cmake_export_dependencies-extras.cmake
[4.598s] -- Up-to-date: /home/devika/robo_ws/install/yolov8_msgs/share/yolov8_msgs/cmake/ament_cmake_export_include_directories-extras.cmake
[4.598s] -- Up-to-date: /home/devika/robo_ws/install/yolov8_msgs/share/yolov8_msgs/cmake/ament_cmake_export_libraries-extras.cmake
[4.598s] -- Up-to-date: /home/devika/robo_ws/install/yolov8_msgs/share/yolov8_msgs/cmake/ament_cmake_export_targets-extras.cmake
[4.598s] -- Up-to-date: /home/devika/robo_ws/install/yolov8_msgs/share/yolov8_msgs/cmake/rosidl_cmake_export_typesupport_targets-extras.cmake
[4.598s] -- Up-to-date: /home/devika/robo_ws/install/yolov8_msgs/share/yolov8_msgs/cmake/rosidl_cmake_export_typesupport_libraries-extras.cmake
[4.603s] -- Up-to-date: /home/devika/robo_ws/install/yolov8_msgs/share/yolov8_msgs/cmake/yolov8_msgsConfig.cmake
[4.604s] -- Up-to-date: /home/devika/robo_ws/install/yolov8_msgs/share/yolov8_msgs/cmake/yolov8_msgsConfig-version.cmake
[4.604s] -- Up-to-date: /home/devika/robo_ws/install/yolov8_msgs/share/yolov8_msgs/package.xml
[4.607s] Invoked command in '/home/devika/robo_ws/build/yolov8_msgs' returned '0': CMAKE_PREFIX_PATH=${CMAKE_PREFIX_PATH}:/home/devika/robo_ws/install/perception_vision:/home/devika/robo_ws/install/cylinder_position_estimator:/home/devika/ws_moveit2/install/moveit_configs_utils:/home/devika/ws_moveit2/install/launch_param_builder:/opt/ros/humble /usr/bin/cmake --install /home/devika/robo_ws/build/yolov8_msgs
