[0.043s] Invoking command in '/home/devika/robo_ws/build/gazebo_ros2_control': CMAKE_PREFIX_PATH=/home/devika/robo_ws/install/urdf_humble_test_moveit_config:/opt/ros/humble:/home/devika/robo_ws/install/urdf_humble_test:/home/devika/robo_ws/install/gazebo_ros2_control /usr/bin/cmake --build /home/devika/robo_ws/build/gazebo_ros2_control -- -j8 -l8
[0.656s] [ 75%] Built target gazebo_ros2_control
[0.656s] [100%] Built target gazebo_hardware_plugins
[0.683s] Invoked command in '/home/devika/robo_ws/build/gazebo_ros2_control' returned '0': CMAKE_PREFIX_PATH=/home/devika/robo_ws/install/urdf_humble_test_moveit_config:/opt/ros/humble:/home/devika/robo_ws/install/urdf_humble_test:/home/devika/robo_ws/install/gazebo_ros2_control /usr/bin/cmake --build /home/devika/robo_ws/build/gazebo_ros2_control -- -j8 -l8
[0.714s] Invoking command in '/home/devika/robo_ws/build/gazebo_ros2_control': CMAKE_PREFIX_PATH=/home/devika/robo_ws/install/urdf_humble_test_moveit_config:/opt/ros/humble:/home/devika/robo_ws/install/urdf_humble_test:/home/devika/robo_ws/install/gazebo_ros2_control /usr/bin/cmake --install /home/devika/robo_ws/build/gazebo_ros2_control
[0.733s] -- Install configuration: ""
[0.738s] -- Execute custom install script
[0.739s] -- Up-to-date symlink: /home/devika/robo_ws/install/gazebo_ros2_control/lib/libgazebo_ros2_control.so
[0.740s] -- Up-to-date symlink: /home/devika/robo_ws/install/gazebo_ros2_control/lib/libgazebo_hardware_plugins.so
[0.742s] -- Up-to-date symlink: /home/devika/robo_ws/install/gazebo_ros2_control/share/gazebo_ros2_control/environment/library_path.sh
[0.743s] -- Up-to-date symlink: /home/devika/robo_ws/install/gazebo_ros2_control/share/gazebo_ros2_control/environment/library_path.dsv
[0.751s] -- Up-to-date symlink: /home/devika/robo_ws/install/gazebo_ros2_control/include/gazebo_ros2_control/gazebo_ros2_control_plugin.hpp
[0.751s] -- Up-to-date symlink: /home/devika/robo_ws/install/gazebo_ros2_control/include/gazebo_ros2_control/gazebo_system.hpp
[0.752s] -- Up-to-date symlink: /home/devika/robo_ws/install/gazebo_ros2_control/include/gazebo_ros2_control/gazebo_system_interface.hpp
[0.753s] -- Up-to-date symlink: /home/devika/robo_ws/install/gazebo_ros2_control/share/gazebo_ros2_control//gazebo_hardware_plugins.xml
[0.753s] -- Up-to-date symlink: /home/devika/robo_ws/install/gazebo_ros2_control/share/ament_index/resource_index/package_run_dependencies/gazebo_ros2_control
[0.755s] -- Up-to-date symlink: /home/devika/robo_ws/install/gazebo_ros2_control/share/ament_index/resource_index/parent_prefix_path/gazebo_ros2_control
[0.755s] -- Up-to-date symlink: /home/devika/robo_ws/install/gazebo_ros2_control/share/gazebo_ros2_control/environment/ament_prefix_path.sh
[0.756s] -- Up-to-date symlink: /home/devika/robo_ws/install/gazebo_ros2_control/share/gazebo_ros2_control/environment/ament_prefix_path.dsv
[0.757s] -- Up-to-date symlink: /home/devika/robo_ws/install/gazebo_ros2_control/share/gazebo_ros2_control/environment/path.sh
[0.758s] -- Up-to-date symlink: /home/devika/robo_ws/install/gazebo_ros2_control/share/gazebo_ros2_control/environment/path.dsv
[0.759s] -- Up-to-date symlink: /home/devika/robo_ws/install/gazebo_ros2_control/share/gazebo_ros2_control/local_setup.bash
[0.760s] -- Up-to-date symlink: /home/devika/robo_ws/install/gazebo_ros2_control/share/gazebo_ros2_control/local_setup.sh
[0.760s] -- Up-to-date symlink: /home/devika/robo_ws/install/gazebo_ros2_control/share/gazebo_ros2_control/local_setup.zsh
[0.761s] -- Up-to-date symlink: /home/devika/robo_ws/install/gazebo_ros2_control/share/gazebo_ros2_control/local_setup.dsv
[0.761s] -- Symlinking: /home/devika/robo_ws/install/gazebo_ros2_control/share/gazebo_ros2_control/package.dsv
[0.785s] -- Up-to-date symlink: /home/devika/robo_ws/install/gazebo_ros2_control/share/ament_index/resource_index/packages/gazebo_ros2_control
[0.786s] -- Up-to-date symlink: /home/devika/robo_ws/install/gazebo_ros2_control/share/ament_index/resource_index/gazebo_ros2_control__pluginlib__plugin/gazebo_ros2_control
[0.788s] -- Up-to-date symlink: /home/devika/robo_ws/install/gazebo_ros2_control/share/gazebo_ros2_control/cmake/ament_cmake_export_include_directories-extras.cmake
[0.789s] -- Up-to-date symlink: /home/devika/robo_ws/install/gazebo_ros2_control/share/gazebo_ros2_control/cmake/ament_cmake_export_dependencies-extras.cmake
[0.789s] -- Up-to-date symlink: /home/devika/robo_ws/install/gazebo_ros2_control/share/gazebo_ros2_control/cmake/ament_cmake_export_libraries-extras.cmake
[0.790s] -- Up-to-date symlink: /home/devika/robo_ws/install/gazebo_ros2_control/share/gazebo_ros2_control/cmake/gazebo_ros2_controlConfig.cmake
[0.791s] -- Up-to-date symlink: /home/devika/robo_ws/install/gazebo_ros2_control/share/gazebo_ros2_control/cmake/gazebo_ros2_controlConfig-version.cmake
[0.791s] -- Up-to-date symlink: /home/devika/robo_ws/install/gazebo_ros2_control/share/gazebo_ros2_control/package.xml
[0.798s] Invoked command in '/home/devika/robo_ws/build/gazebo_ros2_control' returned '0': CMAKE_PREFIX_PATH=/home/devika/robo_ws/install/urdf_humble_test_moveit_config:/opt/ros/humble:/home/devika/robo_ws/install/urdf_humble_test:/home/devika/robo_ws/install/gazebo_ros2_control /usr/bin/cmake --install /home/devika/robo_ws/build/gazebo_ros2_control
