[ 10%] Built target pick_place_demo_parameters
[ 20%] Built target ik_clearance_cost_parameters
[ 30%] Built target hello_moveit_task_constructor_cartesian
[ 40%] Built target hello_moveit_task_constructor_mtc_node
[ 50%] Built target hello_moveit_task_constructor_alternative_path_costs
[ 60%] Built target hello_moveit_task_constructor_fallbacks_move_to
[ 70%] Built target hello_moveit_task_constructor_modular
[35m[1mConsolidate compiler generated dependencies of target hello_moveit_task_constructor_pick_place_task[0m
[ 80%] Built target hello_moveit_task_constructor_ik_clearance_cost
[ 85%] [32mBuilding CXX object CMakeFiles/hello_moveit_task_constructor_pick_place_task.dir/src/pick_place_task.cpp.o[0m
[01m[K/home/devika/robo_ws/src/hello_moveit_task_constructor/src/pick_place_task.cpp:[m[K In member function ‘[01m[Kbool hello_moveit_task_constructor::PickPlaceTask::init(const SharedPtr&, const pick_place_demo::Params&)[m[K’:
[01m[K/home/devika/robo_ws/src/hello_moveit_task_constructor/src/pick_place_task.cpp:340:32:[m[K [01;31m[Kerror: [m[K‘[01m[Kclass moveit::task_constructor::stages::GenerateGraspPose[m[K’ has no member named ‘[01m[KsetAngleStart[m[K’
  340 |                         stage->[01;31m[KsetAngleStart[m[K(0.0); // Starting angle
      |                                [01;31m[K^~~~~~~~~~~~~[m[K
[01m[K/home/devika/robo_ws/src/hello_moveit_task_constructor/src/pick_place_task.cpp:341:32:[m[K [01;31m[Kerror: [m[K‘[01m[Kclass moveit::task_constructor::stages::GenerateGraspPose[m[K’ has no member named ‘[01m[KsetAngleEnd[m[K’; did you mean ‘[01m[KsetAngleDelta[m[K’?
  341 |                         stage->[01;31m[KsetAngleEnd[m[K(2*M_PI); // Ending angle (full circle)
      |                                [01;31m[K^~~~~~~~~~~[m[K
      |                                [32m[KsetAngleDelta[m[K
gmake[2]: *** [CMakeFiles/hello_moveit_task_constructor_pick_place_task.dir/build.make:76: CMakeFiles/hello_moveit_task_constructor_pick_place_task.dir/src/pick_place_task.cpp.o] Error 1
gmake[1]: *** [CMakeFiles/Makefile2:155: CMakeFiles/hello_moveit_task_constructor_pick_place_task.dir/all] Error 2
gmake: *** [Makefile:146: all] Error 2
