[1.213s] Invoking command in '/home/devika/robo_ws/build/hello_moveit': CMAKE_PREFIX_PATH=${CMAKE_PREFIX_PATH}:/home/devika/ws_moveit2/install/moveit_configs_utils:/home/devika/ws_moveit2/install/launch_param_builder:/home/devika/robo_ws/install/perception_vision:/home/devika/robo_ws/install/cylinder_position_estimator:/opt/ros/humble /usr/bin/cmake --build /home/devika/robo_ws/build/hello_moveit
[2.420s] [35m[1mConsolidate compiler generated dependencies of target hello_moveit[0m
[2.420s] [ 50%] [32mBuilding CXX object CMakeFiles/hello_moveit.dir/src/hello_moveit_v1.cpp.o[0m
[24.292s] [01m[K/home/devika/robo_ws/src/hello_moveit/src/hello_moveit_v1.cpp:[m[K In member function ‘[01m[Kbool MoveitInterface::planAndExecuteMovement(const Pose&)[m[K’:
[24.292s] [01m[K/home/devika/robo_ws/src/hello_moveit/src/hello_moveit_v1.cpp:220:57:[m[K [01;35m[Kwarning: [m[K‘[01m[Kusing MoveItErrorCode = class moveit::core::MoveItErrorCode[m[K’ is deprecated: Use moveit::core::MoveItErrorCode [[01;35m[K]8;;https://gcc.gnu.org/onlinedocs/gcc/Warning-Options.html#index-Wdeprecated-declarations-Wdeprecated-declarations]8;;[m[K]
[24.292s]   220 |             moveit::planning_interface::MoveItErrorCode [01;35m[Kexecute_result[m[K = move_group_ptr_->execute(plan);
[24.292s]       |                                                         [01;35m[K^~~~~~~~~~~~~~[m[K
[24.293s] In file included from [01m[K/home/devika/robo_ws/src/hello_moveit/src/hello_moveit_v1.cpp:4[m[K:
[24.293s] [01m[K/home/devika/ws_moveit2/install/moveit_ros_planning_interface/include/moveit/move_group_interface/move_group_interface.h:71:7:[m[K [01;36m[Knote: [m[Kdeclared here
[24.293s]    71 | using [01;36m[KMoveItErrorCode[m[K [[deprecated("Use moveit::core::MoveItErrorCode")]] = moveit::core::MoveItErrorCode;
[24.293s]       |       [01;36m[K^~~~~~~~~~~~~~~[m[K
[24.294s] [01m[K/home/devika/robo_ws/src/hello_moveit/src/hello_moveit_v1.cpp:221:80:[m[K [01;35m[Kwarning: [m[K‘[01m[Kusing MoveItErrorCode = class moveit::core::MoveItErrorCode[m[K’ is deprecated: Use moveit::core::MoveItErrorCode [[01;35m[K]8;;https://gcc.gnu.org/onlinedocs/gcc/Warning-Options.html#index-Wdeprecated-declarations-Wdeprecated-declarations]8;;[m[K]
[24.294s]   221 | ecute_result == moveit::planning_interface::MoveItErrorCode::[01;35m[KSUCCESS[m[K) {
[24.294s]       |                                                              [01;35m[K^~~~~~~[m[K
[24.294s] 
[24.294s] In file included from [01m[K/home/devika/robo_ws/src/hello_moveit/src/hello_moveit_v1.cpp:4[m[K:
[24.295s] [01m[K/home/devika/ws_moveit2/install/moveit_ros_planning_interface/include/moveit/move_group_interface/move_group_interface.h:71:7:[m[K [01;36m[Knote: [m[Kdeclared here
[24.295s]    71 | using [01;36m[KMoveItErrorCode[m[K [[deprecated("Use moveit::core::MoveItErrorCode")]] = moveit::core::MoveItErrorCode;
[24.295s]       |       [01;36m[K^~~~~~~~~~~~~~~[m[K
[42.908s] [100%] [32m[1mLinking CXX executable hello_moveit[0m
[395.348s] [100%] Built target hello_moveit
[395.403s] Invoked command in '/home/devika/robo_ws/build/hello_moveit' returned '0': CMAKE_PREFIX_PATH=${CMAKE_PREFIX_PATH}:/home/devika/ws_moveit2/install/moveit_configs_utils:/home/devika/ws_moveit2/install/launch_param_builder:/home/devika/robo_ws/install/perception_vision:/home/devika/robo_ws/install/cylinder_position_estimator:/opt/ros/humble /usr/bin/cmake --build /home/devika/robo_ws/build/hello_moveit
[395.408s] Invoking command in '/home/devika/robo_ws/build/hello_moveit': CMAKE_PREFIX_PATH=${CMAKE_PREFIX_PATH}:/home/devika/ws_moveit2/install/moveit_configs_utils:/home/devika/ws_moveit2/install/launch_param_builder:/home/devika/robo_ws/install/perception_vision:/home/devika/robo_ws/install/cylinder_position_estimator:/opt/ros/humble /usr/bin/cmake --install /home/devika/robo_ws/build/hello_moveit
[395.451s] -- Install configuration: ""
[395.452s] -- Up-to-date: /home/devika/robo_ws/install/hello_moveit/share/hello_moveit/launch
[395.452s] -- Up-to-date: /home/devika/robo_ws/install/hello_moveit/share/hello_moveit/launch/hello.launch.py
[395.452s] -- Installing: /home/devika/robo_ws/install/hello_moveit/lib/hello_moveit/hello_moveit
[395.467s] -- Set runtime path of "/home/devika/robo_ws/install/hello_moveit/lib/hello_moveit/hello_moveit" to ""
[395.468s] -- Up-to-date: /home/devika/robo_ws/install/hello_moveit/share/ament_index/resource_index/package_run_dependencies/hello_moveit
[395.471s] -- Up-to-date: /home/devika/robo_ws/install/hello_moveit/share/ament_index/resource_index/parent_prefix_path/hello_moveit
[395.472s] -- Up-to-date: /home/devika/robo_ws/install/hello_moveit/share/hello_moveit/environment/ament_prefix_path.sh
[395.472s] -- Up-to-date: /home/devika/robo_ws/install/hello_moveit/share/hello_moveit/environment/ament_prefix_path.dsv
[395.472s] -- Up-to-date: /home/devika/robo_ws/install/hello_moveit/share/hello_moveit/environment/path.sh
[395.473s] -- Up-to-date: /home/devika/robo_ws/install/hello_moveit/share/hello_moveit/environment/path.dsv
[395.473s] -- Up-to-date: /home/devika/robo_ws/install/hello_moveit/share/hello_moveit/local_setup.bash
[395.473s] -- Up-to-date: /home/devika/robo_ws/install/hello_moveit/share/hello_moveit/local_setup.sh
[395.473s] -- Up-to-date: /home/devika/robo_ws/install/hello_moveit/share/hello_moveit/local_setup.zsh
[395.473s] -- Up-to-date: /home/devika/robo_ws/install/hello_moveit/share/hello_moveit/local_setup.dsv
[395.474s] -- Installing: /home/devika/robo_ws/install/hello_moveit/share/hello_moveit/package.dsv
[395.474s] -- Up-to-date: /home/devika/robo_ws/install/hello_moveit/share/ament_index/resource_index/packages/hello_moveit
[395.474s] -- Up-to-date: /home/devika/robo_ws/install/hello_moveit/share/hello_moveit/cmake/hello_moveitConfig.cmake
[395.474s] -- Up-to-date: /home/devika/robo_ws/install/hello_moveit/share/hello_moveit/cmake/hello_moveitConfig-version.cmake
[395.474s] -- Up-to-date: /home/devika/robo_ws/install/hello_moveit/share/hello_moveit/package.xml
[395.477s] Invoked command in '/home/devika/robo_ws/build/hello_moveit' returned '0': CMAKE_PREFIX_PATH=${CMAKE_PREFIX_PATH}:/home/devika/ws_moveit2/install/moveit_configs_utils:/home/devika/ws_moveit2/install/launch_param_builder:/home/devika/robo_ws/install/perception_vision:/home/devika/robo_ws/install/cylinder_position_estimator:/opt/ros/humble /usr/bin/cmake --install /home/devika/robo_ws/build/hello_moveit
