[0.029s] Invoking command in '/home/devika/robo_ws/build/gazebo_ros2_control': CMAKE_PREFIX_PATH=${CMAKE_PREFIX_PATH}:/home/devika/robo_ws/install:/opt/ros/humble: /usr/bin/cmake /home/devika/robo_ws/src/gazebo_ros2_control -DAMENT_CMAKE_SYMLINK_INSTALL=1 -DCMAKE_INSTALL_PREFIX=/home/devika/robo_ws/install/gazebo_ros2_control
[1.177s] -- The C compiler identification is GNU 11.4.0
[1.759s] -- The CXX compiler identification is GNU 11.4.0
[1.795s] -- Detecting C compiler ABI info
[2.045s] -- Detecting C compiler ABI info - done
[2.059s] -- Check for working C compiler: /usr/bin/cc - skipped
[2.060s] -- Detecting C compile features
[2.062s] -- Detecting C compile features - done
[2.070s] -- Detecting CXX compiler ABI info
[2.292s] -- Detecting CXX compiler ABI info - done
[2.306s] -- Check for working CXX compiler: /usr/bin/c++ - skipped
[2.307s] -- Detecting CXX compile features
[2.308s] -- Detecting CXX compile features - done
[2.332s] -- Found ament_cmake: 1.3.11 (/opt/ros/humble/share/ament_cmake/cmake)
[2.764s] -- Found Python3: /usr/bin/python3 (found version "3.10.12") found components: Interpreter 
[2.931s] -- Override CMake install command with custom implementation using symlinks instead of copying resources
[3.053s] -- Found angles: 1.15.0 (/opt/ros/humble/share/angles/cmake)
[3.063s] -- Found controller_manager: 2.48.0 (/opt/ros/humble/share/controller_manager/cmake)
[3.249s] -- Found rosidl_generator_c: 3.1.6 (/opt/ros/humble/share/rosidl_generator_c/cmake)
[3.265s] -- Found rosidl_adapter: 3.1.6 (/opt/ros/humble/share/rosidl_adapter/cmake)
[3.291s] -- Found rosidl_generator_cpp: 3.1.6 (/opt/ros/humble/share/rosidl_generator_cpp/cmake)
[3.334s] -- Using all available rosidl_typesupport_c: rosidl_typesupport_fastrtps_c;rosidl_typesupport_introspection_c
[3.385s] -- Using all available rosidl_typesupport_cpp: rosidl_typesupport_fastrtps_cpp;rosidl_typesupport_introspection_cpp
[4.016s] -- Found rmw_implementation_cmake: 6.1.2 (/opt/ros/humble/share/rmw_implementation_cmake/cmake)
[4.026s] -- Found rmw_cyclonedds_cpp: 1.3.4 (/opt/ros/humble/share/rmw_cyclonedds_cpp/cmake)
[4.097s] -- Using RMW implementation 'rmw_cyclonedds_cpp' as default
[4.129s] -- Looking for pthread.h
[4.365s] -- Looking for pthread.h - found
[4.365s] -- Performing Test CMAKE_HAVE_LIBC_PTHREAD
[4.557s] -- Performing Test CMAKE_HAVE_LIBC_PTHREAD - Success
[4.560s] -- Found Threads: TRUE  
[4.814s] -- Found control_toolbox: 3.6.0 (/opt/ros/humble/share/control_toolbox/cmake)
[4.911s] -- Found gazebo_dev: 3.9.0 (/opt/ros/humble/share/gazebo_dev/cmake)
[4.945s] -- Found PkgConfig: /usr/bin/pkg-config (found version "0.29.2") 
[4.951s] -- Checking for module 'bullet>=2.82'
[5.006s] --   Found bullet, version 3.05
[5.351s] -- Found fcl: /usr/include (found suitable version "0.7.0", minimum required is "0.5.0") 
[5.551s] -- Found assimp: /usr/include (found version "5.2.0") 
[5.629s] -- Found DART: /usr/include (Required is at least version "6.6") found components: dart 
[5.712s] -- Found Boost: /usr/lib/x86_64-linux-gnu/cmake/Boost-1.74.0/BoostConfig.cmake (found suitable version "1.74.0", minimum required is "1.40.0") found components: thread system filesystem program_options regex iostreams date_time 
[5.880s] -- Found Protobuf: /usr/lib/x86_64-linux-gnu/libprotobuf.so (found version "3.12.4") 
[5.896s] -- Looking for ignition-math6 -- found version 6.15.1
[5.932s] -- Searching for dependencies of ignition-math6
[5.940s] -- Looking for OGRE...
[5.942s] -- OGRE_PREFIX_WATCH changed.
[5.960s] -- Checking for module 'OGRE'
[6.003s] --   Found OGRE, version 1.9.0
[6.129s] -- Found Ogre Ghadamon (1.9.0)
[6.169s] -- Found OGRE: optimized;/usr/lib/x86_64-linux-gnu/libOgreMain.so;debug;/usr/lib/x86_64-linux-gnu/libOgreMain.so
[6.187s] -- Looking for OGRE_Paging...
[6.205s] -- Found OGRE_Paging: optimized;/usr/lib/x86_64-linux-gnu/libOgrePaging.so;debug;/usr/lib/x86_64-linux-gnu/libOgrePaging.so
[6.206s] -- Looking for OGRE_Terrain...
[6.222s] -- Found OGRE_Terrain: optimized;/usr/lib/x86_64-linux-gnu/libOgreTerrain.so;debug;/usr/lib/x86_64-linux-gnu/libOgreTerrain.so
[6.222s] -- Looking for OGRE_Property...
[6.239s] -- Found OGRE_Property: optimized;/usr/lib/x86_64-linux-gnu/libOgreProperty.so;debug;/usr/lib/x86_64-linux-gnu/libOgreProperty.so
[6.239s] -- Looking for OGRE_RTShaderSystem...
[6.259s] -- Found OGRE_RTShaderSystem: optimized;/usr/lib/x86_64-linux-gnu/libOgreRTShaderSystem.so;debug;/usr/lib/x86_64-linux-gnu/libOgreRTShaderSystem.so
[6.259s] -- Looking for OGRE_Volume...
[6.275s] -- Found OGRE_Volume: optimized;/usr/lib/x86_64-linux-gnu/libOgreVolume.so;debug;/usr/lib/x86_64-linux-gnu/libOgreVolume.so
[6.275s] -- Looking for OGRE_Overlay...
[6.292s] -- Found OGRE_Overlay: optimized;/usr/lib/x86_64-linux-gnu/libOgreOverlay.so;debug;/usr/lib/x86_64-linux-gnu/libOgreOverlay.so
[6.622s] -- Looking for ignition-math6 -- found version 6.15.1
[6.628s] -- Looking for ignition-transport8 -- found version 8.2.1
[6.629s] -- Searching for dependencies of ignition-transport8
[6.675s] -- Found Protobuf: /usr/lib/x86_64-linux-gnu/libprotobuf.so (found suitable version "3.12.4", minimum required is "3") 
[6.703s] -- Config-file not installed for ZeroMQ -- checking for pkg-config
[6.716s] -- Checking for module 'libzmq >= 4'
[6.788s] --   Found libzmq , version 4.3.4
[6.937s] -- Found ZeroMQ: TRUE (Required is at least version "4") 
[6.962s] -- Checking for module 'uuid'
[7.018s] --   Found uuid, version 2.37.2
[7.152s] -- Found UUID: TRUE  
[7.163s] -- Looking for ignition-msgs5 -- found version 5.8.1
[7.165s] -- Searching for dependencies of ignition-msgs5
[7.221s] -- Looking for ignition-math6 -- found version 6.15.1
[7.241s] -- Checking for module 'tinyxml2'
[7.287s] --   Found tinyxml2, version 9.0.0
[7.419s] -- Looking for ignition-msgs5 -- found version 5.8.1
[7.428s] -- Looking for ignition-common3 -- found version 3.14.0
[7.430s] -- Searching for dependencies of ignition-common3
[7.432s] -- Looking for dlfcn.h - found
[7.435s] -- Looking for libdl - found
[7.439s] -- Found DL: TRUE  
[7.471s] -- Found tinyobjloader: /usr/lib/x86_64-linux-gnu/cmake/tinyobjloader/tinyobjloader-config.cmake (found version "2.0.0") 
[7.473s] -- Searching for <ignition-common3> component [graphics]
[7.479s] -- Looking for ignition-common3-graphics -- found version 3.14.0
[7.480s] -- Searching for dependencies of ignition-common3-graphics
[7.481s] -- Looking for ignition-math6 -- found version 6.15.1
[7.489s] -- Looking for ignition-fuel_tools4 -- found version 4.4.0
[7.490s] -- Searching for dependencies of ignition-fuel_tools4
[7.763s] -- Found CURL: /usr/lib/x86_64-linux-gnu/libcurl.so (found version "7.81.0")  
[7.793s] -- Checking for module 'jsoncpp'
[7.845s] --   Found jsoncpp, version 1.9.5
[7.966s] -- Found JSONCPP: TRUE  
[7.982s] -- Checking for module 'libzip'
[8.031s] --   Found libzip, version 1.7.3
[8.148s] -- Found ZIP: TRUE  
[8.149s] -- Looking for ignition-common3 -- found version 3.14.0
[8.150s] -- Looking for ignition-math6 -- found version 6.15.1
[8.151s] -- Looking for ignition-msgs5 -- found version 5.8.1
[8.173s] -- Gazebo version: 11.10
[8.174s] -- Checking for module 'tbb'
[8.224s] --   Found tbb, version 2021.5.0
[8.355s] -- Found gazebo_ros: 3.9.0 (/opt/ros/humble/share/gazebo_ros/cmake)
[8.370s] -- Found yaml_cpp_vendor: 8.0.2 (/opt/ros/humble/share/yaml_cpp_vendor/cmake)
[8.462s] -- Found ament_cmake_gtest: 1.3.11 (/opt/ros/humble/share/ament_cmake_gtest/cmake)
[8.472s] -- Found ament_lint_auto: 0.12.11 (/opt/ros/humble/share/ament_lint_auto/cmake)
[8.826s] -- Added test 'copyright' to check source files copyright and LICENSE
[8.849s] -- Added test 'cppcheck' to perform static code analysis on C / C++ code
[8.850s] -- Configured cppcheck include dirs: /home/devika/robo_ws/src/gazebo_ros2_control/include
[8.851s] -- Configured cppcheck exclude dirs and/or files: 
[8.860s] -- Added test 'cpplint' to check C / C++ code against the Google style
[8.860s] -- Configured cpplint exclude dirs and/or files: 
[8.867s] -- Added test 'lint_cmake' to check CMake code style
[8.879s] -- Added test 'uncrustify' to check C / C++ code style
[8.880s] -- Configured uncrustify additional arguments: 
[8.884s] -- Added test 'xmllint' to check XML markup files
[8.893s] -- Configuring done
[9.396s] -- Generating done
[9.435s] -- Build files have been written to: /home/devika/robo_ws/build/gazebo_ros2_control
[9.534s] Invoked command in '/home/devika/robo_ws/build/gazebo_ros2_control' returned '0': CMAKE_PREFIX_PATH=${CMAKE_PREFIX_PATH}:/home/devika/robo_ws/install:/opt/ros/humble: /usr/bin/cmake /home/devika/robo_ws/src/gazebo_ros2_control -DAMENT_CMAKE_SYMLINK_INSTALL=1 -DCMAKE_INSTALL_PREFIX=/home/devika/robo_ws/install/gazebo_ros2_control
[9.540s] Invoking command in '/home/devika/robo_ws/build/gazebo_ros2_control': CMAKE_PREFIX_PATH=${CMAKE_PREFIX_PATH}:/home/devika/robo_ws/install:/opt/ros/humble: /usr/bin/cmake --build /home/devika/robo_ws/build/gazebo_ros2_control -- -j8 -l8
[9.856s] [ 50%] [32mBuilding CXX object CMakeFiles/gazebo_hardware_plugins.dir/src/gazebo_system.cpp.o[0m
[9.856s] [ 50%] [32mBuilding CXX object CMakeFiles/gazebo_ros2_control.dir/src/gazebo_ros2_control_plugin.cpp.o[0m
[184.140s] [ 75%] [32m[1mLinking CXX shared library libgazebo_hardware_plugins.so[0m
[188.499s] [ 75%] Built target gazebo_hardware_plugins
[192.627s] [100%] [32m[1mLinking CXX shared library libgazebo_ros2_control.so[0m
[195.969s] [100%] Built target gazebo_ros2_control
[196.450s] Invoked command in '/home/devika/robo_ws/build/gazebo_ros2_control' returned '0': CMAKE_PREFIX_PATH=${CMAKE_PREFIX_PATH}:/home/devika/robo_ws/install:/opt/ros/humble: /usr/bin/cmake --build /home/devika/robo_ws/build/gazebo_ros2_control -- -j8 -l8
[196.960s] Invoking command in '/home/devika/robo_ws/build/gazebo_ros2_control': CMAKE_PREFIX_PATH=${CMAKE_PREFIX_PATH}:/home/devika/robo_ws/install:/opt/ros/humble: /usr/bin/cmake --install /home/devika/robo_ws/build/gazebo_ros2_control
[197.048s] -- Install configuration: ""
[197.048s] -- Execute custom install script
[197.049s] -- Symlinking: /home/devika/robo_ws/install/gazebo_ros2_control/lib/libgazebo_ros2_control.so
[197.054s] -- Symlinking: /home/devika/robo_ws/install/gazebo_ros2_control/lib/libgazebo_hardware_plugins.so
[197.081s] -- Symlinking: /home/devika/robo_ws/install/gazebo_ros2_control/share/gazebo_ros2_control/environment/library_path.sh
[197.105s] -- Symlinking: /home/devika/robo_ws/install/gazebo_ros2_control/share/gazebo_ros2_control/environment/library_path.dsv
[197.143s] -- Symlinking: /home/devika/robo_ws/install/gazebo_ros2_control/include/gazebo_ros2_control/gazebo_ros2_control_plugin.hpp
[197.174s] -- Symlinking: /home/devika/robo_ws/install/gazebo_ros2_control/include/gazebo_ros2_control/gazebo_system.hpp
[197.200s] -- Symlinking: /home/devika/robo_ws/install/gazebo_ros2_control/include/gazebo_ros2_control/gazebo_system_interface.hpp
[197.229s] -- Symlinking: /home/devika/robo_ws/install/gazebo_ros2_control/share/gazebo_ros2_control//gazebo_hardware_plugins.xml
[197.254s] -- Symlinking: /home/devika/robo_ws/install/gazebo_ros2_control/share/ament_index/resource_index/package_run_dependencies/gazebo_ros2_control
[197.282s] -- Symlinking: /home/devika/robo_ws/install/gazebo_ros2_control/share/ament_index/resource_index/parent_prefix_path/gazebo_ros2_control
[197.319s] -- Symlinking: /home/devika/robo_ws/install/gazebo_ros2_control/share/gazebo_ros2_control/environment/ament_prefix_path.sh
[197.342s] -- Symlinking: /home/devika/robo_ws/install/gazebo_ros2_control/share/gazebo_ros2_control/environment/ament_prefix_path.dsv
[197.363s] -- Symlinking: /home/devika/robo_ws/install/gazebo_ros2_control/share/gazebo_ros2_control/environment/path.sh
[197.385s] -- Symlinking: /home/devika/robo_ws/install/gazebo_ros2_control/share/gazebo_ros2_control/environment/path.dsv
[197.408s] -- Symlinking: /home/devika/robo_ws/install/gazebo_ros2_control/share/gazebo_ros2_control/local_setup.bash
[197.430s] -- Symlinking: /home/devika/robo_ws/install/gazebo_ros2_control/share/gazebo_ros2_control/local_setup.sh
[197.452s] -- Symlinking: /home/devika/robo_ws/install/gazebo_ros2_control/share/gazebo_ros2_control/local_setup.zsh
[197.473s] -- Symlinking: /home/devika/robo_ws/install/gazebo_ros2_control/share/gazebo_ros2_control/local_setup.dsv
[197.494s] -- Symlinking: /home/devika/robo_ws/install/gazebo_ros2_control/share/gazebo_ros2_control/package.dsv
[197.520s] -- Symlinking: /home/devika/robo_ws/install/gazebo_ros2_control/share/ament_index/resource_index/packages/gazebo_ros2_control
[197.548s] -- Symlinking: /home/devika/robo_ws/install/gazebo_ros2_control/share/ament_index/resource_index/gazebo_ros2_control__pluginlib__plugin/gazebo_ros2_control
[197.571s] -- Symlinking: /home/devika/robo_ws/install/gazebo_ros2_control/share/gazebo_ros2_control/cmake/ament_cmake_export_include_directories-extras.cmake
[197.595s] -- Symlinking: /home/devika/robo_ws/install/gazebo_ros2_control/share/gazebo_ros2_control/cmake/ament_cmake_export_dependencies-extras.cmake
[197.619s] -- Symlinking: /home/devika/robo_ws/install/gazebo_ros2_control/share/gazebo_ros2_control/cmake/ament_cmake_export_libraries-extras.cmake
[197.641s] -- Symlinking: /home/devika/robo_ws/install/gazebo_ros2_control/share/gazebo_ros2_control/cmake/gazebo_ros2_controlConfig.cmake
[197.663s] -- Symlinking: /home/devika/robo_ws/install/gazebo_ros2_control/share/gazebo_ros2_control/cmake/gazebo_ros2_controlConfig-version.cmake
[197.685s] -- Symlinking: /home/devika/robo_ws/install/gazebo_ros2_control/share/gazebo_ros2_control/package.xml
[197.735s] Invoked command in '/home/devika/robo_ws/build/gazebo_ros2_control' returned '0': CMAKE_PREFIX_PATH=${CMAKE_PREFIX_PATH}:/home/devika/robo_ws/install:/opt/ros/humble: /usr/bin/cmake --install /home/devika/robo_ws/build/gazebo_ros2_control
