[0.536s] Invoking command in '/home/devika/robo_ws/build/mycobot_moveit_config_manual_setup': CMAKE_PREFIX_PATH=${CMAKE_PREFIX_PATH}:/home/devika/ws_moveit2/install/moveit_configs_utils:/home/devika/ws_moveit2/install/launch_param_builder:/home/devika/robo_ws/install/perception_vision:/home/devika/robo_ws/install/cylinder_position_estimator:/opt/ros/humble /usr/bin/cmake /home/devika/robo_ws/src/urdf_humble_test_moveit_config -DCMAKE_INSTALL_PREFIX=/home/devika/robo_ws/install/mycobot_moveit_config_manual_setup
[1.085s] -- The C compiler identification is GNU 11.4.0
[1.085s] -- The CXX compiler identification is GNU 11.4.0
[1.085s] -- Detecting C compiler ABI info
[1.314s] -- Detecting C compiler ABI info - done
[1.330s] -- Check for working C compiler: /usr/bin/cc - skipped
[1.331s] -- Detecting C compile features
[1.332s] -- Detecting C compile features - done
[1.341s] -- Detecting CXX compiler ABI info
[1.587s] -- Detecting CXX compiler ABI info - done
[1.601s] -- Check for working CXX compiler: /usr/bin/c++ - skipped
[1.602s] -- Detecting CXX compile features
[1.603s] -- Detecting CXX compile features - done
[1.625s] -- Found ament_cmake: 1.3.11 (/opt/ros/humble/share/ament_cmake/cmake)
[1.991s] -- Found Python3: /usr/bin/python3 (found version "3.10.12") found components: Interpreter 
[2.554s] -- Configuring incomplete, errors occurred!
[2.555s] See also "/home/devika/robo_ws/build/mycobot_moveit_config_manual_setup/CMakeFiles/CMakeOutput.log".
[2.555s] [31mCMake Error at /opt/ros/humble/share/ament_cmake_core/cmake/core/ament_package_xml.cmake:53 (message):
[2.555s]   ament_package_xml() package name 'mycobot_moveit_config_manual_setup' in
[2.555s]   '/package.xml' does not match current PROJECT_NAME
[2.555s]   'urdf_humble_test_moveit_config'.  You must call project() with the same
[2.556s]   package name before.
[2.556s] Call Stack (most recent call first):
[2.556s]   /opt/ros/humble/share/ament_cmake_core/cmake/core/ament_package.cmake:63 (ament_package_xml)
[2.556s]   CMakeLists.txt:6 (ament_package)
[2.556s] 
[2.556s] [0m
[2.563s] Invoked command in '/home/devika/robo_ws/build/mycobot_moveit_config_manual_setup' returned '1': CMAKE_PREFIX_PATH=${CMAKE_PREFIX_PATH}:/home/devika/ws_moveit2/install/moveit_configs_utils:/home/devika/ws_moveit2/install/launch_param_builder:/home/devika/robo_ws/install/perception_vision:/home/devika/robo_ws/install/cylinder_position_estimator:/opt/ros/humble /usr/bin/cmake /home/devika/robo_ws/src/urdf_humble_test_moveit_config -DCMAKE_INSTALL_PREFIX=/home/devika/robo_ws/install/mycobot_moveit_config_manual_setup
