[0.049s] Invoking command in '/home/devika/robo_ws/build/hello_moveit': CMAKE_PREFIX_PATH=${CMAKE_PREFIX_PATH}:/opt/ros/humble /usr/bin/cmake --build /home/devika/robo_ws/build/hello_moveit -- -j8 -l8
[0.539s] [35m[1mConsolidate compiler generated dependencies of target hello_moveit[0m
[0.901s] [ 50%] [32mBuilding CXX object CMakeFiles/hello_moveit.dir/src/hello_moveit_v1.cpp.o[0m
[16.639s] [100%] [32m[1mLinking CXX executable hello_moveit[0m
[17.766s] [100%] Built target hello_moveit
[17.797s] Invoked command in '/home/devika/robo_ws/build/hello_moveit' returned '0': CMAKE_PREFIX_PATH=${CMAKE_PREFIX_PATH}:/opt/ros/humble /usr/bin/cmake --build /home/devika/robo_ws/build/hello_moveit -- -j8 -l8
[17.805s] Invoking command in '/home/devika/robo_ws/build/hello_moveit': CMAKE_PREFIX_PATH=${CMAKE_PREFIX_PATH}:/opt/ros/humble /usr/bin/cmake --install /home/devika/robo_ws/build/hello_moveit
[17.819s] -- Install configuration: ""
[17.821s] -- Installing: /home/devika/robo_ws/install/hello_moveit/lib/hello_moveit/hello_moveit
[17.822s] -- Set runtime path of "/home/devika/robo_ws/install/hello_moveit/lib/hello_moveit/hello_moveit" to ""
[17.822s] -- Up-to-date: /home/devika/robo_ws/install/hello_moveit/share/ament_index/resource_index/package_run_dependencies/hello_moveit
[17.823s] -- Up-to-date: /home/devika/robo_ws/install/hello_moveit/share/ament_index/resource_index/parent_prefix_path/hello_moveit
[17.823s] -- Up-to-date: /home/devika/robo_ws/install/hello_moveit/share/hello_moveit/environment/ament_prefix_path.sh
[17.823s] -- Up-to-date: /home/devika/robo_ws/install/hello_moveit/share/hello_moveit/environment/ament_prefix_path.dsv
[17.823s] -- Up-to-date: /home/devika/robo_ws/install/hello_moveit/share/hello_moveit/environment/path.sh
[17.824s] -- Up-to-date: /home/devika/robo_ws/install/hello_moveit/share/hello_moveit/environment/path.dsv
[17.824s] -- Up-to-date: /home/devika/robo_ws/install/hello_moveit/share/hello_moveit/local_setup.bash
[17.824s] -- Up-to-date: /home/devika/robo_ws/install/hello_moveit/share/hello_moveit/local_setup.sh
[17.824s] -- Up-to-date: /home/devika/robo_ws/install/hello_moveit/share/hello_moveit/local_setup.zsh
[17.825s] -- Up-to-date: /home/devika/robo_ws/install/hello_moveit/share/hello_moveit/local_setup.dsv
[17.825s] -- Installing: /home/devika/robo_ws/install/hello_moveit/share/hello_moveit/package.dsv
[17.825s] -- Up-to-date: /home/devika/robo_ws/install/hello_moveit/share/ament_index/resource_index/packages/hello_moveit
[17.825s] -- Up-to-date: /home/devika/robo_ws/install/hello_moveit/share/hello_moveit/cmake/hello_moveitConfig.cmake
[17.826s] -- Up-to-date: /home/devika/robo_ws/install/hello_moveit/share/hello_moveit/cmake/hello_moveitConfig-version.cmake
[17.826s] -- Up-to-date: /home/devika/robo_ws/install/hello_moveit/share/hello_moveit/package.xml
[17.832s] Invoked command in '/home/devika/robo_ws/build/hello_moveit' returned '0': CMAKE_PREFIX_PATH=${CMAKE_PREFIX_PATH}:/opt/ros/humble /usr/bin/cmake --install /home/devika/robo_ws/build/hello_moveit
