[1.375s] Invoking command in '/home/devika/robo_ws/build/hello_moveit': CMAKE_PREFIX_PATH=${CMAKE_PREFIX_PATH}:/home/devika/robo_ws/install/perception_vision:/home/devika/robo_ws/install/cylinder_position_estimator:/home/devika/ws_moveit2/install/moveit_configs_utils:/home/devika/ws_moveit2/install/launch_param_builder:/opt/ros/humble /usr/bin/cmake --build /home/devika/robo_ws/build/hello_moveit -- -j8 -l8
[2.285s] [ 50%] Built target hello_moveit
[2.285s] [100%] Built target plan_around_objects
[2.364s] Invoked command in '/home/devika/robo_ws/build/hello_moveit' returned '0': CMAKE_PREFIX_PATH=${CMAKE_PREFIX_PATH}:/home/devika/robo_ws/install/perception_vision:/home/devika/robo_ws/install/cylinder_position_estimator:/home/devika/ws_moveit2/install/moveit_configs_utils:/home/devika/ws_moveit2/install/launch_param_builder:/opt/ros/humble /usr/bin/cmake --build /home/devika/robo_ws/build/hello_moveit -- -j8 -l8
[2.365s] Invoking command in '/home/devika/robo_ws/build/hello_moveit': CMAKE_PREFIX_PATH=${CMAKE_PREFIX_PATH}:/home/devika/robo_ws/install/perception_vision:/home/devika/robo_ws/install/cylinder_position_estimator:/home/devika/ws_moveit2/install/moveit_configs_utils:/home/devika/ws_moveit2/install/launch_param_builder:/opt/ros/humble /usr/bin/cmake --install /home/devika/robo_ws/build/hello_moveit
[2.606s] -- Install configuration: ""
[2.608s] -- Up-to-date: /home/devika/robo_ws/install/hello_moveit/lib/hello_moveit/hello_moveit
[2.615s] -- Up-to-date: /home/devika/robo_ws/install/hello_moveit/lib/hello_moveit/plan_around_objects
[2.616s] -- Up-to-date: /home/devika/robo_ws/install/hello_moveit/share/hello_moveit/launch
[2.617s] -- Up-to-date: /home/devika/robo_ws/install/hello_moveit/share/hello_moveit/launch/plan_around_objects.launch.py
[2.617s] -- Up-to-date: /home/devika/robo_ws/install/hello_moveit/share/hello_moveit/launch/hello.launch.py
[2.618s] -- Up-to-date: /home/devika/robo_ws/install/hello_moveit/share/ament_index/resource_index/package_run_dependencies/hello_moveit
[2.621s] -- Up-to-date: /home/devika/robo_ws/install/hello_moveit/share/ament_index/resource_index/parent_prefix_path/hello_moveit
[2.622s] -- Up-to-date: /home/devika/robo_ws/install/hello_moveit/share/hello_moveit/environment/ament_prefix_path.sh
[2.645s] -- Up-to-date: /home/devika/robo_ws/install/hello_moveit/share/hello_moveit/environment/ament_prefix_path.dsv
[2.646s] -- Up-to-date: /home/devika/robo_ws/install/hello_moveit/share/hello_moveit/environment/path.sh
[2.652s] -- Up-to-date: /home/devika/robo_ws/install/hello_moveit/share/hello_moveit/environment/path.dsv
[2.653s] -- Up-to-date: /home/devika/robo_ws/install/hello_moveit/share/hello_moveit/local_setup.bash
[2.653s] -- Up-to-date: /home/devika/robo_ws/install/hello_moveit/share/hello_moveit/local_setup.sh
[2.653s] -- Up-to-date: /home/devika/robo_ws/install/hello_moveit/share/hello_moveit/local_setup.zsh
[2.653s] -- Up-to-date: /home/devika/robo_ws/install/hello_moveit/share/hello_moveit/local_setup.dsv
[2.653s] -- Installing: /home/devika/robo_ws/install/hello_moveit/share/hello_moveit/package.dsv
[2.659s] -- Up-to-date: /home/devika/robo_ws/install/hello_moveit/share/ament_index/resource_index/packages/hello_moveit
[2.660s] -- Up-to-date: /home/devika/robo_ws/install/hello_moveit/share/hello_moveit/cmake/hello_moveitConfig.cmake
[2.660s] -- Up-to-date: /home/devika/robo_ws/install/hello_moveit/share/hello_moveit/cmake/hello_moveitConfig-version.cmake
[2.660s] -- Up-to-date: /home/devika/robo_ws/install/hello_moveit/share/hello_moveit/package.xml
[2.887s] Invoked command in '/home/devika/robo_ws/build/hello_moveit' returned '0': CMAKE_PREFIX_PATH=${CMAKE_PREFIX_PATH}:/home/devika/robo_ws/install/perception_vision:/home/devika/robo_ws/install/cylinder_position_estimator:/home/devika/ws_moveit2/install/moveit_configs_utils:/home/devika/ws_moveit2/install/launch_param_builder:/opt/ros/humble /usr/bin/cmake --install /home/devika/robo_ws/build/hello_moveit
