[0.068s] Invoking command in '/home/devika/robo_ws/build/moveit_task_constructor_demo': CMAKE_MODULE_PATH=/home/devika/robo_ws/install/moveit_task_constructor_core/share/moveit_task_constructor_core/cmake:/home/devika/robo_ws/install/warehouse_ros_mongo/share/warehouse_ros_mongo/cmake CMAKE_PREFIX_PATH=/home/devika/robo_ws/install/moveit_task_constructor_capabilities:/home/devika/robo_ws/install/moveit_task_constructor_core:/home/devika/robo_ws/install/rviz_marker_tools:/home/devika/robo_ws/install/moveit_task_constructor_msgs:/home/devika/robo_ws/install/urdf_humble_test_moveit_config:/home/devika/robo_ws/install/warehouse_ros_mongo:/home/devika/robo_ws/install/urdf_humble_test:/home/devika/robo_ws/install/moveit_task_constructor_visualization:/home/devika/robo_ws/install/moveit_task_constructor_demo:/home/devika/robo_ws/install/hello_moveit_task_constructor:/home/devika/robo_ws/install/hello_moveit:/home/devika/robo_ws/install/gazebo_ros2_control:/home/devika/manga_ws/install/urdf_humble_test_moveit_config:/home/devika/manga_ws/install/urdf_humble_test:/home/devika/manga_ws/install/hello_moveit:/home/devika/some_ws/install/motoman_hc10_support:/home/devika/some_ws/install/motoman_resources:/home/devika/some_ws/install/hello_moveit:/home/devika/some_ws/install/hc20_sim_moveit_config:/home/devika/some_ws/install/hc20_moveit_config:/home/devika/some_ws/install/hc10_movit2v3:/home/devika/some_ws/install/hc10dt_moveit_config:/home/devika/robo_ws/install/perception_vision:/home/devika/robo_ws/install/cylinder_position_estimator:/opt/ros/humble LD_LIBRARY_PATH=/home/devika/robo_ws/install/moveit_task_constructor_capabilities/lib:/home/devika/robo_ws/install/moveit_task_constructor_core/lib:/home/devika/robo_ws/install/rviz_marker_tools/lib:/home/devika/robo_ws/install/moveit_task_constructor_msgs/lib:/home/devika/robo_ws/install/warehouse_ros_mongo/lib:/home/devika/robo_ws/install/moveit_task_constructor_visualization/lib:/home/devika/robo_ws/install/moveit_task_constructor_demo/lib:/home/devika/robo_ws/install/hello_moveit_task_constructor/lib:/home/devika/robo_ws/install/gazebo_ros2_control/lib:/usr/lib/x86_64-linux-gnu/gazebo-11/plugins:/opt/ros/humble/opt/rviz_ogre_vendor/lib:/opt/ros/humble/lib/x86_64-linux-gnu:/opt/ros/humble/lib /usr/bin/cmake --build /home/devika/robo_ws/build/moveit_task_constructor_demo -- -j8 -l8
[0.224s] [ 11%] Built target pick_place_demo_parameters
[0.271s] [ 22%] Built target moveit_task_constructor_demo_cartesian
[0.276s] [ 33%] Built target moveit_task_constructor_demo_alternative_path_costs
[0.280s] [ 44%] Built target moveit_task_constructor_demo_modular
[0.324s] [ 55%] Built target moveit_task_constructor_demo_fallbacks_move_to
[0.334s] [ 66%] Built target ik_clearance_cost_parameters
[0.366s] [ 77%] Built target moveit_task_constructor_demo_pick_place_task
[0.417s] [ 88%] Built target moveit_task_constructor_demo_ik_clearance_cost
[0.447s] [100%] Built target moveit_task_constructor_demo_pick_place_demo
[0.478s] Invoked command in '/home/devika/robo_ws/build/moveit_task_constructor_demo' returned '0': CMAKE_MODULE_PATH=/home/devika/robo_ws/install/moveit_task_constructor_core/share/moveit_task_constructor_core/cmake:/home/devika/robo_ws/install/warehouse_ros_mongo/share/warehouse_ros_mongo/cmake CMAKE_PREFIX_PATH=/home/devika/robo_ws/install/moveit_task_constructor_capabilities:/home/devika/robo_ws/install/moveit_task_constructor_core:/home/devika/robo_ws/install/rviz_marker_tools:/home/devika/robo_ws/install/moveit_task_constructor_msgs:/home/devika/robo_ws/install/urdf_humble_test_moveit_config:/home/devika/robo_ws/install/warehouse_ros_mongo:/home/devika/robo_ws/install/urdf_humble_test:/home/devika/robo_ws/install/moveit_task_constructor_visualization:/home/devika/robo_ws/install/moveit_task_constructor_demo:/home/devika/robo_ws/install/hello_moveit_task_constructor:/home/devika/robo_ws/install/hello_moveit:/home/devika/robo_ws/install/gazebo_ros2_control:/home/devika/manga_ws/install/urdf_humble_test_moveit_config:/home/devika/manga_ws/install/urdf_humble_test:/home/devika/manga_ws/install/hello_moveit:/home/devika/some_ws/install/motoman_hc10_support:/home/devika/some_ws/install/motoman_resources:/home/devika/some_ws/install/hello_moveit:/home/devika/some_ws/install/hc20_sim_moveit_config:/home/devika/some_ws/install/hc20_moveit_config:/home/devika/some_ws/install/hc10_movit2v3:/home/devika/some_ws/install/hc10dt_moveit_config:/home/devika/robo_ws/install/perception_vision:/home/devika/robo_ws/install/cylinder_position_estimator:/opt/ros/humble LD_LIBRARY_PATH=/home/devika/robo_ws/install/moveit_task_constructor_capabilities/lib:/home/devika/robo_ws/install/moveit_task_constructor_core/lib:/home/devika/robo_ws/install/rviz_marker_tools/lib:/home/devika/robo_ws/install/moveit_task_constructor_msgs/lib:/home/devika/robo_ws/install/warehouse_ros_mongo/lib:/home/devika/robo_ws/install/moveit_task_constructor_visualization/lib:/home/devika/robo_ws/install/moveit_task_constructor_demo/lib:/home/devika/robo_ws/install/hello_moveit_task_constructor/lib:/home/devika/robo_ws/install/gazebo_ros2_control/lib:/usr/lib/x86_64-linux-gnu/gazebo-11/plugins:/opt/ros/humble/opt/rviz_ogre_vendor/lib:/opt/ros/humble/lib/x86_64-linux-gnu:/opt/ros/humble/lib /usr/bin/cmake --build /home/devika/robo_ws/build/moveit_task_constructor_demo -- -j8 -l8
[0.482s] Invoking command in '/home/devika/robo_ws/build/moveit_task_constructor_demo': CMAKE_MODULE_PATH=/home/devika/robo_ws/install/moveit_task_constructor_core/share/moveit_task_constructor_core/cmake:/home/devika/robo_ws/install/warehouse_ros_mongo/share/warehouse_ros_mongo/cmake CMAKE_PREFIX_PATH=/home/devika/robo_ws/install/moveit_task_constructor_capabilities:/home/devika/robo_ws/install/moveit_task_constructor_core:/home/devika/robo_ws/install/rviz_marker_tools:/home/devika/robo_ws/install/moveit_task_constructor_msgs:/home/devika/robo_ws/install/urdf_humble_test_moveit_config:/home/devika/robo_ws/install/warehouse_ros_mongo:/home/devika/robo_ws/install/urdf_humble_test:/home/devika/robo_ws/install/moveit_task_constructor_visualization:/home/devika/robo_ws/install/moveit_task_constructor_demo:/home/devika/robo_ws/install/hello_moveit_task_constructor:/home/devika/robo_ws/install/hello_moveit:/home/devika/robo_ws/install/gazebo_ros2_control:/home/devika/manga_ws/install/urdf_humble_test_moveit_config:/home/devika/manga_ws/install/urdf_humble_test:/home/devika/manga_ws/install/hello_moveit:/home/devika/some_ws/install/motoman_hc10_support:/home/devika/some_ws/install/motoman_resources:/home/devika/some_ws/install/hello_moveit:/home/devika/some_ws/install/hc20_sim_moveit_config:/home/devika/some_ws/install/hc20_moveit_config:/home/devika/some_ws/install/hc10_movit2v3:/home/devika/some_ws/install/hc10dt_moveit_config:/home/devika/robo_ws/install/perception_vision:/home/devika/robo_ws/install/cylinder_position_estimator:/opt/ros/humble LD_LIBRARY_PATH=/home/devika/robo_ws/install/moveit_task_constructor_capabilities/lib:/home/devika/robo_ws/install/moveit_task_constructor_core/lib:/home/devika/robo_ws/install/rviz_marker_tools/lib:/home/devika/robo_ws/install/moveit_task_constructor_msgs/lib:/home/devika/robo_ws/install/warehouse_ros_mongo/lib:/home/devika/robo_ws/install/moveit_task_constructor_visualization/lib:/home/devika/robo_ws/install/moveit_task_constructor_demo/lib:/home/devika/robo_ws/install/hello_moveit_task_constructor/lib:/home/devika/robo_ws/install/gazebo_ros2_control/lib:/usr/lib/x86_64-linux-gnu/gazebo-11/plugins:/opt/ros/humble/opt/rviz_ogre_vendor/lib:/opt/ros/humble/lib/x86_64-linux-gnu:/opt/ros/humble/lib /usr/bin/cmake --install /home/devika/robo_ws/build/moveit_task_constructor_demo
[0.510s] -- Install configuration: "Release"
[0.510s] -- Up-to-date: /home/devika/robo_ws/install/moveit_task_constructor_demo/lib/libmoveit_task_constructor_demo_pick_place_task.so
[0.512s] -- Up-to-date: /home/devika/robo_ws/install/moveit_task_constructor_demo/lib/moveit_task_constructor_demo/cartesian
[0.512s] -- Up-to-date: /home/devika/robo_ws/install/moveit_task_constructor_demo/lib/moveit_task_constructor_demo/modular
[0.513s] -- Up-to-date: /home/devika/robo_ws/install/moveit_task_constructor_demo/lib/moveit_task_constructor_demo/alternative_path_costs
[0.516s] -- Up-to-date: /home/devika/robo_ws/install/moveit_task_constructor_demo/include/moveit_task_constructor_demo
[0.516s] -- Up-to-date: /home/devika/robo_ws/install/moveit_task_constructor_demo/include/moveit_task_constructor_demo/ik_clearance_cost_parameters.hpp
[0.517s] -- Up-to-date: /home/devika/robo_ws/install/moveit_task_constructor_demo/include/moveit_task_constructor_demo/pick_place_demo_parameters.hpp
[0.517s] -- Up-to-date: /home/devika/robo_ws/install/moveit_task_constructor_demo/lib/moveit_task_constructor_demo/ik_clearance_cost
[0.517s] -- Up-to-date: /home/devika/robo_ws/install/moveit_task_constructor_demo/lib/moveit_task_constructor_demo/fallbacks_move_to
[0.517s] -- Up-to-date: /home/devika/robo_ws/install/moveit_task_constructor_demo/include/moveit_task_constructor_demo
[0.517s] -- Up-to-date: /home/devika/robo_ws/install/moveit_task_constructor_demo/include/moveit_task_constructor_demo/ik_clearance_cost_parameters.hpp
[0.517s] -- Up-to-date: /home/devika/robo_ws/install/moveit_task_constructor_demo/include/moveit_task_constructor_demo/pick_place_demo_parameters.hpp
[0.518s] -- Up-to-date: /home/devika/robo_ws/install/moveit_task_constructor_demo/lib/moveit_task_constructor_demo/pick_place_demo
[0.518s] -- Up-to-date: /home/devika/robo_ws/install/moveit_task_constructor_demo/lib/moveit_task_constructor_demo/alternatives.py
[0.518s] -- Up-to-date: /home/devika/robo_ws/install/moveit_task_constructor_demo/lib/moveit_task_constructor_demo/cartesian.py
[0.518s] -- Up-to-date: /home/devika/robo_ws/install/moveit_task_constructor_demo/lib/moveit_task_constructor_demo/compute_ik.py
[0.518s] -- Up-to-date: /home/devika/robo_ws/install/moveit_task_constructor_demo/lib/moveit_task_constructor_demo/constrained.py
[0.519s] -- Up-to-date: /home/devika/robo_ws/install/moveit_task_constructor_demo/lib/moveit_task_constructor_demo/current_state.py
[0.519s] -- Up-to-date: /home/devika/robo_ws/install/moveit_task_constructor_demo/lib/moveit_task_constructor_demo/fallbacks.py
[0.519s] -- Up-to-date: /home/devika/robo_ws/install/moveit_task_constructor_demo/lib/moveit_task_constructor_demo/fix_collision_objects.py
[0.519s] -- Up-to-date: /home/devika/robo_ws/install/moveit_task_constructor_demo/lib/moveit_task_constructor_demo/fixed_state.py
[0.519s] -- Up-to-date: /home/devika/robo_ws/install/moveit_task_constructor_demo/lib/moveit_task_constructor_demo/generate_pose.py
[0.520s] -- Up-to-date: /home/devika/robo_ws/install/moveit_task_constructor_demo/lib/moveit_task_constructor_demo/merger.py
[0.520s] -- Up-to-date: /home/devika/robo_ws/install/moveit_task_constructor_demo/lib/moveit_task_constructor_demo/modify_planning_scene.py
[0.520s] -- Up-to-date: /home/devika/robo_ws/install/moveit_task_constructor_demo/lib/moveit_task_constructor_demo/multi_planner.py
[0.520s] -- Up-to-date: /home/devika/robo_ws/install/moveit_task_constructor_demo/lib/moveit_task_constructor_demo/pickplace.py
[0.520s] -- Up-to-date: /home/devika/robo_ws/install/moveit_task_constructor_demo/lib/moveit_task_constructor_demo/properties.py
[0.520s] -- Up-to-date: /home/devika/robo_ws/install/moveit_task_constructor_demo/share/moveit_task_constructor_demo/launch
[0.521s] -- Up-to-date: /home/devika/robo_ws/install/moveit_task_constructor_demo/share/moveit_task_constructor_demo/launch/run.launch.py
[0.521s] -- Up-to-date: /home/devika/robo_ws/install/moveit_task_constructor_demo/share/moveit_task_constructor_demo/launch/demo.launch.py
[0.521s] -- Up-to-date: /home/devika/robo_ws/install/moveit_task_constructor_demo/share/moveit_task_constructor_demo/config
[0.521s] -- Up-to-date: /home/devika/robo_ws/install/moveit_task_constructor_demo/share/moveit_task_constructor_demo/config/panda_config.yaml
[0.521s] -- Up-to-date: /home/devika/robo_ws/install/moveit_task_constructor_demo/share/moveit_task_constructor_demo/config/mtc.rviz
[0.522s] -- Up-to-date: /home/devika/robo_ws/install/moveit_task_constructor_demo/share/ament_index/resource_index/package_run_dependencies/moveit_task_constructor_demo
[0.522s] -- Up-to-date: /home/devika/robo_ws/install/moveit_task_constructor_demo/share/ament_index/resource_index/parent_prefix_path/moveit_task_constructor_demo
[0.522s] -- Up-to-date: /home/devika/robo_ws/install/moveit_task_constructor_demo/share/moveit_task_constructor_demo/environment/ament_prefix_path.sh
[0.522s] -- Up-to-date: /home/devika/robo_ws/install/moveit_task_constructor_demo/share/moveit_task_constructor_demo/environment/ament_prefix_path.dsv
[0.522s] -- Up-to-date: /home/devika/robo_ws/install/moveit_task_constructor_demo/share/moveit_task_constructor_demo/environment/path.sh
[0.522s] -- Up-to-date: /home/devika/robo_ws/install/moveit_task_constructor_demo/share/moveit_task_constructor_demo/environment/path.dsv
[0.523s] -- Up-to-date: /home/devika/robo_ws/install/moveit_task_constructor_demo/share/moveit_task_constructor_demo/local_setup.bash
[0.523s] -- Up-to-date: /home/devika/robo_ws/install/moveit_task_constructor_demo/share/moveit_task_constructor_demo/local_setup.sh
[0.523s] -- Up-to-date: /home/devika/robo_ws/install/moveit_task_constructor_demo/share/moveit_task_constructor_demo/local_setup.zsh
[0.523s] -- Up-to-date: /home/devika/robo_ws/install/moveit_task_constructor_demo/share/moveit_task_constructor_demo/local_setup.dsv
[0.523s] -- Installing: /home/devika/robo_ws/install/moveit_task_constructor_demo/share/moveit_task_constructor_demo/package.dsv
[0.523s] -- Up-to-date: /home/devika/robo_ws/install/moveit_task_constructor_demo/share/ament_index/resource_index/packages/moveit_task_constructor_demo
[0.523s] -- Up-to-date: /home/devika/robo_ws/install/moveit_task_constructor_demo/share/moveit_task_constructor_demo/cmake/moveit_task_constructor_demoConfig.cmake
[0.524s] -- Up-to-date: /home/devika/robo_ws/install/moveit_task_constructor_demo/share/moveit_task_constructor_demo/cmake/moveit_task_constructor_demoConfig-version.cmake
[0.524s] -- Up-to-date: /home/devika/robo_ws/install/moveit_task_constructor_demo/share/moveit_task_constructor_demo/package.xml
[0.532s] Invoked command in '/home/devika/robo_ws/build/moveit_task_constructor_demo' returned '0': CMAKE_MODULE_PATH=/home/devika/robo_ws/install/moveit_task_constructor_core/share/moveit_task_constructor_core/cmake:/home/devika/robo_ws/install/warehouse_ros_mongo/share/warehouse_ros_mongo/cmake CMAKE_PREFIX_PATH=/home/devika/robo_ws/install/moveit_task_constructor_capabilities:/home/devika/robo_ws/install/moveit_task_constructor_core:/home/devika/robo_ws/install/rviz_marker_tools:/home/devika/robo_ws/install/moveit_task_constructor_msgs:/home/devika/robo_ws/install/urdf_humble_test_moveit_config:/home/devika/robo_ws/install/warehouse_ros_mongo:/home/devika/robo_ws/install/urdf_humble_test:/home/devika/robo_ws/install/moveit_task_constructor_visualization:/home/devika/robo_ws/install/moveit_task_constructor_demo:/home/devika/robo_ws/install/hello_moveit_task_constructor:/home/devika/robo_ws/install/hello_moveit:/home/devika/robo_ws/install/gazebo_ros2_control:/home/devika/manga_ws/install/urdf_humble_test_moveit_config:/home/devika/manga_ws/install/urdf_humble_test:/home/devika/manga_ws/install/hello_moveit:/home/devika/some_ws/install/motoman_hc10_support:/home/devika/some_ws/install/motoman_resources:/home/devika/some_ws/install/hello_moveit:/home/devika/some_ws/install/hc20_sim_moveit_config:/home/devika/some_ws/install/hc20_moveit_config:/home/devika/some_ws/install/hc10_movit2v3:/home/devika/some_ws/install/hc10dt_moveit_config:/home/devika/robo_ws/install/perception_vision:/home/devika/robo_ws/install/cylinder_position_estimator:/opt/ros/humble LD_LIBRARY_PATH=/home/devika/robo_ws/install/moveit_task_constructor_capabilities/lib:/home/devika/robo_ws/install/moveit_task_constructor_core/lib:/home/devika/robo_ws/install/rviz_marker_tools/lib:/home/devika/robo_ws/install/moveit_task_constructor_msgs/lib:/home/devika/robo_ws/install/warehouse_ros_mongo/lib:/home/devika/robo_ws/install/moveit_task_constructor_visualization/lib:/home/devika/robo_ws/install/moveit_task_constructor_demo/lib:/home/devika/robo_ws/install/hello_moveit_task_constructor/lib:/home/devika/robo_ws/install/gazebo_ros2_control/lib:/usr/lib/x86_64-linux-gnu/gazebo-11/plugins:/opt/ros/humble/opt/rviz_ogre_vendor/lib:/opt/ros/humble/lib/x86_64-linux-gnu:/opt/ros/humble/lib /usr/bin/cmake --install /home/devika/robo_ws/build/moveit_task_constructor_demo
