[0.105s] Invoking command in '/home/devika/robo_ws/build/rviz_marker_tools': CMAKE_PREFIX_PATH=${CMAKE_PREFIX_PATH}:/home/devika/robo_ws/install/perception_vision:/home/devika/robo_ws/install/cylinder_position_estimator:/opt/ros/humble /usr/bin/cmake --build /home/devika/robo_ws/build/rviz_marker_tools -- -j8 -l8
[0.934s] [100%] Built target rviz_marker_tools
[1.581s] Invoked command in '/home/devika/robo_ws/build/rviz_marker_tools' returned '0': CMAKE_PREFIX_PATH=${CMAKE_PREFIX_PATH}:/home/devika/robo_ws/install/perception_vision:/home/devika/robo_ws/install/cylinder_position_estimator:/opt/ros/humble /usr/bin/cmake --build /home/devika/robo_ws/build/rviz_marker_tools -- -j8 -l8
[1.585s] Invoking command in '/home/devika/robo_ws/build/rviz_marker_tools': CMAKE_PREFIX_PATH=${CMAKE_PREFIX_PATH}:/home/devika/robo_ws/install/perception_vision:/home/devika/robo_ws/install/cylinder_position_estimator:/opt/ros/humble /usr/bin/cmake --install /home/devika/robo_ws/build/rviz_marker_tools
[1.624s] -- Install configuration: "Release"
[1.625s] -- Up-to-date: /home/devika/robo_ws/install/rviz_marker_tools/include
[1.625s] -- Up-to-date: /home/devika/robo_ws/install/rviz_marker_tools/include/rviz_marker_tools
[1.625s] -- Up-to-date: /home/devika/robo_ws/install/rviz_marker_tools/include/rviz_marker_tools/marker_creation.h
[1.626s] -- Up-to-date: /home/devika/robo_ws/install/rviz_marker_tools/lib/librviz_marker_tools.so
[1.627s] -- Up-to-date: /home/devika/robo_ws/install/rviz_marker_tools/share/rviz_marker_tools/environment/library_path.sh
[1.627s] -- Up-to-date: /home/devika/robo_ws/install/rviz_marker_tools/share/rviz_marker_tools/environment/library_path.dsv
[1.627s] -- Up-to-date: /home/devika/robo_ws/install/rviz_marker_tools/share/ament_index/resource_index/package_run_dependencies/rviz_marker_tools
[1.627s] -- Up-to-date: /home/devika/robo_ws/install/rviz_marker_tools/share/ament_index/resource_index/parent_prefix_path/rviz_marker_tools
[1.627s] -- Up-to-date: /home/devika/robo_ws/install/rviz_marker_tools/share/rviz_marker_tools/environment/ament_prefix_path.sh
[1.628s] -- Up-to-date: /home/devika/robo_ws/install/rviz_marker_tools/share/rviz_marker_tools/environment/ament_prefix_path.dsv
[1.628s] -- Up-to-date: /home/devika/robo_ws/install/rviz_marker_tools/share/rviz_marker_tools/environment/path.sh
[1.628s] -- Up-to-date: /home/devika/robo_ws/install/rviz_marker_tools/share/rviz_marker_tools/environment/path.dsv
[1.628s] -- Up-to-date: /home/devika/robo_ws/install/rviz_marker_tools/share/rviz_marker_tools/local_setup.bash
[1.632s] -- Up-to-date: /home/devika/robo_ws/install/rviz_marker_tools/share/rviz_marker_tools/local_setup.sh
[1.633s] -- Up-to-date: /home/devika/robo_ws/install/rviz_marker_tools/share/rviz_marker_tools/local_setup.zsh
[1.633s] -- Up-to-date: /home/devika/robo_ws/install/rviz_marker_tools/share/rviz_marker_tools/local_setup.dsv
[1.636s] -- Installing: /home/devika/robo_ws/install/rviz_marker_tools/share/rviz_marker_tools/package.dsv
[1.637s] -- Up-to-date: /home/devika/robo_ws/install/rviz_marker_tools/share/ament_index/resource_index/packages/rviz_marker_tools
[1.637s] -- Up-to-date: /home/devika/robo_ws/install/rviz_marker_tools/share/rviz_marker_tools/cmake/rviz_marker_toolsTargetsExport.cmake
[1.637s] -- Up-to-date: /home/devika/robo_ws/install/rviz_marker_tools/share/rviz_marker_tools/cmake/rviz_marker_toolsTargetsExport-release.cmake
[1.638s] -- Up-to-date: /home/devika/robo_ws/install/rviz_marker_tools/share/rviz_marker_tools/cmake/ament_cmake_export_targets-extras.cmake
[1.639s] -- Up-to-date: /home/devika/robo_ws/install/rviz_marker_tools/share/rviz_marker_tools/cmake/ament_cmake_export_dependencies-extras.cmake
[1.639s] -- Up-to-date: /home/devika/robo_ws/install/rviz_marker_tools/share/rviz_marker_tools/cmake/rviz_marker_toolsConfig.cmake
[1.639s] -- Up-to-date: /home/devika/robo_ws/install/rviz_marker_tools/share/rviz_marker_tools/cmake/rviz_marker_toolsConfig-version.cmake
[1.639s] -- Up-to-date: /home/devika/robo_ws/install/rviz_marker_tools/share/rviz_marker_tools/package.xml
[1.785s] Invoked command in '/home/devika/robo_ws/build/rviz_marker_tools' returned '0': CMAKE_PREFIX_PATH=${CMAKE_PREFIX_PATH}:/home/devika/robo_ws/install/perception_vision:/home/devika/robo_ws/install/cylinder_position_estimator:/opt/ros/humble /usr/bin/cmake --install /home/devika/robo_ws/build/rviz_marker_tools
