[0.523s] Invoking command in '/home/devika/robo_ws/build/hello_moveit': CMAKE_PREFIX_PATH=${CMAKE_PREFIX_PATH}:/home/devika/robo_ws/install/perception_vision:/home/devika/robo_ws/install/cylinder_position_estimator:/opt/ros/humble /usr/bin/cmake --build /home/devika/robo_ws/build/hello_moveit
[0.769s] [35m[1mConsolidate compiler generated dependencies of target hello_moveit[0m
[0.914s] [100%] Built target hello_moveit
[1.025s] Invoked command in '/home/devika/robo_ws/build/hello_moveit' returned '0': CMAKE_PREFIX_PATH=${CMAKE_PREFIX_PATH}:/home/devika/robo_ws/install/perception_vision:/home/devika/robo_ws/install/cylinder_position_estimator:/opt/ros/humble /usr/bin/cmake --build /home/devika/robo_ws/build/hello_moveit
[1.029s] Invoking command in '/home/devika/robo_ws/build/hello_moveit': CMAKE_PREFIX_PATH=${CMAKE_PREFIX_PATH}:/home/devika/robo_ws/install/perception_vision:/home/devika/robo_ws/install/cylinder_position_estimator:/opt/ros/humble /usr/bin/cmake --install /home/devika/robo_ws/build/hello_moveit
[1.052s] -- Install configuration: ""
[1.055s] -- Up-to-date: /home/devika/robo_ws/install/hello_moveit/share/hello_moveit/launch
[1.057s] -- Up-to-date: /home/devika/robo_ws/install/hello_moveit/share/hello_moveit/launch/hello.launch.py
[1.062s] -- Up-to-date: /home/devika/robo_ws/install/hello_moveit/lib/hello_moveit/hello_moveit
[1.063s] -- Up-to-date: /home/devika/robo_ws/install/hello_moveit/share/ament_index/resource_index/package_run_dependencies/hello_moveit
[1.064s] -- Up-to-date: /home/devika/robo_ws/install/hello_moveit/share/ament_index/resource_index/parent_prefix_path/hello_moveit
[1.065s] -- Up-to-date: /home/devika/robo_ws/install/hello_moveit/share/hello_moveit/environment/ament_prefix_path.sh
[1.065s] -- Up-to-date: /home/devika/robo_ws/install/hello_moveit/share/hello_moveit/environment/ament_prefix_path.dsv
[1.066s] -- Up-to-date: /home/devika/robo_ws/install/hello_moveit/share/hello_moveit/environment/path.sh
[1.067s] -- Up-to-date: /home/devika/robo_ws/install/hello_moveit/share/hello_moveit/environment/path.dsv
[1.067s] -- Up-to-date: /home/devika/robo_ws/install/hello_moveit/share/hello_moveit/local_setup.bash
[1.068s] -- Up-to-date: /home/devika/robo_ws/install/hello_moveit/share/hello_moveit/local_setup.sh
[1.068s] -- Up-to-date: /home/devika/robo_ws/install/hello_moveit/share/hello_moveit/local_setup.zsh
[1.068s] -- Up-to-date: /home/devika/robo_ws/install/hello_moveit/share/hello_moveit/local_setup.dsv
[1.068s] -- Installing: /home/devika/robo_ws/install/hello_moveit/share/hello_moveit/package.dsv
[1.071s] -- Up-to-date: /home/devika/robo_ws/install/hello_moveit/share/ament_index/resource_index/packages/hello_moveit
[1.072s] -- Up-to-date: /home/devika/robo_ws/install/hello_moveit/share/hello_moveit/cmake/hello_moveitConfig.cmake
[1.072s] -- Up-to-date: /home/devika/robo_ws/install/hello_moveit/share/hello_moveit/cmake/hello_moveitConfig-version.cmake
[1.072s] -- Up-to-date: /home/devika/robo_ws/install/hello_moveit/share/hello_moveit/package.xml
[1.080s] Invoked command in '/home/devika/robo_ws/build/hello_moveit' returned '0': CMAKE_PREFIX_PATH=${CMAKE_PREFIX_PATH}:/home/devika/robo_ws/install/perception_vision:/home/devika/robo_ws/install/cylinder_position_estimator:/opt/ros/humble /usr/bin/cmake --install /home/devika/robo_ws/build/hello_moveit
