[0.310s] Invoking command in '/home/devika/robo_ws/build/gazebo_ros2_control': CMAKE_PREFIX_PATH=${CMAKE_PREFIX_PATH}:/home/devika/robo_ws/install/perception_vision:/home/devika/robo_ws/install/cylinder_position_estimator:/home/devika/ws_moveit2/install/moveit_configs_utils:/home/devika/ws_moveit2/install/launch_param_builder:/opt/ros/humble /usr/bin/cmake --build /home/devika/robo_ws/build/gazebo_ros2_control -- -j8 -l8
[3.377s] [ 50%] Built target gazebo_ros2_control
[3.381s] [100%] Built target gazebo_hardware_plugins
[3.425s] Invoked command in '/home/devika/robo_ws/build/gazebo_ros2_control' returned '0': CMAKE_PREFIX_PATH=${CMAKE_PREFIX_PATH}:/home/devika/robo_ws/install/perception_vision:/home/devika/robo_ws/install/cylinder_position_estimator:/home/devika/ws_moveit2/install/moveit_configs_utils:/home/devika/ws_moveit2/install/launch_param_builder:/opt/ros/humble /usr/bin/cmake --build /home/devika/robo_ws/build/gazebo_ros2_control -- -j8 -l8
[3.483s] Invoking command in '/home/devika/robo_ws/build/gazebo_ros2_control': CMAKE_PREFIX_PATH=${CMAKE_PREFIX_PATH}:/home/devika/robo_ws/install/perception_vision:/home/devika/robo_ws/install/cylinder_position_estimator:/home/devika/ws_moveit2/install/moveit_configs_utils:/home/devika/ws_moveit2/install/launch_param_builder:/opt/ros/humble /usr/bin/cmake --install /home/devika/robo_ws/build/gazebo_ros2_control
[3.580s] -- Install configuration: ""
[3.581s] -- Up-to-date: /home/devika/robo_ws/install/gazebo_ros2_control/lib/libgazebo_ros2_control.so
[3.590s] -- Up-to-date: /home/devika/robo_ws/install/gazebo_ros2_control/lib/libgazebo_hardware_plugins.so
[3.595s] -- Up-to-date: /home/devika/robo_ws/install/gazebo_ros2_control/share/gazebo_ros2_control/environment/library_path.sh
[3.595s] -- Up-to-date: /home/devika/robo_ws/install/gazebo_ros2_control/share/gazebo_ros2_control/environment/library_path.dsv
[3.595s] -- Up-to-date: /home/devika/robo_ws/install/gazebo_ros2_control/include/gazebo_ros2_control
[3.595s] -- Up-to-date: /home/devika/robo_ws/install/gazebo_ros2_control/include/gazebo_ros2_control/gazebo_ros2_control_plugin.hpp
[3.596s] -- Up-to-date: /home/devika/robo_ws/install/gazebo_ros2_control/include/gazebo_ros2_control/gazebo_system.hpp
[3.596s] -- Up-to-date: /home/devika/robo_ws/install/gazebo_ros2_control/include/gazebo_ros2_control/gazebo_system_interface.hpp
[3.596s] -- Up-to-date: /home/devika/robo_ws/install/gazebo_ros2_control/share/gazebo_ros2_control/gazebo_hardware_plugins.xml
[3.597s] -- Up-to-date: /home/devika/robo_ws/install/gazebo_ros2_control/share/ament_index/resource_index/package_run_dependencies/gazebo_ros2_control
[3.599s] -- Up-to-date: /home/devika/robo_ws/install/gazebo_ros2_control/share/ament_index/resource_index/parent_prefix_path/gazebo_ros2_control
[3.600s] -- Up-to-date: /home/devika/robo_ws/install/gazebo_ros2_control/share/gazebo_ros2_control/environment/ament_prefix_path.sh
[3.602s] -- Up-to-date: /home/devika/robo_ws/install/gazebo_ros2_control/share/gazebo_ros2_control/environment/ament_prefix_path.dsv
[3.604s] -- Up-to-date: /home/devika/robo_ws/install/gazebo_ros2_control/share/gazebo_ros2_control/environment/path.sh
[3.604s] -- Up-to-date: /home/devika/robo_ws/install/gazebo_ros2_control/share/gazebo_ros2_control/environment/path.dsv
[3.605s] -- Up-to-date: /home/devika/robo_ws/install/gazebo_ros2_control/share/gazebo_ros2_control/local_setup.bash
[3.605s] -- Up-to-date: /home/devika/robo_ws/install/gazebo_ros2_control/share/gazebo_ros2_control/local_setup.sh
[3.605s] -- Up-to-date: /home/devika/robo_ws/install/gazebo_ros2_control/share/gazebo_ros2_control/local_setup.zsh
[3.605s] -- Up-to-date: /home/devika/robo_ws/install/gazebo_ros2_control/share/gazebo_ros2_control/local_setup.dsv
[3.610s] -- Installing: /home/devika/robo_ws/install/gazebo_ros2_control/share/gazebo_ros2_control/package.dsv
[3.611s] -- Up-to-date: /home/devika/robo_ws/install/gazebo_ros2_control/share/ament_index/resource_index/packages/gazebo_ros2_control
[3.613s] -- Up-to-date: /home/devika/robo_ws/install/gazebo_ros2_control/share/ament_index/resource_index/gazebo_ros2_control__pluginlib__plugin/gazebo_ros2_control
[3.616s] -- Up-to-date: /home/devika/robo_ws/install/gazebo_ros2_control/share/gazebo_ros2_control/cmake/ament_cmake_export_include_directories-extras.cmake
[3.616s] -- Up-to-date: /home/devika/robo_ws/install/gazebo_ros2_control/share/gazebo_ros2_control/cmake/ament_cmake_export_dependencies-extras.cmake
[3.616s] -- Up-to-date: /home/devika/robo_ws/install/gazebo_ros2_control/share/gazebo_ros2_control/cmake/ament_cmake_export_libraries-extras.cmake
[3.617s] -- Up-to-date: /home/devika/robo_ws/install/gazebo_ros2_control/share/gazebo_ros2_control/cmake/gazebo_ros2_controlConfig.cmake
[3.618s] -- Up-to-date: /home/devika/robo_ws/install/gazebo_ros2_control/share/gazebo_ros2_control/cmake/gazebo_ros2_controlConfig-version.cmake
[3.618s] -- Up-to-date: /home/devika/robo_ws/install/gazebo_ros2_control/share/gazebo_ros2_control/package.xml
[3.638s] Invoked command in '/home/devika/robo_ws/build/gazebo_ros2_control' returned '0': CMAKE_PREFIX_PATH=${CMAKE_PREFIX_PATH}:/home/devika/robo_ws/install/perception_vision:/home/devika/robo_ws/install/cylinder_position_estimator:/home/devika/ws_moveit2/install/moveit_configs_utils:/home/devika/ws_moveit2/install/launch_param_builder:/opt/ros/humble /usr/bin/cmake --install /home/devika/robo_ws/build/gazebo_ros2_control
