[0.028s] Invoking command in '/home/devika/robo_ws/build/hello_moveit': CMAKE_PREFIX_PATH=${CMAKE_PREFIX_PATH}:/opt/ros/humble /usr/bin/cmake --build /home/devika/robo_ws/build/hello_moveit -- -j8 -l8
[0.129s] [35m[1mConsolidate compiler generated dependencies of target hello_moveit[0m
[0.181s] [ 50%] [32mBuilding CXX object CMakeFiles/hello_moveit.dir/src/hello_moveit_v1.cpp.o[0m
[14.848s] [100%] [32m[1mLinking CXX executable hello_moveit[0m
[15.379s] [100%] Built target hello_moveit
[15.404s] Invoked command in '/home/devika/robo_ws/build/hello_moveit' returned '0': CMAKE_PREFIX_PATH=${CMAKE_PREFIX_PATH}:/opt/ros/humble /usr/bin/cmake --build /home/devika/robo_ws/build/hello_moveit -- -j8 -l8
[15.408s] Invoking command in '/home/devika/robo_ws/build/hello_moveit': CMAKE_PREFIX_PATH=${CMAKE_PREFIX_PATH}:/opt/ros/humble /usr/bin/cmake --install /home/devika/robo_ws/build/hello_moveit
[15.421s] -- Install configuration: ""
[15.421s] -- Installing: /home/devika/robo_ws/install/hello_moveit/lib/hello_moveit/hello_moveit
[15.422s] -- Set runtime path of "/home/devika/robo_ws/install/hello_moveit/lib/hello_moveit/hello_moveit" to ""
[15.422s] -- Up-to-date: /home/devika/robo_ws/install/hello_moveit/share/ament_index/resource_index/package_run_dependencies/hello_moveit
[15.423s] -- Up-to-date: /home/devika/robo_ws/install/hello_moveit/share/ament_index/resource_index/parent_prefix_path/hello_moveit
[15.423s] -- Up-to-date: /home/devika/robo_ws/install/hello_moveit/share/hello_moveit/environment/ament_prefix_path.sh
[15.423s] -- Up-to-date: /home/devika/robo_ws/install/hello_moveit/share/hello_moveit/environment/ament_prefix_path.dsv
[15.424s] -- Up-to-date: /home/devika/robo_ws/install/hello_moveit/share/hello_moveit/environment/path.sh
[15.424s] -- Up-to-date: /home/devika/robo_ws/install/hello_moveit/share/hello_moveit/environment/path.dsv
[15.424s] -- Up-to-date: /home/devika/robo_ws/install/hello_moveit/share/hello_moveit/local_setup.bash
[15.424s] -- Up-to-date: /home/devika/robo_ws/install/hello_moveit/share/hello_moveit/local_setup.sh
[15.424s] -- Up-to-date: /home/devika/robo_ws/install/hello_moveit/share/hello_moveit/local_setup.zsh
[15.425s] -- Up-to-date: /home/devika/robo_ws/install/hello_moveit/share/hello_moveit/local_setup.dsv
[15.425s] -- Installing: /home/devika/robo_ws/install/hello_moveit/share/hello_moveit/package.dsv
[15.425s] -- Up-to-date: /home/devika/robo_ws/install/hello_moveit/share/ament_index/resource_index/packages/hello_moveit
[15.425s] -- Up-to-date: /home/devika/robo_ws/install/hello_moveit/share/hello_moveit/cmake/hello_moveitConfig.cmake
[15.425s] -- Up-to-date: /home/devika/robo_ws/install/hello_moveit/share/hello_moveit/cmake/hello_moveitConfig-version.cmake
[15.426s] -- Up-to-date: /home/devika/robo_ws/install/hello_moveit/share/hello_moveit/package.xml
[15.428s] Invoked command in '/home/devika/robo_ws/build/hello_moveit' returned '0': CMAKE_PREFIX_PATH=${CMAKE_PREFIX_PATH}:/opt/ros/humble /usr/bin/cmake --install /home/devika/robo_ws/build/hello_moveit
