[0.709s] Invoking command in '/home/devika/robo_ws/build/hello_moveit': CMAKE_PREFIX_PATH=${CMAKE_PREFIX_PATH}:/home/devika/robo_ws/install/perception_vision:/home/devika/robo_ws/install/cylinder_position_estimator:/opt/ros/humble /usr/bin/cmake /home/devika/robo_ws/src/hello_moveit -DCMAKE_INSTALL_PREFIX=/home/devika/robo_ws/install/hello_moveit
[0.857s] -- The C compiler identification is GNU 11.4.0
[1.002s] -- The CXX compiler identification is GNU 11.4.0
[1.021s] -- Detecting C compiler ABI info
[1.197s] -- Detecting C compiler ABI info - done
[1.215s] -- Check for working C compiler: /usr/bin/cc - skipped
[1.215s] -- Detecting C compile features
[1.216s] -- Detecting C compile features - done
[1.223s] -- Detecting CXX compiler ABI info
[1.425s] -- Detecting CXX compiler ABI info - done
[1.447s] -- Check for working CXX compiler: /usr/bin/c++ - skipped
[1.447s] -- Detecting CXX compile features
[1.447s] -- Detecting CXX compile features - done
[1.455s] -- Found ament_cmake: 1.3.11 (/opt/ros/humble/share/ament_cmake/cmake)
[1.886s] -- Found Python3: /usr/bin/python3 (found version "3.10.12") found components: Interpreter 
[2.193s] -- Found moveit_ros_planning_interface: 2.5.8 (/opt/ros/humble/share/moveit_ros_planning_interface/cmake)
[2.788s] -- Found Boost: /usr/lib/x86_64-linux-gnu/cmake/Boost-1.74.0/BoostConfig.cmake (found version "1.74.0") found components: date_time filesystem program_options system thread 
[2.928s] -- Found rosidl_generator_c: 3.1.6 (/opt/ros/humble/share/rosidl_generator_c/cmake)
[2.947s] -- Found rosidl_adapter: 3.1.6 (/opt/ros/humble/share/rosidl_adapter/cmake)
[2.973s] -- Found rosidl_generator_cpp: 3.1.6 (/opt/ros/humble/share/rosidl_generator_cpp/cmake)
[3.013s] -- Using all available rosidl_typesupport_c: rosidl_typesupport_fastrtps_c;rosidl_typesupport_introspection_c
[3.066s] -- Using all available rosidl_typesupport_cpp: rosidl_typesupport_fastrtps_cpp;rosidl_typesupport_introspection_cpp
[3.739s] -- Found Boost: /usr/lib/x86_64-linux-gnu/cmake/Boost-1.74.0/BoostConfig.cmake (found version "1.74.0") found components: chrono date_time filesystem iostreams program_options regex serialization system thread 
[3.909s] -- Found parameter_traits: 0.4.0 (/opt/ros/humble/share/parameter_traits/cmake)
[4.024s] -- Found rmw_implementation_cmake: 6.1.2 (/opt/ros/humble/share/rmw_implementation_cmake/cmake)
[4.033s] -- Found rmw_fastrtps_cpp: 6.2.7 (/opt/ros/humble/share/rmw_fastrtps_cpp/cmake)
[4.279s] -- Found OpenSSL: /usr/lib/x86_64-linux-gnu/libcrypto.so (found version "3.0.2")  
[4.350s] -- Found FastRTPS: /opt/ros/humble/include  
[4.461s] -- Using RMW implementation 'rmw_fastrtps_cpp' as default
[4.487s] -- Found Threads: TRUE  
[4.601s] -- Found Eigen3: TRUE (found version "3.4.0") 
[4.609s] -- Found rclcpp_lifecycle: 16.0.11 (/opt/ros/humble/share/rclcpp_lifecycle/cmake)
[4.673s] -- Found Boost: /usr/lib/x86_64-linux-gnu/cmake/Boost-1.74.0/BoostConfig.cmake (found version "1.74.0") found components: filesystem 
[4.944s] -- library: /usr/lib/x86_64-linux-gnu/libcurl.so
[5.038s] -- Ensuring Eigen3 include directory is part of orocos-kdl CMake target
[5.467s] -- Found Boost: /usr/lib/x86_64-linux-gnu/cmake/Boost-1.74.0/BoostConfig.cmake (found version "1.74.0") found components: system filesystem date_time program_options thread chrono 
[5.545s] -- Found Boost: /usr/lib/x86_64-linux-gnu/cmake/Boost-1.74.0/BoostConfig.cmake (found version "1.74.0") found components: thread system filesystem regex date_time program_options 
[5.605s] -- Found Boost: /usr/lib/x86_64-linux-gnu/cmake/Boost-1.74.0/BoostConfig.cmake (found version "1.74.0") found components: system filesystem date_time program_options thread 
[5.689s] -- Found ament_lint_auto: 0.12.11 (/opt/ros/humble/share/ament_lint_auto/cmake)
[5.895s] -- Added test 'cppcheck' to perform static code analysis on C / C++ code
[5.895s] -- Configured cppcheck include dirs: $<BUILD_INTERFACE:/home/devika/robo_ws/src/hello_moveit/include>
[5.896s] -- Configured cppcheck exclude dirs and/or files: 
[5.897s] -- Added test 'lint_cmake' to check CMake code style
[5.900s] -- Added test 'uncrustify' to check C / C++ code style
[5.900s] -- Configured uncrustify additional arguments: 
[5.902s] -- Added test 'xmllint' to check XML markup files
[5.905s] -- Configuring done
[5.974s] -- Generating done
[5.992s] -- Build files have been written to: /home/devika/robo_ws/build/hello_moveit
[6.029s] Invoked command in '/home/devika/robo_ws/build/hello_moveit' returned '0': CMAKE_PREFIX_PATH=${CMAKE_PREFIX_PATH}:/home/devika/robo_ws/install/perception_vision:/home/devika/robo_ws/install/cylinder_position_estimator:/opt/ros/humble /usr/bin/cmake /home/devika/robo_ws/src/hello_moveit -DCMAKE_INSTALL_PREFIX=/home/devika/robo_ws/install/hello_moveit
[6.034s] Invoking command in '/home/devika/robo_ws/build/hello_moveit': CMAKE_PREFIX_PATH=${CMAKE_PREFIX_PATH}:/home/devika/robo_ws/install/perception_vision:/home/devika/robo_ws/install/cylinder_position_estimator:/opt/ros/humble /usr/bin/cmake --build /home/devika/robo_ws/build/hello_moveit -- -j8 -l8
[6.151s] [ 50%] [32mBuilding CXX object CMakeFiles/hello_moveit.dir/src/letsee.cpp.o[0m
[37.812s] [100%] [32m[1mLinking CXX executable hello_moveit[0m
[39.566s] [100%] Built target hello_moveit
[39.602s] Invoked command in '/home/devika/robo_ws/build/hello_moveit' returned '0': CMAKE_PREFIX_PATH=${CMAKE_PREFIX_PATH}:/home/devika/robo_ws/install/perception_vision:/home/devika/robo_ws/install/cylinder_position_estimator:/opt/ros/humble /usr/bin/cmake --build /home/devika/robo_ws/build/hello_moveit -- -j8 -l8
[39.628s] Invoking command in '/home/devika/robo_ws/build/hello_moveit': CMAKE_PREFIX_PATH=${CMAKE_PREFIX_PATH}:/home/devika/robo_ws/install/perception_vision:/home/devika/robo_ws/install/cylinder_position_estimator:/opt/ros/humble /usr/bin/cmake --install /home/devika/robo_ws/build/hello_moveit
[39.656s] -- Install configuration: ""
[39.661s] -- Installing: /home/devika/robo_ws/install/hello_moveit/lib/hello_moveit/hello_moveit
[39.663s] -- Set runtime path of "/home/devika/robo_ws/install/hello_moveit/lib/hello_moveit/hello_moveit" to ""
[39.664s] -- Installing: /home/devika/robo_ws/install/hello_moveit/share/ament_index/resource_index/package_run_dependencies/hello_moveit
[39.664s] -- Installing: /home/devika/robo_ws/install/hello_moveit/share/ament_index/resource_index/parent_prefix_path/hello_moveit
[39.666s] -- Installing: /home/devika/robo_ws/install/hello_moveit/share/hello_moveit/environment/ament_prefix_path.sh
[39.667s] -- Installing: /home/devika/robo_ws/install/hello_moveit/share/hello_moveit/environment/ament_prefix_path.dsv
[39.671s] -- Installing: /home/devika/robo_ws/install/hello_moveit/share/hello_moveit/environment/path.sh
[39.671s] -- Installing: /home/devika/robo_ws/install/hello_moveit/share/hello_moveit/environment/path.dsv
[39.673s] -- Installing: /home/devika/robo_ws/install/hello_moveit/share/hello_moveit/local_setup.bash
[39.674s] -- Installing: /home/devika/robo_ws/install/hello_moveit/share/hello_moveit/local_setup.sh
[39.675s] -- Installing: /home/devika/robo_ws/install/hello_moveit/share/hello_moveit/local_setup.zsh
[39.676s] -- Installing: /home/devika/robo_ws/install/hello_moveit/share/hello_moveit/local_setup.dsv
[39.677s] -- Installing: /home/devika/robo_ws/install/hello_moveit/share/hello_moveit/package.dsv
[39.678s] -- Installing: /home/devika/robo_ws/install/hello_moveit/share/ament_index/resource_index/packages/hello_moveit
[39.679s] -- Installing: /home/devika/robo_ws/install/hello_moveit/share/hello_moveit/cmake/hello_moveitConfig.cmake
[39.680s] -- Installing: /home/devika/robo_ws/install/hello_moveit/share/hello_moveit/cmake/hello_moveitConfig-version.cmake
[39.682s] -- Installing: /home/devika/robo_ws/install/hello_moveit/share/hello_moveit/package.xml
[39.687s] Invoked command in '/home/devika/robo_ws/build/hello_moveit' returned '0': CMAKE_PREFIX_PATH=${CMAKE_PREFIX_PATH}:/home/devika/robo_ws/install/perception_vision:/home/devika/robo_ws/install/cylinder_position_estimator:/opt/ros/humble /usr/bin/cmake --install /home/devika/robo_ws/build/hello_moveit
