[3.601s] Invoking command in '/home/devika/robo_ws/src/cylinder_position_estimator': PYTHONPATH=/home/devika/robo_ws/build/cylinder_position_estimator/prefix_override:/usr/lib/python3/dist-packages/colcon_core/task/python/colcon_distutils_commands:/home/devika/robo_ws/install/cylinder_position_estimator/lib/python3.10/site-packages:${PYTHONPATH} /usr/bin/python3 -W ignore:setup.py install is deprecated -W ignore:easy_install command is deprecated setup.py egg_info --egg-base ../../build/cylinder_position_estimator build --build-base /home/devika/robo_ws/build/cylinder_position_estimator/build install --record /home/devika/robo_ws/build/cylinder_position_estimator/install.log --single-version-externally-managed install_data
[4.727s] running egg_info
[4.728s] creating ../../build/cylinder_position_estimator/cylinder_position_estimator.egg-info
[4.728s] writing ../../build/cylinder_position_estimator/cylinder_position_estimator.egg-info/PKG-INFO
[4.728s] writing dependency_links to ../../build/cylinder_position_estimator/cylinder_position_estimator.egg-info/dependency_links.txt
[4.728s] writing entry points to ../../build/cylinder_position_estimator/cylinder_position_estimator.egg-info/entry_points.txt
[4.729s] writing requirements to ../../build/cylinder_position_estimator/cylinder_position_estimator.egg-info/requires.txt
[4.729s] writing top-level names to ../../build/cylinder_position_estimator/cylinder_position_estimator.egg-info/top_level.txt
[4.729s] writing manifest file '../../build/cylinder_position_estimator/cylinder_position_estimator.egg-info/SOURCES.txt'
[4.729s] reading manifest file '../../build/cylinder_position_estimator/cylinder_position_estimator.egg-info/SOURCES.txt'
[4.729s] writing manifest file '../../build/cylinder_position_estimator/cylinder_position_estimator.egg-info/SOURCES.txt'
[4.729s] running build
[4.730s] running build_py
[4.730s] creating /home/devika/robo_ws/build/cylinder_position_estimator/build
[4.730s] creating /home/devika/robo_ws/build/cylinder_position_estimator/build/lib
[4.730s] creating /home/devika/robo_ws/build/cylinder_position_estimator/build/lib/cylinder_position_estimator
[4.730s] copying cylinder_position_estimator/pose_estimator_node.py -> /home/devika/robo_ws/build/cylinder_position_estimator/build/lib/cylinder_position_estimator
[4.730s] copying cylinder_position_estimator/__init__.py -> /home/devika/robo_ws/build/cylinder_position_estimator/build/lib/cylinder_position_estimator
[4.731s] running install
[4.732s] running install_lib
[4.732s] creating /home/devika/robo_ws/install/cylinder_position_estimator/lib/python3.10/site-packages/cylinder_position_estimator
[4.732s] copying /home/devika/robo_ws/build/cylinder_position_estimator/build/lib/cylinder_position_estimator/pose_estimator_node.py -> /home/devika/robo_ws/install/cylinder_position_estimator/lib/python3.10/site-packages/cylinder_position_estimator
[4.732s] copying /home/devika/robo_ws/build/cylinder_position_estimator/build/lib/cylinder_position_estimator/__init__.py -> /home/devika/robo_ws/install/cylinder_position_estimator/lib/python3.10/site-packages/cylinder_position_estimator
[4.732s] byte-compiling /home/devika/robo_ws/install/cylinder_position_estimator/lib/python3.10/site-packages/cylinder_position_estimator/pose_estimator_node.py to pose_estimator_node.cpython-310.pyc
[4.732s] byte-compiling /home/devika/robo_ws/install/cylinder_position_estimator/lib/python3.10/site-packages/cylinder_position_estimator/__init__.py to __init__.cpython-310.pyc
[4.733s] running install_data
[4.733s] creating /home/devika/robo_ws/install/cylinder_position_estimator/share/ament_index
[4.733s] creating /home/devika/robo_ws/install/cylinder_position_estimator/share/ament_index/resource_index
[4.733s] creating /home/devika/robo_ws/install/cylinder_position_estimator/share/ament_index/resource_index/packages
[4.733s] copying resource/cylinder_position_estimator -> /home/devika/robo_ws/install/cylinder_position_estimator/share/ament_index/resource_index/packages
[4.734s] copying package.xml -> /home/devika/robo_ws/install/cylinder_position_estimator/share/cylinder_position_estimator
[4.735s] running install_egg_info
[4.735s] Copying ../../build/cylinder_position_estimator/cylinder_position_estimator.egg-info to /home/devika/robo_ws/install/cylinder_position_estimator/lib/python3.10/site-packages/cylinder_position_estimator-0.0.0-py3.10.egg-info
[4.735s] running install_scripts
[4.735s] Installing pose_estimator_node script to /home/devika/robo_ws/install/cylinder_position_estimator/lib/cylinder_position_estimator
[4.735s] writing list of installed files to '/home/devika/robo_ws/build/cylinder_position_estimator/install.log'
[4.768s] Invoked command in '/home/devika/robo_ws/src/cylinder_position_estimator' returned '0': PYTHONPATH=/home/devika/robo_ws/build/cylinder_position_estimator/prefix_override:/usr/lib/python3/dist-packages/colcon_core/task/python/colcon_distutils_commands:/home/devika/robo_ws/install/cylinder_position_estimator/lib/python3.10/site-packages:${PYTHONPATH} /usr/bin/python3 -W ignore:setup.py install is deprecated -W ignore:easy_install command is deprecated setup.py egg_info --egg-base ../../build/cylinder_position_estimator build --build-base /home/devika/robo_ws/build/cylinder_position_estimator/build install --record /home/devika/robo_ws/build/cylinder_position_estimator/install.log --single-version-externally-managed install_data
