[0.045s] Invoking command in '/home/devika/robo_ws/build/hello_moveit_task_constructor': CMAKE_MODULE_PATH=/home/devika/robo_ws/install/moveit_task_constructor_core/share/moveit_task_constructor_core/cmake:/home/devika/robo_ws/install/warehouse_ros_mongo/share/warehouse_ros_mongo/cmake CMAKE_PREFIX_PATH=/home/devika/robo_ws/install/moveit_task_constructor_core:/home/devika/robo_ws/install/rviz_marker_tools:/home/devika/robo_ws/install/moveit_task_constructor_msgs:/home/devika/robo_ws/install/urdf_humble_test_moveit_config:/home/devika/robo_ws/install/warehouse_ros_mongo:/home/devika/robo_ws/install/urdf_humble_test:/home/devika/robo_ws/install/moveit_task_constructor_visualization:/home/devika/robo_ws/install/moveit_task_constructor_demo:/home/devika/robo_ws/install/moveit_task_constructor_capabilities:/home/devika/robo_ws/install/hello_moveit_task_constructor:/home/devika/robo_ws/install/hello_moveit:/home/devika/robo_ws/install/gazebo_ros2_control:/home/devika/manga_ws/install/urdf_humble_test_moveit_config:/home/devika/manga_ws/install/urdf_humble_test:/home/devika/manga_ws/install/hello_moveit:/home/devika/some_ws/install/motoman_hc10_support:/home/devika/some_ws/install/motoman_resources:/home/devika/some_ws/install/hello_moveit:/home/devika/some_ws/install/hc20_sim_moveit_config:/home/devika/some_ws/install/hc20_moveit_config:/home/devika/some_ws/install/hc10_movit2v3:/home/devika/some_ws/install/hc10dt_moveit_config:/home/devika/robo_ws/install/perception_vision:/home/devika/robo_ws/install/cylinder_position_estimator:/opt/ros/humble LD_LIBRARY_PATH=/home/devika/robo_ws/install/moveit_task_constructor_core/lib:/home/devika/robo_ws/install/rviz_marker_tools/lib:/home/devika/robo_ws/install/moveit_task_constructor_msgs/lib:/home/devika/robo_ws/install/warehouse_ros_mongo/lib:/home/devika/robo_ws/install/moveit_task_constructor_visualization/lib:/home/devika/robo_ws/install/moveit_task_constructor_demo/lib:/home/devika/robo_ws/install/moveit_task_constructor_capabilities/lib:/home/devika/robo_ws/install/hello_moveit_task_constructor/lib:/home/devika/robo_ws/install/gazebo_ros2_control/lib:/usr/lib/x86_64-linux-gnu/gazebo-11/plugins:/opt/ros/humble/opt/rviz_ogre_vendor/lib:/opt/ros/humble/lib/x86_64-linux-gnu:/opt/ros/humble/lib /usr/bin/cmake --build /home/devika/robo_ws/build/hello_moveit_task_constructor -- -j8 -l8
[0.228s] [ 10%] Built target ik_clearance_cost_parameters
[0.249s] [ 20%] Built target pick_place_demo_parameters
[0.255s] [ 25%] [32mBuilding CXX object CMakeFiles/hello_moveit_task_constructor_alternative_path_costs.dir/src/alternative_path_costs.cpp.o[0m
[0.255s] [ 30%] [32mBuilding CXX object CMakeFiles/hello_moveit_task_constructor_fallbacks_move_to.dir/src/fallbacks_move_to.cpp.o[0m
[0.263s] [ 35%] [32mBuilding CXX object CMakeFiles/hello_moveit_task_constructor_modular.dir/src/modular.cpp.o[0m
[0.263s] [ 40%] [32mBuilding CXX object CMakeFiles/hello_moveit_task_constructor_cartesian.dir/src/cartesian.cpp.o[0m
[0.263s] [ 45%] [32mBuilding CXX object CMakeFiles/hello_moveit_task_constructor_mtc_node.dir/src/mtc_node.cpp.o[0m
[0.346s] [ 55%] [32mBuilding CXX object CMakeFiles/hello_moveit_task_constructor_ik_clearance_cost.dir/src/ik_clearance_cost.cpp.o[0m
[0.347s] [ 55%] [32mBuilding CXX object CMakeFiles/hello_moveit_task_constructor_pick_place_task.dir/src/pick_place_task.cpp.o[0m
[13.384s] In file included from [01m[K/home/devika/robo_ws/src/hello_moveit_task_constructor/src/ik_clearance_cost.cpp:19[m[K:
[13.387s] [01m[K/home/devika/robo_ws/build/hello_moveit_task_constructor/include/ik_clearance_cost_parameters.hpp:1:166:[m[K [01;36m[Knote: [m[K‘[01m[K#pragma message: #include "ik_clearance_cost_parameters.hpp" is deprecated. Use #include <hello_moveit_task_constructor/ik_clearance_cost_parameters.hpp> instead.[m[K’
[13.387s]     1 | #pragma message("#include \"ik_clearance_cost_parameters.hpp\" is deprecated. Use #include <hello_moveit_task_constructor/ik_clearance_cost_parameters.hpp> instead."[01;36m[K)[m[K
[13.387s]       |                                                                                                                                                                      [01;36m[K^[m[K
[19.027s] In file included from [01m[K/home/devika/robo_ws/src/hello_moveit_task_constructor/include/hello_moveit_task_constructor/pick_place_task.h:44[m[K,
[19.027s]                  from [01m[K/home/devika/robo_ws/src/hello_moveit_task_constructor/src/pick_place_task.cpp:14[m[K:
[19.027s] [01m[K/home/devika/robo_ws/build/hello_moveit_task_constructor/include/pick_place_demo_parameters.hpp:1:162:[m[K [01;36m[Knote: [m[K‘[01m[K#pragma message: #include "pick_place_demo_parameters.hpp" is deprecated. Use #include <hello_moveit_task_constructor/pick_place_demo_parameters.hpp> instead.[m[K’
[19.028s]     1 | ello_moveit_task_constructor/pick_place_demo_parameters.hpp> instead."[01;36m[K)[m[K
[19.028s]       |                                                                       [01;36m[K^[m[K
[19.028s] 
