[0.972s] Invoking command in '/home/devika/robo_ws/build/yolov8_msgs': CMAKE_PREFIX_PATH=${CMAKE_PREFIX_PATH}:/home/devika/robo_ws/install/perception_vision:/home/devika/robo_ws/install/cylinder_position_estimator:/home/devika/ws_moveit2/install/moveit_configs_utils:/home/devika/ws_moveit2/install/launch_param_builder:/opt/ros/humble /usr/bin/cmake --build /home/devika/robo_ws/build/yolov8_msgs -- -j8 -l8
[1.205s] [  2%] Built target yolov8_msgs__cpp
[1.257s] [ 12%] Built target yolov8_msgs__rosidl_generator_c
[1.295s] [ 12%] Built target ament_cmake_python_copy_yolov8_msgs
[1.332s] [ 23%] Built target yolov8_msgs__rosidl_typesupport_cpp
[1.354s] [ 33%] Built target yolov8_msgs__rosidl_typesupport_fastrtps_cpp
[1.369s] [ 43%] Built target yolov8_msgs__rosidl_typesupport_introspection_cpp
[1.390s] [ 53%] Built target yolov8_msgs__rosidl_typesupport_c
[1.399s] [ 64%] Built target yolov8_msgs__rosidl_typesupport_introspection_c
[1.405s] [ 74%] Built target yolov8_msgs__rosidl_typesupport_fastrtps_c
[1.471s] [ 74%] Built target yolov8_msgs
[1.535s] [ 76%] Built target yolov8_msgs__py
[1.605s] [ 84%] Built target yolov8_msgs__rosidl_generator_py
[1.682s] [ 89%] Built target yolov8_msgs__rosidl_typesupport_introspection_c__pyext
[1.683s] [100%] Built target yolov8_msgs__rosidl_typesupport_fastrtps_c__pyext
[1.683s] [100%] Built target yolov8_msgs__rosidl_typesupport_c__pyext
[1.883s] running egg_info
[1.884s] writing yolov8_msgs.egg-info/PKG-INFO
[1.884s] writing dependency_links to yolov8_msgs.egg-info/dependency_links.txt
[1.885s] writing top-level names to yolov8_msgs.egg-info/top_level.txt
[1.887s] reading manifest file 'yolov8_msgs.egg-info/SOURCES.txt'
[2.124s] writing manifest file 'yolov8_msgs.egg-info/SOURCES.txt'
[2.200s] [100%] Built target ament_cmake_python_build_yolov8_msgs_egg
[2.229s] Invoked command in '/home/devika/robo_ws/build/yolov8_msgs' returned '0': CMAKE_PREFIX_PATH=${CMAKE_PREFIX_PATH}:/home/devika/robo_ws/install/perception_vision:/home/devika/robo_ws/install/cylinder_position_estimator:/home/devika/ws_moveit2/install/moveit_configs_utils:/home/devika/ws_moveit2/install/launch_param_builder:/opt/ros/humble /usr/bin/cmake --build /home/devika/robo_ws/build/yolov8_msgs -- -j8 -l8
[2.242s] Invoking command in '/home/devika/robo_ws/build/yolov8_msgs': CMAKE_PREFIX_PATH=${CMAKE_PREFIX_PATH}:/home/devika/robo_ws/install/perception_vision:/home/devika/robo_ws/install/cylinder_position_estimator:/home/devika/ws_moveit2/install/moveit_configs_utils:/home/devika/ws_moveit2/install/launch_param_builder:/opt/ros/humble /usr/bin/cmake --install /home/devika/robo_ws/build/yolov8_msgs
[2.260s] -- Install configuration: ""
[2.261s] -- Up-to-date: /home/devika/robo_ws/install/yolov8_msgs/share/ament_index/resource_index/rosidl_interfaces/yolov8_msgs
[2.262s] -- Up-to-date: /home/devika/robo_ws/install/yolov8_msgs/include/yolov8_msgs/yolov8_msgs
[2.263s] -- Up-to-date: /home/devika/robo_ws/install/yolov8_msgs/include/yolov8_msgs/yolov8_msgs/msg
[2.263s] -- Up-to-date: /home/devika/robo_ws/install/yolov8_msgs/include/yolov8_msgs/yolov8_msgs/msg/inference_result.h
[2.264s] -- Up-to-date: /home/devika/robo_ws/install/yolov8_msgs/include/yolov8_msgs/yolov8_msgs/msg/rosidl_generator_c__visibility_control.h
[2.264s] -- Up-to-date: /home/devika/robo_ws/install/yolov8_msgs/include/yolov8_msgs/yolov8_msgs/msg/yolov8_inference.h
[2.264s] -- Up-to-date: /home/devika/robo_ws/install/yolov8_msgs/include/yolov8_msgs/yolov8_msgs/msg/detail
[2.265s] -- Up-to-date: /home/devika/robo_ws/install/yolov8_msgs/include/yolov8_msgs/yolov8_msgs/msg/detail/yolov8_inference__functions.c
[2.265s] -- Up-to-date: /home/devika/robo_ws/install/yolov8_msgs/include/yolov8_msgs/yolov8_msgs/msg/detail/inference_result__functions.c
[2.265s] -- Up-to-date: /home/devika/robo_ws/install/yolov8_msgs/include/yolov8_msgs/yolov8_msgs/msg/detail/inference_result__type_support.h
[2.266s] -- Up-to-date: /home/devika/robo_ws/install/yolov8_msgs/include/yolov8_msgs/yolov8_msgs/msg/detail/yolov8_inference__struct.h
[2.266s] -- Up-to-date: /home/devika/robo_ws/install/yolov8_msgs/include/yolov8_msgs/yolov8_msgs/msg/detail/yolov8_inference__functions.h
[2.267s] -- Up-to-date: /home/devika/robo_ws/install/yolov8_msgs/include/yolov8_msgs/yolov8_msgs/msg/detail/yolov8_inference__type_support.h
[2.267s] -- Up-to-date: /home/devika/robo_ws/install/yolov8_msgs/include/yolov8_msgs/yolov8_msgs/msg/detail/inference_result__struct.h
[2.267s] -- Up-to-date: /home/devika/robo_ws/install/yolov8_msgs/include/yolov8_msgs/yolov8_msgs/msg/detail/inference_result__functions.h
[2.267s] -- Up-to-date: /home/devika/robo_ws/install/yolov8_msgs/share/yolov8_msgs/environment/library_path.sh
[2.267s] -- Up-to-date: /home/devika/robo_ws/install/yolov8_msgs/share/yolov8_msgs/environment/library_path.dsv
[2.268s] -- Up-to-date: /home/devika/robo_ws/install/yolov8_msgs/lib/libyolov8_msgs__rosidl_generator_c.so
[2.268s] -- Up-to-date: /home/devika/robo_ws/install/yolov8_msgs/include/yolov8_msgs/yolov8_msgs
[2.268s] -- Up-to-date: /home/devika/robo_ws/install/yolov8_msgs/include/yolov8_msgs/yolov8_msgs/msg
[2.269s] -- Up-to-date: /home/devika/robo_ws/install/yolov8_msgs/include/yolov8_msgs/yolov8_msgs/msg/rosidl_typesupport_fastrtps_c__visibility_control.h
[2.269s] -- Up-to-date: /home/devika/robo_ws/install/yolov8_msgs/include/yolov8_msgs/yolov8_msgs/msg/detail
[2.269s] -- Up-to-date: /home/devika/robo_ws/install/yolov8_msgs/include/yolov8_msgs/yolov8_msgs/msg/detail/yolov8_inference__rosidl_typesupport_fastrtps_c.h
[2.269s] -- Up-to-date: /home/devika/robo_ws/install/yolov8_msgs/include/yolov8_msgs/yolov8_msgs/msg/detail/inference_result__rosidl_typesupport_fastrtps_c.h
[2.269s] -- Up-to-date: /home/devika/robo_ws/install/yolov8_msgs/lib/libyolov8_msgs__rosidl_typesupport_fastrtps_c.so
[2.269s] -- Up-to-date: /home/devika/robo_ws/install/yolov8_msgs/include/yolov8_msgs/yolov8_msgs
[2.270s] -- Up-to-date: /home/devika/robo_ws/install/yolov8_msgs/include/yolov8_msgs/yolov8_msgs/msg
[2.270s] -- Up-to-date: /home/devika/robo_ws/install/yolov8_msgs/include/yolov8_msgs/yolov8_msgs/msg/rosidl_generator_cpp__visibility_control.hpp
[2.270s] -- Up-to-date: /home/devika/robo_ws/install/yolov8_msgs/include/yolov8_msgs/yolov8_msgs/msg/inference_result.hpp
[2.270s] -- Up-to-date: /home/devika/robo_ws/install/yolov8_msgs/include/yolov8_msgs/yolov8_msgs/msg/yolov8_inference.hpp
[2.270s] -- Up-to-date: /home/devika/robo_ws/install/yolov8_msgs/include/yolov8_msgs/yolov8_msgs/msg/detail
[2.270s] -- Up-to-date: /home/devika/robo_ws/install/yolov8_msgs/include/yolov8_msgs/yolov8_msgs/msg/detail/yolov8_inference__type_support.hpp
[2.271s] -- Up-to-date: /home/devika/robo_ws/install/yolov8_msgs/include/yolov8_msgs/yolov8_msgs/msg/detail/inference_result__traits.hpp
[2.271s] -- Up-to-date: /home/devika/robo_ws/install/yolov8_msgs/include/yolov8_msgs/yolov8_msgs/msg/detail/inference_result__struct.hpp
[2.271s] -- Up-to-date: /home/devika/robo_ws/install/yolov8_msgs/include/yolov8_msgs/yolov8_msgs/msg/detail/yolov8_inference__builder.hpp
[2.271s] -- Up-to-date: /home/devika/robo_ws/install/yolov8_msgs/include/yolov8_msgs/yolov8_msgs/msg/detail/inference_result__builder.hpp
[2.272s] -- Up-to-date: /home/devika/robo_ws/install/yolov8_msgs/include/yolov8_msgs/yolov8_msgs/msg/detail/yolov8_inference__struct.hpp
[2.272s] -- Up-to-date: /home/devika/robo_ws/install/yolov8_msgs/include/yolov8_msgs/yolov8_msgs/msg/detail/inference_result__type_support.hpp
[2.272s] -- Up-to-date: /home/devika/robo_ws/install/yolov8_msgs/include/yolov8_msgs/yolov8_msgs/msg/detail/yolov8_inference__traits.hpp
[2.272s] -- Up-to-date: /home/devika/robo_ws/install/yolov8_msgs/include/yolov8_msgs/yolov8_msgs
[2.272s] -- Up-to-date: /home/devika/robo_ws/install/yolov8_msgs/include/yolov8_msgs/yolov8_msgs/msg
[2.272s] -- Up-to-date: /home/devika/robo_ws/install/yolov8_msgs/include/yolov8_msgs/yolov8_msgs/msg/rosidl_typesupport_fastrtps_cpp__visibility_control.h
[2.272s] -- Up-to-date: /home/devika/robo_ws/install/yolov8_msgs/include/yolov8_msgs/yolov8_msgs/msg/detail
[2.273s] -- Up-to-date: /home/devika/robo_ws/install/yolov8_msgs/include/yolov8_msgs/yolov8_msgs/msg/detail/yolov8_inference__rosidl_typesupport_fastrtps_cpp.hpp
[2.273s] -- Up-to-date: /home/devika/robo_ws/install/yolov8_msgs/include/yolov8_msgs/yolov8_msgs/msg/detail/inference_result__rosidl_typesupport_fastrtps_cpp.hpp
[2.273s] -- Up-to-date: /home/devika/robo_ws/install/yolov8_msgs/include/yolov8_msgs/yolov8_msgs/msg/detail/dds_fastrtps
[2.275s] -- Up-to-date: /home/devika/robo_ws/install/yolov8_msgs/lib/libyolov8_msgs__rosidl_typesupport_fastrtps_cpp.so
[2.275s] -- Up-to-date: /home/devika/robo_ws/install/yolov8_msgs/include/yolov8_msgs/yolov8_msgs
[2.275s] -- Up-to-date: /home/devika/robo_ws/install/yolov8_msgs/include/yolov8_msgs/yolov8_msgs/msg
[2.275s] -- Up-to-date: /home/devika/robo_ws/install/yolov8_msgs/include/yolov8_msgs/yolov8_msgs/msg/rosidl_typesupport_introspection_c__visibility_control.h
[2.276s] -- Up-to-date: /home/devika/robo_ws/install/yolov8_msgs/include/yolov8_msgs/yolov8_msgs/msg/detail
[2.276s] -- Up-to-date: /home/devika/robo_ws/install/yolov8_msgs/include/yolov8_msgs/yolov8_msgs/msg/detail/yolov8_inference__type_support.c
[2.276s] -- Up-to-date: /home/devika/robo_ws/install/yolov8_msgs/include/yolov8_msgs/yolov8_msgs/msg/detail/inference_result__rosidl_typesupport_introspection_c.h
[2.276s] -- Up-to-date: /home/devika/robo_ws/install/yolov8_msgs/include/yolov8_msgs/yolov8_msgs/msg/detail/inference_result__type_support.c
[2.276s] -- Up-to-date: /home/devika/robo_ws/install/yolov8_msgs/include/yolov8_msgs/yolov8_msgs/msg/detail/yolov8_inference__rosidl_typesupport_introspection_c.h
[2.277s] -- Up-to-date: /home/devika/robo_ws/install/yolov8_msgs/lib/libyolov8_msgs__rosidl_typesupport_introspection_c.so
[2.278s] -- Up-to-date: /home/devika/robo_ws/install/yolov8_msgs/lib/libyolov8_msgs__rosidl_typesupport_c.so
[2.279s] -- Up-to-date: /home/devika/robo_ws/install/yolov8_msgs/include/yolov8_msgs/yolov8_msgs
[2.279s] -- Up-to-date: /home/devika/robo_ws/install/yolov8_msgs/include/yolov8_msgs/yolov8_msgs/msg
[2.280s] -- Up-to-date: /home/devika/robo_ws/install/yolov8_msgs/include/yolov8_msgs/yolov8_msgs/msg/detail
[2.280s] -- Up-to-date: /home/devika/robo_ws/install/yolov8_msgs/include/yolov8_msgs/yolov8_msgs/msg/detail/yolov8_inference__type_support.cpp
[2.280s] -- Up-to-date: /home/devika/robo_ws/install/yolov8_msgs/include/yolov8_msgs/yolov8_msgs/msg/detail/inference_result__rosidl_typesupport_introspection_cpp.hpp
[2.280s] -- Up-to-date: /home/devika/robo_ws/install/yolov8_msgs/include/yolov8_msgs/yolov8_msgs/msg/detail/inference_result__type_support.cpp
[2.280s] -- Up-to-date: /home/devika/robo_ws/install/yolov8_msgs/include/yolov8_msgs/yolov8_msgs/msg/detail/yolov8_inference__rosidl_typesupport_introspection_cpp.hpp
[2.281s] -- Up-to-date: /home/devika/robo_ws/install/yolov8_msgs/lib/libyolov8_msgs__rosidl_typesupport_introspection_cpp.so
[2.285s] -- Up-to-date: /home/devika/robo_ws/install/yolov8_msgs/lib/libyolov8_msgs__rosidl_typesupport_cpp.so
[2.285s] -- Up-to-date: /home/devika/robo_ws/install/yolov8_msgs/share/yolov8_msgs/environment/pythonpath.sh
[2.285s] -- Up-to-date: /home/devika/robo_ws/install/yolov8_msgs/share/yolov8_msgs/environment/pythonpath.dsv
[2.286s] -- Up-to-date: /home/devika/robo_ws/install/yolov8_msgs/local/lib/python3.10/dist-packages/yolov8_msgs-0.0.0-py3.10.egg-info
[2.286s] -- Installing: /home/devika/robo_ws/install/yolov8_msgs/local/lib/python3.10/dist-packages/yolov8_msgs-0.0.0-py3.10.egg-info/dependency_links.txt
[2.286s] -- Installing: /home/devika/robo_ws/install/yolov8_msgs/local/lib/python3.10/dist-packages/yolov8_msgs-0.0.0-py3.10.egg-info/top_level.txt
[2.286s] -- Installing: /home/devika/robo_ws/install/yolov8_msgs/local/lib/python3.10/dist-packages/yolov8_msgs-0.0.0-py3.10.egg-info/PKG-INFO
[2.287s] -- Installing: /home/devika/robo_ws/install/yolov8_msgs/local/lib/python3.10/dist-packages/yolov8_msgs-0.0.0-py3.10.egg-info/SOURCES.txt
[2.287s] -- Up-to-date: /home/devika/robo_ws/install/yolov8_msgs/local/lib/python3.10/dist-packages/yolov8_msgs
[2.289s] -- Up-to-date: /home/devika/robo_ws/install/yolov8_msgs/local/lib/python3.10/dist-packages/yolov8_msgs/yolov8_msgs_s__rosidl_typesupport_fastrtps_c.cpython-310-x86_64-linux-gnu.so
[2.290s] -- Up-to-date: /home/devika/robo_ws/install/yolov8_msgs/local/lib/python3.10/dist-packages/yolov8_msgs/_yolov8_msgs_s.ep.rosidl_typesupport_fastrtps_c.c
[2.290s] -- Up-to-date: /home/devika/robo_ws/install/yolov8_msgs/local/lib/python3.10/dist-packages/yolov8_msgs/msg
[2.291s] -- Up-to-date: /home/devika/robo_ws/install/yolov8_msgs/local/lib/python3.10/dist-packages/yolov8_msgs/msg/_inference_result_s.c
[2.291s] -- Up-to-date: /home/devika/robo_ws/install/yolov8_msgs/local/lib/python3.10/dist-packages/yolov8_msgs/msg/_yolov8_inference.py
[2.291s] -- Up-to-date: /home/devika/robo_ws/install/yolov8_msgs/local/lib/python3.10/dist-packages/yolov8_msgs/msg/_inference_result.py
[2.291s] -- Up-to-date: /home/devika/robo_ws/install/yolov8_msgs/local/lib/python3.10/dist-packages/yolov8_msgs/msg/_yolov8_inference_s.c
[2.291s] -- Up-to-date: /home/devika/robo_ws/install/yolov8_msgs/local/lib/python3.10/dist-packages/yolov8_msgs/msg/__init__.py
[2.292s] -- Up-to-date: /home/devika/robo_ws/install/yolov8_msgs/local/lib/python3.10/dist-packages/yolov8_msgs/_yolov8_msgs_s.ep.rosidl_typesupport_introspection_c.c
[2.292s] -- Up-to-date: /home/devika/robo_ws/install/yolov8_msgs/local/lib/python3.10/dist-packages/yolov8_msgs/yolov8_msgs_s__rosidl_typesupport_c.cpython-310-x86_64-linux-gnu.so
[2.292s] -- Up-to-date: /home/devika/robo_ws/install/yolov8_msgs/local/lib/python3.10/dist-packages/yolov8_msgs/libyolov8_msgs__rosidl_generator_py.so
[2.292s] -- Up-to-date: /home/devika/robo_ws/install/yolov8_msgs/local/lib/python3.10/dist-packages/yolov8_msgs/_yolov8_msgs_s.ep.rosidl_typesupport_c.c
[2.292s] -- Up-to-date: /home/devika/robo_ws/install/yolov8_msgs/local/lib/python3.10/dist-packages/yolov8_msgs/__init__.py
[2.292s] -- Up-to-date: /home/devika/robo_ws/install/yolov8_msgs/local/lib/python3.10/dist-packages/yolov8_msgs/yolov8_msgs_s__rosidl_typesupport_introspection_c.cpython-310-x86_64-linux-gnu.so
[2.347s] Listing '/home/devika/robo_ws/install/yolov8_msgs/local/lib/python3.10/dist-packages/yolov8_msgs'...
[2.348s] Listing '/home/devika/robo_ws/install/yolov8_msgs/local/lib/python3.10/dist-packages/yolov8_msgs/msg'...
[2.356s] -- Up-to-date: /home/devika/robo_ws/install/yolov8_msgs/local/lib/python3.10/dist-packages/yolov8_msgs/yolov8_msgs_s__rosidl_typesupport_fastrtps_c.cpython-310-x86_64-linux-gnu.so
[2.358s] -- Up-to-date: /home/devika/robo_ws/install/yolov8_msgs/local/lib/python3.10/dist-packages/yolov8_msgs/yolov8_msgs_s__rosidl_typesupport_introspection_c.cpython-310-x86_64-linux-gnu.so
[2.359s] -- Up-to-date: /home/devika/robo_ws/install/yolov8_msgs/local/lib/python3.10/dist-packages/yolov8_msgs/yolov8_msgs_s__rosidl_typesupport_c.cpython-310-x86_64-linux-gnu.so
[2.361s] -- Up-to-date: /home/devika/robo_ws/install/yolov8_msgs/lib/libyolov8_msgs__rosidl_generator_py.so
[2.363s] -- Up-to-date: /home/devika/robo_ws/install/yolov8_msgs/share/yolov8_msgs/msg/InferenceResult.idl
[2.363s] -- Up-to-date: /home/devika/robo_ws/install/yolov8_msgs/share/yolov8_msgs/msg/Yolov8Inference.idl
[2.363s] -- Up-to-date: /home/devika/robo_ws/install/yolov8_msgs/share/yolov8_msgs/msg/InferenceResult.msg
[2.363s] -- Up-to-date: /home/devika/robo_ws/install/yolov8_msgs/share/yolov8_msgs/msg/Yolov8Inference.msg
[2.363s] -- Up-to-date: /home/devika/robo_ws/install/yolov8_msgs/share/ament_index/resource_index/package_run_dependencies/yolov8_msgs
[2.363s] -- Up-to-date: /home/devika/robo_ws/install/yolov8_msgs/share/ament_index/resource_index/parent_prefix_path/yolov8_msgs
[2.364s] -- Up-to-date: /home/devika/robo_ws/install/yolov8_msgs/share/yolov8_msgs/environment/ament_prefix_path.sh
[2.364s] -- Up-to-date: /home/devika/robo_ws/install/yolov8_msgs/share/yolov8_msgs/environment/ament_prefix_path.dsv
[2.364s] -- Up-to-date: /home/devika/robo_ws/install/yolov8_msgs/share/yolov8_msgs/environment/path.sh
[2.364s] -- Up-to-date: /home/devika/robo_ws/install/yolov8_msgs/share/yolov8_msgs/environment/path.dsv
[2.364s] -- Up-to-date: /home/devika/robo_ws/install/yolov8_msgs/share/yolov8_msgs/local_setup.bash
[2.364s] -- Up-to-date: /home/devika/robo_ws/install/yolov8_msgs/share/yolov8_msgs/local_setup.sh
[2.364s] -- Up-to-date: /home/devika/robo_ws/install/yolov8_msgs/share/yolov8_msgs/local_setup.zsh
[2.364s] -- Up-to-date: /home/devika/robo_ws/install/yolov8_msgs/share/yolov8_msgs/local_setup.dsv
[2.365s] -- Installing: /home/devika/robo_ws/install/yolov8_msgs/share/yolov8_msgs/package.dsv
[2.365s] -- Up-to-date: /home/devika/robo_ws/install/yolov8_msgs/share/ament_index/resource_index/packages/yolov8_msgs
[2.371s] -- Up-to-date: /home/devika/robo_ws/install/yolov8_msgs/share/yolov8_msgs/cmake/export_yolov8_msgs__rosidl_generator_cExport.cmake
[2.371s] -- Up-to-date: /home/devika/robo_ws/install/yolov8_msgs/share/yolov8_msgs/cmake/export_yolov8_msgs__rosidl_generator_cExport-noconfig.cmake
[2.375s] -- Up-to-date: /home/devika/robo_ws/install/yolov8_msgs/share/yolov8_msgs/cmake/export_yolov8_msgs__rosidl_typesupport_fastrtps_cExport.cmake
[2.375s] -- Up-to-date: /home/devika/robo_ws/install/yolov8_msgs/share/yolov8_msgs/cmake/export_yolov8_msgs__rosidl_typesupport_fastrtps_cExport-noconfig.cmake
[2.376s] -- Up-to-date: /home/devika/robo_ws/install/yolov8_msgs/share/yolov8_msgs/cmake/export_yolov8_msgs__rosidl_generator_cppExport.cmake
[2.378s] -- Up-to-date: /home/devika/robo_ws/install/yolov8_msgs/share/yolov8_msgs/cmake/export_yolov8_msgs__rosidl_typesupport_fastrtps_cppExport.cmake
[2.378s] -- Up-to-date: /home/devika/robo_ws/install/yolov8_msgs/share/yolov8_msgs/cmake/export_yolov8_msgs__rosidl_typesupport_fastrtps_cppExport-noconfig.cmake
[2.380s] -- Up-to-date: /home/devika/robo_ws/install/yolov8_msgs/share/yolov8_msgs/cmake/yolov8_msgs__rosidl_typesupport_introspection_cExport.cmake
[2.380s] -- Up-to-date: /home/devika/robo_ws/install/yolov8_msgs/share/yolov8_msgs/cmake/yolov8_msgs__rosidl_typesupport_introspection_cExport-noconfig.cmake
[2.385s] -- Up-to-date: /home/devika/robo_ws/install/yolov8_msgs/share/yolov8_msgs/cmake/yolov8_msgs__rosidl_typesupport_cExport.cmake
[2.385s] -- Up-to-date: /home/devika/robo_ws/install/yolov8_msgs/share/yolov8_msgs/cmake/yolov8_msgs__rosidl_typesupport_cExport-noconfig.cmake
[2.386s] -- Up-to-date: /home/devika/robo_ws/install/yolov8_msgs/share/yolov8_msgs/cmake/yolov8_msgs__rosidl_typesupport_introspection_cppExport.cmake
[2.387s] -- Up-to-date: /home/devika/robo_ws/install/yolov8_msgs/share/yolov8_msgs/cmake/yolov8_msgs__rosidl_typesupport_introspection_cppExport-noconfig.cmake
[2.389s] -- Up-to-date: /home/devika/robo_ws/install/yolov8_msgs/share/yolov8_msgs/cmake/yolov8_msgs__rosidl_typesupport_cppExport.cmake
[2.389s] -- Up-to-date: /home/devika/robo_ws/install/yolov8_msgs/share/yolov8_msgs/cmake/yolov8_msgs__rosidl_typesupport_cppExport-noconfig.cmake
[2.391s] -- Up-to-date: /home/devika/robo_ws/install/yolov8_msgs/share/yolov8_msgs/cmake/export_yolov8_msgs__rosidl_generator_pyExport.cmake
[2.391s] -- Up-to-date: /home/devika/robo_ws/install/yolov8_msgs/share/yolov8_msgs/cmake/export_yolov8_msgs__rosidl_generator_pyExport-noconfig.cmake
[2.391s] -- Up-to-date: /home/devika/robo_ws/install/yolov8_msgs/share/yolov8_msgs/cmake/rosidl_cmake-extras.cmake
[2.392s] -- Up-to-date: /home/devika/robo_ws/install/yolov8_msgs/share/yolov8_msgs/cmake/ament_cmake_export_dependencies-extras.cmake
[2.392s] -- Up-to-date: /home/devika/robo_ws/install/yolov8_msgs/share/yolov8_msgs/cmake/ament_cmake_export_include_directories-extras.cmake
[2.392s] -- Up-to-date: /home/devika/robo_ws/install/yolov8_msgs/share/yolov8_msgs/cmake/ament_cmake_export_libraries-extras.cmake
[2.393s] -- Up-to-date: /home/devika/robo_ws/install/yolov8_msgs/share/yolov8_msgs/cmake/ament_cmake_export_targets-extras.cmake
[2.393s] -- Up-to-date: /home/devika/robo_ws/install/yolov8_msgs/share/yolov8_msgs/cmake/rosidl_cmake_export_typesupport_targets-extras.cmake
[2.393s] -- Up-to-date: /home/devika/robo_ws/install/yolov8_msgs/share/yolov8_msgs/cmake/rosidl_cmake_export_typesupport_libraries-extras.cmake
[2.394s] -- Up-to-date: /home/devika/robo_ws/install/yolov8_msgs/share/yolov8_msgs/cmake/yolov8_msgsConfig.cmake
[2.394s] -- Up-to-date: /home/devika/robo_ws/install/yolov8_msgs/share/yolov8_msgs/cmake/yolov8_msgsConfig-version.cmake
[2.394s] -- Up-to-date: /home/devika/robo_ws/install/yolov8_msgs/share/yolov8_msgs/package.xml
[2.402s] Invoked command in '/home/devika/robo_ws/build/yolov8_msgs' returned '0': CMAKE_PREFIX_PATH=${CMAKE_PREFIX_PATH}:/home/devika/robo_ws/install/perception_vision:/home/devika/robo_ws/install/cylinder_position_estimator:/home/devika/ws_moveit2/install/moveit_configs_utils:/home/devika/ws_moveit2/install/launch_param_builder:/opt/ros/humble /usr/bin/cmake --install /home/devika/robo_ws/build/yolov8_msgs
