[0.170s] Invoking command in '/home/devika/robo_ws/build/rviz_marker_tools': CMAKE_PREFIX_PATH=${CMAKE_PREFIX_PATH}:/home/devika/robo_ws/install/perception_vision:/home/devika/robo_ws/install/cylinder_position_estimator:/opt/ros/humble /usr/bin/cmake --build /home/devika/robo_ws/build/rviz_marker_tools -- -j8 -l8
[0.890s] -- Found ament_cmake: 1.3.11 (/opt/ros/humble/share/ament_cmake/cmake)
[0.891s] -- Found moveit_common: 2.5.9 (/home/devika/ws_moveit2/install/moveit_common/share/moveit_common/cmake)
[0.891s] -- Found eigen3_cmake_module: 0.1.1 (/opt/ros/humble/share/eigen3_cmake_module/cmake)
[0.891s] -- Found geometry_msgs: 4.8.0 (/opt/ros/humble/share/geometry_msgs/cmake)
[0.891s] -- Found rosidl_generator_c: 3.1.6 (/opt/ros/humble/share/rosidl_generator_c/cmake)
[0.892s] -- Found rosidl_adapter: 3.1.6 (/opt/ros/humble/share/rosidl_adapter/cmake)
[0.892s] -- Found rosidl_generator_cpp: 3.1.6 (/opt/ros/humble/share/rosidl_generator_cpp/cmake)
[0.892s] -- Using all available rosidl_typesupport_c: rosidl_typesupport_fastrtps_c;rosidl_typesupport_introspection_c
[0.894s] -- Using all available rosidl_typesupport_cpp: rosidl_typesupport_fastrtps_cpp;rosidl_typesupport_introspection_cpp
[0.895s] [0mrviz_marker_tools: You did not request a specific build type: Choosing 'Release' for maximum performance[0m
[0.903s] -- Found rclcpp: 16.0.12 (/opt/ros/humble/share/rclcpp/cmake)
[0.954s] -- Found rmw_implementation_cmake: 6.1.2 (/opt/ros/humble/share/rmw_implementation_cmake/cmake)
[0.959s] -- Found rmw_fastrtps_cpp: 6.2.7 (/opt/ros/humble/share/rmw_fastrtps_cpp/cmake)
[1.182s] -- Using RMW implementation 'rmw_fastrtps_cpp' as default
[1.231s] -- Found tf2_eigen: 0.25.12 (/opt/ros/humble/share/tf2_eigen/cmake)
[1.338s] -- Found visualization_msgs: 4.8.0 (/opt/ros/humble/share/visualization_msgs/cmake)
[1.405s] -- Configuring done
[1.439s] -- Generating done
[1.451s] -- Build files have been written to: /home/devika/robo_ws/build/rviz_marker_tools
[1.569s] [35m[1mConsolidate compiler generated dependencies of target rviz_marker_tools[0m
[1.570s] [100%] Built target rviz_marker_tools
[1.686s] Invoked command in '/home/devika/robo_ws/build/rviz_marker_tools' returned '0': CMAKE_PREFIX_PATH=${CMAKE_PREFIX_PATH}:/home/devika/robo_ws/install/perception_vision:/home/devika/robo_ws/install/cylinder_position_estimator:/opt/ros/humble /usr/bin/cmake --build /home/devika/robo_ws/build/rviz_marker_tools -- -j8 -l8
[1.688s] Invoking command in '/home/devika/robo_ws/build/rviz_marker_tools': CMAKE_PREFIX_PATH=${CMAKE_PREFIX_PATH}:/home/devika/robo_ws/install/perception_vision:/home/devika/robo_ws/install/cylinder_position_estimator:/opt/ros/humble /usr/bin/cmake --install /home/devika/robo_ws/build/rviz_marker_tools
[1.707s] -- Install configuration: "Release"
[1.707s] -- Up-to-date: /home/devika/robo_ws/install/rviz_marker_tools/include
[1.708s] -- Up-to-date: /home/devika/robo_ws/install/rviz_marker_tools/include/rviz_marker_tools
[1.708s] -- Up-to-date: /home/devika/robo_ws/install/rviz_marker_tools/include/rviz_marker_tools/marker_creation.h
[1.712s] -- Up-to-date: /home/devika/robo_ws/install/rviz_marker_tools/lib/librviz_marker_tools.so
[1.712s] -- Up-to-date: /home/devika/robo_ws/install/rviz_marker_tools/share/rviz_marker_tools/environment/library_path.sh
[1.713s] -- Installing: /home/devika/robo_ws/install/rviz_marker_tools/share/rviz_marker_tools/environment/library_path.dsv
[1.714s] -- Up-to-date: /home/devika/robo_ws/install/rviz_marker_tools/share/ament_index/resource_index/package_run_dependencies/rviz_marker_tools
[1.719s] -- Installing: /home/devika/robo_ws/install/rviz_marker_tools/share/ament_index/resource_index/parent_prefix_path/rviz_marker_tools
[1.719s] -- Up-to-date: /home/devika/robo_ws/install/rviz_marker_tools/share/rviz_marker_tools/environment/ament_prefix_path.sh
[1.719s] -- Installing: /home/devika/robo_ws/install/rviz_marker_tools/share/rviz_marker_tools/environment/ament_prefix_path.dsv
[1.719s] -- Up-to-date: /home/devika/robo_ws/install/rviz_marker_tools/share/rviz_marker_tools/environment/path.sh
[1.719s] -- Installing: /home/devika/robo_ws/install/rviz_marker_tools/share/rviz_marker_tools/environment/path.dsv
[1.719s] -- Up-to-date: /home/devika/robo_ws/install/rviz_marker_tools/share/rviz_marker_tools/local_setup.bash
[1.720s] -- Up-to-date: /home/devika/robo_ws/install/rviz_marker_tools/share/rviz_marker_tools/local_setup.sh
[1.720s] -- Up-to-date: /home/devika/robo_ws/install/rviz_marker_tools/share/rviz_marker_tools/local_setup.zsh
[1.720s] -- Installing: /home/devika/robo_ws/install/rviz_marker_tools/share/rviz_marker_tools/local_setup.dsv
[1.720s] -- Installing: /home/devika/robo_ws/install/rviz_marker_tools/share/rviz_marker_tools/package.dsv
[1.720s] -- Up-to-date: /home/devika/robo_ws/install/rviz_marker_tools/share/ament_index/resource_index/packages/rviz_marker_tools
[1.721s] -- Up-to-date: /home/devika/robo_ws/install/rviz_marker_tools/share/rviz_marker_tools/cmake/rviz_marker_toolsTargetsExport.cmake
[1.721s] -- Up-to-date: /home/devika/robo_ws/install/rviz_marker_tools/share/rviz_marker_tools/cmake/rviz_marker_toolsTargetsExport-release.cmake
[1.721s] -- Up-to-date: /home/devika/robo_ws/install/rviz_marker_tools/share/rviz_marker_tools/cmake/ament_cmake_export_targets-extras.cmake
[1.721s] -- Up-to-date: /home/devika/robo_ws/install/rviz_marker_tools/share/rviz_marker_tools/cmake/ament_cmake_export_dependencies-extras.cmake
[1.722s] -- Up-to-date: /home/devika/robo_ws/install/rviz_marker_tools/share/rviz_marker_tools/cmake/rviz_marker_toolsConfig.cmake
[1.722s] -- Up-to-date: /home/devika/robo_ws/install/rviz_marker_tools/share/rviz_marker_tools/cmake/rviz_marker_toolsConfig-version.cmake
[1.722s] -- Up-to-date: /home/devika/robo_ws/install/rviz_marker_tools/share/rviz_marker_tools/package.xml
[1.752s] Invoked command in '/home/devika/robo_ws/build/rviz_marker_tools' returned '0': CMAKE_PREFIX_PATH=${CMAKE_PREFIX_PATH}:/home/devika/robo_ws/install/perception_vision:/home/devika/robo_ws/install/cylinder_position_estimator:/opt/ros/humble /usr/bin/cmake --install /home/devika/robo_ws/build/rviz_marker_tools
