[0.208s] Invoking command in '/home/devika/robo_ws/build/warehouse_ros_mongo': CMAKE_PREFIX_PATH=${CMAKE_PREFIX_PATH}:/home/devika/robo_ws/install/perception_vision:/home/devika/robo_ws/install/cylinder_position_estimator:/home/devika/ws_moveit2/install/moveit_configs_utils:/home/devika/ws_moveit2/install/launch_param_builder:/opt/ros/humble /usr/bin/cmake --build /home/devika/robo_ws/build/warehouse_ros_mongo -- -j8 -l8
[2.200s] [ 40%] Built target warehouse_ros_mongo
[2.200s] [ 40%] Built target ament_cmake_python_copy_warehouse_ros_mongo
[2.201s] [ 60%] Built target gtest_main
[2.201s] [ 80%] Built target gtest
[2.202s] [100%] Built target test_warehouse_ros_mongo_cpp
[2.513s] running egg_info
[2.517s] writing warehouse_ros_mongo.egg-info/PKG-INFO
[2.519s] writing dependency_links to warehouse_ros_mongo.egg-info/dependency_links.txt
[2.519s] writing top-level names to warehouse_ros_mongo.egg-info/top_level.txt
[2.527s] reading manifest file 'warehouse_ros_mongo.egg-info/SOURCES.txt'
[2.529s] writing manifest file 'warehouse_ros_mongo.egg-info/SOURCES.txt'
[2.716s] [100%] Built target ament_cmake_python_build_warehouse_ros_mongo_egg
[3.551s] Invoked command in '/home/devika/robo_ws/build/warehouse_ros_mongo' returned '0': CMAKE_PREFIX_PATH=${CMAKE_PREFIX_PATH}:/home/devika/robo_ws/install/perception_vision:/home/devika/robo_ws/install/cylinder_position_estimator:/home/devika/ws_moveit2/install/moveit_configs_utils:/home/devika/ws_moveit2/install/launch_param_builder:/opt/ros/humble /usr/bin/cmake --build /home/devika/robo_ws/build/warehouse_ros_mongo -- -j8 -l8
[3.556s] Invoking command in '/home/devika/robo_ws/build/warehouse_ros_mongo': CMAKE_PREFIX_PATH=${CMAKE_PREFIX_PATH}:/home/devika/robo_ws/install/perception_vision:/home/devika/robo_ws/install/cylinder_position_estimator:/home/devika/ws_moveit2/install/moveit_configs_utils:/home/devika/ws_moveit2/install/launch_param_builder:/opt/ros/humble /usr/bin/cmake --install /home/devika/robo_ws/build/warehouse_ros_mongo
[3.716s] -- Install configuration: ""
[3.717s] -- Up-to-date: /home/devika/robo_ws/install/warehouse_ros_mongo/share/warehouse_ros_mongo/environment/pythonpath.sh
[3.726s] -- Up-to-date: /home/devika/robo_ws/install/warehouse_ros_mongo/share/warehouse_ros_mongo/environment/pythonpath.dsv
[3.727s] -- Up-to-date: /home/devika/robo_ws/install/warehouse_ros_mongo/local/lib/python3.10/dist-packages/warehouse_ros_mongo-2.0.3-py3.10.egg-info
[3.727s] -- Installing: /home/devika/robo_ws/install/warehouse_ros_mongo/local/lib/python3.10/dist-packages/warehouse_ros_mongo-2.0.3-py3.10.egg-info/dependency_links.txt
[3.727s] -- Installing: /home/devika/robo_ws/install/warehouse_ros_mongo/local/lib/python3.10/dist-packages/warehouse_ros_mongo-2.0.3-py3.10.egg-info/top_level.txt
[3.728s] -- Installing: /home/devika/robo_ws/install/warehouse_ros_mongo/local/lib/python3.10/dist-packages/warehouse_ros_mongo-2.0.3-py3.10.egg-info/PKG-INFO
[3.728s] -- Installing: /home/devika/robo_ws/install/warehouse_ros_mongo/local/lib/python3.10/dist-packages/warehouse_ros_mongo-2.0.3-py3.10.egg-info/SOURCES.txt
[3.728s] -- Up-to-date: /home/devika/robo_ws/install/warehouse_ros_mongo/local/lib/python3.10/dist-packages/warehouse_ros_mongo
[3.729s] -- Up-to-date: /home/devika/robo_ws/install/warehouse_ros_mongo/local/lib/python3.10/dist-packages/warehouse_ros_mongo/mongo_wrapper_ros.py
[3.729s] -- Up-to-date: /home/devika/robo_ws/install/warehouse_ros_mongo/local/lib/python3.10/dist-packages/warehouse_ros_mongo/__init__.py
[3.977s] Listing '/home/devika/robo_ws/install/warehouse_ros_mongo/local/lib/python3.10/dist-packages/warehouse_ros_mongo'...
[3.977s] -- Up-to-date: /home/devika/robo_ws/install/warehouse_ros_mongo/lib/warehouse_ros_mongo/mongo_wrapper_ros.py
[3.977s] -- Up-to-date: /home/devika/robo_ws/install/warehouse_ros_mongo/include
[3.978s] -- Up-to-date: /home/devika/robo_ws/install/warehouse_ros_mongo/include/database_connection.h
[3.983s] -- Up-to-date: /home/devika/robo_ws/install/warehouse_ros_mongo/include/query_results.h
[3.983s] -- Up-to-date: /home/devika/robo_ws/install/warehouse_ros_mongo/include/metadata.h
[3.984s] -- Up-to-date: /home/devika/robo_ws/install/warehouse_ros_mongo/include/message_collection.h
[3.984s] -- Up-to-date: /home/devika/robo_ws/install/warehouse_ros_mongo/include/warehouse_ros_mongo/config.h
[3.984s] -- Up-to-date: /home/devika/robo_ws/install/warehouse_ros_mongo/share/warehouse_ros_mongo/warehouse_ros_mongo.launch.py
[3.985s] -- Up-to-date: /home/devika/robo_ws/install/warehouse_ros_mongo/share/warehouse_ros_mongo/cmake/FindMONGODB.cmake
[3.989s] -- Up-to-date: /home/devika/robo_ws/install/warehouse_ros_mongo/lib/libwarehouse_ros_mongo.so
[3.992s] -- Up-to-date: /home/devika/robo_ws/install/warehouse_ros_mongo/share/warehouse_ros_mongo/environment/library_path.sh
[3.993s] -- Up-to-date: /home/devika/robo_ws/install/warehouse_ros_mongo/share/warehouse_ros_mongo/environment/library_path.dsv
[3.995s] -- Up-to-date: /home/devika/robo_ws/install/warehouse_ros_mongo/share/warehouse_ros_mongo/mongo_database_connection_plugin_description.xml
[3.995s] -- Up-to-date: /home/devika/robo_ws/install/warehouse_ros_mongo/share/ament_index/resource_index/package_run_dependencies/warehouse_ros_mongo
[3.997s] -- Up-to-date: /home/devika/robo_ws/install/warehouse_ros_mongo/share/ament_index/resource_index/parent_prefix_path/warehouse_ros_mongo
[3.999s] -- Up-to-date: /home/devika/robo_ws/install/warehouse_ros_mongo/share/warehouse_ros_mongo/environment/ament_prefix_path.sh
[4.000s] -- Up-to-date: /home/devika/robo_ws/install/warehouse_ros_mongo/share/warehouse_ros_mongo/environment/ament_prefix_path.dsv
[4.002s] -- Up-to-date: /home/devika/robo_ws/install/warehouse_ros_mongo/share/warehouse_ros_mongo/environment/path.sh
[4.003s] -- Up-to-date: /home/devika/robo_ws/install/warehouse_ros_mongo/share/warehouse_ros_mongo/environment/path.dsv
[4.003s] -- Up-to-date: /home/devika/robo_ws/install/warehouse_ros_mongo/share/warehouse_ros_mongo/local_setup.bash
[4.004s] -- Up-to-date: /home/devika/robo_ws/install/warehouse_ros_mongo/share/warehouse_ros_mongo/local_setup.sh
[4.004s] -- Up-to-date: /home/devika/robo_ws/install/warehouse_ros_mongo/share/warehouse_ros_mongo/local_setup.zsh
[4.005s] -- Up-to-date: /home/devika/robo_ws/install/warehouse_ros_mongo/share/warehouse_ros_mongo/local_setup.dsv
[4.005s] -- Installing: /home/devika/robo_ws/install/warehouse_ros_mongo/share/warehouse_ros_mongo/package.dsv
[4.006s] -- Up-to-date: /home/devika/robo_ws/install/warehouse_ros_mongo/share/ament_index/resource_index/packages/warehouse_ros_mongo
[4.007s] -- Up-to-date: /home/devika/robo_ws/install/warehouse_ros_mongo/share/ament_index/resource_index/warehouse_ros__pluginlib__plugin/warehouse_ros_mongo
[4.010s] -- Up-to-date: /home/devika/robo_ws/install/warehouse_ros_mongo/share/warehouse_ros_mongo/cmake/export_warehouse_ros_mongoExport.cmake
[4.010s] -- Up-to-date: /home/devika/robo_ws/install/warehouse_ros_mongo/share/warehouse_ros_mongo/cmake/export_warehouse_ros_mongoExport-noconfig.cmake
[4.011s] -- Up-to-date: /home/devika/robo_ws/install/warehouse_ros_mongo/share/warehouse_ros_mongo/cmake/ConfigExtras.cmake
[4.011s] -- Up-to-date: /home/devika/robo_ws/install/warehouse_ros_mongo/share/warehouse_ros_mongo/cmake/ament_cmake_export_targets-extras.cmake
[4.011s] -- Up-to-date: /home/devika/robo_ws/install/warehouse_ros_mongo/share/warehouse_ros_mongo/cmake/ament_cmake_export_dependencies-extras.cmake
[4.011s] -- Up-to-date: /home/devika/robo_ws/install/warehouse_ros_mongo/share/warehouse_ros_mongo/cmake/warehouse_ros_mongoConfig.cmake
[4.011s] -- Up-to-date: /home/devika/robo_ws/install/warehouse_ros_mongo/share/warehouse_ros_mongo/cmake/warehouse_ros_mongoConfig-version.cmake
[4.012s] -- Up-to-date: /home/devika/robo_ws/install/warehouse_ros_mongo/share/warehouse_ros_mongo/package.xml
[4.281s] Invoked command in '/home/devika/robo_ws/build/warehouse_ros_mongo' returned '0': CMAKE_PREFIX_PATH=${CMAKE_PREFIX_PATH}:/home/devika/robo_ws/install/perception_vision:/home/devika/robo_ws/install/cylinder_position_estimator:/home/devika/ws_moveit2/install/moveit_configs_utils:/home/devika/ws_moveit2/install/launch_param_builder:/opt/ros/humble /usr/bin/cmake --install /home/devika/robo_ws/build/warehouse_ros_mongo
