[1.615s] Invoking command in '/home/devika/robo_ws/build/yolov8_obb': CMAKE_PREFIX_PATH=${CMAKE_PREFIX_PATH}:/home/devika/robo_ws/install/perception_vision:/home/devika/robo_ws/install/cylinder_position_estimator:/home/devika/ws_moveit2/install/moveit_configs_utils:/home/devika/ws_moveit2/install/launch_param_builder:/opt/ros/humble /usr/bin/cmake --build /home/devika/robo_ws/build/yolov8_obb -- -j8 -l8
[2.192s] Invoked command in '/home/devika/robo_ws/build/yolov8_obb' returned '0': CMAKE_PREFIX_PATH=${CMAKE_PREFIX_PATH}:/home/devika/robo_ws/install/perception_vision:/home/devika/robo_ws/install/cylinder_position_estimator:/home/devika/ws_moveit2/install/moveit_configs_utils:/home/devika/ws_moveit2/install/launch_param_builder:/opt/ros/humble /usr/bin/cmake --build /home/devika/robo_ws/build/yolov8_obb -- -j8 -l8
[2.225s] Invoking command in '/home/devika/robo_ws/build/yolov8_obb': CMAKE_PREFIX_PATH=${CMAKE_PREFIX_PATH}:/home/devika/robo_ws/install/perception_vision:/home/devika/robo_ws/install/cylinder_position_estimator:/home/devika/ws_moveit2/install/moveit_configs_utils:/home/devika/ws_moveit2/install/launch_param_builder:/opt/ros/humble /usr/bin/cmake --install /home/devika/robo_ws/build/yolov8_obb
[2.407s] -- Install configuration: ""
[2.407s] -- Up-to-date: /home/devika/robo_ws/install/yolov8_obb/share/yolov8_obb//scripts
[2.407s] -- Up-to-date: /home/devika/robo_ws/install/yolov8_obb/share/yolov8_obb//scripts/yolov8_obb_subscriber.py
[2.407s] -- Up-to-date: /home/devika/robo_ws/install/yolov8_obb/share/yolov8_obb//scripts/yolov8_obb_publisher.py
[2.407s] -- Up-to-date: /home/devika/robo_ws/install/yolov8_obb/share/yolov8_obb//scripts/best.pt
[2.407s] -- Up-to-date: /home/devika/robo_ws/install/yolov8_obb/share/yolov8_obb//launch
[2.408s] -- Up-to-date: /home/devika/robo_ws/install/yolov8_obb/share/yolov8_obb//launch/yolov8_obb.launch.py
[2.408s] -- Up-to-date: /home/devika/robo_ws/install/yolov8_obb/lib/yolov8_obb/yolov8_obb_publisher.py
[2.408s] -- Up-to-date: /home/devika/robo_ws/install/yolov8_obb/lib/yolov8_obb/yolov8_obb_subscriber.py
[2.408s] -- Up-to-date: /home/devika/robo_ws/install/yolov8_obb/lib/yolov8_obb/yolov8_obb.launch.py
[2.408s] -- Up-to-date: /home/devika/robo_ws/install/yolov8_obb/share/ament_index/resource_index/package_run_dependencies/yolov8_obb
[2.408s] -- Up-to-date: /home/devika/robo_ws/install/yolov8_obb/share/ament_index/resource_index/parent_prefix_path/yolov8_obb
[2.408s] -- Up-to-date: /home/devika/robo_ws/install/yolov8_obb/share/yolov8_obb/environment/ament_prefix_path.sh
[2.409s] -- Up-to-date: /home/devika/robo_ws/install/yolov8_obb/share/yolov8_obb/environment/ament_prefix_path.dsv
[2.409s] -- Up-to-date: /home/devika/robo_ws/install/yolov8_obb/share/yolov8_obb/environment/path.sh
[2.409s] -- Up-to-date: /home/devika/robo_ws/install/yolov8_obb/share/yolov8_obb/environment/path.dsv
[2.409s] -- Up-to-date: /home/devika/robo_ws/install/yolov8_obb/share/yolov8_obb/local_setup.bash
[2.412s] -- Up-to-date: /home/devika/robo_ws/install/yolov8_obb/share/yolov8_obb/local_setup.sh
[2.412s] -- Up-to-date: /home/devika/robo_ws/install/yolov8_obb/share/yolov8_obb/local_setup.zsh
[2.412s] -- Up-to-date: /home/devika/robo_ws/install/yolov8_obb/share/yolov8_obb/local_setup.dsv
[2.413s] -- Installing: /home/devika/robo_ws/install/yolov8_obb/share/yolov8_obb/package.dsv
[2.413s] -- Up-to-date: /home/devika/robo_ws/install/yolov8_obb/share/ament_index/resource_index/packages/yolov8_obb
[2.413s] -- Up-to-date: /home/devika/robo_ws/install/yolov8_obb/share/yolov8_obb/cmake/yolov8_obbConfig.cmake
[2.413s] -- Up-to-date: /home/devika/robo_ws/install/yolov8_obb/share/yolov8_obb/cmake/yolov8_obbConfig-version.cmake
[2.413s] -- Up-to-date: /home/devika/robo_ws/install/yolov8_obb/share/yolov8_obb/package.xml
[2.441s] Invoked command in '/home/devika/robo_ws/build/yolov8_obb' returned '0': CMAKE_PREFIX_PATH=${CMAKE_PREFIX_PATH}:/home/devika/robo_ws/install/perception_vision:/home/devika/robo_ws/install/cylinder_position_estimator:/home/devika/ws_moveit2/install/moveit_configs_utils:/home/devika/ws_moveit2/install/launch_param_builder:/opt/ros/humble /usr/bin/cmake --install /home/devika/robo_ws/build/yolov8_obb
