[2.292s] Invoking command in '/home/devika/robo_ws/src/cylinder_position_estimator': PYTHONPATH=/home/devika/robo_ws/build/cylinder_position_estimator/prefix_override:/usr/lib/python3/dist-packages/colcon_core/task/python/colcon_distutils_commands:/home/devika/robo_ws/install/cylinder_position_estimator/lib/python3.10/site-packages:${PYTHONPATH} /usr/bin/python3 -W ignore:setup.py install is deprecated -W ignore:easy_install command is deprecated setup.py egg_info --egg-base ../../build/cylinder_position_estimator build --build-base /home/devika/robo_ws/build/cylinder_position_estimator/build install --record /home/devika/robo_ws/build/cylinder_position_estimator/install.log --single-version-externally-managed install_data
[2.850s] running egg_info
[2.851s] writing ../../build/cylinder_position_estimator/cylinder_position_estimator.egg-info/PKG-INFO
[2.851s] writing dependency_links to ../../build/cylinder_position_estimator/cylinder_position_estimator.egg-info/dependency_links.txt
[2.851s] writing entry points to ../../build/cylinder_position_estimator/cylinder_position_estimator.egg-info/entry_points.txt
[2.852s] writing requirements to ../../build/cylinder_position_estimator/cylinder_position_estimator.egg-info/requires.txt
[2.853s] writing top-level names to ../../build/cylinder_position_estimator/cylinder_position_estimator.egg-info/top_level.txt
[2.855s] reading manifest file '../../build/cylinder_position_estimator/cylinder_position_estimator.egg-info/SOURCES.txt'
[2.857s] writing manifest file '../../build/cylinder_position_estimator/cylinder_position_estimator.egg-info/SOURCES.txt'
[2.857s] running build
[2.858s] running build_py
[2.858s] running install
[2.858s] running install_lib
[2.861s] running install_data
[2.861s] running install_egg_info
[2.864s] removing '/home/devika/robo_ws/install/cylinder_position_estimator/lib/python3.10/site-packages/cylinder_position_estimator-0.0.0-py3.10.egg-info' (and everything under it)
[2.865s] Copying ../../build/cylinder_position_estimator/cylinder_position_estimator.egg-info to /home/devika/robo_ws/install/cylinder_position_estimator/lib/python3.10/site-packages/cylinder_position_estimator-0.0.0-py3.10.egg-info
[2.866s] running install_scripts
[2.900s] Installing pose_estimator_node script to /home/devika/robo_ws/install/cylinder_position_estimator/lib/cylinder_position_estimator
[2.904s] writing list of installed files to '/home/devika/robo_ws/build/cylinder_position_estimator/install.log'
[2.976s] Invoked command in '/home/devika/robo_ws/src/cylinder_position_estimator' returned '0': PYTHONPATH=/home/devika/robo_ws/build/cylinder_position_estimator/prefix_override:/usr/lib/python3/dist-packages/colcon_core/task/python/colcon_distutils_commands:/home/devika/robo_ws/install/cylinder_position_estimator/lib/python3.10/site-packages:${PYTHONPATH} /usr/bin/python3 -W ignore:setup.py install is deprecated -W ignore:easy_install command is deprecated setup.py egg_info --egg-base ../../build/cylinder_position_estimator build --build-base /home/devika/robo_ws/build/cylinder_position_estimator/build install --record /home/devika/robo_ws/build/cylinder_position_estimator/install.log --single-version-externally-managed install_data
