[0.048s] Invoking command in '/home/devika/robo_ws/build/gazebo_ros2_control': CMAKE_PREFIX_PATH=/home/devika/robo_ws/install/urdf_humble_test_moveit_config:/opt/ros/humble:/home/devika/robo_ws/install/urdf_humble_test:/home/devika/robo_ws/install/gazebo_ros2_control /usr/bin/cmake --build /home/devika/robo_ws/build/gazebo_ros2_control -- -j8 -l8
[0.273s] [ 50%] Built target gazebo_ros2_control
[0.275s] [100%] Built target gazebo_hardware_plugins
[0.306s] Invoked command in '/home/devika/robo_ws/build/gazebo_ros2_control' returned '0': CMAKE_PREFIX_PATH=/home/devika/robo_ws/install/urdf_humble_test_moveit_config:/opt/ros/humble:/home/devika/robo_ws/install/urdf_humble_test:/home/devika/robo_ws/install/gazebo_ros2_control /usr/bin/cmake --build /home/devika/robo_ws/build/gazebo_ros2_control -- -j8 -l8
[0.336s] Invoking command in '/home/devika/robo_ws/build/gazebo_ros2_control': CMAKE_PREFIX_PATH=/home/devika/robo_ws/install/urdf_humble_test_moveit_config:/opt/ros/humble:/home/devika/robo_ws/install/urdf_humble_test:/home/devika/robo_ws/install/gazebo_ros2_control /usr/bin/cmake --install /home/devika/robo_ws/build/gazebo_ros2_control
[0.352s] -- Install configuration: ""
[0.354s] -- Execute custom install script
[0.356s] -- Up-to-date symlink: /home/devika/robo_ws/install/gazebo_ros2_control/lib/libgazebo_ros2_control.so
[0.356s] -- Up-to-date symlink: /home/devika/robo_ws/install/gazebo_ros2_control/lib/libgazebo_hardware_plugins.so
[0.357s] -- Up-to-date symlink: /home/devika/robo_ws/install/gazebo_ros2_control/share/gazebo_ros2_control/environment/library_path.sh
[0.358s] -- Up-to-date symlink: /home/devika/robo_ws/install/gazebo_ros2_control/share/gazebo_ros2_control/environment/library_path.dsv
[0.359s] -- Up-to-date symlink: /home/devika/robo_ws/install/gazebo_ros2_control/include/gazebo_ros2_control/gazebo_ros2_control_plugin.hpp
[0.360s] -- Up-to-date symlink: /home/devika/robo_ws/install/gazebo_ros2_control/include/gazebo_ros2_control/gazebo_system.hpp
[0.361s] -- Up-to-date symlink: /home/devika/robo_ws/install/gazebo_ros2_control/include/gazebo_ros2_control/gazebo_system_interface.hpp
[0.361s] -- Up-to-date symlink: /home/devika/robo_ws/install/gazebo_ros2_control/share/gazebo_ros2_control//gazebo_hardware_plugins.xml
[0.361s] -- Up-to-date symlink: /home/devika/robo_ws/install/gazebo_ros2_control/share/ament_index/resource_index/package_run_dependencies/gazebo_ros2_control
[0.362s] -- Up-to-date symlink: /home/devika/robo_ws/install/gazebo_ros2_control/share/ament_index/resource_index/parent_prefix_path/gazebo_ros2_control
[0.363s] -- Up-to-date symlink: /home/devika/robo_ws/install/gazebo_ros2_control/share/gazebo_ros2_control/environment/ament_prefix_path.sh
[0.364s] -- Up-to-date symlink: /home/devika/robo_ws/install/gazebo_ros2_control/share/gazebo_ros2_control/environment/ament_prefix_path.dsv
[0.365s] -- Up-to-date symlink: /home/devika/robo_ws/install/gazebo_ros2_control/share/gazebo_ros2_control/environment/path.sh
[0.366s] -- Up-to-date symlink: /home/devika/robo_ws/install/gazebo_ros2_control/share/gazebo_ros2_control/environment/path.dsv
[0.366s] -- Up-to-date symlink: /home/devika/robo_ws/install/gazebo_ros2_control/share/gazebo_ros2_control/local_setup.bash
[0.367s] -- Up-to-date symlink: /home/devika/robo_ws/install/gazebo_ros2_control/share/gazebo_ros2_control/local_setup.sh
[0.368s] -- Up-to-date symlink: /home/devika/robo_ws/install/gazebo_ros2_control/share/gazebo_ros2_control/local_setup.zsh
[0.369s] -- Up-to-date symlink: /home/devika/robo_ws/install/gazebo_ros2_control/share/gazebo_ros2_control/local_setup.dsv
[0.369s] -- Symlinking: /home/devika/robo_ws/install/gazebo_ros2_control/share/gazebo_ros2_control/package.dsv
[0.399s] -- Up-to-date symlink: /home/devika/robo_ws/install/gazebo_ros2_control/share/ament_index/resource_index/packages/gazebo_ros2_control
[0.400s] -- Up-to-date symlink: /home/devika/robo_ws/install/gazebo_ros2_control/share/ament_index/resource_index/gazebo_ros2_control__pluginlib__plugin/gazebo_ros2_control
[0.401s] -- Up-to-date symlink: /home/devika/robo_ws/install/gazebo_ros2_control/share/gazebo_ros2_control/cmake/ament_cmake_export_include_directories-extras.cmake
[0.402s] -- Up-to-date symlink: /home/devika/robo_ws/install/gazebo_ros2_control/share/gazebo_ros2_control/cmake/ament_cmake_export_dependencies-extras.cmake
[0.403s] -- Up-to-date symlink: /home/devika/robo_ws/install/gazebo_ros2_control/share/gazebo_ros2_control/cmake/ament_cmake_export_libraries-extras.cmake
[0.404s] -- Up-to-date symlink: /home/devika/robo_ws/install/gazebo_ros2_control/share/gazebo_ros2_control/cmake/gazebo_ros2_controlConfig.cmake
[0.405s] -- Up-to-date symlink: /home/devika/robo_ws/install/gazebo_ros2_control/share/gazebo_ros2_control/cmake/gazebo_ros2_controlConfig-version.cmake
[0.405s] -- Up-to-date symlink: /home/devika/robo_ws/install/gazebo_ros2_control/share/gazebo_ros2_control/package.xml
[0.413s] Invoked command in '/home/devika/robo_ws/build/gazebo_ros2_control' returned '0': CMAKE_PREFIX_PATH=/home/devika/robo_ws/install/urdf_humble_test_moveit_config:/opt/ros/humble:/home/devika/robo_ws/install/urdf_humble_test:/home/devika/robo_ws/install/gazebo_ros2_control /usr/bin/cmake --install /home/devika/robo_ws/build/gazebo_ros2_control
