[  1%] [34m[1mAutomatic MOC for target moveit_task_visualization_tools[0m
[  1%] Built target moveit_task_visualization_tools_autogen
[35m[1mConsolidate compiler generated dependencies of target moveit_task_visualization_tools[0m
[ 10%] Built target moveit_task_visualization_tools
[ 12%] [34m[1mAutomatic MOC for target motion_planning_tasks_utils[0m
[ 12%] Built target motion_planning_tasks_utils_autogen
[35m[1mConsolidate compiler generated dependencies of target motion_planning_tasks_utils[0m
[ 20%] Built target motion_planning_tasks_utils
[ 21%] [34m[1mAutomatic MOC for target motion_planning_tasks_properties[0m
[ 21%] Built target motion_planning_tasks_properties_autogen
[35m[1mConsolidate compiler generated dependencies of target motion_planning_tasks_properties[0m
[ 27%] Built target motion_planning_tasks_properties
[ 29%] [34m[1mAutomatic MOC for target motion_planning_tasks_rviz_plugin[0m
[ 29%] Built target motion_planning_tasks_rviz_plugin_autogen
[35m[1mConsolidate compiler generated dependencies of target motion_planning_tasks_rviz_plugin[0m
[ 30%] [32mBuilding CXX object motion_planning_tasks/src/CMakeFiles/motion_planning_tasks_rviz_plugin.dir/remote_task_model.cpp.o[0m
[ 32%] [32mBuilding CXX object motion_planning_tasks/src/CMakeFiles/motion_planning_tasks_rviz_plugin.dir/task_display.cpp.o[0m
gmake[2]: *** [motion_planning_tasks/src/CMakeFiles/motion_planning_tasks_rviz_plugin.dir/build.make:217: motion_planning_tasks/src/CMakeFiles/motion_planning_tasks_rviz_plugin.dir/task_display.cpp.o] Interrupt
gmake[1]: *** [CMakeFiles/Makefile2:450: motion_planning_tasks/src/CMakeFiles/motion_planning_tasks_rviz_plugin.dir/all] Interrupt
gmake: *** [Makefile:146: all] Interrupt
