[0.110s] Invoking command in '/home/devika/robo_ws/build/moveit_task_constructor_core': CMAKE_PREFIX_PATH=/home/devika/robo_ws/install/rviz_marker_tools:/home/devika/robo_ws/install/moveit_task_constructor_msgs:/home/devika/ws_moveit2/install/pilz_industrial_motion_planner_testutils:/home/devika/ws_moveit2/install/moveit_runtime:/home/devika/ws_moveit2/install/moveit2_tutorials:/home/devika/ws_moveit2/install/moveit:/home/devika/ws_moveit2/install/moveit_planners:/home/devika/ws_moveit2/install/pilz_industrial_motion_planner:/home/devika/ws_moveit2/install/moveit_visual_tools:/home/devika/ws_moveit2/install/moveit_task_constructor_visualization:/home/devika/ws_moveit2/install/moveit_task_constructor_demo:/home/devika/ws_moveit2/install/moveit_task_constructor_capabilities:/home/devika/ws_moveit2/install/moveit_task_constructor_core:/home/devika/ws_moveit2/install/moveit_ros_control_interface:/home/devika/ws_moveit2/install/moveit_plugins:/home/devika/ws_moveit2/install/moveit_simple_controller_manager:/home/devika/ws_moveit2/install/moveit_setup_assistant:/home/devika/ws_moveit2/install/moveit_setup_srdf_plugins:/home/devika/ws_moveit2/install/moveit_setup_core_plugins:/home/devika/ws_moveit2/install/moveit_setup_controllers:/home/devika/ws_moveit2/install/moveit_setup_app_plugins:/home/devika/ws_moveit2/install/moveit_setup_framework:/home/devika/ws_moveit2/install/moveit_servo:/home/devika/ws_moveit2/install/moveit_ros:/home/devika/ws_moveit2/install/moveit_ros_visualization:/home/devika/ws_moveit2/install/moveit_hybrid_planning:/home/devika/ws_moveit2/install/moveit_ros_planning_interface:/home/devika/ws_moveit2/install/moveit_ros_benchmarks:/home/devika/ws_moveit2/install/moveit_ros_warehouse:/home/devika/ws_moveit2/install/moveit_ros_robot_interaction:/home/devika/ws_moveit2/install/moveit_ros_perception:/home/devika/ws_moveit2/install/moveit_resources_prbt_pg70_support:/home/devika/ws_moveit2/install/moveit_resources_prbt_moveit_config:/home/devika/ws_moveit2/install/moveit_ros_move_group:/home/devika/ws_moveit2/install/moveit_planners_ompl:/home/devika/ws_moveit2/install/moveit_ros_planning:/home/devika/ws_moveit2/install/moveit_ros_occupancy_map_monitor:/home/devika/ws_moveit2/install/moveit_resources_prbt_ikfast_manipulator_plugin:/home/devika/ws_moveit2/install/moveit_planners_chomp:/home/devika/ws_moveit2/install/moveit_kinematics:/home/devika/ws_moveit2/install/moveit_chomp_optimizer_adapter:/home/devika/ws_moveit2/install/chomp_motion_planner:/home/devika/ws_moveit2/install/moveit_core:/home/devika/ws_moveit2/install/srdfdom:/home/devika/ws_moveit2/install/rviz_marker_tools:/home/devika/ws_moveit2/install/rosparam_shortcuts:/home/devika/ws_moveit2/install/moveit_task_constructor_msgs:/home/devika/ws_moveit2/install/moveit_resources_prbt_support:/home/devika/ws_moveit2/install/moveit_resources:/home/devika/ws_moveit2/install/moveit_resources_pr2_description:/home/devika/ws_moveit2/install/moveit_resources_panda_moveit_config:/home/devika/ws_moveit2/install/moveit_resources_panda_description:/home/devika/ws_moveit2/install/moveit_resources_fanuc_moveit_config:/home/devika/ws_moveit2/install/moveit_resources_fanuc_description:/home/devika/ws_moveit2/install/moveit_common:/home/devika/robo_ws/install/urdf_humble_test_moveit_config:/home/devika/robo_ws/install/warehouse_ros_mongo:/home/devika/robo_ws/install/urdf_humble_test:/home/devika/robo_ws/install/moveit_task_constructor_visualization:/home/devika/robo_ws/install/moveit_task_constructor_demo:/home/devika/robo_ws/install/moveit_task_constructor_capabilities:/home/devika/robo_ws/install/hello_moveit_task_constructor:/home/devika/robo_ws/install/moveit_task_constructor_core:/home/devika/robo_ws/install/hello_moveit:/home/devika/robo_ws/install/gazebo_ros2_control:/home/devika/manga_ws/install/urdf_humble_test_moveit_config:/home/devika/manga_ws/install/urdf_humble_test:/home/devika/manga_ws/install/hello_moveit:/home/devika/some_ws/install/motoman_hc10_support:/home/devika/some_ws/install/motoman_resources:/home/devika/some_ws/install/hello_moveit:/home/devika/some_ws/install/hc20_sim_moveit_config:/home/devika/some_ws/install/hc20_moveit_config:/home/devika/some_ws/install/hc10_movit2v3:/home/devika/some_ws/install/hc10dt_moveit_config:/home/devika/ws_moveit2/install/moveit_configs_utils:/home/devika/ws_moveit2/install/launch_param_builder:/home/devika/robo_ws/install/perception_vision:/home/devika/robo_ws/install/cylinder_position_estimator:/opt/ros/humble LD_LIBRARY_PATH=/home/devika/robo_ws/install/rviz_marker_tools/lib:/home/devika/robo_ws/install/moveit_task_constructor_msgs/lib:/home/devika/ws_moveit2/install/pilz_industrial_motion_planner_testutils/lib:/home/devika/ws_moveit2/install/pilz_industrial_motion_planner/lib:/home/devika/ws_moveit2/install/moveit_visual_tools/lib:/home/devika/ws_moveit2/install/moveit_task_constructor_visualization/lib:/home/devika/ws_moveit2/install/moveit_task_constructor_demo/lib:/home/devika/ws_moveit2/install/moveit_task_constructor_capabilities/lib:/home/devika/ws_moveit2/install/moveit_task_constructor_core/lib:/home/devika/ws_moveit2/install/moveit_ros_control_interface/lib:/home/devika/ws_moveit2/install/moveit_simple_controller_manager/lib:/home/devika/ws_moveit2/install/moveit_setup_assistant/lib:/home/devika/ws_moveit2/install/moveit_setup_srdf_plugins/lib:/home/devika/ws_moveit2/install/moveit_setup_core_plugins/lib:/home/devika/ws_moveit2/install/moveit_setup_controllers/lib:/home/devika/ws_moveit2/install/moveit_setup_app_plugins/lib:/home/devika/ws_moveit2/install/moveit_setup_framework/lib:/home/devika/ws_moveit2/install/moveit_servo/lib:/home/devika/ws_moveit2/install/moveit_ros_visualization/lib:/home/devika/ws_moveit2/install/moveit_hybrid_planning/lib:/home/devika/ws_moveit2/install/moveit_ros_planning_interface/lib:/home/devika/ws_moveit2/install/moveit_ros_benchmarks/lib:/home/devika/ws_moveit2/install/moveit_ros_warehouse/lib:/home/devika/ws_moveit2/install/moveit_ros_robot_interaction/lib:/home/devika/ws_moveit2/install/moveit_ros_perception/lib:/home/devika/ws_moveit2/install/moveit_ros_move_group/lib:/home/devika/ws_moveit2/install/moveit_planners_ompl/lib:/home/devika/ws_moveit2/install/moveit_ros_planning/lib:/home/devika/ws_moveit2/install/moveit_ros_occupancy_map_monitor/lib:/home/devika/ws_moveit2/install/moveit_resources_prbt_ikfast_manipulator_plugin/lib:/home/devika/ws_moveit2/install/moveit_planners_chomp/lib:/home/devika/ws_moveit2/install/moveit_kinematics/lib:/home/devika/ws_moveit2/install/moveit_chomp_optimizer_adapter/lib:/home/devika/ws_moveit2/install/chomp_motion_planner/lib:/home/devika/ws_moveit2/install/moveit_core/lib:/home/devika/ws_moveit2/install/srdfdom/lib:/home/devika/ws_moveit2/install/rviz_marker_tools/lib:/home/devika/ws_moveit2/install/rosparam_shortcuts/lib:/home/devika/ws_moveit2/install/moveit_task_constructor_msgs/lib:/home/devika/robo_ws/install/warehouse_ros_mongo/lib:/home/devika/robo_ws/install/moveit_task_constructor_visualization/lib:/home/devika/robo_ws/install/moveit_task_constructor_demo/lib:/home/devika/robo_ws/install/moveit_task_constructor_capabilities/lib:/home/devika/robo_ws/install/hello_moveit_task_constructor/lib:/home/devika/robo_ws/install/moveit_task_constructor_core/lib:/home/devika/robo_ws/install/gazebo_ros2_control/lib:/usr/lib/x86_64-linux-gnu/gazebo-11/plugins:/opt/ros/humble/opt/rviz_ogre_vendor/lib:/opt/ros/humble/lib/x86_64-linux-gnu:/opt/ros/humble/lib /usr/bin/cmake --build /home/devika/robo_ws/build/moveit_task_constructor_core
[0.540s] [  0%] Built target ament_cmake_python_copy_moveit
[1.846s] running egg_info
[1.848s] writing moveit.egg-info/PKG-INFO
[1.849s] writing dependency_links to moveit.egg-info/dependency_links.txt
[1.851s] writing top-level names to moveit.egg-info/top_level.txt
[1.857s] reading manifest file 'moveit.egg-info/SOURCES.txt'
[1.858s] writing manifest file 'moveit.egg-info/SOURCES.txt'
[1.968s] [  0%] Built target ament_cmake_python_build_moveit_egg
[2.225s] [ 18%] Built target moveit_task_constructor_core
[2.477s] [ 40%] Built target moveit_task_constructor_core_stages
[2.612s] [ 42%] Built target moveit_task_constructor_core_stage_plugins
[2.794s] [ 49%] Built target pymoveit_mtc
[2.961s] [ 54%] Built target gtest_utils
[3.079s] [ 56%] Built target gtest_main
[3.202s] [ 60%] Built target gmock
[3.325s] [ 62%] Built target gmock_main
[3.499s] [ 64%] Built target moveit_task_constructor_core-test-mockups
[3.628s] [ 67%] Built target gtest
[3.778s] [ 69%] Built target moveit_task_constructor_core-test-stage
[3.939s] [ 71%] Built target moveit_task_constructor_core-test-container
[4.097s] [ 74%] Built target moveit_task_constructor_core-test-serial
[4.249s] [ 76%] Built target moveit_task_constructor_core-test-pruning
[4.378s] [ 78%] Built target moveit_task_constructor_core-test-properties
[4.538s] [ 81%] Built target moveit_task_constructor_core-test-cost-terms
[4.701s] [ 83%] Built target moveit_task_constructor_core-test-fallback
[4.835s] [ 85%] Built target moveit_task_constructor_core-test-cost-queue
[4.986s] [ 88%] Built target moveit_task_constructor_core-test-interface-state
[5.145s] [ 90%] Built target moveit_task_constructor_core-test-move-to
[5.297s] [ 92%] Built target moveit_task_constructor_core-test-move-relative
[5.447s] [ 95%] Built target pick_ur5
[5.599s] [ 97%] Built target pick_pr2
[5.752s] [100%] Built target pick_pa10
[5.812s] Invoked command in '/home/devika/robo_ws/build/moveit_task_constructor_core' returned '0': CMAKE_PREFIX_PATH=/home/devika/robo_ws/install/rviz_marker_tools:/home/devika/robo_ws/install/moveit_task_constructor_msgs:/home/devika/ws_moveit2/install/pilz_industrial_motion_planner_testutils:/home/devika/ws_moveit2/install/moveit_runtime:/home/devika/ws_moveit2/install/moveit2_tutorials:/home/devika/ws_moveit2/install/moveit:/home/devika/ws_moveit2/install/moveit_planners:/home/devika/ws_moveit2/install/pilz_industrial_motion_planner:/home/devika/ws_moveit2/install/moveit_visual_tools:/home/devika/ws_moveit2/install/moveit_task_constructor_visualization:/home/devika/ws_moveit2/install/moveit_task_constructor_demo:/home/devika/ws_moveit2/install/moveit_task_constructor_capabilities:/home/devika/ws_moveit2/install/moveit_task_constructor_core:/home/devika/ws_moveit2/install/moveit_ros_control_interface:/home/devika/ws_moveit2/install/moveit_plugins:/home/devika/ws_moveit2/install/moveit_simple_controller_manager:/home/devika/ws_moveit2/install/moveit_setup_assistant:/home/devika/ws_moveit2/install/moveit_setup_srdf_plugins:/home/devika/ws_moveit2/install/moveit_setup_core_plugins:/home/devika/ws_moveit2/install/moveit_setup_controllers:/home/devika/ws_moveit2/install/moveit_setup_app_plugins:/home/devika/ws_moveit2/install/moveit_setup_framework:/home/devika/ws_moveit2/install/moveit_servo:/home/devika/ws_moveit2/install/moveit_ros:/home/devika/ws_moveit2/install/moveit_ros_visualization:/home/devika/ws_moveit2/install/moveit_hybrid_planning:/home/devika/ws_moveit2/install/moveit_ros_planning_interface:/home/devika/ws_moveit2/install/moveit_ros_benchmarks:/home/devika/ws_moveit2/install/moveit_ros_warehouse:/home/devika/ws_moveit2/install/moveit_ros_robot_interaction:/home/devika/ws_moveit2/install/moveit_ros_perception:/home/devika/ws_moveit2/install/moveit_resources_prbt_pg70_support:/home/devika/ws_moveit2/install/moveit_resources_prbt_moveit_config:/home/devika/ws_moveit2/install/moveit_ros_move_group:/home/devika/ws_moveit2/install/moveit_planners_ompl:/home/devika/ws_moveit2/install/moveit_ros_planning:/home/devika/ws_moveit2/install/moveit_ros_occupancy_map_monitor:/home/devika/ws_moveit2/install/moveit_resources_prbt_ikfast_manipulator_plugin:/home/devika/ws_moveit2/install/moveit_planners_chomp:/home/devika/ws_moveit2/install/moveit_kinematics:/home/devika/ws_moveit2/install/moveit_chomp_optimizer_adapter:/home/devika/ws_moveit2/install/chomp_motion_planner:/home/devika/ws_moveit2/install/moveit_core:/home/devika/ws_moveit2/install/srdfdom:/home/devika/ws_moveit2/install/rviz_marker_tools:/home/devika/ws_moveit2/install/rosparam_shortcuts:/home/devika/ws_moveit2/install/moveit_task_constructor_msgs:/home/devika/ws_moveit2/install/moveit_resources_prbt_support:/home/devika/ws_moveit2/install/moveit_resources:/home/devika/ws_moveit2/install/moveit_resources_pr2_description:/home/devika/ws_moveit2/install/moveit_resources_panda_moveit_config:/home/devika/ws_moveit2/install/moveit_resources_panda_description:/home/devika/ws_moveit2/install/moveit_resources_fanuc_moveit_config:/home/devika/ws_moveit2/install/moveit_resources_fanuc_description:/home/devika/ws_moveit2/install/moveit_common:/home/devika/robo_ws/install/urdf_humble_test_moveit_config:/home/devika/robo_ws/install/warehouse_ros_mongo:/home/devika/robo_ws/install/urdf_humble_test:/home/devika/robo_ws/install/moveit_task_constructor_visualization:/home/devika/robo_ws/install/moveit_task_constructor_demo:/home/devika/robo_ws/install/moveit_task_constructor_capabilities:/home/devika/robo_ws/install/hello_moveit_task_constructor:/home/devika/robo_ws/install/moveit_task_constructor_core:/home/devika/robo_ws/install/hello_moveit:/home/devika/robo_ws/install/gazebo_ros2_control:/home/devika/manga_ws/install/urdf_humble_test_moveit_config:/home/devika/manga_ws/install/urdf_humble_test:/home/devika/manga_ws/install/hello_moveit:/home/devika/some_ws/install/motoman_hc10_support:/home/devika/some_ws/install/motoman_resources:/home/devika/some_ws/install/hello_moveit:/home/devika/some_ws/install/hc20_sim_moveit_config:/home/devika/some_ws/install/hc20_moveit_config:/home/devika/some_ws/install/hc10_movit2v3:/home/devika/some_ws/install/hc10dt_moveit_config:/home/devika/ws_moveit2/install/moveit_configs_utils:/home/devika/ws_moveit2/install/launch_param_builder:/home/devika/robo_ws/install/perception_vision:/home/devika/robo_ws/install/cylinder_position_estimator:/opt/ros/humble LD_LIBRARY_PATH=/home/devika/robo_ws/install/rviz_marker_tools/lib:/home/devika/robo_ws/install/moveit_task_constructor_msgs/lib:/home/devika/ws_moveit2/install/pilz_industrial_motion_planner_testutils/lib:/home/devika/ws_moveit2/install/pilz_industrial_motion_planner/lib:/home/devika/ws_moveit2/install/moveit_visual_tools/lib:/home/devika/ws_moveit2/install/moveit_task_constructor_visualization/lib:/home/devika/ws_moveit2/install/moveit_task_constructor_demo/lib:/home/devika/ws_moveit2/install/moveit_task_constructor_capabilities/lib:/home/devika/ws_moveit2/install/moveit_task_constructor_core/lib:/home/devika/ws_moveit2/install/moveit_ros_control_interface/lib:/home/devika/ws_moveit2/install/moveit_simple_controller_manager/lib:/home/devika/ws_moveit2/install/moveit_setup_assistant/lib:/home/devika/ws_moveit2/install/moveit_setup_srdf_plugins/lib:/home/devika/ws_moveit2/install/moveit_setup_core_plugins/lib:/home/devika/ws_moveit2/install/moveit_setup_controllers/lib:/home/devika/ws_moveit2/install/moveit_setup_app_plugins/lib:/home/devika/ws_moveit2/install/moveit_setup_framework/lib:/home/devika/ws_moveit2/install/moveit_servo/lib:/home/devika/ws_moveit2/install/moveit_ros_visualization/lib:/home/devika/ws_moveit2/install/moveit_hybrid_planning/lib:/home/devika/ws_moveit2/install/moveit_ros_planning_interface/lib:/home/devika/ws_moveit2/install/moveit_ros_benchmarks/lib:/home/devika/ws_moveit2/install/moveit_ros_warehouse/lib:/home/devika/ws_moveit2/install/moveit_ros_robot_interaction/lib:/home/devika/ws_moveit2/install/moveit_ros_perception/lib:/home/devika/ws_moveit2/install/moveit_ros_move_group/lib:/home/devika/ws_moveit2/install/moveit_planners_ompl/lib:/home/devika/ws_moveit2/install/moveit_ros_planning/lib:/home/devika/ws_moveit2/install/moveit_ros_occupancy_map_monitor/lib:/home/devika/ws_moveit2/install/moveit_resources_prbt_ikfast_manipulator_plugin/lib:/home/devika/ws_moveit2/install/moveit_planners_chomp/lib:/home/devika/ws_moveit2/install/moveit_kinematics/lib:/home/devika/ws_moveit2/install/moveit_chomp_optimizer_adapter/lib:/home/devika/ws_moveit2/install/chomp_motion_planner/lib:/home/devika/ws_moveit2/install/moveit_core/lib:/home/devika/ws_moveit2/install/srdfdom/lib:/home/devika/ws_moveit2/install/rviz_marker_tools/lib:/home/devika/ws_moveit2/install/rosparam_shortcuts/lib:/home/devika/ws_moveit2/install/moveit_task_constructor_msgs/lib:/home/devika/robo_ws/install/warehouse_ros_mongo/lib:/home/devika/robo_ws/install/moveit_task_constructor_visualization/lib:/home/devika/robo_ws/install/moveit_task_constructor_demo/lib:/home/devika/robo_ws/install/moveit_task_constructor_capabilities/lib:/home/devika/robo_ws/install/hello_moveit_task_constructor/lib:/home/devika/robo_ws/install/moveit_task_constructor_core/lib:/home/devika/robo_ws/install/gazebo_ros2_control/lib:/usr/lib/x86_64-linux-gnu/gazebo-11/plugins:/opt/ros/humble/opt/rviz_ogre_vendor/lib:/opt/ros/humble/lib/x86_64-linux-gnu:/opt/ros/humble/lib /usr/bin/cmake --build /home/devika/robo_ws/build/moveit_task_constructor_core
[5.818s] Invoking command in '/home/devika/robo_ws/build/moveit_task_constructor_core': CMAKE_PREFIX_PATH=/home/devika/robo_ws/install/rviz_marker_tools:/home/devika/robo_ws/install/moveit_task_constructor_msgs:/home/devika/ws_moveit2/install/pilz_industrial_motion_planner_testutils:/home/devika/ws_moveit2/install/moveit_runtime:/home/devika/ws_moveit2/install/moveit2_tutorials:/home/devika/ws_moveit2/install/moveit:/home/devika/ws_moveit2/install/moveit_planners:/home/devika/ws_moveit2/install/pilz_industrial_motion_planner:/home/devika/ws_moveit2/install/moveit_visual_tools:/home/devika/ws_moveit2/install/moveit_task_constructor_visualization:/home/devika/ws_moveit2/install/moveit_task_constructor_demo:/home/devika/ws_moveit2/install/moveit_task_constructor_capabilities:/home/devika/ws_moveit2/install/moveit_task_constructor_core:/home/devika/ws_moveit2/install/moveit_ros_control_interface:/home/devika/ws_moveit2/install/moveit_plugins:/home/devika/ws_moveit2/install/moveit_simple_controller_manager:/home/devika/ws_moveit2/install/moveit_setup_assistant:/home/devika/ws_moveit2/install/moveit_setup_srdf_plugins:/home/devika/ws_moveit2/install/moveit_setup_core_plugins:/home/devika/ws_moveit2/install/moveit_setup_controllers:/home/devika/ws_moveit2/install/moveit_setup_app_plugins:/home/devika/ws_moveit2/install/moveit_setup_framework:/home/devika/ws_moveit2/install/moveit_servo:/home/devika/ws_moveit2/install/moveit_ros:/home/devika/ws_moveit2/install/moveit_ros_visualization:/home/devika/ws_moveit2/install/moveit_hybrid_planning:/home/devika/ws_moveit2/install/moveit_ros_planning_interface:/home/devika/ws_moveit2/install/moveit_ros_benchmarks:/home/devika/ws_moveit2/install/moveit_ros_warehouse:/home/devika/ws_moveit2/install/moveit_ros_robot_interaction:/home/devika/ws_moveit2/install/moveit_ros_perception:/home/devika/ws_moveit2/install/moveit_resources_prbt_pg70_support:/home/devika/ws_moveit2/install/moveit_resources_prbt_moveit_config:/home/devika/ws_moveit2/install/moveit_ros_move_group:/home/devika/ws_moveit2/install/moveit_planners_ompl:/home/devika/ws_moveit2/install/moveit_ros_planning:/home/devika/ws_moveit2/install/moveit_ros_occupancy_map_monitor:/home/devika/ws_moveit2/install/moveit_resources_prbt_ikfast_manipulator_plugin:/home/devika/ws_moveit2/install/moveit_planners_chomp:/home/devika/ws_moveit2/install/moveit_kinematics:/home/devika/ws_moveit2/install/moveit_chomp_optimizer_adapter:/home/devika/ws_moveit2/install/chomp_motion_planner:/home/devika/ws_moveit2/install/moveit_core:/home/devika/ws_moveit2/install/srdfdom:/home/devika/ws_moveit2/install/rviz_marker_tools:/home/devika/ws_moveit2/install/rosparam_shortcuts:/home/devika/ws_moveit2/install/moveit_task_constructor_msgs:/home/devika/ws_moveit2/install/moveit_resources_prbt_support:/home/devika/ws_moveit2/install/moveit_resources:/home/devika/ws_moveit2/install/moveit_resources_pr2_description:/home/devika/ws_moveit2/install/moveit_resources_panda_moveit_config:/home/devika/ws_moveit2/install/moveit_resources_panda_description:/home/devika/ws_moveit2/install/moveit_resources_fanuc_moveit_config:/home/devika/ws_moveit2/install/moveit_resources_fanuc_description:/home/devika/ws_moveit2/install/moveit_common:/home/devika/robo_ws/install/urdf_humble_test_moveit_config:/home/devika/robo_ws/install/warehouse_ros_mongo:/home/devika/robo_ws/install/urdf_humble_test:/home/devika/robo_ws/install/moveit_task_constructor_visualization:/home/devika/robo_ws/install/moveit_task_constructor_demo:/home/devika/robo_ws/install/moveit_task_constructor_capabilities:/home/devika/robo_ws/install/hello_moveit_task_constructor:/home/devika/robo_ws/install/moveit_task_constructor_core:/home/devika/robo_ws/install/hello_moveit:/home/devika/robo_ws/install/gazebo_ros2_control:/home/devika/manga_ws/install/urdf_humble_test_moveit_config:/home/devika/manga_ws/install/urdf_humble_test:/home/devika/manga_ws/install/hello_moveit:/home/devika/some_ws/install/motoman_hc10_support:/home/devika/some_ws/install/motoman_resources:/home/devika/some_ws/install/hello_moveit:/home/devika/some_ws/install/hc20_sim_moveit_config:/home/devika/some_ws/install/hc20_moveit_config:/home/devika/some_ws/install/hc10_movit2v3:/home/devika/some_ws/install/hc10dt_moveit_config:/home/devika/ws_moveit2/install/moveit_configs_utils:/home/devika/ws_moveit2/install/launch_param_builder:/home/devika/robo_ws/install/perception_vision:/home/devika/robo_ws/install/cylinder_position_estimator:/opt/ros/humble LD_LIBRARY_PATH=/home/devika/robo_ws/install/rviz_marker_tools/lib:/home/devika/robo_ws/install/moveit_task_constructor_msgs/lib:/home/devika/ws_moveit2/install/pilz_industrial_motion_planner_testutils/lib:/home/devika/ws_moveit2/install/pilz_industrial_motion_planner/lib:/home/devika/ws_moveit2/install/moveit_visual_tools/lib:/home/devika/ws_moveit2/install/moveit_task_constructor_visualization/lib:/home/devika/ws_moveit2/install/moveit_task_constructor_demo/lib:/home/devika/ws_moveit2/install/moveit_task_constructor_capabilities/lib:/home/devika/ws_moveit2/install/moveit_task_constructor_core/lib:/home/devika/ws_moveit2/install/moveit_ros_control_interface/lib:/home/devika/ws_moveit2/install/moveit_simple_controller_manager/lib:/home/devika/ws_moveit2/install/moveit_setup_assistant/lib:/home/devika/ws_moveit2/install/moveit_setup_srdf_plugins/lib:/home/devika/ws_moveit2/install/moveit_setup_core_plugins/lib:/home/devika/ws_moveit2/install/moveit_setup_controllers/lib:/home/devika/ws_moveit2/install/moveit_setup_app_plugins/lib:/home/devika/ws_moveit2/install/moveit_setup_framework/lib:/home/devika/ws_moveit2/install/moveit_servo/lib:/home/devika/ws_moveit2/install/moveit_ros_visualization/lib:/home/devika/ws_moveit2/install/moveit_hybrid_planning/lib:/home/devika/ws_moveit2/install/moveit_ros_planning_interface/lib:/home/devika/ws_moveit2/install/moveit_ros_benchmarks/lib:/home/devika/ws_moveit2/install/moveit_ros_warehouse/lib:/home/devika/ws_moveit2/install/moveit_ros_robot_interaction/lib:/home/devika/ws_moveit2/install/moveit_ros_perception/lib:/home/devika/ws_moveit2/install/moveit_ros_move_group/lib:/home/devika/ws_moveit2/install/moveit_planners_ompl/lib:/home/devika/ws_moveit2/install/moveit_ros_planning/lib:/home/devika/ws_moveit2/install/moveit_ros_occupancy_map_monitor/lib:/home/devika/ws_moveit2/install/moveit_resources_prbt_ikfast_manipulator_plugin/lib:/home/devika/ws_moveit2/install/moveit_planners_chomp/lib:/home/devika/ws_moveit2/install/moveit_kinematics/lib:/home/devika/ws_moveit2/install/moveit_chomp_optimizer_adapter/lib:/home/devika/ws_moveit2/install/chomp_motion_planner/lib:/home/devika/ws_moveit2/install/moveit_core/lib:/home/devika/ws_moveit2/install/srdfdom/lib:/home/devika/ws_moveit2/install/rviz_marker_tools/lib:/home/devika/ws_moveit2/install/rosparam_shortcuts/lib:/home/devika/ws_moveit2/install/moveit_task_constructor_msgs/lib:/home/devika/robo_ws/install/warehouse_ros_mongo/lib:/home/devika/robo_ws/install/moveit_task_constructor_visualization/lib:/home/devika/robo_ws/install/moveit_task_constructor_demo/lib:/home/devika/robo_ws/install/moveit_task_constructor_capabilities/lib:/home/devika/robo_ws/install/hello_moveit_task_constructor/lib:/home/devika/robo_ws/install/moveit_task_constructor_core/lib:/home/devika/robo_ws/install/gazebo_ros2_control/lib:/usr/lib/x86_64-linux-gnu/gazebo-11/plugins:/opt/ros/humble/opt/rviz_ogre_vendor/lib:/opt/ros/humble/lib/x86_64-linux-gnu:/opt/ros/humble/lib /usr/bin/cmake --install /home/devika/robo_ws/build/moveit_task_constructor_core
[5.859s] -- Install configuration: "Release"
[5.861s] -- Up-to-date: /home/devika/robo_ws/install/moveit_task_constructor_core/lib/libmoveit_task_constructor_core_stages.so
[5.863s] -- Up-to-date: /home/devika/robo_ws/install/moveit_task_constructor_core/lib/libmoveit_task_constructor_core_stage_plugins.so
[5.864s] -- Up-to-date: /home/devika/robo_ws/install/moveit_task_constructor_core/lib/libmoveit_task_constructor_core.so
[5.865s] -- Up-to-date: /home/devika/robo_ws/install/moveit_task_constructor_core/share/moveit_task_constructor_core/environment/pythonpath.sh
[5.866s] -- Up-to-date: /home/devika/robo_ws/install/moveit_task_constructor_core/share/moveit_task_constructor_core/environment/pythonpath.dsv
[5.867s] -- Up-to-date: /home/devika/robo_ws/install/moveit_task_constructor_core/local/lib/python3.10/dist-packages/moveit-0.1.3-py3.10.egg-info
[5.867s] -- Installing: /home/devika/robo_ws/install/moveit_task_constructor_core/local/lib/python3.10/dist-packages/moveit-0.1.3-py3.10.egg-info/dependency_links.txt
[5.868s] -- Installing: /home/devika/robo_ws/install/moveit_task_constructor_core/local/lib/python3.10/dist-packages/moveit-0.1.3-py3.10.egg-info/top_level.txt
[5.868s] -- Installing: /home/devika/robo_ws/install/moveit_task_constructor_core/local/lib/python3.10/dist-packages/moveit-0.1.3-py3.10.egg-info/PKG-INFO
[5.869s] -- Installing: /home/devika/robo_ws/install/moveit_task_constructor_core/local/lib/python3.10/dist-packages/moveit-0.1.3-py3.10.egg-info/SOURCES.txt
[5.870s] -- Up-to-date: /home/devika/robo_ws/install/moveit_task_constructor_core/local/lib/python3.10/dist-packages/moveit
[5.870s] -- Up-to-date: /home/devika/robo_ws/install/moveit_task_constructor_core/local/lib/python3.10/dist-packages/moveit/task_constructor
[5.870s] -- Up-to-date: /home/devika/robo_ws/install/moveit_task_constructor_core/local/lib/python3.10/dist-packages/moveit/task_constructor/core.py
[5.871s] -- Up-to-date: /home/devika/robo_ws/install/moveit_task_constructor_core/local/lib/python3.10/dist-packages/moveit/task_constructor/stages.py
[5.871s] -- Up-to-date: /home/devika/robo_ws/install/moveit_task_constructor_core/local/lib/python3.10/dist-packages/moveit/task_constructor/__init__.py
[5.871s] -- Up-to-date: /home/devika/robo_ws/install/moveit_task_constructor_core/local/lib/python3.10/dist-packages/moveit/__init__.py
[5.995s] Listing '/home/devika/robo_ws/install/moveit_task_constructor_core/local/lib/python3.10/dist-packages/moveit'...
[5.996s] Listing '/home/devika/robo_ws/install/moveit_task_constructor_core/local/lib/python3.10/dist-packages/moveit/task_constructor'...
[6.014s] -- Up-to-date: /home/devika/robo_ws/install/moveit_task_constructor_core/include/moveit/python/pybind11
[6.014s] -- Up-to-date: /home/devika/robo_ws/install/moveit_task_constructor_core/include/moveit/python/pybind11/eval.h
[6.015s] -- Up-to-date: /home/devika/robo_ws/install/moveit_task_constructor_core/include/moveit/python/pybind11/trampoline_self_life_support.h
[6.015s] -- Up-to-date: /home/devika/robo_ws/install/moveit_task_constructor_core/include/moveit/python/pybind11/complex.h
[6.015s] -- Up-to-date: /home/devika/robo_ws/install/moveit_task_constructor_core/include/moveit/python/pybind11/embed.h
[6.016s] -- Up-to-date: /home/devika/robo_ws/install/moveit_task_constructor_core/include/moveit/python/pybind11/options.h
[6.016s] -- Up-to-date: /home/devika/robo_ws/install/moveit_task_constructor_core/include/moveit/python/pybind11/stl.h
[6.016s] -- Up-to-date: /home/devika/robo_ws/install/moveit_task_constructor_core/include/moveit/python/pybind11/functional.h
[6.016s] -- Up-to-date: /home/devika/robo_ws/install/moveit_task_constructor_core/include/moveit/python/pybind11/iostream.h
[6.016s] -- Up-to-date: /home/devika/robo_ws/install/moveit_task_constructor_core/include/moveit/python/pybind11/eigen
[6.017s] -- Up-to-date: /home/devika/robo_ws/install/moveit_task_constructor_core/include/moveit/python/pybind11/eigen/tensor.h
[6.017s] -- Up-to-date: /home/devika/robo_ws/install/moveit_task_constructor_core/include/moveit/python/pybind11/eigen/matrix.h
[6.017s] -- Up-to-date: /home/devika/robo_ws/install/moveit_task_constructor_core/include/moveit/python/pybind11/eigen/common.h
[6.018s] -- Up-to-date: /home/devika/robo_ws/install/moveit_task_constructor_core/include/moveit/python/pybind11/type_caster_pyobject_ptr.h
[6.018s] -- Up-to-date: /home/devika/robo_ws/install/moveit_task_constructor_core/include/moveit/python/pybind11/stl
[6.018s] -- Up-to-date: /home/devika/robo_ws/install/moveit_task_constructor_core/include/moveit/python/pybind11/stl/filesystem.h
[6.018s] -- Up-to-date: /home/devika/robo_ws/install/moveit_task_constructor_core/include/moveit/python/pybind11/attr.h
[6.018s] -- Up-to-date: /home/devika/robo_ws/install/moveit_task_constructor_core/include/moveit/python/pybind11/smart_holder.h
[6.019s] -- Up-to-date: /home/devika/robo_ws/install/moveit_task_constructor_core/include/moveit/python/pybind11/typing.h
[6.019s] -- Up-to-date: /home/devika/robo_ws/install/moveit_task_constructor_core/include/moveit/python/pybind11/gil_safe_call_once.h
[6.019s] -- Up-to-date: /home/devika/robo_ws/install/moveit_task_constructor_core/include/moveit/python/pybind11/chrono.h
[6.019s] -- Up-to-date: /home/devika/robo_ws/install/moveit_task_constructor_core/include/moveit/python/pybind11/pytypes.h
[6.019s] -- Up-to-date: /home/devika/robo_ws/install/moveit_task_constructor_core/include/moveit/python/pybind11/operators.h
[6.019s] -- Up-to-date: /home/devika/robo_ws/install/moveit_task_constructor_core/include/moveit/python/pybind11/buffer_info.h
[6.020s] -- Up-to-date: /home/devika/robo_ws/install/moveit_task_constructor_core/include/moveit/python/pybind11/pybind11.h
[6.020s] -- Up-to-date: /home/devika/robo_ws/install/moveit_task_constructor_core/include/moveit/python/pybind11/numpy.h
[6.020s] -- Up-to-date: /home/devika/robo_ws/install/moveit_task_constructor_core/include/moveit/python/pybind11/stl_bind.h
[6.020s] -- Up-to-date: /home/devika/robo_ws/install/moveit_task_constructor_core/include/moveit/python/pybind11/gil.h
[6.021s] -- Up-to-date: /home/devika/robo_ws/install/moveit_task_constructor_core/include/moveit/python/pybind11/detail
[6.021s] -- Up-to-date: /home/devika/robo_ws/install/moveit_task_constructor_core/include/moveit/python/pybind11/detail/descr.h
[6.021s] -- Up-to-date: /home/devika/robo_ws/install/moveit_task_constructor_core/include/moveit/python/pybind11/detail/internals.h
[6.021s] -- Up-to-date: /home/devika/robo_ws/install/moveit_task_constructor_core/include/moveit/python/pybind11/detail/smart_holder_sfinae_hooks_only.h
[6.022s] -- Up-to-date: /home/devika/robo_ws/install/moveit_task_constructor_core/include/moveit/python/pybind11/detail/class.h
[6.022s] -- Up-to-date: /home/devika/robo_ws/install/moveit_task_constructor_core/include/moveit/python/pybind11/detail/type_caster_base.h
[6.022s] -- Up-to-date: /home/devika/robo_ws/install/moveit_task_constructor_core/include/moveit/python/pybind11/detail/typeid.h
[6.022s] -- Up-to-date: /home/devika/robo_ws/install/moveit_task_constructor_core/include/moveit/python/pybind11/detail/smart_holder_type_casters.h
[6.023s] -- Up-to-date: /home/devika/robo_ws/install/moveit_task_constructor_core/include/moveit/python/pybind11/detail/smart_holder_poc.h
[6.023s] -- Up-to-date: /home/devika/robo_ws/install/moveit_task_constructor_core/include/moveit/python/pybind11/detail/init.h
[6.023s] -- Up-to-date: /home/devika/robo_ws/install/moveit_task_constructor_core/include/moveit/python/pybind11/detail/type_caster_odr_guard.h
[6.023s] -- Up-to-date: /home/devika/robo_ws/install/moveit_task_constructor_core/include/moveit/python/pybind11/detail/common.h
[6.023s] -- Up-to-date: /home/devika/robo_ws/install/moveit_task_constructor_core/include/moveit/python/pybind11/detail/dynamic_raw_ptr_cast_if_possible.h
[6.024s] -- Up-to-date: /home/devika/robo_ws/install/moveit_task_constructor_core/include/moveit/python/pybind11/common.h
[6.024s] -- Up-to-date: /home/devika/robo_ws/install/moveit_task_constructor_core/include/moveit/python/pybind11/cast.h
[6.024s] -- Up-to-date: /home/devika/robo_ws/install/moveit_task_constructor_core/include/moveit/python/pybind11/eigen.h
[6.024s] -- Up-to-date: /home/devika/robo_ws/install/moveit_task_constructor_core/share/moveit_task_constructor_core/cmake/pybind11Config.cmake
[6.024s] -- Up-to-date: /home/devika/robo_ws/install/moveit_task_constructor_core/share/moveit_task_constructor_core/cmake/pybind11ConfigVersion.cmake
[6.024s] -- Up-to-date: /home/devika/robo_ws/install/moveit_task_constructor_core/share/moveit_task_constructor_core/cmake/FindPythonLibsNew.cmake
[6.025s] -- Up-to-date: /home/devika/robo_ws/install/moveit_task_constructor_core/share/moveit_task_constructor_core/cmake/pybind11Common.cmake
[6.025s] -- Up-to-date: /home/devika/robo_ws/install/moveit_task_constructor_core/share/moveit_task_constructor_core/cmake/pybind11Tools.cmake
[6.025s] -- Up-to-date: /home/devika/robo_ws/install/moveit_task_constructor_core/share/moveit_task_constructor_core/cmake/pybind11NewTools.cmake
[6.025s] -- Up-to-date: /home/devika/robo_ws/install/moveit_task_constructor_core/share/moveit_task_constructor_core/cmake/pybind11Targets.cmake
[6.025s] -- Up-to-date: /home/devika/robo_ws/install/moveit_task_constructor_core/share/pkgconfig/pybind11.pc
[6.025s] -- Up-to-date: /home/devika/robo_ws/install/moveit_task_constructor_core/local/lib/python3.10/dist-packages/pymoveit_mtc.cpython-310-x86_64-linux-gnu.so
[6.026s] -- Up-to-date: /home/devika/robo_ws/install/moveit_task_constructor_core/include
[6.026s] -- Up-to-date: /home/devika/robo_ws/install/moveit_task_constructor_core/include/moveit
[6.026s] -- Up-to-date: /home/devika/robo_ws/install/moveit_task_constructor_core/include/moveit/task_constructor
[6.026s] -- Up-to-date: /home/devika/robo_ws/install/moveit_task_constructor_core/include/moveit/task_constructor/stages.h
[6.026s] -- Up-to-date: /home/devika/robo_ws/install/moveit_task_constructor_core/include/moveit/task_constructor/type_traits.h
[6.027s] -- Up-to-date: /home/devika/robo_ws/install/moveit_task_constructor_core/include/moveit/task_constructor/properties.h
[6.027s] -- Up-to-date: /home/devika/robo_ws/install/moveit_task_constructor_core/include/moveit/task_constructor/trajectory_execution_info.h
[6.027s] -- Up-to-date: /home/devika/robo_ws/install/moveit_task_constructor_core/include/moveit/task_constructor/stage.h
[6.027s] -- Up-to-date: /home/devika/robo_ws/install/moveit_task_constructor_core/include/moveit/task_constructor/container.h
[6.029s] -- Up-to-date: /home/devika/robo_ws/install/moveit_task_constructor_core/include/moveit/task_constructor/solvers.h
[6.029s] -- Up-to-date: /home/devika/robo_ws/install/moveit_task_constructor_core/include/moveit/task_constructor/moveit_compat.h
[6.030s] -- Up-to-date: /home/devika/robo_ws/install/moveit_task_constructor_core/include/moveit/task_constructor/cost_terms.h
[6.030s] -- Up-to-date: /home/devika/robo_ws/install/moveit_task_constructor_core/include/moveit/task_constructor/utils.h
[6.031s] -- Up-to-date: /home/devika/robo_ws/install/moveit_task_constructor_core/include/moveit/task_constructor/solvers
[6.031s] -- Up-to-date: /home/devika/robo_ws/install/moveit_task_constructor_core/include/moveit/task_constructor/solvers/cartesian_path.h
[6.031s] -- Up-to-date: /home/devika/robo_ws/install/moveit_task_constructor_core/include/moveit/task_constructor/solvers/multi_planner.h
[6.032s] -- Up-to-date: /home/devika/robo_ws/install/moveit_task_constructor_core/include/moveit/task_constructor/solvers/pipeline_planner.h
[6.032s] -- Up-to-date: /home/devika/robo_ws/install/moveit_task_constructor_core/include/moveit/task_constructor/solvers/joint_interpolation.h
[6.032s] -- Up-to-date: /home/devika/robo_ws/install/moveit_task_constructor_core/include/moveit/task_constructor/solvers/planner_interface.h
[6.032s] -- Up-to-date: /home/devika/robo_ws/install/moveit_task_constructor_core/include/moveit/task_constructor/marker_tools.h
[6.032s] -- Up-to-date: /home/devika/robo_ws/install/moveit_task_constructor_core/include/moveit/task_constructor/storage.h
[6.033s] -- Up-to-date: /home/devika/robo_ws/install/moveit_task_constructor_core/include/moveit/task_constructor/cost_queue.h
[6.033s] -- Up-to-date: /home/devika/robo_ws/install/moveit_task_constructor_core/include/moveit/task_constructor/stages
[6.033s] -- Up-to-date: /home/devika/robo_ws/install/moveit_task_constructor_core/include/moveit/task_constructor/stages/connect.h
[6.033s] -- Up-to-date: /home/devika/robo_ws/install/moveit_task_constructor_core/include/moveit/task_constructor/stages/generate_grasp_pose.h
[6.034s] -- Up-to-date: /home/devika/robo_ws/install/moveit_task_constructor_core/include/moveit/task_constructor/stages/noop.h
[6.034s] -- Up-to-date: /home/devika/robo_ws/install/moveit_task_constructor_core/include/moveit/task_constructor/stages/modify_planning_scene.h
[6.036s] -- Up-to-date: /home/devika/robo_ws/install/moveit_task_constructor_core/include/moveit/task_constructor/stages/generate_place_pose.h
[6.036s] -- Up-to-date: /home/devika/robo_ws/install/moveit_task_constructor_core/include/moveit/task_constructor/stages/passthrough.h
[6.036s] -- Up-to-date: /home/devika/robo_ws/install/moveit_task_constructor_core/include/moveit/task_constructor/stages/pick.h
[6.036s] -- Up-to-date: /home/devika/robo_ws/install/moveit_task_constructor_core/include/moveit/task_constructor/stages/move_to.h
[6.037s] -- Up-to-date: /home/devika/robo_ws/install/moveit_task_constructor_core/include/moveit/task_constructor/stages/generate_pose.h
[6.037s] -- Up-to-date: /home/devika/robo_ws/install/moveit_task_constructor_core/include/moveit/task_constructor/stages/current_state.h
[6.038s] -- Up-to-date: /home/devika/robo_ws/install/moveit_task_constructor_core/include/moveit/task_constructor/stages/fixed_cartesian_poses.h
[6.038s] -- Up-to-date: /home/devika/robo_ws/install/moveit_task_constructor_core/include/moveit/task_constructor/stages/compute_ik.h
[6.039s] -- Up-to-date: /home/devika/robo_ws/install/moveit_task_constructor_core/include/moveit/task_constructor/stages/fixed_state.h
[6.039s] -- Up-to-date: /home/devika/robo_ws/install/moveit_task_constructor_core/include/moveit/task_constructor/stages/move_relative.h
[6.039s] -- Up-to-date: /home/devika/robo_ws/install/moveit_task_constructor_core/include/moveit/task_constructor/stages/predicate_filter.h
[6.040s] -- Up-to-date: /home/devika/robo_ws/install/moveit_task_constructor_core/include/moveit/task_constructor/stages/fix_collision_objects.h
[6.041s] -- Up-to-date: /home/devika/robo_ws/install/moveit_task_constructor_core/include/moveit/task_constructor/stages/simple_grasp.h
[6.046s] -- Up-to-date: /home/devika/robo_ws/install/moveit_task_constructor_core/include/moveit/task_constructor/stages/generate_random_pose.h
[6.046s] -- Up-to-date: /home/devika/robo_ws/install/moveit_task_constructor_core/include/moveit/task_constructor/task.h
[6.046s] -- Up-to-date: /home/devika/robo_ws/install/moveit_task_constructor_core/include/moveit/task_constructor/introspection.h
[6.047s] -- Up-to-date: /home/devika/robo_ws/install/moveit_task_constructor_core/include/moveit/task_constructor/merge.h
[6.047s] -- Up-to-date: /home/devika/robo_ws/install/moveit_task_constructor_core/include/moveit/python
[6.048s] -- Up-to-date: /home/devika/robo_ws/install/moveit_task_constructor_core/include/moveit/python/task_constructor
[6.049s] -- Up-to-date: /home/devika/robo_ws/install/moveit_task_constructor_core/include/moveit/python/task_constructor/properties.h
[6.049s] -- Up-to-date: /home/devika/robo_ws/install/moveit_task_constructor_core/share/moveit_task_constructor_core/motion_planning_stages_plugin_description.xml
[6.049s] -- Up-to-date: /home/devika/robo_ws/install/moveit_task_constructor_core/share/moveit_task_constructor_core/environment/library_path.sh
[6.049s] -- Up-to-date: /home/devika/robo_ws/install/moveit_task_constructor_core/share/moveit_task_constructor_core/environment/library_path.dsv
[6.050s] -- Up-to-date: /home/devika/robo_ws/install/moveit_task_constructor_core/share/ament_index/resource_index/package_run_dependencies/moveit_task_constructor_core
[6.050s] -- Up-to-date: /home/devika/robo_ws/install/moveit_task_constructor_core/share/ament_index/resource_index/parent_prefix_path/moveit_task_constructor_core
[6.050s] -- Up-to-date: /home/devika/robo_ws/install/moveit_task_constructor_core/share/moveit_task_constructor_core/environment/ament_prefix_path.sh
[6.050s] -- Up-to-date: /home/devika/robo_ws/install/moveit_task_constructor_core/share/moveit_task_constructor_core/environment/ament_prefix_path.dsv
[6.051s] -- Up-to-date: /home/devika/robo_ws/install/moveit_task_constructor_core/share/moveit_task_constructor_core/environment/path.sh
[6.051s] -- Up-to-date: /home/devika/robo_ws/install/moveit_task_constructor_core/share/moveit_task_constructor_core/environment/path.dsv
[6.051s] -- Up-to-date: /home/devika/robo_ws/install/moveit_task_constructor_core/share/moveit_task_constructor_core/local_setup.bash
[6.051s] -- Up-to-date: /home/devika/robo_ws/install/moveit_task_constructor_core/share/moveit_task_constructor_core/local_setup.sh
[6.052s] -- Up-to-date: /home/devika/robo_ws/install/moveit_task_constructor_core/share/moveit_task_constructor_core/local_setup.zsh
[6.052s] -- Up-to-date: /home/devika/robo_ws/install/moveit_task_constructor_core/share/moveit_task_constructor_core/local_setup.dsv
[6.052s] -- Installing: /home/devika/robo_ws/install/moveit_task_constructor_core/share/moveit_task_constructor_core/package.dsv
[6.053s] -- Up-to-date: /home/devika/robo_ws/install/moveit_task_constructor_core/share/ament_index/resource_index/packages/moveit_task_constructor_core
[6.053s] -- Up-to-date: /home/devika/robo_ws/install/moveit_task_constructor_core/share/ament_index/resource_index/moveit_task_constructor_core__pluginlib__plugin/moveit_task_constructor_core
[6.053s] -- Up-to-date: /home/devika/robo_ws/install/moveit_task_constructor_core/share/moveit_task_constructor_core/cmake/moveit_task_constructor_coreTargetsExport.cmake
[6.053s] -- Up-to-date: /home/devika/robo_ws/install/moveit_task_constructor_core/share/moveit_task_constructor_core/cmake/moveit_task_constructor_coreTargetsExport-release.cmake
[6.053s] -- Up-to-date: /home/devika/robo_ws/install/moveit_task_constructor_core/share/moveit_task_constructor_core/cmake/ament_cmake_export_targets-extras.cmake
[6.054s] -- Up-to-date: /home/devika/robo_ws/install/moveit_task_constructor_core/share/moveit_task_constructor_core/cmake/ament_cmake_export_dependencies-extras.cmake
[6.054s] -- Up-to-date: /home/devika/robo_ws/install/moveit_task_constructor_core/share/moveit_task_constructor_core/cmake/moveit_task_constructor_coreConfig.cmake
[6.054s] -- Up-to-date: /home/devika/robo_ws/install/moveit_task_constructor_core/share/moveit_task_constructor_core/cmake/moveit_task_constructor_coreConfig-version.cmake
[6.054s] -- Up-to-date: /home/devika/robo_ws/install/moveit_task_constructor_core/share/moveit_task_constructor_core/package.xml
[6.055s] Invoked command in '/home/devika/robo_ws/build/moveit_task_constructor_core' returned '0': CMAKE_PREFIX_PATH=/home/devika/robo_ws/install/rviz_marker_tools:/home/devika/robo_ws/install/moveit_task_constructor_msgs:/home/devika/ws_moveit2/install/pilz_industrial_motion_planner_testutils:/home/devika/ws_moveit2/install/moveit_runtime:/home/devika/ws_moveit2/install/moveit2_tutorials:/home/devika/ws_moveit2/install/moveit:/home/devika/ws_moveit2/install/moveit_planners:/home/devika/ws_moveit2/install/pilz_industrial_motion_planner:/home/devika/ws_moveit2/install/moveit_visual_tools:/home/devika/ws_moveit2/install/moveit_task_constructor_visualization:/home/devika/ws_moveit2/install/moveit_task_constructor_demo:/home/devika/ws_moveit2/install/moveit_task_constructor_capabilities:/home/devika/ws_moveit2/install/moveit_task_constructor_core:/home/devika/ws_moveit2/install/moveit_ros_control_interface:/home/devika/ws_moveit2/install/moveit_plugins:/home/devika/ws_moveit2/install/moveit_simple_controller_manager:/home/devika/ws_moveit2/install/moveit_setup_assistant:/home/devika/ws_moveit2/install/moveit_setup_srdf_plugins:/home/devika/ws_moveit2/install/moveit_setup_core_plugins:/home/devika/ws_moveit2/install/moveit_setup_controllers:/home/devika/ws_moveit2/install/moveit_setup_app_plugins:/home/devika/ws_moveit2/install/moveit_setup_framework:/home/devika/ws_moveit2/install/moveit_servo:/home/devika/ws_moveit2/install/moveit_ros:/home/devika/ws_moveit2/install/moveit_ros_visualization:/home/devika/ws_moveit2/install/moveit_hybrid_planning:/home/devika/ws_moveit2/install/moveit_ros_planning_interface:/home/devika/ws_moveit2/install/moveit_ros_benchmarks:/home/devika/ws_moveit2/install/moveit_ros_warehouse:/home/devika/ws_moveit2/install/moveit_ros_robot_interaction:/home/devika/ws_moveit2/install/moveit_ros_perception:/home/devika/ws_moveit2/install/moveit_resources_prbt_pg70_support:/home/devika/ws_moveit2/install/moveit_resources_prbt_moveit_config:/home/devika/ws_moveit2/install/moveit_ros_move_group:/home/devika/ws_moveit2/install/moveit_planners_ompl:/home/devika/ws_moveit2/install/moveit_ros_planning:/home/devika/ws_moveit2/install/moveit_ros_occupancy_map_monitor:/home/devika/ws_moveit2/install/moveit_resources_prbt_ikfast_manipulator_plugin:/home/devika/ws_moveit2/install/moveit_planners_chomp:/home/devika/ws_moveit2/install/moveit_kinematics:/home/devika/ws_moveit2/install/moveit_chomp_optimizer_adapter:/home/devika/ws_moveit2/install/chomp_motion_planner:/home/devika/ws_moveit2/install/moveit_core:/home/devika/ws_moveit2/install/srdfdom:/home/devika/ws_moveit2/install/rviz_marker_tools:/home/devika/ws_moveit2/install/rosparam_shortcuts:/home/devika/ws_moveit2/install/moveit_task_constructor_msgs:/home/devika/ws_moveit2/install/moveit_resources_prbt_support:/home/devika/ws_moveit2/install/moveit_resources:/home/devika/ws_moveit2/install/moveit_resources_pr2_description:/home/devika/ws_moveit2/install/moveit_resources_panda_moveit_config:/home/devika/ws_moveit2/install/moveit_resources_panda_description:/home/devika/ws_moveit2/install/moveit_resources_fanuc_moveit_config:/home/devika/ws_moveit2/install/moveit_resources_fanuc_description:/home/devika/ws_moveit2/install/moveit_common:/home/devika/robo_ws/install/urdf_humble_test_moveit_config:/home/devika/robo_ws/install/warehouse_ros_mongo:/home/devika/robo_ws/install/urdf_humble_test:/home/devika/robo_ws/install/moveit_task_constructor_visualization:/home/devika/robo_ws/install/moveit_task_constructor_demo:/home/devika/robo_ws/install/moveit_task_constructor_capabilities:/home/devika/robo_ws/install/hello_moveit_task_constructor:/home/devika/robo_ws/install/moveit_task_constructor_core:/home/devika/robo_ws/install/hello_moveit:/home/devika/robo_ws/install/gazebo_ros2_control:/home/devika/manga_ws/install/urdf_humble_test_moveit_config:/home/devika/manga_ws/install/urdf_humble_test:/home/devika/manga_ws/install/hello_moveit:/home/devika/some_ws/install/motoman_hc10_support:/home/devika/some_ws/install/motoman_resources:/home/devika/some_ws/install/hello_moveit:/home/devika/some_ws/install/hc20_sim_moveit_config:/home/devika/some_ws/install/hc20_moveit_config:/home/devika/some_ws/install/hc10_movit2v3:/home/devika/some_ws/install/hc10dt_moveit_config:/home/devika/ws_moveit2/install/moveit_configs_utils:/home/devika/ws_moveit2/install/launch_param_builder:/home/devika/robo_ws/install/perception_vision:/home/devika/robo_ws/install/cylinder_position_estimator:/opt/ros/humble LD_LIBRARY_PATH=/home/devika/robo_ws/install/rviz_marker_tools/lib:/home/devika/robo_ws/install/moveit_task_constructor_msgs/lib:/home/devika/ws_moveit2/install/pilz_industrial_motion_planner_testutils/lib:/home/devika/ws_moveit2/install/pilz_industrial_motion_planner/lib:/home/devika/ws_moveit2/install/moveit_visual_tools/lib:/home/devika/ws_moveit2/install/moveit_task_constructor_visualization/lib:/home/devika/ws_moveit2/install/moveit_task_constructor_demo/lib:/home/devika/ws_moveit2/install/moveit_task_constructor_capabilities/lib:/home/devika/ws_moveit2/install/moveit_task_constructor_core/lib:/home/devika/ws_moveit2/install/moveit_ros_control_interface/lib:/home/devika/ws_moveit2/install/moveit_simple_controller_manager/lib:/home/devika/ws_moveit2/install/moveit_setup_assistant/lib:/home/devika/ws_moveit2/install/moveit_setup_srdf_plugins/lib:/home/devika/ws_moveit2/install/moveit_setup_core_plugins/lib:/home/devika/ws_moveit2/install/moveit_setup_controllers/lib:/home/devika/ws_moveit2/install/moveit_setup_app_plugins/lib:/home/devika/ws_moveit2/install/moveit_setup_framework/lib:/home/devika/ws_moveit2/install/moveit_servo/lib:/home/devika/ws_moveit2/install/moveit_ros_visualization/lib:/home/devika/ws_moveit2/install/moveit_hybrid_planning/lib:/home/devika/ws_moveit2/install/moveit_ros_planning_interface/lib:/home/devika/ws_moveit2/install/moveit_ros_benchmarks/lib:/home/devika/ws_moveit2/install/moveit_ros_warehouse/lib:/home/devika/ws_moveit2/install/moveit_ros_robot_interaction/lib:/home/devika/ws_moveit2/install/moveit_ros_perception/lib:/home/devika/ws_moveit2/install/moveit_ros_move_group/lib:/home/devika/ws_moveit2/install/moveit_planners_ompl/lib:/home/devika/ws_moveit2/install/moveit_ros_planning/lib:/home/devika/ws_moveit2/install/moveit_ros_occupancy_map_monitor/lib:/home/devika/ws_moveit2/install/moveit_resources_prbt_ikfast_manipulator_plugin/lib:/home/devika/ws_moveit2/install/moveit_planners_chomp/lib:/home/devika/ws_moveit2/install/moveit_kinematics/lib:/home/devika/ws_moveit2/install/moveit_chomp_optimizer_adapter/lib:/home/devika/ws_moveit2/install/chomp_motion_planner/lib:/home/devika/ws_moveit2/install/moveit_core/lib:/home/devika/ws_moveit2/install/srdfdom/lib:/home/devika/ws_moveit2/install/rviz_marker_tools/lib:/home/devika/ws_moveit2/install/rosparam_shortcuts/lib:/home/devika/ws_moveit2/install/moveit_task_constructor_msgs/lib:/home/devika/robo_ws/install/warehouse_ros_mongo/lib:/home/devika/robo_ws/install/moveit_task_constructor_visualization/lib:/home/devika/robo_ws/install/moveit_task_constructor_demo/lib:/home/devika/robo_ws/install/moveit_task_constructor_capabilities/lib:/home/devika/robo_ws/install/hello_moveit_task_constructor/lib:/home/devika/robo_ws/install/moveit_task_constructor_core/lib:/home/devika/robo_ws/install/gazebo_ros2_control/lib:/usr/lib/x86_64-linux-gnu/gazebo-11/plugins:/opt/ros/humble/opt/rviz_ogre_vendor/lib:/opt/ros/humble/lib/x86_64-linux-gnu:/opt/ros/humble/lib /usr/bin/cmake --install /home/devika/robo_ws/build/moveit_task_constructor_core
