[0.951s] Invoking command in '/home/devika/robo_ws/src/perception_vision': PYTHONPATH=/home/devika/robo_ws/build/perception_vision/prefix_override:/usr/lib/python3/dist-packages/colcon_core/task/python/colcon_distutils_commands:/home/devika/robo_ws/install/perception_vision/lib/python3.10/site-packages:${PYTHONPATH} /usr/bin/python3 -W ignore:setup.py install is deprecated -W ignore:easy_install command is deprecated setup.py egg_info --egg-base ../../build/perception_vision build --build-base /home/devika/robo_ws/build/perception_vision/build install --record /home/devika/robo_ws/build/perception_vision/install.log --single-version-externally-managed install_data
[1.271s] running egg_info
[1.272s] writing ../../build/perception_vision/perception_vision.egg-info/PKG-INFO
[1.273s] writing dependency_links to ../../build/perception_vision/perception_vision.egg-info/dependency_links.txt
[1.273s] writing entry points to ../../build/perception_vision/perception_vision.egg-info/entry_points.txt
[1.273s] writing requirements to ../../build/perception_vision/perception_vision.egg-info/requires.txt
[1.273s] writing top-level names to ../../build/perception_vision/perception_vision.egg-info/top_level.txt
[1.276s] reading manifest file '../../build/perception_vision/perception_vision.egg-info/SOURCES.txt'
[1.277s] writing manifest file '../../build/perception_vision/perception_vision.egg-info/SOURCES.txt'
[1.277s] running build
[1.278s] running build_py
[1.278s] running install
[1.278s] running install_lib
[1.280s] running install_data
[1.281s] running install_egg_info
[1.283s] removing '/home/devika/robo_ws/install/perception_vision/lib/python3.10/site-packages/perception_vision-0.0.0-py3.10.egg-info' (and everything under it)
[1.283s] Copying ../../build/perception_vision/perception_vision.egg-info to /home/devika/robo_ws/install/perception_vision/lib/python3.10/site-packages/perception_vision-0.0.0-py3.10.egg-info
[1.284s] running install_scripts
[1.308s] Installing yolov8_obb_node script to /home/devika/robo_ws/install/perception_vision/lib/perception_vision
[1.308s] writing list of installed files to '/home/devika/robo_ws/build/perception_vision/install.log'
[1.343s] Invoked command in '/home/devika/robo_ws/src/perception_vision' returned '0': PYTHONPATH=/home/devika/robo_ws/build/perception_vision/prefix_override:/usr/lib/python3/dist-packages/colcon_core/task/python/colcon_distutils_commands:/home/devika/robo_ws/install/perception_vision/lib/python3.10/site-packages:${PYTHONPATH} /usr/bin/python3 -W ignore:setup.py install is deprecated -W ignore:easy_install command is deprecated setup.py egg_info --egg-base ../../build/perception_vision build --build-base /home/devika/robo_ws/build/perception_vision/build install --record /home/devika/robo_ws/build/perception_vision/install.log --single-version-externally-managed install_data
