[5.109s] Invoking command in '/home/devika/robo_ws/src/cylinder_position_estimator': PYTHONPATH=/home/devika/robo_ws/build/cylinder_position_estimator/prefix_override:/usr/lib/python3/dist-packages/colcon_core/task/python/colcon_distutils_commands:/home/devika/robo_ws/install/cylinder_position_estimator/lib/python3.10/site-packages:${PYTHONPATH} /usr/bin/python3 -W ignore:setup.py install is deprecated -W ignore:easy_install command is deprecated setup.py egg_info --egg-base ../../build/cylinder_position_estimator build --build-base /home/devika/robo_ws/build/cylinder_position_estimator/build install --record /home/devika/robo_ws/build/cylinder_position_estimator/install.log --single-version-externally-managed install_data
[6.166s] running egg_info
[6.169s] writing ../../build/cylinder_position_estimator/cylinder_position_estimator.egg-info/PKG-INFO
[6.175s] writing dependency_links to ../../build/cylinder_position_estimator/cylinder_position_estimator.egg-info/dependency_links.txt
[6.175s] writing entry points to ../../build/cylinder_position_estimator/cylinder_position_estimator.egg-info/entry_points.txt
[6.176s] writing requirements to ../../build/cylinder_position_estimator/cylinder_position_estimator.egg-info/requires.txt
[6.184s] writing top-level names to ../../build/cylinder_position_estimator/cylinder_position_estimator.egg-info/top_level.txt
[6.184s] reading manifest file '../../build/cylinder_position_estimator/cylinder_position_estimator.egg-info/SOURCES.txt'
[6.185s] writing manifest file '../../build/cylinder_position_estimator/cylinder_position_estimator.egg-info/SOURCES.txt'
[6.185s] running build
[6.186s] running build_py
[6.186s] running install
[6.186s] running install_lib
[6.187s] running install_data
[6.187s] running install_egg_info
[6.192s] removing '/home/devika/robo_ws/install/cylinder_position_estimator/lib/python3.10/site-packages/cylinder_position_estimator-0.0.0-py3.10.egg-info' (and everything under it)
[6.193s] Copying ../../build/cylinder_position_estimator/cylinder_position_estimator.egg-info to /home/devika/robo_ws/install/cylinder_position_estimator/lib/python3.10/site-packages/cylinder_position_estimator-0.0.0-py3.10.egg-info
[6.197s] running install_scripts
[6.259s] Installing pose_estimator_node script to /home/devika/robo_ws/install/cylinder_position_estimator/lib/cylinder_position_estimator
[6.260s] writing list of installed files to '/home/devika/robo_ws/build/cylinder_position_estimator/install.log'
[6.343s] Invoked command in '/home/devika/robo_ws/src/cylinder_position_estimator' returned '0': PYTHONPATH=/home/devika/robo_ws/build/cylinder_position_estimator/prefix_override:/usr/lib/python3/dist-packages/colcon_core/task/python/colcon_distutils_commands:/home/devika/robo_ws/install/cylinder_position_estimator/lib/python3.10/site-packages:${PYTHONPATH} /usr/bin/python3 -W ignore:setup.py install is deprecated -W ignore:easy_install command is deprecated setup.py egg_info --egg-base ../../build/cylinder_position_estimator build --build-base /home/devika/robo_ws/build/cylinder_position_estimator/build install --record /home/devika/robo_ws/build/cylinder_position_estimator/install.log --single-version-externally-managed install_data
