[0.111s] Invoking command in '/home/devika/robo_ws/build/gazebo_ros2_control': CMAKE_PREFIX_PATH=${CMAKE_PREFIX_PATH}:/home/devika/robo_ws/install/perception_vision:/home/devika/robo_ws/install/cylinder_position_estimator:/home/devika/ws_moveit2/install/moveit_configs_utils:/home/devika/ws_moveit2/install/launch_param_builder:/opt/ros/humble /usr/bin/cmake --build /home/devika/robo_ws/build/gazebo_ros2_control -- -j8 -l8
[0.769s] [35m[1mConsolidate compiler generated dependencies of target gazebo_hardware_plugins[0m
[0.769s] [ 50%] Built target gazebo_ros2_control
[0.769s] [100%] Built target gazebo_hardware_plugins
[1.352s] Invoked command in '/home/devika/robo_ws/build/gazebo_ros2_control' returned '0': CMAKE_PREFIX_PATH=${CMAKE_PREFIX_PATH}:/home/devika/robo_ws/install/perception_vision:/home/devika/robo_ws/install/cylinder_position_estimator:/home/devika/ws_moveit2/install/moveit_configs_utils:/home/devika/ws_moveit2/install/launch_param_builder:/opt/ros/humble /usr/bin/cmake --build /home/devika/robo_ws/build/gazebo_ros2_control -- -j8 -l8
[1.357s] Invoking command in '/home/devika/robo_ws/build/gazebo_ros2_control': CMAKE_PREFIX_PATH=${CMAKE_PREFIX_PATH}:/home/devika/robo_ws/install/perception_vision:/home/devika/robo_ws/install/cylinder_position_estimator:/home/devika/ws_moveit2/install/moveit_configs_utils:/home/devika/ws_moveit2/install/launch_param_builder:/opt/ros/humble /usr/bin/cmake --install /home/devika/robo_ws/build/gazebo_ros2_control
[1.379s] -- Install configuration: ""
[1.382s] -- Up-to-date: /home/devika/robo_ws/install/gazebo_ros2_control/lib/libgazebo_ros2_control.so
[1.383s] -- Up-to-date: /home/devika/robo_ws/install/gazebo_ros2_control/lib/libgazebo_hardware_plugins.so
[1.383s] -- Up-to-date: /home/devika/robo_ws/install/gazebo_ros2_control/share/gazebo_ros2_control/environment/library_path.sh
[1.384s] -- Up-to-date: /home/devika/robo_ws/install/gazebo_ros2_control/share/gazebo_ros2_control/environment/library_path.dsv
[1.386s] -- Up-to-date: /home/devika/robo_ws/install/gazebo_ros2_control/include/gazebo_ros2_control
[1.386s] -- Up-to-date: /home/devika/robo_ws/install/gazebo_ros2_control/include/gazebo_ros2_control/gazebo_ros2_control_plugin.hpp
[1.387s] -- Up-to-date: /home/devika/robo_ws/install/gazebo_ros2_control/include/gazebo_ros2_control/gazebo_system.hpp
[1.387s] -- Up-to-date: /home/devika/robo_ws/install/gazebo_ros2_control/include/gazebo_ros2_control/gazebo_system_interface.hpp
[1.387s] -- Up-to-date: /home/devika/robo_ws/install/gazebo_ros2_control/share/gazebo_ros2_control/gazebo_hardware_plugins.xml
[1.387s] -- Up-to-date: /home/devika/robo_ws/install/gazebo_ros2_control/share/ament_index/resource_index/package_run_dependencies/gazebo_ros2_control
[1.388s] -- Up-to-date: /home/devika/robo_ws/install/gazebo_ros2_control/share/ament_index/resource_index/parent_prefix_path/gazebo_ros2_control
[1.388s] -- Up-to-date: /home/devika/robo_ws/install/gazebo_ros2_control/share/gazebo_ros2_control/environment/ament_prefix_path.sh
[1.388s] -- Up-to-date: /home/devika/robo_ws/install/gazebo_ros2_control/share/gazebo_ros2_control/environment/ament_prefix_path.dsv
[1.388s] -- Up-to-date: /home/devika/robo_ws/install/gazebo_ros2_control/share/gazebo_ros2_control/environment/path.sh
[1.389s] -- Up-to-date: /home/devika/robo_ws/install/gazebo_ros2_control/share/gazebo_ros2_control/environment/path.dsv
[1.389s] -- Up-to-date: /home/devika/robo_ws/install/gazebo_ros2_control/share/gazebo_ros2_control/local_setup.bash
[1.389s] -- Up-to-date: /home/devika/robo_ws/install/gazebo_ros2_control/share/gazebo_ros2_control/local_setup.sh
[1.389s] -- Up-to-date: /home/devika/robo_ws/install/gazebo_ros2_control/share/gazebo_ros2_control/local_setup.zsh
[1.389s] -- Up-to-date: /home/devika/robo_ws/install/gazebo_ros2_control/share/gazebo_ros2_control/local_setup.dsv
[1.389s] -- Installing: /home/devika/robo_ws/install/gazebo_ros2_control/share/gazebo_ros2_control/package.dsv
[1.390s] -- Up-to-date: /home/devika/robo_ws/install/gazebo_ros2_control/share/ament_index/resource_index/packages/gazebo_ros2_control
[1.390s] -- Up-to-date: /home/devika/robo_ws/install/gazebo_ros2_control/share/ament_index/resource_index/gazebo_ros2_control__pluginlib__plugin/gazebo_ros2_control
[1.390s] -- Up-to-date: /home/devika/robo_ws/install/gazebo_ros2_control/share/gazebo_ros2_control/cmake/ament_cmake_export_include_directories-extras.cmake
[1.390s] -- Up-to-date: /home/devika/robo_ws/install/gazebo_ros2_control/share/gazebo_ros2_control/cmake/ament_cmake_export_dependencies-extras.cmake
[1.390s] -- Up-to-date: /home/devika/robo_ws/install/gazebo_ros2_control/share/gazebo_ros2_control/cmake/ament_cmake_export_libraries-extras.cmake
[1.391s] -- Up-to-date: /home/devika/robo_ws/install/gazebo_ros2_control/share/gazebo_ros2_control/cmake/gazebo_ros2_controlConfig.cmake
[1.391s] -- Up-to-date: /home/devika/robo_ws/install/gazebo_ros2_control/share/gazebo_ros2_control/cmake/gazebo_ros2_controlConfig-version.cmake
[1.391s] -- Up-to-date: /home/devika/robo_ws/install/gazebo_ros2_control/share/gazebo_ros2_control/package.xml
[1.516s] Invoked command in '/home/devika/robo_ws/build/gazebo_ros2_control' returned '0': CMAKE_PREFIX_PATH=${CMAKE_PREFIX_PATH}:/home/devika/robo_ws/install/perception_vision:/home/devika/robo_ws/install/cylinder_position_estimator:/home/devika/ws_moveit2/install/moveit_configs_utils:/home/devika/ws_moveit2/install/launch_param_builder:/opt/ros/humble /usr/bin/cmake --install /home/devika/robo_ws/build/gazebo_ros2_control
