[0.892s] Invoking command in '/home/devika/robo_ws/build/hello_moveit': CMAKE_PREFIX_PATH=${CMAKE_PREFIX_PATH}:/home/devika/ws_moveit2/install/moveit_configs_utils:/home/devika/ws_moveit2/install/launch_param_builder:/home/devika/robo_ws/install/perception_vision:/home/devika/robo_ws/install/cylinder_position_estimator:/opt/ros/humble /usr/bin/cmake --build /home/devika/robo_ws/build/hello_moveit
[1.671s] [35m[1mConsolidate compiler generated dependencies of target hello_moveit[0m
[1.671s] [ 25%] [32mBuilding CXX object CMakeFiles/hello_moveit.dir/src/hello_moveit_v1.cpp.o[0m
[6.468s] [01m[K/home/devika/robo_ws/src/hello_moveit/src/hello_moveit_v1.cpp:2:1:[m[K [01;31m[Kerror: [m[K‘[01m[Kmadvox_32[m[K’ does not name a type
[6.468s]     2 | [01;31m[Kmadvox_32[m[K
[6.468s]       | [01;31m[K^~~~~~~~~[m[K
[6.471s] In file included from [01m[K/usr/include/c++/11/bits/move.h:57[m[K,
[6.471s]                  from [01m[K/usr/include/c++/11/bits/stl_pair.h:59[m[K,
[6.471s]                  from [01m[K/usr/include/c++/11/utility:70[m[K,
[6.473s]                  from [01m[K/usr/include/c++/11/algorithm:60[m[K,
[6.474s]                  from [01m[K/opt/ros/humble/include/geometry_msgs/geometry_msgs/msg/detail/pose_stamped__struct.hpp:8[m[K,
[6.474s]                  from [01m[K/opt/ros/humble/include/geometry_msgs/geometry_msgs/msg/pose_stamped.hpp:7[m[K,
[6.474s]                  from [01m[K/home/devika/robo_ws/src/hello_moveit/src/hello_moveit_v1.cpp:4[m[K:
[6.474s] [01m[K/usr/include/c++/11/type_traits:227:27:[m[K [01;31m[Kerror: [m[K‘[01m[Ksize_t[m[K’ has not been declared
[6.474s]   227 |   template <typename _Tp, [01;31m[Ksize_t[m[K = sizeof(_Tp)>
[6.475s]       |                           [01;31m[K^~~~~~[m[K
[6.477s] [01m[K/usr/include/c++/11/type_traits:431:26:[m[K [01;31m[Kerror: [m[K‘[01m[Kstd::size_t[m[K’ has not been declared
[6.477s]   431 |   template<typename _Tp, [01;31m[Kstd[m[K::size_t _Size>
[6.477s]       |                          [01;31m[K^~~[m[K
[6.479s] [01m[K/usr/include/c++/11/type_traits:432:25:[m[K [01;31m[Kerror: [m[K‘[01m[K_Size[m[K’ was not declared in this scope
[6.480s]   432 |     struct is_array<_Tp[[01;31m[K_Size[m[K]>
[6.480s]       |                         [01;31m[K^~~~~[m[K
[6.480s] [01m[K/usr/include/c++/11/type_traits:432:31:[m[K [01;31m[Kerror: [m[Ktemplate argument 1 is invalid
[6.481s]   432 |     struct is_array<_Tp[_Size][01;31m[K>[m[K
[6.481s]       |                               [01;31m[K^[m[K
[6.482s] [01m[K/usr/include/c++/11/type_traits:537:42:[m[K [01;31m[Kerror: [m[K‘[01m[Knullptr_t[m[K’ is not a member of ‘[01m[Kstd[m[K’
[6.482s]   537 |     struct __is_null_pointer_helper<std::[01;31m[Knullptr_t[m[K>
[6.483s]       |                                          [01;31m[K^~~~~~~~~[m[K
[6.483s] [01m[K/usr/include/c++/11/type_traits:537:51:[m[K [01;31m[Kerror: [m[Ktemplate argument 1 is invalid
[6.483s]   537 |     struct __is_null_pointer_helper<std::nullptr_t[01;31m[K>[m[K
[6.484s]       |                                                   [01;31m[K^[m[K
[6.488s] [01m[K/usr/include/c++/11/type_traits:1361:37:[m[K [01;31m[Kerror: [m[K‘[01m[Ksize_t[m[K’ is not a member of ‘[01m[Kstd[m[K’
[6.488s]  1361 |     : public integral_constant<std::[01;31m[Ksize_t[m[K, alignof(_Tp)>
[6.488s]       |                                     [01;31m[K^~~~~~[m[K
[6.488s] [01m[K/usr/include/c++/11/type_traits:1361:57:[m[K [01;31m[Kerror: [m[Ktemplate argument 1 is invalid
[6.489s]  1361 |     : public integral_constant<std::size_t, alignof(_Tp)[01;31m[K>[m[K
[6.489s]       |                                                         [01;31m[K^[m[K
[6.489s] [01m[K/usr/include/c++/11/type_traits:1361:57:[m[K [01;36m[Knote: [m[Kinvalid template non-type parameter
[6.489s] [01m[K/usr/include/c++/11/type_traits:1370:37:[m[K [01;31m[Kerror: [m[K‘[01m[Ksize_t[m[K’ is not a member of ‘[01m[Kstd[m[K’
[6.489s]  1370 |     : public integral_constant<std::[01;31m[Ksize_t[m[K, 0> { };
[6.490s]       |                                     [01;31m[K^~~~~~[m[K
[6.490s] [01m[K/usr/include/c++/11/type_traits:1370:46:[m[K [01;31m[Kerror: [m[Ktemplate argument 1 is invalid
[6.490s]  1370 |     : public integral_constant<std::size_t, 0[01;31m[K>[m[K { };
[6.490s]       |                                              [01;31m[K^[m[K
[6.490s] [01m[K/usr/include/c++/11/type_traits:1370:46:[m[K [01;36m[Knote: [m[Kinvalid template non-type parameter
[6.490s] [01m[K/usr/include/c++/11/type_traits:1372:26:[m[K [01;31m[Kerror: [m[K‘[01m[Kstd::size_t[m[K’ has not been declared
[6.491s]  1372 |   template<typename _Tp, [01;31m[Kstd[m[K::size_t _Size>
[6.491s]       |                          [01;31m[K^~~[m[K
[6.493s] [01m[K/usr/include/c++/11/type_traits:1373:21:[m[K [01;31m[Kerror: [m[K‘[01m[K_Size[m[K’ was not declared in this scope
[6.493s]  1373 |     struct rank<_Tp[[01;31m[K_Size[m[K]>
[6.494s]       |                     [01;31m[K^~~~~[m[K
[6.494s] [01m[K/usr/include/c++/11/type_traits:1373:27:[m[K [01;31m[Kerror: [m[Ktemplate argument 1 is invalid
[6.494s]  1373 |     struct rank<_Tp[_Size][01;31m[K>[m[K
[6.494s]       |                           [01;31m[K^[m[K
[6.494s] [01m[K/usr/include/c++/11/type_traits:1374:37:[m[K [01;31m[Kerror: [m[K‘[01m[Ksize_t[m[K’ is not a member of ‘[01m[Kstd[m[K’
[6.494s]  1374 |     : public integral_constant<std::[01;31m[Ksize_t[m[K, 1 + rank<_Tp>::value> { };
[6.495s]       |                                     [01;31m[K^~~~~~[m[K
[6.495s] [01m[K/usr/include/c++/11/type_traits:1374:65:[m[K [01;31m[Kerror: [m[Ktemplate argument 1 is invalid
[6.495s]  1374 |     : public integral_constant<std::size_t, 1 + rank<_Tp>::value[01;31m[K>[m[K { };
[6.495s]       |                                                                 [01;31m[K^[m[K
[6.496s] [01m[K/usr/include/c++/11/type_traits:1374:65:[m[K [01;36m[Knote: [m[Kinvalid template non-type parameter
[6.496s] [01m[K/usr/include/c++/11/type_traits:1378:37:[m[K [01;31m[Kerror: [m[K‘[01m[Ksize_t[m[K’ is not a member of ‘[01m[Kstd[m[K’
[6.496s]  1378 |     : public integral_constant<std::[01;31m[Ksize_t[m[K, 1 + rank<_Tp>::value> { };
[6.496s]       |                                     [01;31m[K^~~~~~[m[K
[6.496s] [01m[K/usr/include/c++/11/type_traits:1378:65:[m[K [01;31m[Kerror: [m[Ktemplate argument 1 is invalid
[6.496s]  1378 |     : public integral_constant<std::size_t, 1 + rank<_Tp>::value[01;31m[K>[m[K { };
[6.497s]       |                                                                 [01;31m[K^[m[K
[6.497s] [01m[K/usr/include/c++/11/type_traits:1378:65:[m[K [01;36m[Knote: [m[Kinvalid template non-type parameter
[6.497s] [01m[K/usr/include/c++/11/type_traits:1383:37:[m[K [01;31m[Kerror: [m[K‘[01m[Ksize_t[m[K’ is not a member of ‘[01m[Kstd[m[K’
[6.497s]  1383 |     : public integral_constant<std::[01;31m[Ksize_t[m[K, 0> { };
[6.497s]       |                                     [01;31m[K^~~~~~[m[K
[6.498s] [01m[K/usr/include/c++/11/type_traits:1383:46:[m[K [01;31m[Kerror: [m[Ktemplate argument 1 is invalid
[6.498s]  1383 |     : public integral_constant<std::size_t, 0[01;31m[K>[m[K { };
[6.498s]       |                                              [01;31m[K^[m[K
[6.498s] [01m[K/usr/include/c++/11/type_traits:1383:46:[m[K [01;36m[Knote: [m[Kinvalid template non-type parameter
[6.498s] [01m[K/usr/include/c++/11/type_traits:1385:42:[m[K [01;31m[Kerror: [m[K‘[01m[Kstd::size_t[m[K’ has not been declared
[6.499s]  1385 |   template<typename _Tp, unsigned _Uint, [01;31m[Kstd[m[K::size_t _Size>
[6.499s]       |                                          [01;31m[K^~~[m[K
[6.499s] [01m[K/usr/include/c++/11/type_traits:1386:23:[m[K [01;31m[Kerror: [m[K‘[01m[K_Size[m[K’ was not declared in this scope
[6.499s]  1386 |     struct extent<_Tp[[01;31m[K_Size[m[K], _Uint>
[6.499s]       |                       [01;31m[K^~~~~[m[K
[6.499s] [01m[K/usr/include/c++/11/type_traits:1386:36:[m[K [01;31m[Kerror: [m[Ktemplate argument 1 is invalid
[6.500s]  1386 |     struct extent<_Tp[_Size], _Uint[01;31m[K>[m[K
[6.500s]       |                                    [01;31m[K^[m[K
[6.500s] [01m[K/usr/include/c++/11/type_traits:1387:37:[m[K [01;31m[Kerror: [m[K‘[01m[Ksize_t[m[K’ is not a member of ‘[01m[Kstd[m[K’
[6.500s]  1387 |     : public integral_constant<std::[01;31m[Ksize_t[m[K,
[6.500s]       |                                     [01;31m[K^~~~~~[m[K
[6.503s] [01m[K/usr/include/c++/11/type_traits:1388:45:[m[K [01;31m[Kerror: [m[K‘[01m[K_Size[m[K’ was not declared in this scope
[6.503s]  1388 |                                _Uint == 0 ? [01;31m[K_Size[m[K : extent<_Tp,
[6.503s]       |                                             [01;31m[K^~~~~[m[K
[6.503s] [01m[K/usr/include/c++/11/type_traits:1389:77:[m[K [01;31m[Kerror: [m[Ktemplate argument 1 is invalid
[6.504s]  1389 |                                                            _Uint - 1>::value[01;31m[K>[m[K
[6.504s]       |                                                                             [01;31m[K^[m[K
[6.504s] [01m[K/usr/include/c++/11/type_traits:1389:77:[m[K [01;36m[Knote: [m[Kinvalid template non-type parameter
[6.504s] [01m[K/usr/include/c++/11/type_traits:1394:37:[m[K [01;31m[Kerror: [m[K‘[01m[Ksize_t[m[K’ is not a member of ‘[01m[Kstd[m[K’
[6.504s]  1394 |     : public integral_constant<std::[01;31m[Ksize_t[m[K,
[6.505s]       |                                     [01;31m[K^~~~~~[m[K
[6.505s] [01m[K/usr/include/c++/11/type_traits:1396:73:[m[K [01;31m[Kerror: [m[Ktemplate argument 1 is invalid
[6.506s]  1396 |                                                        _Uint - 1>::value[01;31m[K>[m[K
[6.506s]       |                                                                         [01;31m[K^[m[K
[6.506s] [01m[K/usr/include/c++/11/type_traits:1396:73:[m[K [01;36m[Knote: [m[Kinvalid template non-type parameter
[6.507s] [01m[K/usr/include/c++/11/type_traits:1759:26:[m[K [01;31m[Kerror: [m[K‘[01m[Ksize_t[m[K’ does not name a type
[6.507s]  1759 |       { static constexpr [01;31m[Ksize_t[m[K __size = sizeof(_Tp); };
[6.507s]       |                          [01;31m[K^~~~~~[m[K
[6.507s] In file included from [01m[K/usr/include/c++/11/bits/move.h:57[m[K,
[6.508s]                  from [01m[K/usr/include/c++/11/bits/stl_pair.h:59[m[K,
[6.508s]                  from [01m[K/usr/include/c++/11/utility:70[m[K,
[6.508s]                  from [01m[K/usr/include/c++/11/algorithm:60[m[K,
[6.508s]                  from [01m[K/opt/ros/humble/include/geometry_msgs/geometry_msgs/msg/detail/pose_stamped__struct.hpp:8[m[K,
[6.508s]                  from [01m[K/opt/ros/humble/include/geometry_msgs/geometry_msgs/msg/pose_stamped.hpp:7[m[K,
[6.509s]                  from [01m[K/home/devika/robo_ws/src/hello_moveit/src/hello_moveit_v1.cpp:4[m[K:
[6.509s] [01m[K/usr/include/c++/11/type_traits:1:1:[m[K [01;36m[Knote: [m[K‘[01m[Ksize_t[m[K’ is defined in header ‘[01m[K<cstddef>[m[K’; did you forget to ‘[01m[K#include <cstddef>[m[K’?
[6.509s]   +++ |+[32m[K#include <cstddef>[m[K
[6.509s]     1 | // C++11 <type_traits> -*- C++ -*-
[6.510s] In file included from [01m[K/usr/include/c++/11/bits/move.h:57[m[K,
[6.510s]                  from [01m[K/usr/include/c++/11/bits/stl_pair.h:59[m[K,
[6.510s]                  from [01m[K/usr/include/c++/11/utility:70[m[K,
[6.510s]                  from [01m[K/usr/include/c++/11/algorithm:60[m[K,
[6.510s]                  from [01m[K/opt/ros/humble/include/geometry_msgs/geometry_msgs/msg/detail/pose_stamped__struct.hpp:8[m[K,
[6.511s]                  from [01m[K/opt/ros/humble/include/geometry_msgs/geometry_msgs/msg/pose_stamped.hpp:7[m[K,
[6.511s]                  from [01m[K/home/devika/robo_ws/src/hello_moveit/src/hello_moveit_v1.cpp:4[m[K:
[6.511s] [01m[K/usr/include/c++/11/type_traits:1761:14:[m[K [01;31m[Kerror: [m[K‘[01m[Ksize_t[m[K’ has not been declared
[6.511s]  1761 |     template<[01;31m[Ksize_t[m[K _Sz, typename _Tp, bool = (_Sz <= _Tp::__size)>
[6.511s]       |              [01;31m[K^~~~~~[m[K
[6.512s] [01m[K/usr/include/c++/11/type_traits:1761:48:[m[K [01;31m[Kerror: [m[K‘[01m[K_Sz[m[K’ was not declared in this scope
[6.512s]  1761 |     template<size_t _Sz, typename _Tp, bool = ([01;31m[K_Sz[m[K <= _Tp::__size)>
[6.512s]       |                                                [01;31m[K^~~[m[K
[6.512s] [01m[K/usr/include/c++/11/type_traits:1762:14:[m[K [01;31m[Kerror: [m[Kno default argument for ‘[01m[K_Tp[m[K’
[6.512s]  1762 |       struct [01;31m[K__select[m[K;
[6.512s]       |              [01;31m[K^~~~~~~~[m[K
[6.512s] [01m[K/usr/include/c++/11/type_traits:1764:14:[m[K [01;31m[Kerror: [m[K‘[01m[Ksize_t[m[K’ has not been declared
[6.512s]  1764 |     template<[01;31m[Ksize_t[m[K _Sz, typename _Uint, typename... _UInts>
[6.513s]       |              [01;31m[K^~~~~~[m[K
[6.515s] [01m[K/usr/include/c++/11/type_traits:1765:23:[m[K [01;31m[Kerror: [m[K‘[01m[K_Sz[m[K’ was not declared in this scope
[6.516s]  1765 |       struct __select<[01;31m[K_Sz[m[K, _List<_Uint, _UInts...>, true>
[6.516s]       |                       [01;31m[K^~~[m[K
[6.516s] [01m[K/usr/include/c++/11/type_traits:1765:57:[m[K [01;31m[Kerror: [m[Ktemplate argument 1 is invalid
[6.516s]  1765 |       struct __select<_Sz, _List<_Uint, _UInts...>, true[01;31m[K>[m[K
[6.516s]       |                                                         [01;31m[K^[m[K
[6.516s] [01m[K/usr/include/c++/11/type_traits:1768:14:[m[K [01;31m[Kerror: [m[K‘[01m[Ksize_t[m[K’ has not been declared
[6.516s]  1768 |     template<[01;31m[Ksize_t[m[K _Sz, typename _Uint, typename... _UInts>
[6.517s]       |              [01;31m[K^~~~~~[m[K
[6.520s] [01m[K/usr/include/c++/11/type_traits:1769:23:[m[K [01;31m[Kerror: [m[K‘[01m[K_Sz[m[K’ was not declared in this scope
[6.521s]  1769 |       struct __select<[01;31m[K_Sz[m[K, _List<_Uint, _UInts...>, false>
[6.521s]       |                       [01;31m[K^~~[m[K
[6.521s] [01m[K/usr/include/c++/11/type_traits:1769:58:[m[K [01;31m[Kerror: [m[Ktemplate argument 1 is invalid
[6.521s]  1769 |       struct __select<_Sz, _List<_Uint, _UInts...>, false[01;31m[K>[m[K
[6.521s]       |                                                          [01;31m[K^[m[K
[6.525s] [01m[K/usr/include/c++/11/type_traits:1770:18:[m[K [01;31m[Kerror: [m[K‘[01m[K_Sz[m[K’ was not declared in this scope
[6.526s]  1770 |       : __select<[01;31m[K_Sz[m[K, _List<_UInts...>>
[6.526s]       |                  [01;31m[K^~~[m[K
[6.526s] [01m[K/usr/include/c++/11/type_traits:1770:38:[m[K [01;31m[Kerror: [m[Ktemplate argument 1 is invalid
[6.526s]  1770 |       : __select<_Sz, _List<_UInts...[01;31m[K>>[m[K
[6.526s]       |                                      [01;31m[K^~[m[K
[6.526s] [01m[K/usr/include/c++/11/type_traits:1761:60:[m[K [01;31m[Kerror: [m[K‘[01m[K__size[m[K’ is not a member of ‘[01m[Kstd::__make_unsigned_selector_base::_List<unsigned char, short unsigned int, unsigned int, long unsigned int, long long unsigned int>[m[K’
[6.527s]  1761 |     template<size_t _Sz, typename _Tp, bool = (_Sz <= _Tp::[01;31m[K__size[m[K)>
[6.527s]       |                                                            [01;31m[K^~~~~~[m[K
[6.527s] [01m[K/usr/include/c++/11/type_traits:1783:68:[m[K [01;31m[Kerror: [m[Ktemplate argument 3 is invalid
[6.527s]  1783 |       using __unsigned_type = typename __select<sizeof(_Tp), _UInts[01;31m[K>[m[K::__type;
[6.527s]       |                                                                    [01;31m[K^[m[K
[6.545s] [01m[K/usr/include/c++/11/type_traits:1787:47:[m[K [01;31m[Kerror: [m[K‘[01m[K__unsigned_type[m[K’ was not declared in this scope
[6.545s]  1787 |         = typename __match_cv_qualifiers<_Tp, [01;31m[K__unsigned_type[m[K>::__type;
[6.546s]       |                                               [01;31m[K^~~~~~~~~~~~~~~[m[K
[6.546s] [01m[K/usr/include/c++/11/type_traits:1787:62:[m[K [01;31m[Kerror: [m[Ktemplate argument 2 is invalid
[6.546s]  1787 |         = typename __match_cv_qualifiers<_Tp, __unsigned_type[01;31m[K>[m[K::__type;
[6.546s]       |                                                              [01;31m[K^[m[K
[6.546s] [01m[K/usr/include/c++/11/type_traits:1799:68:[m[K [01;31m[Kerror: [m[K‘[01m[K__type[m[K’ in ‘[01m[Kclass std::__make_unsigned_selector<wchar_t, false, true>[m[K’ does not name a type
[6.546s]  1799 |         = typename __make_unsigned_selector<wchar_t, false, true>::[01;31m[K__type[m[K;
[6.547s]       |                                                                    [01;31m[K^~~~~~[m[K
[6.547s] [01m[K/usr/include/c++/11/type_traits:1816:69:[m[K [01;31m[Kerror: [m[K‘[01m[K__type[m[K’ in ‘[01m[Kclass std::__make_unsigned_selector<char16_t, false, true>[m[K’ does not name a type
[6.547s]  1816 |         = typename __make_unsigned_selector<char16_t, false, true>::[01;31m[K__type[m[K;
[6.547s]       |                                                                     [01;31m[K^~~~~~[m[K
[6.547s] [01m[K/usr/include/c++/11/type_traits:1823:69:[m[K [01;31m[Kerror: [m[K‘[01m[K__type[m[K’ in ‘[01m[Kclass std::__make_unsigned_selector<char32_t, false, true>[m[K’ does not name a type
[6.548s]  1823 |         = typename __make_unsigned_selector<char32_t, false, true>::[01;31m[K__type[m[K;
[6.548s]       |                                                                     [01;31m[K^~~~~~[m[K
[6.548s] /usr/include/c++/11/type_traits: In instantiation of ‘[01m[Kclass std::__make_unsigned_selector<wchar_t, true, false>[m[K’:
[6.548s] [01m[K/usr/include/c++/11/type_traits:1912:62:[m[K   required from ‘[01m[Kclass std::__make_signed_selector<wchar_t, false, true>[m[K’
[6.548s] [01m[K/usr/include/c++/11/type_traits:1927:57:[m[K   required from here
[6.549s] [01m[K/usr/include/c++/11/type_traits:1744:13:[m[K [01;31m[Kerror: [m[Kno type named ‘[01m[K__type[m[K’ in ‘[01m[Kstruct std::__make_unsigned<wchar_t>[m[K’
[6.549s]  1744 |       using [01;31m[K__unsigned_type[m[K
[6.549s]       |             [01;31m[K^~~~~~~~~~~~~~~[m[K
[6.549s] [01m[K/usr/include/c++/11/type_traits:1748:13:[m[K [01;31m[Kerror: [m[Kno type named ‘[01m[K__type[m[K’ in ‘[01m[Kstruct std::__make_unsigned<wchar_t>[m[K’
[6.549s]  1748 |       using [01;31m[K__type[m[K
[6.549s]       |             [01;31m[K^~~~~~[m[K
[6.549s] [01m[K/usr/include/c++/11/type_traits:1927:66:[m[K [01;31m[Kerror: [m[Kinvalid combination of multiple type-specifiers
[6.550s]  1927 |         = typename __make_signed_selector<wchar_t, false, true>::[01;31m[K__type[m[K;
[6.550s]       |                                                                  [01;31m[K^~~~~~[m[K
[6.550s] /usr/include/c++/11/type_traits: In instantiation of ‘[01m[Kclass std::__make_unsigned_selector<char16_t, true, false>[m[K’:
[6.550s] [01m[K/usr/include/c++/11/type_traits:1912:62:[m[K   required from ‘[01m[Kclass std::__make_signed_selector<char16_t, false, true>[m[K’
[6.550s] [01m[K/usr/include/c++/11/type_traits:1944:58:[m[K   required from here
[6.550s] [01m[K/usr/include/c++/11/type_traits:1744:13:[m[K [01;31m[Kerror: [m[Kno type named ‘[01m[K__type[m[K’ in ‘[01m[Kstruct std::__make_unsigned<char16_t>[m[K’
[6.550s]  1744 |       using [01;31m[K__unsigned_type[m[K
[6.551s]       |             [01;31m[K^~~~~~~~~~~~~~~[m[K
[6.551s] [01m[K/usr/include/c++/11/type_traits:1748:13:[m[K [01;31m[Kerror: [m[Kno type named ‘[01m[K__type[m[K’ in ‘[01m[Kstruct std::__make_unsigned<char16_t>[m[K’
[6.551s]  1748 |       using [01;31m[K__type[m[K
[6.551s]       |             [01;31m[K^~~~~~[m[K
[6.551s] [01m[K/usr/include/c++/11/type_traits:1944:67:[m[K [01;31m[Kerror: [m[Kinvalid combination of multiple type-specifiers
[6.552s]  1944 |         = typename __make_signed_selector<char16_t, false, true>::[01;31m[K__type[m[K;
[6.552s]       |                                                                   [01;31m[K^~~~~~[m[K
[6.552s] /usr/include/c++/11/type_traits: In instantiation of ‘[01m[Kclass std::__make_unsigned_selector<char32_t, true, false>[m[K’:
[6.553s] [01m[K/usr/include/c++/11/type_traits:1912:62:[m[K   required from ‘[01m[Kclass std::__make_signed_selector<char32_t, false, true>[m[K’
[6.553s] [01m[K/usr/include/c++/11/type_traits:1951:58:[m[K   required from here
[6.553s] [01m[K/usr/include/c++/11/type_traits:1744:13:[m[K [01;31m[Kerror: [m[Kno type named ‘[01m[K__type[m[K’ in ‘[01m[Kstruct std::__make_unsigned<char32_t>[m[K’
[6.553s]  1744 |       using [01;31m[K__unsigned_type[m[K
[6.553s]       |             [01;31m[K^~~~~~~~~~~~~~~[m[K
[6.553s] [01m[K/usr/include/c++/11/type_traits:1748:13:[m[K [01;31m[Kerror: [m[Kno type named ‘[01m[K__type[m[K’ in ‘[01m[Kstruct std::__make_unsigned<char32_t>[m[K’
[6.553s]  1748 |       using [01;31m[K__type[m[K
[6.554s]       |             [01;31m[K^~~~~~[m[K
[6.554s] [01m[K/usr/include/c++/11/type_traits:1951:67:[m[K [01;31m[Kerror: [m[Kinvalid combination of multiple type-specifiers
[6.554s]  1951 |         = typename __make_signed_selector<char32_t, false, true>::[01;31m[K__type[m[K;
[6.554s]       |                                                                   [01;31m[K^~~~~~[m[K
[6.554s] [01m[K/usr/include/c++/11/type_traits:1984:26:[m[K [01;31m[Kerror: [m[K‘[01m[Kstd::size_t[m[K’ has not been declared
[6.554s]  1984 |   template<typename _Tp, [01;31m[Kstd[m[K::size_t _Size>
[6.554s]       |                          [01;31m[K^~~[m[K
[6.555s] [01m[K/usr/include/c++/11/type_traits:1985:30:[m[K [01;31m[Kerror: [m[K‘[01m[K_Size[m[K’ was not declared in this scope
[6.555s]  1985 |     struct remove_extent<_Tp[[01;31m[K_Size[m[K]>
[6.555s]       |                              [01;31m[K^~~~~[m[K
[6.555s] [01m[K/usr/include/c++/11/type_traits:1985:36:[m[K [01;31m[Kerror: [m[Ktemplate argument 1 is invalid
[6.555s]  1985 |     struct remove_extent<_Tp[_Size][01;31m[K>[m[K
[6.556s]       |                                    [01;31m[K^[m[K
[6.556s] [01m[K/usr/include/c++/11/type_traits:1997:26:[m[K [01;31m[Kerror: [m[K‘[01m[Kstd::size_t[m[K’ has not been declared
[6.556s]  1997 |   template<typename _Tp, [01;31m[Kstd[m[K::size_t _Size>
[6.556s]       |                          [01;31m[K^~~[m[K
[6.556s] [01m[K/usr/include/c++/11/type_traits:1998:35:[m[K [01;31m[Kerror: [m[K‘[01m[K_Size[m[K’ was not declared in this scope
[6.556s]  1998 |     struct remove_all_extents<_Tp[[01;31m[K_Size[m[K]>
[6.557s]       |                                   [01;31m[K^~~~~[m[K
[6.557s] [01m[K/usr/include/c++/11/type_traits:1998:41:[m[K [01;31m[Kerror: [m[Ktemplate argument 1 is invalid
[6.557s]  1998 |     struct remove_all_extents<_Tp[_Size][01;31m[K>[m[K
[6.557s]       |                                         [01;31m[K^[m[K
[6.557s] [01m[K/usr/include/c++/11/type_traits:2056:12:[m[K [01;31m[Kerror: [m[K‘[01m[Kstd::size_t[m[K’ has not been declared
[6.557s]  2056 |   template<[01;31m[Kstd[m[K::size_t _Len>
[6.557s]       |            [01;31m[K^~~[m[K
[6.561s] [01m[K/usr/include/c++/11/type_traits:2061:30:[m[K [01;31m[Kerror: [m[K‘[01m[K_Len[m[K’ was not declared in this scope
[6.561s]  2061 |         unsigned char __data[[01;31m[K_Len[m[K];
[6.562s]       |                              [01;31m[K^~~~[m[K
[6.562s] [01m[K/usr/include/c++/11/type_traits:2076:12:[m[K [01;31m[Kerror: [m[K‘[01m[Kstd::size_t[m[K’ has not been declared
[6.562s]  2076 |   template<[01;31m[Kstd[m[K::size_t _Len, std::size_t _Align =
[6.562s]       |            [01;31m[K^~~[m[K
[6.562s] [01m[K/usr/include/c++/11/type_traits:2076:30:[m[K [01;31m[Kerror: [m[K‘[01m[Kstd::size_t[m[K’ has not been declared
[6.562s]  2076 |   template<std::size_t _Len, [01;31m[Kstd[m[K::size_t _Align =
[6.563s]       |                              [01;31m[K^~~[m[K
[6.565s] [01m[K/usr/include/c++/11/type_traits:2077:55:[m[K [01;31m[Kerror: [m[K‘[01m[K_Len[m[K’ was not declared in this scope
[6.565s]  2077 |            __alignof__(typename __aligned_storage_msa<[01;31m[K_Len[m[K>::__type)>
[6.565s]       |                                                       [01;31m[K^~~~[m[K
[6.566s] [01m[K/usr/include/c++/11/type_traits:2077:59:[m[K [01;31m[Kerror: [m[Ktemplate argument 1 is invalid
[6.566s]  2077 |            __alignof__(typename __aligned_storage_msa<_Len[01;31m[K>[m[K::__type)>
[6.566s]       |                                                           [01;31m[K^[m[K
[6.571s] [01m[K/usr/include/c++/11/type_traits:2082:30:[m[K [01;31m[Kerror: [m[K‘[01m[K_Len[m[K’ was not declared in this scope
[6.572s]  2082 |         unsigned char __data[[01;31m[K_Len[m[K];
[6.572s]       |                              [01;31m[K^~~~[m[K
[6.581s] [01m[K/usr/include/c++/11/type_traits:2083:44:[m[K [01;31m[Kerror: [m[K‘[01m[K_Align[m[K’ was not declared in this scope
[6.582s]  2083 |         struct __attribute__((__aligned__(([01;31m[K_Align[m[K)))) { } __align;
[6.582s]       |                                            [01;31m[K^~~~~~[m[K
[6.582s] [01m[K/usr/include/c++/11/type_traits:2090:20:[m[K [01;31m[Kerror: [m[K‘[01m[Ksize_t[m[K’ does not name a type
[6.582s]  2090 |       static const [01;31m[Ksize_t[m[K _S_alignment = 0;
[6.582s]       |                    [01;31m[K^~~~~~[m[K
[6.582s] [01m[K/usr/include/c++/11/type_traits:2090:20:[m[K [01;36m[Knote: [m[K‘[01m[Ksize_t[m[K’ is defined in header ‘[01m[K<cstddef>[m[K’; did you forget to ‘[01m[K#include <cstddef>[m[K’?
[6.583s] [01m[K/usr/include/c++/11/type_traits:2091:20:[m[K [01;31m[Kerror: [m[K‘[01m[Ksize_t[m[K’ does not name a type
[6.583s]  2091 |       static const [01;31m[Ksize_t[m[K _S_size = 0;
[6.583s]       |                    [01;31m[K^~~~~~[m[K
[6.583s] [01m[K/usr/include/c++/11/type_traits:2091:20:[m[K [01;36m[Knote: [m[K‘[01m[Ksize_t[m[K’ is defined in header ‘[01m[K<cstddef>[m[K’; did you forget to ‘[01m[K#include <cstddef>[m[K’?
[6.583s] [01m[K/usr/include/c++/11/type_traits:2097:20:[m[K [01;31m[Kerror: [m[K‘[01m[Ksize_t[m[K’ does not name a type
[6.583s]  2097 |       static const [01;31m[Ksize_t[m[K _S_alignment =
[6.584s]       |                    [01;31m[K^~~~~~[m[K
[6.584s] [01m[K/usr/include/c++/11/type_traits:2097:20:[m[K [01;36m[Knote: [m[K‘[01m[Ksize_t[m[K’ is defined in header ‘[01m[K<cstddef>[m[K’; did you forget to ‘[01m[K#include <cstddef>[m[K’?
[6.584s] [01m[K/usr/include/c++/11/type_traits:2100:20:[m[K [01;31m[Kerror: [m[K‘[01m[Ksize_t[m[K’ does not name a type
[6.584s]  2100 |       static const [01;31m[Ksize_t[m[K _S_size =
[6.584s]       |                    [01;31m[K^~~~~~[m[K
[6.584s] [01m[K/usr/include/c++/11/type_traits:2100:20:[m[K [01;36m[Knote: [m[K‘[01m[Ksize_t[m[K’ is defined in header ‘[01m[K<cstddef>[m[K’; did you forget to ‘[01m[K#include <cstddef>[m[K’?
[6.585s] [01m[K/usr/include/c++/11/type_traits:2115:13:[m[K [01;31m[Kerror: [m[K‘[01m[Ksize_t[m[K’ has not been declared
[6.585s]  2115 |   template <[01;31m[Ksize_t[m[K _Len, typename... _Types>
[6.585s]       |             [01;31m[K^~~~~~[m[K
[6.586s] [01m[K/usr/include/c++/11/type_traits:2122:20:[m[K [01;31m[Kerror: [m[K‘[01m[Ksize_t[m[K’ does not name a type
[6.586s]  2122 |       static const [01;31m[Ksize_t[m[K _S_len = _Len > __strictest::_S_size
[6.586s]       |                    [01;31m[K^~~~~~[m[K
[6.586s] [01m[K/usr/include/c++/11/type_traits:2122:20:[m[K [01;36m[Knote: [m[K‘[01m[Ksize_t[m[K’ is defined in header ‘[01m[K<cstddef>[m[K’; did you forget to ‘[01m[K#include <cstddef>[m[K’?
[6.586s] [01m[K/usr/include/c++/11/type_traits:2126:20:[m[K [01;31m[Kerror: [m[K‘[01m[Ksize_t[m[K’ does not name a type
[6.587s]  2126 |       static const [01;31m[Ksize_t[m[K alignment_value = __strictest::_S_alignment;
[6.587s]       |                    [01;31m[K^~~~~~[m[K
[6.587s] [01m[K/usr/include/c++/11/type_traits:2126:20:[m[K [01;36m[Knote: [m[K‘[01m[Ksize_t[m[K’ is defined in header ‘[01m[K<cstddef>[m[K’; did you forget to ‘[01m[K#include <cstddef>[m[K’?
[6.587s] [01m[K/usr/include/c++/11/type_traits:2128:40:[m[K [01;31m[Kerror: [m[K‘[01m[K_S_len[m[K’ was not declared in this scope
[6.587s]  2128 |       typedef typename aligned_storage<[01;31m[K_S_len[m[K, alignment_value>::type type;
[6.587s]       |                                        [01;31m[K^~~~~~[m[K
[6.600s] [01m[K/usr/include/c++/11/type_traits:2128:48:[m[K [01;31m[Kerror: [m[K‘[01m[Kalignment_value[m[K’ was not declared in this scope; did you mean ‘[01m[Kalignment_of[m[K’?
[6.600s]  2128 |       typedef typename aligned_storage<_S_len, [01;31m[Kalignment_value[m[K>::type type;
[6.601s]       |                                                [01;31m[K^~~~~~~~~~~~~~~[m[K
[6.601s]       |                                                [32m[Kalignment_of[m[K
[6.601s] [01m[K/usr/include/c++/11/type_traits:2128:63:[m[K [01;31m[Kerror: [m[Ktemplate argument 1 is invalid
[6.601s]  2128 |       typedef typename aligned_storage<_S_len, alignment_value[01;31m[K>[m[K::type type;
[6.602s]       |                                                               [01;31m[K^[m[K
[6.602s] [01m[K/usr/include/c++/11/type_traits:2128:63:[m[K [01;31m[Kerror: [m[Ktemplate argument 2 is invalid
[6.602s] [01m[K/usr/include/c++/11/type_traits:2131:13:[m[K [01;31m[Kerror: [m[K‘[01m[Ksize_t[m[K’ has not been declared
[6.602s]  2131 |   template <[01;31m[Ksize_t[m[K _Len, typename... _Types>
[6.602s]       |             [01;31m[K^~~~~~[m[K
[6.603s] [01m[K/usr/include/c++/11/type_traits:2132:11:[m[K [01;31m[Kerror: [m[K‘[01m[Ksize_t[m[K’ does not name a type
[6.603s]  2132 |     const [01;31m[Ksize_t[m[K aligned_union<_Len, _Types...>::alignment_value;
[6.603s]       |           [01;31m[K^~~~~~[m[K
[6.603s] [01m[K/usr/include/c++/11/type_traits:2132:11:[m[K [01;36m[Knote: [m[K‘[01m[Ksize_t[m[K’ is defined in header ‘[01m[K<cstddef>[m[K’; did you forget to ‘[01m[K#include <cstddef>[m[K’?
[6.606s] [01m[K/usr/include/c++/11/type_traits:2566:12:[m[K [01;31m[Kerror: [m[K‘[01m[Ksize_t[m[K’ has not been declared
[6.606s]  2566 |   template<[01;31m[Ksize_t[m[K _Len, size_t _Align =
[6.606s]       |            [01;31m[K^~~~~~[m[K
[6.606s] [01m[K/usr/include/c++/11/type_traits:2566:25:[m[K [01;31m[Kerror: [m[K‘[01m[Ksize_t[m[K’ has not been declared
[6.607s]  2566 |   template<size_t _Len, [01;31m[Ksize_t[m[K _Align =
[6.607s]       |                         [01;31m[K^~~~~~[m[K
[6.610s] [01m[K/usr/include/c++/11/type_traits:2567:56:[m[K [01;31m[Kerror: [m[K‘[01m[K_Len[m[K’ was not declared in this scope
[6.610s]  2567 |             __alignof__(typename __aligned_storage_msa<[01;31m[K_Len[m[K>::__type)>
[6.610s]       |                                                        [01;31m[K^~~~[m[K
[6.611s] [01m[K/usr/include/c++/11/type_traits:2567:60:[m[K [01;31m[Kerror: [m[Ktemplate argument 1 is invalid
[6.611s]  2567 |             __alignof__(typename __aligned_storage_msa<_Len[01;31m[K>[m[K::__type)>
[6.611s]       |                                                            [01;31m[K^[m[K
[6.615s] [01m[K/usr/include/c++/11/type_traits:2568:56:[m[K [01;31m[Kerror: [m[K‘[01m[K_Len[m[K’ was not declared in this scope
[6.616s]  2568 |     using aligned_storage_t = typename aligned_storage<[01;31m[K_Len[m[K, _Align>::type;
[6.616s]       |                                                        [01;31m[K^~~~[m[K
[6.621s] [01m[K/usr/include/c++/11/type_traits:2568:62:[m[K [01;31m[Kerror: [m[K‘[01m[K_Align[m[K’ was not declared in this scope
[6.621s]  2568 |     using aligned_storage_t = typename aligned_storage<_Len, [01;31m[K_Align[m[K>::type;
[6.621s]       |                                                              [01;31m[K^~~~~~[m[K
[6.622s] [01m[K/usr/include/c++/11/type_traits:2568:68:[m[K [01;31m[Kerror: [m[Ktemplate argument 1 is invalid
[6.622s]  2568 |     using aligned_storage_t = typename aligned_storage<_Len, _Align[01;31m[K>[m[K::type;
[6.622s]       |                                                                    [01;31m[K^[m[K
[6.622s] [01m[K/usr/include/c++/11/type_traits:2568:68:[m[K [01;31m[Kerror: [m[Ktemplate argument 2 is invalid
[6.622s] [01m[K/usr/include/c++/11/type_traits:2570:13:[m[K [01;31m[Kerror: [m[K‘[01m[Ksize_t[m[K’ has not been declared
[6.622s]  2570 |   template <[01;31m[Ksize_t[m[K _Len, typename... _Types>
[6.622s]       |             [01;31m[K^~~~~~[m[K
[6.625s] [01m[K/usr/include/c++/11/type_traits:2571:52:[m[K [01;31m[Kerror: [m[K‘[01m[K_Len[m[K’ was not declared in this scope
[6.625s]  2571 |     using aligned_union_t = typename aligned_union<[01;31m[K_Len[m[K, _Types...>::type;
[6.626s]       |                                                    [01;31m[K^~~~[m[K
[6.626s] [01m[K/usr/include/c++/11/type_traits:2571:67:[m[K [01;31m[Kerror: [m[Ktemplate argument 1 is invalid
[6.626s]  2571 |     using aligned_union_t = typename aligned_union<_Len, _Types...[01;31m[K>[m[K::type;
[6.626s]       |                                                                   [01;31m[K^[m[K
[6.627s] [01m[K/usr/include/c++/11/type_traits:2680:26:[m[K [01;31m[Kerror: [m[K‘[01m[Ksize_t[m[K’ has not been declared
[6.627s]  2680 |   template<typename _Tp, [01;31m[Ksize_t[m[K _Nm>
[6.627s]       |                          [01;31m[K^~~~~~[m[K
[6.634s] [01m[K/usr/include/c++/11/type_traits:2684:21:[m[K [01;31m[Kerror: [m[K‘[01m[K_Nm[m[K’ was not declared in this scope
[6.634s]  2684 |     swap(_Tp (&__a)[[01;31m[K_Nm[m[K], _Tp (&__b)[_Nm])
[6.635s]       |                     [01;31m[K^~~[m[K
[6.635s] [01m[K/usr/include/c++/11/type_traits:2684:24:[m[K [01;31m[Kerror: [m[K‘[01m[Ktemplate<class _Tp, <declaration error> > std::__enable_if_t<std::__is_swappable<_Tp>::value> std::swap[m[K’ conflicts with a previous declaration
[6.637s]  2684 |     swap(_Tp (&__a)[_Nm[01;31m[K][m[K, _Tp (&__b)[_Nm])
[6.638s]       |                        [01;31m[K^[m[K
[6.638s] [01m[K/usr/include/c++/11/type_traits:2676:5:[m[K [01;36m[Knote: [m[Kprevious declaration ‘[01m[Kstd::_Require<std::__not_<std::__is_tuple_like<_Tp> >, std::is_move_constructible<_Tp>, std::is_move_assignable<_Tp> > std::swap(_Tp&, _Tp&)[m[K’
[6.638s]  2676 |     [01;36m[Kswap[m[K(_Tp&, _Tp&)
[6.639s]       |     [01;36m[K^~~~[m[K
[6.639s] [01m[K/usr/include/c++/11/type_traits:2684:16:[m[K [01;31m[Kerror: [m[K‘[01m[K__a[m[K’ was not declared in this scope
[6.640s]  2684 |     swap(_Tp (&[01;31m[K__a[m[K)[_Nm], _Tp (&__b)[_Nm])
[6.640s]       |                [01;31m[K^~~[m[K
[6.643s] [01m[K/usr/include/c++/11/type_traits:2684:21:[m[K [01;31m[Kerror: [m[K‘[01m[K_Nm[m[K’ was not declared in this scope
[6.643s]  2684 |     swap(_Tp (&__a)[[01;31m[K_Nm[m[K], _Tp (&__b)[_Nm])
[6.644s]       |                     [01;31m[K^~~[m[K
[6.647s] [01m[K/usr/include/c++/11/type_traits:2684:33:[m[K [01;31m[Kerror: [m[K‘[01m[K__b[m[K’ was not declared in this scope
[6.647s]  2684 |     swap(_Tp (&__a)[_Nm], _Tp (&[01;31m[K__b[m[K)[_Nm])
[6.647s]       |                                 [01;31m[K^~~[m[K
[6.651s] [01m[K/usr/include/c++/11/type_traits:2684:38:[m[K [01;31m[Kerror: [m[K‘[01m[K_Nm[m[K’ was not declared in this scope
[6.651s]  2684 |     swap(_Tp (&__a)[_Nm], _Tp (&__b)[[01;31m[K_Nm[m[K])
[6.652s]       |                                      [01;31m[K^~~[m[K
[6.652s] [01m[K/usr/include/c++/11/type_traits:2684:43:[m[K [01;31m[Kerror: [m[Kexpected ‘[01m[K;[m[K’ before ‘[01m[Knoexcept[m[K’
[6.652s]  2684 |     swap(_Tp (&__a)[_Nm], _Tp (&__b)[_Nm])
[6.652s]       |                                           [01;31m[K^[m[K
[6.652s]       |                                           [32m[K;[m[K
[6.652s]  2685 |     [32m[Knoexcept[m[K(__is_nothrow_swappable<_Tp>::value);
[6.652s]       |     [32m[K~~~~~~~~[m[K                               
[6.656s] [01m[K/usr/include/c++/11/type_traits:3244:20:[m[K [01;31m[Kerror: [m[K‘[01m[Ksize_t[m[K’ does not name a type
[6.656s]  3244 |   inline constexpr [01;31m[Ksize_t[m[K alignment_of_v = alignment_of<_Tp>::value;
[6.656s]       |                    [01;31m[K^~~~~~[m[K
[6.657s] [01m[K/usr/include/c++/11/type_traits:3244:20:[m[K [01;36m[Knote: [m[K‘[01m[Ksize_t[m[K’ is defined in header ‘[01m[K<cstddef>[m[K’; did you forget to ‘[01m[K#include <cstddef>[m[K’?
[6.657s] [01m[K/usr/include/c++/11/type_traits:3246:20:[m[K [01;31m[Kerror: [m[K‘[01m[Ksize_t[m[K’ does not name a type
[6.657s]  3246 |   inline constexpr [01;31m[Ksize_t[m[K rank_v = rank<_Tp>::value;
[6.657s]       |                    [01;31m[K^~~~~~[m[K
[6.657s] [01m[K/usr/include/c++/11/type_traits:3246:20:[m[K [01;36m[Knote: [m[K‘[01m[Ksize_t[m[K’ is defined in header ‘[01m[K<cstddef>[m[K’; did you forget to ‘[01m[K#include <cstddef>[m[K’?
[6.657s] [01m[K/usr/include/c++/11/type_traits:3248:20:[m[K [01;31m[Kerror: [m[K‘[01m[Ksize_t[m[K’ does not name a type
[6.657s]  3248 |   inline constexpr [01;31m[Ksize_t[m[K extent_v = extent<_Tp, _Idx>::value;
[6.658s]       |                    [01;31m[K^~~~~~[m[K
[6.658s] [01m[K/usr/include/c++/11/type_traits:3248:20:[m[K [01;36m[Knote: [m[K‘[01m[Ksize_t[m[K’ is defined in header ‘[01m[K<cstddef>[m[K’; did you forget to ‘[01m[K#include <cstddef>[m[K’?
[6.658s] In file included from [01m[K/usr/include/c++/11/bits/stl_pair.h:59[m[K,
[6.658s]                  from [01m[K/usr/include/c++/11/utility:70[m[K,
[6.658s]                  from [01m[K/usr/include/c++/11/algorithm:60[m[K,
[6.659s]                  from [01m[K/opt/ros/humble/include/geometry_msgs/geometry_msgs/msg/detail/pose_stamped__struct.hpp:8[m[K,
[6.659s]                  from [01m[K/opt/ros/humble/include/geometry_msgs/geometry_msgs/msg/pose_stamped.hpp:7[m[K,
[6.659s]                  from [01m[K/home/devika/robo_ws/src/hello_moveit/src/hello_moveit_v1.cpp:4[m[K:
[6.659s] [01m[K/usr/include/c++/11/bits/move.h:212:26:[m[K [01;31m[Kerror: [m[K‘[01m[Ksize_t[m[K’ has not been declared
[6.659s]   212 |   template<typename _Tp, [01;31m[Ksize_t[m[K _Nm>
[6.659s]       |                          [01;31m[K^~~~~~[m[K
[6.662s] [01m[K/usr/include/c++/11/bits/move.h:220:21:[m[K [01;31m[Kerror: [m[K‘[01m[K_Nm[m[K’ was not declared in this scope
[6.662s]   220 |     swap(_Tp (&__a)[[01;31m[K_Nm[m[K], _Tp (&__b)[_Nm])
[6.662s]       |                     [01;31m[K^~~[m[K
[6.663s] [01m[K/usr/include/c++/11/bits/move.h:220:24:[m[K [01;31m[Kerror: [m[K‘[01m[Ktemplate<class _Tp, <declaration error> > typename std::enable_if<std::__is_swappable<_Tp>::value, void>::type std::swap[m[K’ conflicts with a previous declaration
[6.663s]   220 |     swap(_Tp (&__a)[_Nm[01;31m[K][m[K, _Tp (&__b)[_Nm])
[6.663s]       |                        [01;31m[K^[m[K
[6.663s] [01m[K/usr/include/c++/11/bits/move.h:196:5:[m[K [01;36m[Knote: [m[Kprevious declaration ‘[01m[Kstd::_Require<std::__not_<std::__is_tuple_like<_Tp> >, std::is_move_constructible<_Tp>, std::is_move_assignable<_Tp> > std::swap(_Tp&, _Tp&)[m[K’
[6.663s]   196 |     [01;36m[Kswap[m[K(_Tp& __a, _Tp& __b)
[6.663s]       |     [01;36m[K^~~~[m[K
[6.666s] [01m[K/usr/include/c++/11/bits/move.h:220:16:[m[K [01;31m[Kerror: [m[K‘[01m[K__a[m[K’ was not declared in this scope
[6.667s]   220 |     swap(_Tp (&[01;31m[K__a[m[K)[_Nm], _Tp (&__b)[_Nm])
[6.667s]       |                [01;31m[K^~~[m[K
[6.670s] [01m[K/usr/include/c++/11/bits/move.h:220:21:[m[K [01;31m[Kerror: [m[K‘[01m[K_Nm[m[K’ was not declared in this scope
[6.671s]   220 |     swap(_Tp (&__a)[[01;31m[K_Nm[m[K], _Tp (&__b)[_Nm])
[6.671s]       |                     [01;31m[K^~~[m[K
[6.682s] [01m[K/usr/include/c++/11/bits/move.h:220:33:[m[K [01;31m[Kerror: [m[K‘[01m[K__b[m[K’ was not declared in this scope
[6.682s]   220 |     swap(_Tp (&__a)[_Nm], _Tp (&[01;31m[K__b[m[K)[_Nm])
[6.682s]       |                                 [01;31m[K^~~[m[K
[6.685s] [01m[K/usr/include/c++/11/bits/move.h:220:38:[m[K [01;31m[Kerror: [m[K‘[01m[K_Nm[m[K’ was not declared in this scope
[6.685s]   220 |     swap(_Tp (&__a)[_Nm], _Tp (&__b)[[01;31m[K_Nm[m[K])
[6.686s]       |                                      [01;31m[K^~~[m[K
[6.686s] [01m[K/usr/include/c++/11/bits/move.h:220:43:[m[K [01;31m[Kerror: [m[Kexpected ‘[01m[K;[m[K’ before ‘[01m[Knoexcept[m[K’
[6.686s]   220 |     swap(_Tp (&__a)[_Nm], _Tp (&__b)[_Nm])
[6.686s]       |                                           [01;31m[K^[m[K
[6.686s]       |                                           [32m[K;[m[K
[6.687s] In file included from [01m[K/usr/include/c++/11/utility:70[m[K,
[6.687s]                  from [01m[K/usr/include/c++/11/algorithm:60[m[K,
[6.688s]                  from [01m[K/opt/ros/humble/include/geometry_msgs/geometry_msgs/msg/detail/pose_stamped__struct.hpp:8[m[K,
[6.688s]                  from [01m[K/opt/ros/humble/include/geometry_msgs/geometry_msgs/msg/pose_stamped.hpp:7[m[K,
[6.688s]                  from [01m[K/home/devika/robo_ws/src/hello_moveit/src/hello_moveit_v1.cpp:4[m[K:
[6.688s] [01m[K/usr/include/c++/11/bits/stl_pair.h:92:12:[m[K [01;31m[Kerror: [m[K‘[01m[Ksize_t[m[K’ has not been declared
[6.688s]    92 |   template<[01;31m[Ksize_t[m[K...>
[6.688s]       |            [01;31m[K^~~~~~[m[K
[6.690s] [01m[K/usr/include/c++/11/bits/stl_pair.h:449:36:[m[K [01;31m[Kerror: [m[K‘[01m[Ksize_t[m[K’ has not been declared
[6.691s]   449 |       template<typename... _Args1, [01;31m[Ksize_t[m[K... _Indexes1,
[6.691s]       |                                    [01;31m[K^~~~~~[m[K
[6.691s] [01m[K/usr/include/c++/11/bits/stl_pair.h:450:36:[m[K [01;31m[Kerror: [m[K‘[01m[Ksize_t[m[K’ has not been declared
[6.691s]   450 |                typename... _Args2, [01;31m[Ksize_t[m[K... _Indexes2>
[6.691s]       |                                    [01;31m[K^~~~~~[m[K
[6.702s] [01m[K/usr/include/c++/11/bits/stl_pair.h:453:27:[m[K [01;31m[Kerror: [m[K‘[01m[K_Indexes1[m[K’ was not declared in this scope
[6.702s]   453 |              _Index_tuple<[01;31m[K_Indexes1[m[K...>, _Index_tuple<_Indexes2...>);
[6.702s]       |                           [01;31m[K^~~~~~~~~[m[K
[6.702s] [01m[K/usr/include/c++/11/bits/stl_pair.h:453:36:[m[K [01;31m[Kerror: [m[Kexpected parameter pack before ‘[01m[K...[m[K’
[6.702s]   453 |              _Index_tuple<_Indexes1[01;31m[K...[m[K>, _Index_tuple<_Indexes2...>);
[6.703s]       |                                    [01;31m[K^~~[m[K
[6.703s] [01m[K/usr/include/c++/11/bits/stl_pair.h:453:39:[m[K [01;31m[Kerror: [m[Ktemplate argument 1 is invalid
[6.703s]   453 |              _Index_tuple<_Indexes1...[01;31m[K>[m[K, _Index_tuple<_Indexes2...>);
[6.703s]       |                                       [01;31m[K^[m[K
[6.712s] [01m[K/usr/include/c++/11/bits/stl_pair.h:453:55:[m[K [01;31m[Kerror: [m[K‘[01m[K_Indexes2[m[K’ was not declared in this scope
[6.713s]   453 |              _Index_tuple<_Indexes1...>, _Index_tuple<[01;31m[K_Indexes2[m[K...>);
[6.713s]       |                                                       [01;31m[K^~~~~~~~~[m[K
[6.713s] [01m[K/usr/include/c++/11/bits/stl_pair.h:453:64:[m[K [01;31m[Kerror: [m[Kexpected parameter pack before ‘[01m[K...[m[K’
[6.714s]   453 |              _Index_tuple<_Indexes1...>, _Index_tuple<_Indexes2[01;31m[K...[m[K>);
[6.714s]       |                                                                [01;31m[K^~~[m[K
[6.714s] [01m[K/usr/include/c++/11/bits/stl_pair.h:453:67:[m[K [01;31m[Kerror: [m[Ktemplate argument 1 is invalid
[6.714s]   453 |              _Index_tuple<_Indexes1...>, _Index_tuple<_Indexes2...[01;31m[K>[m[K);
[6.714s]       |                                                                   [01;31m[K^[m[K
[6.715s] In file included from [01m[K/usr/include/c++/11/utility:76[m[K,
[6.715s]                  from [01m[K/usr/include/c++/11/algorithm:60[m[K,
[6.715s]                  from [01m[K/opt/ros/humble/include/geometry_msgs/geometry_msgs/msg/detail/pose_stamped__struct.hpp:8[m[K,
[6.715s]                  from [01m[K/opt/ros/humble/include/geometry_msgs/geometry_msgs/msg/pose_stamped.hpp:7[m[K,
[6.715s]                  from [01m[K/home/devika/robo_ws/src/hello_moveit/src/hello_moveit_v1.cpp:4[m[K:
[6.715s] [01m[K/usr/include/c++/11/initializer_list:53:15:[m[K [01;31m[Kerror: [m[K‘[01m[Ksize_t[m[K’ does not name a type
[6.715s]    53 |       typedef [01;31m[Ksize_t[m[K            size_type;
[6.715s]       |               [01;31m[K^~~~~~[m[K
[6.716s] In file included from [01m[K/usr/include/c++/11/utility:76[m[K,
[6.716s]                  from [01m[K/usr/include/c++/11/algorithm:60[m[K,
[6.716s]                  from [01m[K/opt/ros/humble/include/geometry_msgs/geometry_msgs/msg/detail/pose_stamped__struct.hpp:8[m[K,
[6.716s]                  from [01m[K/opt/ros/humble/include/geometry_msgs/geometry_msgs/msg/pose_stamped.hpp:7[m[K,
[6.717s]                  from [01m[K/home/devika/robo_ws/src/hello_moveit/src/hello_moveit_v1.cpp:4[m[K:
[6.717s] [01m[K/usr/include/c++/11/initializer_list:1:1:[m[K [01;36m[Knote: [m[K‘[01m[Ksize_t[m[K’ is defined in header ‘[01m[K<cstddef>[m[K’; did you forget to ‘[01m[K#include <cstddef>[m[K’?
[6.717s]   +++ |+[32m[K#include <cstddef>[m[K
[6.717s]     1 | // std::initializer_list support -*- C++ -*-
[6.720s] In file included from [01m[K/usr/include/c++/11/utility:76[m[K,
[6.720s]                  from [01m[K/usr/include/c++/11/algorithm:60[m[K,
[6.720s]                  from [01m[K/opt/ros/humble/include/geometry_msgs/geometry_msgs/msg/detail/pose_stamped__struct.hpp:8[m[K,
[6.720s]                  from [01m[K/opt/ros/humble/include/geometry_msgs/geometry_msgs/msg/pose_stamped.hpp:7[m[K,
[6.720s]                  from [01m[K/home/devika/robo_ws/src/hello_moveit/src/hello_moveit_v1.cpp:4[m[K:
[6.720s] [01m[K/usr/include/c++/11/initializer_list:59:7:[m[K [01;31m[Kerror: [m[K‘[01m[Ksize_type[m[K’ does not name a type; did you mean ‘[01m[Ktrue_type[m[K’?
[6.721s]    59 |       [01;31m[Ksize_type[m[K                 _M_len;
[6.721s]       |       [01;31m[K^~~~~~~~~[m[K
[6.721s]       |       [32m[Ktrue_type[m[K
[6.721s] [01m[K/usr/include/c++/11/initializer_list:62:54:[m[K [01;31m[Kerror: [m[K‘[01m[Ksize_type[m[K’ has not been declared
[6.721s]    62 |       constexpr initializer_list(const_iterator __a, [01;31m[Ksize_type[m[K __l)
[6.721s]       |                                                      [01;31m[K^~~~~~~~~[m[K
[6.724s] [01m[K/usr/include/c++/11/initializer_list:70:17:[m[K [01;31m[Kerror: [m[K‘[01m[Ksize_type[m[K’ does not name a type; did you mean ‘[01m[Ktrue_type[m[K’?
[6.724s]    70 |       constexpr [01;31m[Ksize_type[m[K
[6.725s]       |                 [01;31m[K^~~~~~~~~[m[K
[6.725s]       |                 [32m[Ktrue_type[m[K
[6.725s] [01m[K/usr/include/c++/11/initializer_list:47:11:[m[K [01;31m[Kfatal error: [m[Kdefinition of ‘[01m[Kclass std::initializer_list<_E>[m[K’ does not match ‘[01m[K#include <initializer_list>[m[K’
[6.725s]    47 |     class [01;31m[Kinitializer_list[m[K
[6.726s]       |           [01;31m[K^~~~~~~~~~~~~~~~[m[K
[6.726s] compilation terminated.
[6.763s] gmake[2]: *** [CMakeFiles/hello_moveit.dir/build.make:76: CMakeFiles/hello_moveit.dir/src/hello_moveit_v1.cpp.o] Error 1
[6.764s] gmake[1]: *** [CMakeFiles/Makefile2:139: CMakeFiles/hello_moveit.dir/all] Error 2
[6.765s] gmake: *** [Makefile:146: all] Error 2
[6.772s] Invoked command in '/home/devika/robo_ws/build/hello_moveit' returned '2': CMAKE_PREFIX_PATH=${CMAKE_PREFIX_PATH}:/home/devika/ws_moveit2/install/moveit_configs_utils:/home/devika/ws_moveit2/install/launch_param_builder:/home/devika/robo_ws/install/perception_vision:/home/devika/robo_ws/install/cylinder_position_estimator:/opt/ros/humble /usr/bin/cmake --build /home/devika/robo_ws/build/hello_moveit
