[0.291s] Invoking command in '/home/devika/robo_ws/build/rviz_marker_tools': CMAKE_PREFIX_PATH=${CMAKE_PREFIX_PATH}:/home/devika/robo_ws/install/perception_vision:/home/devika/robo_ws/install/cylinder_position_estimator:/home/devika/ws_moveit2/install/moveit_configs_utils:/home/devika/ws_moveit2/install/launch_param_builder:/opt/ros/humble /usr/bin/cmake --build /home/devika/robo_ws/build/rviz_marker_tools -- -j8 -l8
[1.927s] [100%] Built target rviz_marker_tools
[3.072s] Invoked command in '/home/devika/robo_ws/build/rviz_marker_tools' returned '0': CMAKE_PREFIX_PATH=${CMAKE_PREFIX_PATH}:/home/devika/robo_ws/install/perception_vision:/home/devika/robo_ws/install/cylinder_position_estimator:/home/devika/ws_moveit2/install/moveit_configs_utils:/home/devika/ws_moveit2/install/launch_param_builder:/opt/ros/humble /usr/bin/cmake --build /home/devika/robo_ws/build/rviz_marker_tools -- -j8 -l8
[3.074s] Invoking command in '/home/devika/robo_ws/build/rviz_marker_tools': CMAKE_PREFIX_PATH=${CMAKE_PREFIX_PATH}:/home/devika/robo_ws/install/perception_vision:/home/devika/robo_ws/install/cylinder_position_estimator:/home/devika/ws_moveit2/install/moveit_configs_utils:/home/devika/ws_moveit2/install/launch_param_builder:/opt/ros/humble /usr/bin/cmake --install /home/devika/robo_ws/build/rviz_marker_tools
[3.137s] -- Install configuration: "Release"
[3.138s] -- Up-to-date: /home/devika/robo_ws/install/rviz_marker_tools/include
[3.138s] -- Up-to-date: /home/devika/robo_ws/install/rviz_marker_tools/include/rviz_marker_tools
[3.143s] -- Up-to-date: /home/devika/robo_ws/install/rviz_marker_tools/include/rviz_marker_tools/marker_creation.h
[3.147s] -- Up-to-date: /home/devika/robo_ws/install/rviz_marker_tools/lib/librviz_marker_tools.so
[3.148s] -- Up-to-date: /home/devika/robo_ws/install/rviz_marker_tools/share/rviz_marker_tools/environment/library_path.sh
[3.149s] -- Up-to-date: /home/devika/robo_ws/install/rviz_marker_tools/share/rviz_marker_tools/environment/library_path.dsv
[3.149s] -- Up-to-date: /home/devika/robo_ws/install/rviz_marker_tools/share/ament_index/resource_index/package_run_dependencies/rviz_marker_tools
[3.149s] -- Up-to-date: /home/devika/robo_ws/install/rviz_marker_tools/share/ament_index/resource_index/parent_prefix_path/rviz_marker_tools
[3.150s] -- Up-to-date: /home/devika/robo_ws/install/rviz_marker_tools/share/rviz_marker_tools/environment/ament_prefix_path.sh
[3.151s] -- Up-to-date: /home/devika/robo_ws/install/rviz_marker_tools/share/rviz_marker_tools/environment/ament_prefix_path.dsv
[3.152s] -- Up-to-date: /home/devika/robo_ws/install/rviz_marker_tools/share/rviz_marker_tools/environment/path.sh
[3.152s] -- Up-to-date: /home/devika/robo_ws/install/rviz_marker_tools/share/rviz_marker_tools/environment/path.dsv
[3.152s] -- Up-to-date: /home/devika/robo_ws/install/rviz_marker_tools/share/rviz_marker_tools/local_setup.bash
[3.152s] -- Up-to-date: /home/devika/robo_ws/install/rviz_marker_tools/share/rviz_marker_tools/local_setup.sh
[3.152s] -- Up-to-date: /home/devika/robo_ws/install/rviz_marker_tools/share/rviz_marker_tools/local_setup.zsh
[3.153s] -- Up-to-date: /home/devika/robo_ws/install/rviz_marker_tools/share/rviz_marker_tools/local_setup.dsv
[3.153s] -- Installing: /home/devika/robo_ws/install/rviz_marker_tools/share/rviz_marker_tools/package.dsv
[3.153s] -- Up-to-date: /home/devika/robo_ws/install/rviz_marker_tools/share/ament_index/resource_index/packages/rviz_marker_tools
[3.155s] -- Up-to-date: /home/devika/robo_ws/install/rviz_marker_tools/share/rviz_marker_tools/cmake/rviz_marker_toolsTargetsExport.cmake
[3.155s] -- Up-to-date: /home/devika/robo_ws/install/rviz_marker_tools/share/rviz_marker_tools/cmake/rviz_marker_toolsTargetsExport-release.cmake
[3.156s] -- Up-to-date: /home/devika/robo_ws/install/rviz_marker_tools/share/rviz_marker_tools/cmake/ament_cmake_export_targets-extras.cmake
[3.156s] -- Up-to-date: /home/devika/robo_ws/install/rviz_marker_tools/share/rviz_marker_tools/cmake/ament_cmake_export_dependencies-extras.cmake
[3.156s] -- Up-to-date: /home/devika/robo_ws/install/rviz_marker_tools/share/rviz_marker_tools/cmake/rviz_marker_toolsConfig.cmake
[3.158s] -- Up-to-date: /home/devika/robo_ws/install/rviz_marker_tools/share/rviz_marker_tools/cmake/rviz_marker_toolsConfig-version.cmake
[3.158s] -- Up-to-date: /home/devika/robo_ws/install/rviz_marker_tools/share/rviz_marker_tools/package.xml
[3.671s] Invoked command in '/home/devika/robo_ws/build/rviz_marker_tools' returned '0': CMAKE_PREFIX_PATH=${CMAKE_PREFIX_PATH}:/home/devika/robo_ws/install/perception_vision:/home/devika/robo_ws/install/cylinder_position_estimator:/home/devika/ws_moveit2/install/moveit_configs_utils:/home/devika/ws_moveit2/install/launch_param_builder:/opt/ros/humble /usr/bin/cmake --install /home/devika/robo_ws/build/rviz_marker_tools
