[3.737s] Invoking command in '/home/devika/robo_ws/build/yolov8_msgs': CMAKE_PREFIX_PATH=${CMAKE_PREFIX_PATH}:/home/devika/robo_ws/install/perception_vision:/home/devika/robo_ws/install/cylinder_position_estimator:/home/devika/ws_moveit2/install/moveit_configs_utils:/home/devika/ws_moveit2/install/launch_param_builder:/opt/ros/humble /usr/bin/cmake --build /home/devika/robo_ws/build/yolov8_msgs -- -j8 -l8
[4.515s] [  2%] Built target yolov8_msgs__cpp
[5.164s] [  2%] Built target ament_cmake_python_copy_yolov8_msgs
[5.465s] [ 12%] Built target yolov8_msgs__rosidl_typesupport_introspection_cpp
[7.919s] running egg_info
[7.922s] writing yolov8_msgs.egg-info/PKG-INFO
[7.923s] writing dependency_links to yolov8_msgs.egg-info/dependency_links.txt
[7.927s] writing top-level names to yolov8_msgs.egg-info/top_level.txt
[7.939s] reading manifest file 'yolov8_msgs.egg-info/SOURCES.txt'
[7.944s] writing manifest file 'yolov8_msgs.egg-info/SOURCES.txt'
[8.124s] [ 12%] Built target ament_cmake_python_build_yolov8_msgs_egg
[8.316s] [ 23%] Built target yolov8_msgs__rosidl_typesupport_fastrtps_cpp
[8.639s] [ 33%] Built target yolov8_msgs__rosidl_typesupport_cpp
[8.827s] [ 43%] Built target yolov8_msgs__rosidl_generator_c
[9.059s] [ 53%] Built target yolov8_msgs__rosidl_typesupport_fastrtps_c
[9.316s] [ 64%] Built target yolov8_msgs__rosidl_typesupport_c
[9.551s] [ 74%] Built target yolov8_msgs__rosidl_typesupport_introspection_c
[9.745s] [ 74%] Built target yolov8_msgs
[9.959s] [ 76%] Built target yolov8_msgs__py
[10.184s] [ 84%] Built target yolov8_msgs__rosidl_generator_py
[10.336s] [ 89%] Built target yolov8_msgs__rosidl_typesupport_fastrtps_c__pyext
[10.489s] [ 94%] Built target yolov8_msgs__rosidl_typesupport_c__pyext
[10.646s] [100%] Built target yolov8_msgs__rosidl_typesupport_introspection_c__pyext
[10.715s] Invoked command in '/home/devika/robo_ws/build/yolov8_msgs' returned '0': CMAKE_PREFIX_PATH=${CMAKE_PREFIX_PATH}:/home/devika/robo_ws/install/perception_vision:/home/devika/robo_ws/install/cylinder_position_estimator:/home/devika/ws_moveit2/install/moveit_configs_utils:/home/devika/ws_moveit2/install/launch_param_builder:/opt/ros/humble /usr/bin/cmake --build /home/devika/robo_ws/build/yolov8_msgs -- -j8 -l8
[10.727s] Invoking command in '/home/devika/robo_ws/build/yolov8_msgs': CMAKE_PREFIX_PATH=${CMAKE_PREFIX_PATH}:/home/devika/robo_ws/install/perception_vision:/home/devika/robo_ws/install/cylinder_position_estimator:/home/devika/ws_moveit2/install/moveit_configs_utils:/home/devika/ws_moveit2/install/launch_param_builder:/opt/ros/humble /usr/bin/cmake --install /home/devika/robo_ws/build/yolov8_msgs
[10.787s] -- Install configuration: ""
[10.787s] -- Up-to-date: /home/devika/robo_ws/install/yolov8_msgs/share/ament_index/resource_index/rosidl_interfaces/yolov8_msgs
[10.788s] -- Up-to-date: /home/devika/robo_ws/install/yolov8_msgs/include/yolov8_msgs/yolov8_msgs
[10.788s] -- Up-to-date: /home/devika/robo_ws/install/yolov8_msgs/include/yolov8_msgs/yolov8_msgs/msg
[10.788s] -- Up-to-date: /home/devika/robo_ws/install/yolov8_msgs/include/yolov8_msgs/yolov8_msgs/msg/inference_result.h
[10.788s] -- Up-to-date: /home/devika/robo_ws/install/yolov8_msgs/include/yolov8_msgs/yolov8_msgs/msg/rosidl_generator_c__visibility_control.h
[10.789s] -- Up-to-date: /home/devika/robo_ws/install/yolov8_msgs/include/yolov8_msgs/yolov8_msgs/msg/yolov8_inference.h
[10.789s] -- Up-to-date: /home/devika/robo_ws/install/yolov8_msgs/include/yolov8_msgs/yolov8_msgs/msg/detail
[10.789s] -- Up-to-date: /home/devika/robo_ws/install/yolov8_msgs/include/yolov8_msgs/yolov8_msgs/msg/detail/yolov8_inference__functions.c
[10.790s] -- Up-to-date: /home/devika/robo_ws/install/yolov8_msgs/include/yolov8_msgs/yolov8_msgs/msg/detail/inference_result__functions.c
[10.790s] -- Up-to-date: /home/devika/robo_ws/install/yolov8_msgs/include/yolov8_msgs/yolov8_msgs/msg/detail/inference_result__type_support.h
[10.790s] -- Up-to-date: /home/devika/robo_ws/install/yolov8_msgs/include/yolov8_msgs/yolov8_msgs/msg/detail/yolov8_inference__struct.h
[10.790s] -- Up-to-date: /home/devika/robo_ws/install/yolov8_msgs/include/yolov8_msgs/yolov8_msgs/msg/detail/yolov8_inference__functions.h
[10.791s] -- Up-to-date: /home/devika/robo_ws/install/yolov8_msgs/include/yolov8_msgs/yolov8_msgs/msg/detail/yolov8_inference__type_support.h
[10.792s] -- Up-to-date: /home/devika/robo_ws/install/yolov8_msgs/include/yolov8_msgs/yolov8_msgs/msg/detail/inference_result__struct.h
[10.793s] -- Up-to-date: /home/devika/robo_ws/install/yolov8_msgs/include/yolov8_msgs/yolov8_msgs/msg/detail/inference_result__functions.h
[10.794s] -- Up-to-date: /home/devika/robo_ws/install/yolov8_msgs/share/yolov8_msgs/environment/library_path.sh
[10.794s] -- Up-to-date: /home/devika/robo_ws/install/yolov8_msgs/share/yolov8_msgs/environment/library_path.dsv
[10.795s] -- Up-to-date: /home/devika/robo_ws/install/yolov8_msgs/lib/libyolov8_msgs__rosidl_generator_c.so
[10.795s] -- Up-to-date: /home/devika/robo_ws/install/yolov8_msgs/include/yolov8_msgs/yolov8_msgs
[10.795s] -- Up-to-date: /home/devika/robo_ws/install/yolov8_msgs/include/yolov8_msgs/yolov8_msgs/msg
[10.796s] -- Up-to-date: /home/devika/robo_ws/install/yolov8_msgs/include/yolov8_msgs/yolov8_msgs/msg/rosidl_typesupport_fastrtps_c__visibility_control.h
[10.796s] -- Up-to-date: /home/devika/robo_ws/install/yolov8_msgs/include/yolov8_msgs/yolov8_msgs/msg/detail
[10.796s] -- Up-to-date: /home/devika/robo_ws/install/yolov8_msgs/include/yolov8_msgs/yolov8_msgs/msg/detail/yolov8_inference__rosidl_typesupport_fastrtps_c.h
[10.797s] -- Up-to-date: /home/devika/robo_ws/install/yolov8_msgs/include/yolov8_msgs/yolov8_msgs/msg/detail/inference_result__rosidl_typesupport_fastrtps_c.h
[10.798s] -- Up-to-date: /home/devika/robo_ws/install/yolov8_msgs/lib/libyolov8_msgs__rosidl_typesupport_fastrtps_c.so
[10.799s] -- Up-to-date: /home/devika/robo_ws/install/yolov8_msgs/include/yolov8_msgs/yolov8_msgs
[10.799s] -- Up-to-date: /home/devika/robo_ws/install/yolov8_msgs/include/yolov8_msgs/yolov8_msgs/msg
[10.800s] -- Up-to-date: /home/devika/robo_ws/install/yolov8_msgs/include/yolov8_msgs/yolov8_msgs/msg/rosidl_generator_cpp__visibility_control.hpp
[10.801s] -- Up-to-date: /home/devika/robo_ws/install/yolov8_msgs/include/yolov8_msgs/yolov8_msgs/msg/inference_result.hpp
[10.802s] -- Up-to-date: /home/devika/robo_ws/install/yolov8_msgs/include/yolov8_msgs/yolov8_msgs/msg/yolov8_inference.hpp
[10.802s] -- Up-to-date: /home/devika/robo_ws/install/yolov8_msgs/include/yolov8_msgs/yolov8_msgs/msg/detail
[10.802s] -- Up-to-date: /home/devika/robo_ws/install/yolov8_msgs/include/yolov8_msgs/yolov8_msgs/msg/detail/yolov8_inference__type_support.hpp
[10.803s] -- Up-to-date: /home/devika/robo_ws/install/yolov8_msgs/include/yolov8_msgs/yolov8_msgs/msg/detail/inference_result__traits.hpp
[10.803s] -- Up-to-date: /home/devika/robo_ws/install/yolov8_msgs/include/yolov8_msgs/yolov8_msgs/msg/detail/inference_result__struct.hpp
[10.804s] -- Up-to-date: /home/devika/robo_ws/install/yolov8_msgs/include/yolov8_msgs/yolov8_msgs/msg/detail/yolov8_inference__builder.hpp
[10.805s] -- Up-to-date: /home/devika/robo_ws/install/yolov8_msgs/include/yolov8_msgs/yolov8_msgs/msg/detail/inference_result__builder.hpp
[10.806s] -- Up-to-date: /home/devika/robo_ws/install/yolov8_msgs/include/yolov8_msgs/yolov8_msgs/msg/detail/yolov8_inference__struct.hpp
[10.806s] -- Up-to-date: /home/devika/robo_ws/install/yolov8_msgs/include/yolov8_msgs/yolov8_msgs/msg/detail/inference_result__type_support.hpp
[10.812s] -- Up-to-date: /home/devika/robo_ws/install/yolov8_msgs/include/yolov8_msgs/yolov8_msgs/msg/detail/yolov8_inference__traits.hpp
[10.813s] -- Up-to-date: /home/devika/robo_ws/install/yolov8_msgs/include/yolov8_msgs/yolov8_msgs
[10.813s] -- Up-to-date: /home/devika/robo_ws/install/yolov8_msgs/include/yolov8_msgs/yolov8_msgs/msg
[10.813s] -- Up-to-date: /home/devika/robo_ws/install/yolov8_msgs/include/yolov8_msgs/yolov8_msgs/msg/rosidl_typesupport_fastrtps_cpp__visibility_control.h
[10.813s] -- Up-to-date: /home/devika/robo_ws/install/yolov8_msgs/include/yolov8_msgs/yolov8_msgs/msg/detail
[10.813s] -- Up-to-date: /home/devika/robo_ws/install/yolov8_msgs/include/yolov8_msgs/yolov8_msgs/msg/detail/yolov8_inference__rosidl_typesupport_fastrtps_cpp.hpp
[10.814s] -- Up-to-date: /home/devika/robo_ws/install/yolov8_msgs/include/yolov8_msgs/yolov8_msgs/msg/detail/inference_result__rosidl_typesupport_fastrtps_cpp.hpp
[10.814s] -- Up-to-date: /home/devika/robo_ws/install/yolov8_msgs/include/yolov8_msgs/yolov8_msgs/msg/detail/dds_fastrtps
[10.814s] -- Up-to-date: /home/devika/robo_ws/install/yolov8_msgs/lib/libyolov8_msgs__rosidl_typesupport_fastrtps_cpp.so
[10.815s] -- Up-to-date: /home/devika/robo_ws/install/yolov8_msgs/include/yolov8_msgs/yolov8_msgs
[10.816s] -- Up-to-date: /home/devika/robo_ws/install/yolov8_msgs/include/yolov8_msgs/yolov8_msgs/msg
[10.816s] -- Up-to-date: /home/devika/robo_ws/install/yolov8_msgs/include/yolov8_msgs/yolov8_msgs/msg/rosidl_typesupport_introspection_c__visibility_control.h
[10.816s] -- Up-to-date: /home/devika/robo_ws/install/yolov8_msgs/include/yolov8_msgs/yolov8_msgs/msg/detail
[10.816s] -- Up-to-date: /home/devika/robo_ws/install/yolov8_msgs/include/yolov8_msgs/yolov8_msgs/msg/detail/yolov8_inference__type_support.c
[10.816s] -- Up-to-date: /home/devika/robo_ws/install/yolov8_msgs/include/yolov8_msgs/yolov8_msgs/msg/detail/inference_result__rosidl_typesupport_introspection_c.h
[10.817s] -- Up-to-date: /home/devika/robo_ws/install/yolov8_msgs/include/yolov8_msgs/yolov8_msgs/msg/detail/inference_result__type_support.c
[10.817s] -- Up-to-date: /home/devika/robo_ws/install/yolov8_msgs/include/yolov8_msgs/yolov8_msgs/msg/detail/yolov8_inference__rosidl_typesupport_introspection_c.h
[10.817s] -- Up-to-date: /home/devika/robo_ws/install/yolov8_msgs/lib/libyolov8_msgs__rosidl_typesupport_introspection_c.so
[10.817s] -- Up-to-date: /home/devika/robo_ws/install/yolov8_msgs/lib/libyolov8_msgs__rosidl_typesupport_c.so
[10.817s] -- Up-to-date: /home/devika/robo_ws/install/yolov8_msgs/include/yolov8_msgs/yolov8_msgs
[10.818s] -- Up-to-date: /home/devika/robo_ws/install/yolov8_msgs/include/yolov8_msgs/yolov8_msgs/msg
[10.818s] -- Up-to-date: /home/devika/robo_ws/install/yolov8_msgs/include/yolov8_msgs/yolov8_msgs/msg/detail
[10.818s] -- Up-to-date: /home/devika/robo_ws/install/yolov8_msgs/include/yolov8_msgs/yolov8_msgs/msg/detail/yolov8_inference__type_support.cpp
[10.818s] -- Up-to-date: /home/devika/robo_ws/install/yolov8_msgs/include/yolov8_msgs/yolov8_msgs/msg/detail/inference_result__rosidl_typesupport_introspection_cpp.hpp
[10.818s] -- Up-to-date: /home/devika/robo_ws/install/yolov8_msgs/include/yolov8_msgs/yolov8_msgs/msg/detail/inference_result__type_support.cpp
[10.819s] -- Up-to-date: /home/devika/robo_ws/install/yolov8_msgs/include/yolov8_msgs/yolov8_msgs/msg/detail/yolov8_inference__rosidl_typesupport_introspection_cpp.hpp
[10.819s] -- Up-to-date: /home/devika/robo_ws/install/yolov8_msgs/lib/libyolov8_msgs__rosidl_typesupport_introspection_cpp.so
[10.819s] -- Up-to-date: /home/devika/robo_ws/install/yolov8_msgs/lib/libyolov8_msgs__rosidl_typesupport_cpp.so
[10.819s] -- Up-to-date: /home/devika/robo_ws/install/yolov8_msgs/share/yolov8_msgs/environment/pythonpath.sh
[10.819s] -- Up-to-date: /home/devika/robo_ws/install/yolov8_msgs/share/yolov8_msgs/environment/pythonpath.dsv
[10.819s] -- Up-to-date: /home/devika/robo_ws/install/yolov8_msgs/local/lib/python3.10/dist-packages/yolov8_msgs-0.0.0-py3.10.egg-info
[10.820s] -- Installing: /home/devika/robo_ws/install/yolov8_msgs/local/lib/python3.10/dist-packages/yolov8_msgs-0.0.0-py3.10.egg-info/dependency_links.txt
[10.820s] -- Installing: /home/devika/robo_ws/install/yolov8_msgs/local/lib/python3.10/dist-packages/yolov8_msgs-0.0.0-py3.10.egg-info/top_level.txt
[10.820s] -- Installing: /home/devika/robo_ws/install/yolov8_msgs/local/lib/python3.10/dist-packages/yolov8_msgs-0.0.0-py3.10.egg-info/PKG-INFO
[10.820s] -- Installing: /home/devika/robo_ws/install/yolov8_msgs/local/lib/python3.10/dist-packages/yolov8_msgs-0.0.0-py3.10.egg-info/SOURCES.txt
[10.820s] -- Up-to-date: /home/devika/robo_ws/install/yolov8_msgs/local/lib/python3.10/dist-packages/yolov8_msgs
[10.821s] -- Up-to-date: /home/devika/robo_ws/install/yolov8_msgs/local/lib/python3.10/dist-packages/yolov8_msgs/yolov8_msgs_s__rosidl_typesupport_fastrtps_c.cpython-310-x86_64-linux-gnu.so
[10.821s] -- Up-to-date: /home/devika/robo_ws/install/yolov8_msgs/local/lib/python3.10/dist-packages/yolov8_msgs/_yolov8_msgs_s.ep.rosidl_typesupport_fastrtps_c.c
[10.821s] -- Up-to-date: /home/devika/robo_ws/install/yolov8_msgs/local/lib/python3.10/dist-packages/yolov8_msgs/msg
[10.821s] -- Up-to-date: /home/devika/robo_ws/install/yolov8_msgs/local/lib/python3.10/dist-packages/yolov8_msgs/msg/_inference_result_s.c
[10.822s] -- Up-to-date: /home/devika/robo_ws/install/yolov8_msgs/local/lib/python3.10/dist-packages/yolov8_msgs/msg/_yolov8_inference.py
[10.822s] -- Up-to-date: /home/devika/robo_ws/install/yolov8_msgs/local/lib/python3.10/dist-packages/yolov8_msgs/msg/_inference_result.py
[10.822s] -- Up-to-date: /home/devika/robo_ws/install/yolov8_msgs/local/lib/python3.10/dist-packages/yolov8_msgs/msg/_yolov8_inference_s.c
[10.823s] -- Up-to-date: /home/devika/robo_ws/install/yolov8_msgs/local/lib/python3.10/dist-packages/yolov8_msgs/msg/__init__.py
[10.823s] -- Up-to-date: /home/devika/robo_ws/install/yolov8_msgs/local/lib/python3.10/dist-packages/yolov8_msgs/_yolov8_msgs_s.ep.rosidl_typesupport_introspection_c.c
[10.823s] -- Up-to-date: /home/devika/robo_ws/install/yolov8_msgs/local/lib/python3.10/dist-packages/yolov8_msgs/yolov8_msgs_s__rosidl_typesupport_c.cpython-310-x86_64-linux-gnu.so
[10.823s] -- Up-to-date: /home/devika/robo_ws/install/yolov8_msgs/local/lib/python3.10/dist-packages/yolov8_msgs/libyolov8_msgs__rosidl_generator_py.so
[10.823s] -- Up-to-date: /home/devika/robo_ws/install/yolov8_msgs/local/lib/python3.10/dist-packages/yolov8_msgs/_yolov8_msgs_s.ep.rosidl_typesupport_c.c
[10.824s] -- Up-to-date: /home/devika/robo_ws/install/yolov8_msgs/local/lib/python3.10/dist-packages/yolov8_msgs/__init__.py
[10.824s] -- Up-to-date: /home/devika/robo_ws/install/yolov8_msgs/local/lib/python3.10/dist-packages/yolov8_msgs/yolov8_msgs_s__rosidl_typesupport_introspection_c.cpython-310-x86_64-linux-gnu.so
[10.977s] Listing '/home/devika/robo_ws/install/yolov8_msgs/local/lib/python3.10/dist-packages/yolov8_msgs'...
[10.977s] Listing '/home/devika/robo_ws/install/yolov8_msgs/local/lib/python3.10/dist-packages/yolov8_msgs/msg'...
[10.996s] -- Up-to-date: /home/devika/robo_ws/install/yolov8_msgs/local/lib/python3.10/dist-packages/yolov8_msgs/yolov8_msgs_s__rosidl_typesupport_fastrtps_c.cpython-310-x86_64-linux-gnu.so
[10.997s] -- Up-to-date: /home/devika/robo_ws/install/yolov8_msgs/local/lib/python3.10/dist-packages/yolov8_msgs/yolov8_msgs_s__rosidl_typesupport_introspection_c.cpython-310-x86_64-linux-gnu.so
[10.999s] -- Up-to-date: /home/devika/robo_ws/install/yolov8_msgs/local/lib/python3.10/dist-packages/yolov8_msgs/yolov8_msgs_s__rosidl_typesupport_c.cpython-310-x86_64-linux-gnu.so
[11.000s] -- Up-to-date: /home/devika/robo_ws/install/yolov8_msgs/lib/libyolov8_msgs__rosidl_generator_py.so
[11.002s] -- Up-to-date: /home/devika/robo_ws/install/yolov8_msgs/share/yolov8_msgs/msg/InferenceResult.idl
[11.002s] -- Up-to-date: /home/devika/robo_ws/install/yolov8_msgs/share/yolov8_msgs/msg/Yolov8Inference.idl
[11.003s] -- Up-to-date: /home/devika/robo_ws/install/yolov8_msgs/share/yolov8_msgs/msg/InferenceResult.msg
[11.004s] -- Up-to-date: /home/devika/robo_ws/install/yolov8_msgs/share/yolov8_msgs/msg/Yolov8Inference.msg
[11.004s] -- Up-to-date: /home/devika/robo_ws/install/yolov8_msgs/share/ament_index/resource_index/package_run_dependencies/yolov8_msgs
[11.005s] -- Up-to-date: /home/devika/robo_ws/install/yolov8_msgs/share/ament_index/resource_index/parent_prefix_path/yolov8_msgs
[11.005s] -- Up-to-date: /home/devika/robo_ws/install/yolov8_msgs/share/yolov8_msgs/environment/ament_prefix_path.sh
[11.006s] -- Up-to-date: /home/devika/robo_ws/install/yolov8_msgs/share/yolov8_msgs/environment/ament_prefix_path.dsv
[11.007s] -- Up-to-date: /home/devika/robo_ws/install/yolov8_msgs/share/yolov8_msgs/environment/path.sh
[11.008s] -- Up-to-date: /home/devika/robo_ws/install/yolov8_msgs/share/yolov8_msgs/environment/path.dsv
[11.008s] -- Up-to-date: /home/devika/robo_ws/install/yolov8_msgs/share/yolov8_msgs/local_setup.bash
[11.009s] -- Up-to-date: /home/devika/robo_ws/install/yolov8_msgs/share/yolov8_msgs/local_setup.sh
[11.010s] -- Up-to-date: /home/devika/robo_ws/install/yolov8_msgs/share/yolov8_msgs/local_setup.zsh
[11.016s] -- Up-to-date: /home/devika/robo_ws/install/yolov8_msgs/share/yolov8_msgs/local_setup.dsv
[11.016s] -- Installing: /home/devika/robo_ws/install/yolov8_msgs/share/yolov8_msgs/package.dsv
[11.016s] -- Up-to-date: /home/devika/robo_ws/install/yolov8_msgs/share/ament_index/resource_index/packages/yolov8_msgs
[11.020s] -- Up-to-date: /home/devika/robo_ws/install/yolov8_msgs/share/yolov8_msgs/cmake/export_yolov8_msgs__rosidl_generator_cExport.cmake
[11.021s] -- Up-to-date: /home/devika/robo_ws/install/yolov8_msgs/share/yolov8_msgs/cmake/export_yolov8_msgs__rosidl_generator_cExport-noconfig.cmake
[11.021s] -- Up-to-date: /home/devika/robo_ws/install/yolov8_msgs/share/yolov8_msgs/cmake/export_yolov8_msgs__rosidl_typesupport_fastrtps_cExport.cmake
[11.022s] -- Up-to-date: /home/devika/robo_ws/install/yolov8_msgs/share/yolov8_msgs/cmake/export_yolov8_msgs__rosidl_typesupport_fastrtps_cExport-noconfig.cmake
[11.023s] -- Up-to-date: /home/devika/robo_ws/install/yolov8_msgs/share/yolov8_msgs/cmake/export_yolov8_msgs__rosidl_generator_cppExport.cmake
[11.027s] -- Up-to-date: /home/devika/robo_ws/install/yolov8_msgs/share/yolov8_msgs/cmake/export_yolov8_msgs__rosidl_typesupport_fastrtps_cppExport.cmake
[11.032s] -- Up-to-date: /home/devika/robo_ws/install/yolov8_msgs/share/yolov8_msgs/cmake/export_yolov8_msgs__rosidl_typesupport_fastrtps_cppExport-noconfig.cmake
[11.032s] -- Up-to-date: /home/devika/robo_ws/install/yolov8_msgs/share/yolov8_msgs/cmake/yolov8_msgs__rosidl_typesupport_introspection_cExport.cmake
[11.032s] -- Up-to-date: /home/devika/robo_ws/install/yolov8_msgs/share/yolov8_msgs/cmake/yolov8_msgs__rosidl_typesupport_introspection_cExport-noconfig.cmake
[11.033s] -- Up-to-date: /home/devika/robo_ws/install/yolov8_msgs/share/yolov8_msgs/cmake/yolov8_msgs__rosidl_typesupport_cExport.cmake
[11.033s] -- Up-to-date: /home/devika/robo_ws/install/yolov8_msgs/share/yolov8_msgs/cmake/yolov8_msgs__rosidl_typesupport_cExport-noconfig.cmake
[11.033s] -- Up-to-date: /home/devika/robo_ws/install/yolov8_msgs/share/yolov8_msgs/cmake/yolov8_msgs__rosidl_typesupport_introspection_cppExport.cmake
[11.033s] -- Up-to-date: /home/devika/robo_ws/install/yolov8_msgs/share/yolov8_msgs/cmake/yolov8_msgs__rosidl_typesupport_introspection_cppExport-noconfig.cmake
[11.033s] -- Up-to-date: /home/devika/robo_ws/install/yolov8_msgs/share/yolov8_msgs/cmake/yolov8_msgs__rosidl_typesupport_cppExport.cmake
[11.034s] -- Up-to-date: /home/devika/robo_ws/install/yolov8_msgs/share/yolov8_msgs/cmake/yolov8_msgs__rosidl_typesupport_cppExport-noconfig.cmake
[11.034s] -- Up-to-date: /home/devika/robo_ws/install/yolov8_msgs/share/yolov8_msgs/cmake/export_yolov8_msgs__rosidl_generator_pyExport.cmake
[11.034s] -- Up-to-date: /home/devika/robo_ws/install/yolov8_msgs/share/yolov8_msgs/cmake/export_yolov8_msgs__rosidl_generator_pyExport-noconfig.cmake
[11.034s] -- Up-to-date: /home/devika/robo_ws/install/yolov8_msgs/share/yolov8_msgs/cmake/rosidl_cmake-extras.cmake
[11.034s] -- Up-to-date: /home/devika/robo_ws/install/yolov8_msgs/share/yolov8_msgs/cmake/ament_cmake_export_dependencies-extras.cmake
[11.035s] -- Up-to-date: /home/devika/robo_ws/install/yolov8_msgs/share/yolov8_msgs/cmake/ament_cmake_export_include_directories-extras.cmake
[11.035s] -- Up-to-date: /home/devika/robo_ws/install/yolov8_msgs/share/yolov8_msgs/cmake/ament_cmake_export_libraries-extras.cmake
[11.035s] -- Up-to-date: /home/devika/robo_ws/install/yolov8_msgs/share/yolov8_msgs/cmake/ament_cmake_export_targets-extras.cmake
[11.035s] -- Up-to-date: /home/devika/robo_ws/install/yolov8_msgs/share/yolov8_msgs/cmake/rosidl_cmake_export_typesupport_targets-extras.cmake
[11.035s] -- Up-to-date: /home/devika/robo_ws/install/yolov8_msgs/share/yolov8_msgs/cmake/rosidl_cmake_export_typesupport_libraries-extras.cmake
[11.036s] -- Up-to-date: /home/devika/robo_ws/install/yolov8_msgs/share/yolov8_msgs/cmake/yolov8_msgsConfig.cmake
[11.036s] -- Up-to-date: /home/devika/robo_ws/install/yolov8_msgs/share/yolov8_msgs/cmake/yolov8_msgsConfig-version.cmake
[11.036s] -- Up-to-date: /home/devika/robo_ws/install/yolov8_msgs/share/yolov8_msgs/package.xml
[11.042s] Invoked command in '/home/devika/robo_ws/build/yolov8_msgs' returned '0': CMAKE_PREFIX_PATH=${CMAKE_PREFIX_PATH}:/home/devika/robo_ws/install/perception_vision:/home/devika/robo_ws/install/cylinder_position_estimator:/home/devika/ws_moveit2/install/moveit_configs_utils:/home/devika/ws_moveit2/install/launch_param_builder:/opt/ros/humble /usr/bin/cmake --install /home/devika/robo_ws/build/yolov8_msgs
