[ 10%] Built target ik_clearance_cost_parameters
[ 20%] Built target pick_place_demo_parameters
[ 30%] Built target hello_moveit_task_constructor_mtc_node
[ 40%] Built target hello_moveit_task_constructor_cartesian
[ 50%] Built target hello_moveit_task_constructor_alternative_path_costs
[ 60%] Built target hello_moveit_task_constructor_fallbacks_move_to
[ 70%] Built target hello_moveit_task_constructor_modular
[ 80%] Built target hello_moveit_task_constructor_ik_clearance_cost
[ 85%] [32mBuilding CXX object CMakeFiles/hello_moveit_task_constructor_pick_place_task.dir/src/pick_place_task.cpp.o[0m
[ 90%] [32m[1mLinking CXX shared library libhello_moveit_task_constructor_pick_place_task.so[0m
[ 90%] Built target hello_moveit_task_constructor_pick_place_task
[ 95%] [32m[1mLinking CXX executable pick_place_demo[0m
[100%] Built target hello_moveit_task_constructor_pick_place_demo
-- Install configuration: "Release"
-- Installing: /home/devika/robo_ws/install/hello_moveit_task_constructor/lib/libhello_moveit_task_constructor_pick_place_task.so
-- Set runtime path of "/home/devika/robo_ws/install/hello_moveit_task_constructor/lib/libhello_moveit_task_constructor_pick_place_task.so" to ""
-- Installing: /home/devika/robo_ws/install/hello_moveit_task_constructor/lib/hello_moveit_task_constructor/alternative_path_costs
-- Set runtime path of "/home/devika/robo_ws/install/hello_moveit_task_constructor/lib/hello_moveit_task_constructor/alternative_path_costs" to ""
-- Installing: /home/devika/robo_ws/install/hello_moveit_task_constructor/lib/hello_moveit_task_constructor/cartesian
-- Set runtime path of "/home/devika/robo_ws/install/hello_moveit_task_constructor/lib/hello_moveit_task_constructor/cartesian" to ""
-- Installing: /home/devika/robo_ws/install/hello_moveit_task_constructor/lib/hello_moveit_task_constructor/fallbacks_move_to
-- Set runtime path of "/home/devika/robo_ws/install/hello_moveit_task_constructor/lib/hello_moveit_task_constructor/fallbacks_move_to" to ""
-- Installing: /home/devika/robo_ws/install/hello_moveit_task_constructor/include/hello_moveit_task_constructor
-- Installing: /home/devika/robo_ws/install/hello_moveit_task_constructor/include/hello_moveit_task_constructor/ik_clearance_cost_parameters.hpp
-- Installing: /home/devika/robo_ws/install/hello_moveit_task_constructor/include/hello_moveit_task_constructor/pick_place_demo_parameters.hpp
-- Installing: /home/devika/robo_ws/install/hello_moveit_task_constructor/lib/hello_moveit_task_constructor/ik_clearance_cost
-- Set runtime path of "/home/devika/robo_ws/install/hello_moveit_task_constructor/lib/hello_moveit_task_constructor/ik_clearance_cost" to ""
-- Installing: /home/devika/robo_ws/install/hello_moveit_task_constructor/lib/hello_moveit_task_constructor/modular
-- Set runtime path of "/home/devika/robo_ws/install/hello_moveit_task_constructor/lib/hello_moveit_task_constructor/modular" to ""
-- Installing: /home/devika/robo_ws/install/hello_moveit_task_constructor/lib/hello_moveit_task_constructor/mtc_node
-- Set runtime path of "/home/devika/robo_ws/install/hello_moveit_task_constructor/lib/hello_moveit_task_constructor/mtc_node" to ""
-- Up-to-date: /home/devika/robo_ws/install/hello_moveit_task_constructor/include/hello_moveit_task_constructor
-- Up-to-date: /home/devika/robo_ws/install/hello_moveit_task_constructor/include/hello_moveit_task_constructor/ik_clearance_cost_parameters.hpp
-- Up-to-date: /home/devika/robo_ws/install/hello_moveit_task_constructor/include/hello_moveit_task_constructor/pick_place_demo_parameters.hpp
-- Installing: /home/devika/robo_ws/install/hello_moveit_task_constructor/lib/hello_moveit_task_constructor/pick_place_demo
-- Set runtime path of "/home/devika/robo_ws/install/hello_moveit_task_constructor/lib/hello_moveit_task_constructor/pick_place_demo" to ""
-- Installing: /home/devika/robo_ws/install/hello_moveit_task_constructor/share/hello_moveit_task_constructor/config
-- Installing: /home/devika/robo_ws/install/hello_moveit_task_constructor/share/hello_moveit_task_constructor/config/mtc_node_params.yaml
-- Installing: /home/devika/robo_ws/install/hello_moveit_task_constructor/share/hello_moveit_task_constructor/launch
-- Installing: /home/devika/robo_ws/install/hello_moveit_task_constructor/share/hello_moveit_task_constructor/launch/run.launch.py
-- Installing: /home/devika/robo_ws/install/hello_moveit_task_constructor/share/hello_moveit_task_constructor/launch/demo.launch.py
-- Installing: /home/devika/robo_ws/install/hello_moveit_task_constructor/share/hello_moveit_task_constructor/scripts
-- Up-to-date: /home/devika/robo_ws/install/hello_moveit_task_constructor/include/hello_moveit_task_constructor
-- Installing: /home/devika/robo_ws/install/hello_moveit_task_constructor/include/hello_moveit_task_constructor/pick_place_task.h
-- Installing: /home/devika/robo_ws/install/hello_moveit_task_constructor/include/hello_moveit_task_constructor/hello_moveit_task_constructor
-- Installing: /home/devika/robo_ws/install/hello_moveit_task_constructor/include/hello_moveit_task_constructor/hello_moveit_task_constructor/pick_place_task.h
-- Installing: /home/devika/robo_ws/install/hello_moveit_task_constructor/share/ament_index/resource_index/package_run_dependencies/hello_moveit_task_constructor
-- Installing: /home/devika/robo_ws/install/hello_moveit_task_constructor/share/ament_index/resource_index/parent_prefix_path/hello_moveit_task_constructor
-- Installing: /home/devika/robo_ws/install/hello_moveit_task_constructor/share/hello_moveit_task_constructor/environment/ament_prefix_path.sh
-- Installing: /home/devika/robo_ws/install/hello_moveit_task_constructor/share/hello_moveit_task_constructor/environment/ament_prefix_path.dsv
-- Installing: /home/devika/robo_ws/install/hello_moveit_task_constructor/share/hello_moveit_task_constructor/environment/path.sh
-- Installing: /home/devika/robo_ws/install/hello_moveit_task_constructor/share/hello_moveit_task_constructor/environment/path.dsv
-- Installing: /home/devika/robo_ws/install/hello_moveit_task_constructor/share/hello_moveit_task_constructor/local_setup.bash
-- Installing: /home/devika/robo_ws/install/hello_moveit_task_constructor/share/hello_moveit_task_constructor/local_setup.sh
-- Installing: /home/devika/robo_ws/install/hello_moveit_task_constructor/share/hello_moveit_task_constructor/local_setup.zsh
-- Installing: /home/devika/robo_ws/install/hello_moveit_task_constructor/share/hello_moveit_task_constructor/local_setup.dsv
-- Installing: /home/devika/robo_ws/install/hello_moveit_task_constructor/share/hello_moveit_task_constructor/package.dsv
-- Installing: /home/devika/robo_ws/install/hello_moveit_task_constructor/share/ament_index/resource_index/packages/hello_moveit_task_constructor
-- Installing: /home/devika/robo_ws/install/hello_moveit_task_constructor/share/hello_moveit_task_constructor/cmake/hello_moveit_task_constructorConfig.cmake
-- Installing: /home/devika/robo_ws/install/hello_moveit_task_constructor/share/hello_moveit_task_constructor/cmake/hello_moveit_task_constructorConfig-version.cmake
-- Installing: /home/devika/robo_ws/install/hello_moveit_task_constructor/share/hello_moveit_task_constructor/package.xml
