[0.061s] Invoking command in '/home/devika/robo_ws/build/hello_moveit_task_constructor': CMAKE_MODULE_PATH=/home/devika/robo_ws/install/moveit_task_constructor_core/share/moveit_task_constructor_core/cmake:/home/devika/robo_ws/install/warehouse_ros_mongo/share/warehouse_ros_mongo/cmake CMAKE_PREFIX_PATH=/home/devika/robo_ws/install/moveit_task_constructor_core:/home/devika/robo_ws/install/rviz_marker_tools:/home/devika/robo_ws/install/moveit_task_constructor_msgs:/home/devika/robo_ws/install/urdf_humble_test_moveit_config:/home/devika/robo_ws/install/warehouse_ros_mongo:/home/devika/robo_ws/install/urdf_humble_test:/home/devika/robo_ws/install/moveit_task_constructor_visualization:/home/devika/robo_ws/install/moveit_task_constructor_demo:/home/devika/robo_ws/install/moveit_task_constructor_capabilities:/home/devika/robo_ws/install/hello_moveit_task_constructor:/home/devika/robo_ws/install/hello_moveit:/home/devika/robo_ws/install/gazebo_ros2_control:/home/devika/manga_ws/install/urdf_humble_test_moveit_config:/home/devika/manga_ws/install/urdf_humble_test:/home/devika/manga_ws/install/hello_moveit:/home/devika/some_ws/install/motoman_hc10_support:/home/devika/some_ws/install/motoman_resources:/home/devika/some_ws/install/hello_moveit:/home/devika/some_ws/install/hc20_sim_moveit_config:/home/devika/some_ws/install/hc20_moveit_config:/home/devika/some_ws/install/hc10_movit2v3:/home/devika/some_ws/install/hc10dt_moveit_config:/home/devika/robo_ws/install/perception_vision:/home/devika/robo_ws/install/cylinder_position_estimator:/opt/ros/humble LD_LIBRARY_PATH=/home/devika/robo_ws/install/moveit_task_constructor_core/lib:/home/devika/robo_ws/install/rviz_marker_tools/lib:/home/devika/robo_ws/install/moveit_task_constructor_msgs/lib:/home/devika/robo_ws/install/warehouse_ros_mongo/lib:/home/devika/robo_ws/install/moveit_task_constructor_visualization/lib:/home/devika/robo_ws/install/moveit_task_constructor_demo/lib:/home/devika/robo_ws/install/moveit_task_constructor_capabilities/lib:/home/devika/robo_ws/install/hello_moveit_task_constructor/lib:/home/devika/robo_ws/install/gazebo_ros2_control/lib:/usr/lib/x86_64-linux-gnu/gazebo-11/plugins:/opt/ros/humble/opt/rviz_ogre_vendor/lib:/opt/ros/humble/lib/x86_64-linux-gnu:/opt/ros/humble/lib /usr/bin/cmake --build /home/devika/robo_ws/build/hello_moveit_task_constructor -- -j8 -l8
[0.276s] [ 10%] Built target pick_place_demo_parameters
[0.298s] [ 20%] Built target ik_clearance_cost_parameters
[0.436s] [ 30%] Built target hello_moveit_task_constructor_fallbacks_move_to
[0.455s] [ 40%] Built target hello_moveit_task_constructor_modular
[0.489s] [ 50%] Built target hello_moveit_task_constructor_cartesian
[0.529s] [ 65%] Built target hello_moveit_task_constructor_mtc_node
[0.532s] [ 70%] Built target hello_moveit_task_constructor_alternative_path_costs
[0.734s] [ 80%] Built target hello_moveit_task_constructor_pick_place_task
[0.734s] [ 90%] Built target hello_moveit_task_constructor_ik_clearance_cost
[1.004s] [100%] Built target hello_moveit_task_constructor_pick_place_demo
[1.100s] Invoked command in '/home/devika/robo_ws/build/hello_moveit_task_constructor' returned '0': CMAKE_MODULE_PATH=/home/devika/robo_ws/install/moveit_task_constructor_core/share/moveit_task_constructor_core/cmake:/home/devika/robo_ws/install/warehouse_ros_mongo/share/warehouse_ros_mongo/cmake CMAKE_PREFIX_PATH=/home/devika/robo_ws/install/moveit_task_constructor_core:/home/devika/robo_ws/install/rviz_marker_tools:/home/devika/robo_ws/install/moveit_task_constructor_msgs:/home/devika/robo_ws/install/urdf_humble_test_moveit_config:/home/devika/robo_ws/install/warehouse_ros_mongo:/home/devika/robo_ws/install/urdf_humble_test:/home/devika/robo_ws/install/moveit_task_constructor_visualization:/home/devika/robo_ws/install/moveit_task_constructor_demo:/home/devika/robo_ws/install/moveit_task_constructor_capabilities:/home/devika/robo_ws/install/hello_moveit_task_constructor:/home/devika/robo_ws/install/hello_moveit:/home/devika/robo_ws/install/gazebo_ros2_control:/home/devika/manga_ws/install/urdf_humble_test_moveit_config:/home/devika/manga_ws/install/urdf_humble_test:/home/devika/manga_ws/install/hello_moveit:/home/devika/some_ws/install/motoman_hc10_support:/home/devika/some_ws/install/motoman_resources:/home/devika/some_ws/install/hello_moveit:/home/devika/some_ws/install/hc20_sim_moveit_config:/home/devika/some_ws/install/hc20_moveit_config:/home/devika/some_ws/install/hc10_movit2v3:/home/devika/some_ws/install/hc10dt_moveit_config:/home/devika/robo_ws/install/perception_vision:/home/devika/robo_ws/install/cylinder_position_estimator:/opt/ros/humble LD_LIBRARY_PATH=/home/devika/robo_ws/install/moveit_task_constructor_core/lib:/home/devika/robo_ws/install/rviz_marker_tools/lib:/home/devika/robo_ws/install/moveit_task_constructor_msgs/lib:/home/devika/robo_ws/install/warehouse_ros_mongo/lib:/home/devika/robo_ws/install/moveit_task_constructor_visualization/lib:/home/devika/robo_ws/install/moveit_task_constructor_demo/lib:/home/devika/robo_ws/install/moveit_task_constructor_capabilities/lib:/home/devika/robo_ws/install/hello_moveit_task_constructor/lib:/home/devika/robo_ws/install/gazebo_ros2_control/lib:/usr/lib/x86_64-linux-gnu/gazebo-11/plugins:/opt/ros/humble/opt/rviz_ogre_vendor/lib:/opt/ros/humble/lib/x86_64-linux-gnu:/opt/ros/humble/lib /usr/bin/cmake --build /home/devika/robo_ws/build/hello_moveit_task_constructor -- -j8 -l8
[1.121s] Invoking command in '/home/devika/robo_ws/build/hello_moveit_task_constructor': CMAKE_MODULE_PATH=/home/devika/robo_ws/install/moveit_task_constructor_core/share/moveit_task_constructor_core/cmake:/home/devika/robo_ws/install/warehouse_ros_mongo/share/warehouse_ros_mongo/cmake CMAKE_PREFIX_PATH=/home/devika/robo_ws/install/moveit_task_constructor_core:/home/devika/robo_ws/install/rviz_marker_tools:/home/devika/robo_ws/install/moveit_task_constructor_msgs:/home/devika/robo_ws/install/urdf_humble_test_moveit_config:/home/devika/robo_ws/install/warehouse_ros_mongo:/home/devika/robo_ws/install/urdf_humble_test:/home/devika/robo_ws/install/moveit_task_constructor_visualization:/home/devika/robo_ws/install/moveit_task_constructor_demo:/home/devika/robo_ws/install/moveit_task_constructor_capabilities:/home/devika/robo_ws/install/hello_moveit_task_constructor:/home/devika/robo_ws/install/hello_moveit:/home/devika/robo_ws/install/gazebo_ros2_control:/home/devika/manga_ws/install/urdf_humble_test_moveit_config:/home/devika/manga_ws/install/urdf_humble_test:/home/devika/manga_ws/install/hello_moveit:/home/devika/some_ws/install/motoman_hc10_support:/home/devika/some_ws/install/motoman_resources:/home/devika/some_ws/install/hello_moveit:/home/devika/some_ws/install/hc20_sim_moveit_config:/home/devika/some_ws/install/hc20_moveit_config:/home/devika/some_ws/install/hc10_movit2v3:/home/devika/some_ws/install/hc10dt_moveit_config:/home/devika/robo_ws/install/perception_vision:/home/devika/robo_ws/install/cylinder_position_estimator:/opt/ros/humble LD_LIBRARY_PATH=/home/devika/robo_ws/install/moveit_task_constructor_core/lib:/home/devika/robo_ws/install/rviz_marker_tools/lib:/home/devika/robo_ws/install/moveit_task_constructor_msgs/lib:/home/devika/robo_ws/install/warehouse_ros_mongo/lib:/home/devika/robo_ws/install/moveit_task_constructor_visualization/lib:/home/devika/robo_ws/install/moveit_task_constructor_demo/lib:/home/devika/robo_ws/install/moveit_task_constructor_capabilities/lib:/home/devika/robo_ws/install/hello_moveit_task_constructor/lib:/home/devika/robo_ws/install/gazebo_ros2_control/lib:/usr/lib/x86_64-linux-gnu/gazebo-11/plugins:/opt/ros/humble/opt/rviz_ogre_vendor/lib:/opt/ros/humble/lib/x86_64-linux-gnu:/opt/ros/humble/lib /usr/bin/cmake --install /home/devika/robo_ws/build/hello_moveit_task_constructor
[1.168s] -- Install configuration: "Release"
[1.170s] -- Up-to-date: /home/devika/robo_ws/install/hello_moveit_task_constructor/lib/libhello_moveit_task_constructor_pick_place_task.so
[1.175s] -- Up-to-date: /home/devika/robo_ws/install/hello_moveit_task_constructor/lib/hello_moveit_task_constructor/alternative_path_costs
[1.188s] -- Up-to-date: /home/devika/robo_ws/install/hello_moveit_task_constructor/lib/hello_moveit_task_constructor/cartesian
[1.194s] -- Up-to-date: /home/devika/robo_ws/install/hello_moveit_task_constructor/lib/hello_moveit_task_constructor/fallbacks_move_to
[1.202s] -- Up-to-date: /home/devika/robo_ws/install/hello_moveit_task_constructor/include/hello_moveit_task_constructor
[1.206s] -- Up-to-date: /home/devika/robo_ws/install/hello_moveit_task_constructor/include/hello_moveit_task_constructor/ik_clearance_cost_parameters.hpp
[1.209s] -- Up-to-date: /home/devika/robo_ws/install/hello_moveit_task_constructor/include/hello_moveit_task_constructor/pick_place_demo_parameters.hpp
[1.210s] -- Up-to-date: /home/devika/robo_ws/install/hello_moveit_task_constructor/lib/hello_moveit_task_constructor/ik_clearance_cost
[1.211s] -- Up-to-date: /home/devika/robo_ws/install/hello_moveit_task_constructor/lib/hello_moveit_task_constructor/modular
[1.222s] -- Up-to-date: /home/devika/robo_ws/install/hello_moveit_task_constructor/lib/hello_moveit_task_constructor/mtc_node
[1.224s] -- Up-to-date: /home/devika/robo_ws/install/hello_moveit_task_constructor/include/hello_moveit_task_constructor
[1.224s] -- Up-to-date: /home/devika/robo_ws/install/hello_moveit_task_constructor/include/hello_moveit_task_constructor/ik_clearance_cost_parameters.hpp
[1.225s] -- Up-to-date: /home/devika/robo_ws/install/hello_moveit_task_constructor/include/hello_moveit_task_constructor/pick_place_demo_parameters.hpp
[1.227s] -- Up-to-date: /home/devika/robo_ws/install/hello_moveit_task_constructor/lib/hello_moveit_task_constructor/pick_place_demo
[1.229s] -- Up-to-date: /home/devika/robo_ws/install/hello_moveit_task_constructor/share/hello_moveit_task_constructor/config
[1.229s] -- Up-to-date: /home/devika/robo_ws/install/hello_moveit_task_constructor/share/hello_moveit_task_constructor/launch
[1.231s] -- Up-to-date: /home/devika/robo_ws/install/hello_moveit_task_constructor/share/hello_moveit_task_constructor/launch/run.launch.py
[1.231s] -- Up-to-date: /home/devika/robo_ws/install/hello_moveit_task_constructor/share/hello_moveit_task_constructor/launch/demo.launch.py
[1.232s] -- Up-to-date: /home/devika/robo_ws/install/hello_moveit_task_constructor/share/hello_moveit_task_constructor/scripts
[1.233s] -- Up-to-date: /home/devika/robo_ws/install/hello_moveit_task_constructor/include/hello_moveit_task_constructor
[1.239s] -- Up-to-date: /home/devika/robo_ws/install/hello_moveit_task_constructor/include/hello_moveit_task_constructor/pick_place_task.h
[1.241s] -- Up-to-date: /home/devika/robo_ws/install/hello_moveit_task_constructor/include/hello_moveit_task_constructor/hello_moveit_task_constructor
[1.244s] -- Up-to-date: /home/devika/robo_ws/install/hello_moveit_task_constructor/include/hello_moveit_task_constructor/hello_moveit_task_constructor/pick_place_task.h
[1.246s] -- Up-to-date: /home/devika/robo_ws/install/hello_moveit_task_constructor/share/ament_index/resource_index/package_run_dependencies/hello_moveit_task_constructor
[1.249s] -- Up-to-date: /home/devika/robo_ws/install/hello_moveit_task_constructor/share/ament_index/resource_index/parent_prefix_path/hello_moveit_task_constructor
[1.250s] -- Up-to-date: /home/devika/robo_ws/install/hello_moveit_task_constructor/share/hello_moveit_task_constructor/environment/ament_prefix_path.sh
[1.252s] -- Up-to-date: /home/devika/robo_ws/install/hello_moveit_task_constructor/share/hello_moveit_task_constructor/environment/ament_prefix_path.dsv
[1.257s] -- Up-to-date: /home/devika/robo_ws/install/hello_moveit_task_constructor/share/hello_moveit_task_constructor/environment/path.sh
[1.259s] -- Up-to-date: /home/devika/robo_ws/install/hello_moveit_task_constructor/share/hello_moveit_task_constructor/environment/path.dsv
[1.260s] -- Up-to-date: /home/devika/robo_ws/install/hello_moveit_task_constructor/share/hello_moveit_task_constructor/local_setup.bash
[1.261s] -- Up-to-date: /home/devika/robo_ws/install/hello_moveit_task_constructor/share/hello_moveit_task_constructor/local_setup.sh
[1.261s] -- Up-to-date: /home/devika/robo_ws/install/hello_moveit_task_constructor/share/hello_moveit_task_constructor/local_setup.zsh
[1.261s] -- Up-to-date: /home/devika/robo_ws/install/hello_moveit_task_constructor/share/hello_moveit_task_constructor/local_setup.dsv
[1.262s] -- Installing: /home/devika/robo_ws/install/hello_moveit_task_constructor/share/hello_moveit_task_constructor/package.dsv
[1.262s] -- Up-to-date: /home/devika/robo_ws/install/hello_moveit_task_constructor/share/ament_index/resource_index/packages/hello_moveit_task_constructor
[1.262s] -- Up-to-date: /home/devika/robo_ws/install/hello_moveit_task_constructor/share/hello_moveit_task_constructor/cmake/hello_moveit_task_constructorConfig.cmake
[1.262s] -- Up-to-date: /home/devika/robo_ws/install/hello_moveit_task_constructor/share/hello_moveit_task_constructor/cmake/hello_moveit_task_constructorConfig-version.cmake
[1.262s] -- Up-to-date: /home/devika/robo_ws/install/hello_moveit_task_constructor/share/hello_moveit_task_constructor/package.xml
[1.272s] Invoked command in '/home/devika/robo_ws/build/hello_moveit_task_constructor' returned '0': CMAKE_MODULE_PATH=/home/devika/robo_ws/install/moveit_task_constructor_core/share/moveit_task_constructor_core/cmake:/home/devika/robo_ws/install/warehouse_ros_mongo/share/warehouse_ros_mongo/cmake CMAKE_PREFIX_PATH=/home/devika/robo_ws/install/moveit_task_constructor_core:/home/devika/robo_ws/install/rviz_marker_tools:/home/devika/robo_ws/install/moveit_task_constructor_msgs:/home/devika/robo_ws/install/urdf_humble_test_moveit_config:/home/devika/robo_ws/install/warehouse_ros_mongo:/home/devika/robo_ws/install/urdf_humble_test:/home/devika/robo_ws/install/moveit_task_constructor_visualization:/home/devika/robo_ws/install/moveit_task_constructor_demo:/home/devika/robo_ws/install/moveit_task_constructor_capabilities:/home/devika/robo_ws/install/hello_moveit_task_constructor:/home/devika/robo_ws/install/hello_moveit:/home/devika/robo_ws/install/gazebo_ros2_control:/home/devika/manga_ws/install/urdf_humble_test_moveit_config:/home/devika/manga_ws/install/urdf_humble_test:/home/devika/manga_ws/install/hello_moveit:/home/devika/some_ws/install/motoman_hc10_support:/home/devika/some_ws/install/motoman_resources:/home/devika/some_ws/install/hello_moveit:/home/devika/some_ws/install/hc20_sim_moveit_config:/home/devika/some_ws/install/hc20_moveit_config:/home/devika/some_ws/install/hc10_movit2v3:/home/devika/some_ws/install/hc10dt_moveit_config:/home/devika/robo_ws/install/perception_vision:/home/devika/robo_ws/install/cylinder_position_estimator:/opt/ros/humble LD_LIBRARY_PATH=/home/devika/robo_ws/install/moveit_task_constructor_core/lib:/home/devika/robo_ws/install/rviz_marker_tools/lib:/home/devika/robo_ws/install/moveit_task_constructor_msgs/lib:/home/devika/robo_ws/install/warehouse_ros_mongo/lib:/home/devika/robo_ws/install/moveit_task_constructor_visualization/lib:/home/devika/robo_ws/install/moveit_task_constructor_demo/lib:/home/devika/robo_ws/install/moveit_task_constructor_capabilities/lib:/home/devika/robo_ws/install/hello_moveit_task_constructor/lib:/home/devika/robo_ws/install/gazebo_ros2_control/lib:/usr/lib/x86_64-linux-gnu/gazebo-11/plugins:/opt/ros/humble/opt/rviz_ogre_vendor/lib:/opt/ros/humble/lib/x86_64-linux-gnu:/opt/ros/humble/lib /usr/bin/cmake --install /home/devika/robo_ws/build/hello_moveit_task_constructor
