[ 10%] Built target pick_place_demo_parameters
[ 20%] Built target ik_clearance_cost_parameters
[ 30%] Built target hello_moveit_task_constructor_fallbacks_move_to
[ 40%] Built target hello_moveit_task_constructor_modular
[ 50%] Built target hello_moveit_task_constructor_alternative_path_costs
[ 60%] Built target hello_moveit_task_constructor_cartesian
[35m[1mConsolidate compiler generated dependencies of target hello_moveit_task_constructor_pick_place_task[0m
[ 70%] Built target hello_moveit_task_constructor_mtc_node
[ 80%] Built target hello_moveit_task_constructor_ik_clearance_cost
[ 85%] [32mBuilding CXX object CMakeFiles/hello_moveit_task_constructor_pick_place_task.dir/src/pick_place_task.cpp.o[0m
[01m[K/home/devika/robo_ws/src/hello_moveit_task_constructor/src/pick_place_task.cpp:[m[K In member function ‘[01m[Kbool hello_moveit_task_constructor::PickPlaceTask::plan(std::size_t)[m[K’:
[01m[K/home/devika/robo_ws/src/hello_moveit_task_constructor/src/pick_place_task.cpp:633:46:[m[K [01;31m[Kerror: [m[Kno matching function for call to ‘[01m[Kmoveit::task_constructor::Introspection::publishTaskState(std::__shared_ptr_access<moveit::task_constructor::Task, __gnu_cxx::_S_atomic, false, false>::element_type&)[m[K’
  633 |       [01;31m[Ktask_->introspection().publishTaskState(*task_)[m[K;
      |       [01;31m[K~~~~~~~~~~~~~~~~~~~~~~~~~~~~~~~~~~~~~~~^~~~~~~~[m[K
In file included from [01m[K/home/devika/robo_ws/install/moveit_task_constructor_core/include/moveit/task_constructor/task.h:44[m[K,
                 from [01m[K/home/devika/robo_ws/src/hello_moveit_task_constructor/include/hello_moveit_task_constructor/pick_place_task.h:26[m[K,
                 from [01m[K/home/devika/robo_ws/src/hello_moveit_task_constructor/src/pick_place_task.cpp:14[m[K:
[01m[K/home/devika/robo_ws/install/moveit_task_constructor_core/include/moveit/task_constructor/introspection.h:84:14:[m[K [01;36m[Knote: [m[Kcandidate: ‘[01m[Kvoid moveit::task_constructor::Introspection::publishTaskState()[m[K’
   84 |         void [01;36m[KpublishTaskState[m[K();
      |              [01;36m[K^~~~~~~~~~~~~~~~[m[K
[01m[K/home/devika/robo_ws/install/moveit_task_constructor_core/include/moveit/task_constructor/introspection.h:84:14:[m[K [01;36m[Knote: [m[K  candidate expects 0 arguments, 1 provided
gmake[2]: *** [CMakeFiles/hello_moveit_task_constructor_pick_place_task.dir/build.make:76: CMakeFiles/hello_moveit_task_constructor_pick_place_task.dir/src/pick_place_task.cpp.o] Error 1
gmake[1]: *** [CMakeFiles/Makefile2:155: CMakeFiles/hello_moveit_task_constructor_pick_place_task.dir/all] Error 2
gmake: *** [Makefile:146: all] Error 2
