[5.144s] Invoking command in '/home/devika/robo_ws/build/yolov8_obb': CMAKE_PREFIX_PATH=${CMAKE_PREFIX_PATH}:/home/devika/robo_ws/install/perception_vision:/home/devika/robo_ws/install/cylinder_position_estimator:/home/devika/ws_moveit2/install/moveit_configs_utils:/home/devika/ws_moveit2/install/launch_param_builder:/opt/ros/humble /usr/bin/cmake --build /home/devika/robo_ws/build/yolov8_obb -- -j8 -l8
[6.586s] Invoked command in '/home/devika/robo_ws/build/yolov8_obb' returned '0': CMAKE_PREFIX_PATH=${CMAKE_PREFIX_PATH}:/home/devika/robo_ws/install/perception_vision:/home/devika/robo_ws/install/cylinder_position_estimator:/home/devika/ws_moveit2/install/moveit_configs_utils:/home/devika/ws_moveit2/install/launch_param_builder:/opt/ros/humble /usr/bin/cmake --build /home/devika/robo_ws/build/yolov8_obb -- -j8 -l8
[6.621s] Invoking command in '/home/devika/robo_ws/build/yolov8_obb': CMAKE_PREFIX_PATH=${CMAKE_PREFIX_PATH}:/home/devika/robo_ws/install/perception_vision:/home/devika/robo_ws/install/cylinder_position_estimator:/home/devika/ws_moveit2/install/moveit_configs_utils:/home/devika/ws_moveit2/install/launch_param_builder:/opt/ros/humble /usr/bin/cmake --install /home/devika/robo_ws/build/yolov8_obb
[6.934s] -- Install configuration: ""
[6.937s] -- Up-to-date: /home/devika/robo_ws/install/yolov8_obb/share/yolov8_obb//scripts
[6.941s] -- Up-to-date: /home/devika/robo_ws/install/yolov8_obb/share/yolov8_obb//scripts/yolov8_obb_subscriber.py
[6.942s] -- Up-to-date: /home/devika/robo_ws/install/yolov8_obb/share/yolov8_obb//scripts/yolov8_obb_publisher.py
[6.944s] -- Up-to-date: /home/devika/robo_ws/install/yolov8_obb/share/yolov8_obb//scripts/best.pt
[6.948s] -- Up-to-date: /home/devika/robo_ws/install/yolov8_obb/share/yolov8_obb//launch
[6.954s] -- Up-to-date: /home/devika/robo_ws/install/yolov8_obb/share/yolov8_obb//launch/yolov8_obb.launch.py
[6.968s] -- Up-to-date: /home/devika/robo_ws/install/yolov8_obb/lib/yolov8_obb/yolov8_obb_publisher.py
[6.969s] -- Up-to-date: /home/devika/robo_ws/install/yolov8_obb/lib/yolov8_obb/yolov8_obb_subscriber.py
[6.969s] -- Up-to-date: /home/devika/robo_ws/install/yolov8_obb/lib/yolov8_obb/yolov8_obb.launch.py
[6.969s] -- Up-to-date: /home/devika/robo_ws/install/yolov8_obb/share/ament_index/resource_index/package_run_dependencies/yolov8_obb
[6.974s] -- Up-to-date: /home/devika/robo_ws/install/yolov8_obb/share/ament_index/resource_index/parent_prefix_path/yolov8_obb
[6.974s] -- Up-to-date: /home/devika/robo_ws/install/yolov8_obb/share/yolov8_obb/environment/ament_prefix_path.sh
[6.977s] -- Up-to-date: /home/devika/robo_ws/install/yolov8_obb/share/yolov8_obb/environment/ament_prefix_path.dsv
[6.977s] -- Up-to-date: /home/devika/robo_ws/install/yolov8_obb/share/yolov8_obb/environment/path.sh
[6.977s] -- Up-to-date: /home/devika/robo_ws/install/yolov8_obb/share/yolov8_obb/environment/path.dsv
[6.977s] -- Up-to-date: /home/devika/robo_ws/install/yolov8_obb/share/yolov8_obb/local_setup.bash
[6.993s] -- Up-to-date: /home/devika/robo_ws/install/yolov8_obb/share/yolov8_obb/local_setup.sh
[6.993s] -- Up-to-date: /home/devika/robo_ws/install/yolov8_obb/share/yolov8_obb/local_setup.zsh
[6.993s] -- Up-to-date: /home/devika/robo_ws/install/yolov8_obb/share/yolov8_obb/local_setup.dsv
[6.993s] -- Installing: /home/devika/robo_ws/install/yolov8_obb/share/yolov8_obb/package.dsv
[6.993s] -- Up-to-date: /home/devika/robo_ws/install/yolov8_obb/share/ament_index/resource_index/packages/yolov8_obb
[6.994s] -- Up-to-date: /home/devika/robo_ws/install/yolov8_obb/share/yolov8_obb/cmake/yolov8_obbConfig.cmake
[6.994s] -- Up-to-date: /home/devika/robo_ws/install/yolov8_obb/share/yolov8_obb/cmake/yolov8_obbConfig-version.cmake
[6.994s] -- Up-to-date: /home/devika/robo_ws/install/yolov8_obb/share/yolov8_obb/package.xml
[7.120s] Invoked command in '/home/devika/robo_ws/build/yolov8_obb' returned '0': CMAKE_PREFIX_PATH=${CMAKE_PREFIX_PATH}:/home/devika/robo_ws/install/perception_vision:/home/devika/robo_ws/install/cylinder_position_estimator:/home/devika/ws_moveit2/install/moveit_configs_utils:/home/devika/ws_moveit2/install/launch_param_builder:/opt/ros/humble /usr/bin/cmake --install /home/devika/robo_ws/build/yolov8_obb
