[0.036s] Invoking command in '/home/devika/robo_ws/build/hello_moveit_task_constructor': CMAKE_PREFIX_PATH=/home/devika/robo_ws/install/moveit_task_constructor_core:/home/devika/robo_ws/install/rviz_marker_tools:/home/devika/robo_ws/install/moveit_task_constructor_msgs:/home/devika/robo_ws/install/moveit_task_constructor_visualization:/home/devika/robo_ws/install/moveit_task_constructor_demo:/home/devika/robo_ws/install/moveit_task_constructor_capabilities:/home/devika/robo_ws/install/urdf_humble_test_moveit_config:/home/devika/robo_ws/install/warehouse_ros_mongo:/home/devika/robo_ws/install/urdf_humble_test:/home/devika/robo_ws/install/hello_moveit:/home/devika/robo_ws/install/gazebo_ros2_control:/home/devika/manga_ws/install/urdf_humble_test_moveit_config:/home/devika/manga_ws/install/urdf_humble_test:/home/devika/manga_ws/install/hello_moveit:/home/devika/some_ws/install/motoman_hc10_support:/home/devika/some_ws/install/motoman_resources:/home/devika/some_ws/install/hello_moveit:/home/devika/some_ws/install/hc20_sim_moveit_config:/home/devika/some_ws/install/hc20_moveit_config:/home/devika/some_ws/install/hc10_movit2v3:/home/devika/some_ws/install/hc10dt_moveit_config:/home/devika/robo_ws/install/perception_vision:/home/devika/robo_ws/install/cylinder_position_estimator:/opt/ros/humble LD_LIBRARY_PATH=/home/devika/robo_ws/install/moveit_task_constructor_core/lib:/home/devika/robo_ws/install/rviz_marker_tools/lib:/home/devika/robo_ws/install/moveit_task_constructor_msgs/lib:/home/devika/robo_ws/install/moveit_task_constructor_visualization/lib:/home/devika/robo_ws/install/moveit_task_constructor_demo/lib:/home/devika/robo_ws/install/moveit_task_constructor_capabilities/lib:/home/devika/robo_ws/install/warehouse_ros_mongo/lib:/home/devika/robo_ws/install/gazebo_ros2_control/lib:/usr/lib/x86_64-linux-gnu/gazebo-11/plugins:/opt/ros/humble/opt/rviz_ogre_vendor/lib:/opt/ros/humble/lib/x86_64-linux-gnu:/opt/ros/humble/lib /usr/bin/cmake --build /home/devika/robo_ws/build/hello_moveit_task_constructor
[0.128s] [ 10%] Built target pick_place_demo_parameters
[0.187s] [ 20%] Built target hello_moveit_task_constructor_pick_place_task
[0.246s] [ 30%] Built target hello_moveit_task_constructor_alternative_path_costs
[0.303s] [ 40%] Built target hello_moveit_task_constructor_cartesian
[0.360s] [ 50%] Built target hello_moveit_task_constructor_fallbacks_move_to
[0.396s] [ 60%] Built target ik_clearance_cost_parameters
[0.454s] [ 70%] Built target hello_moveit_task_constructor_ik_clearance_cost
[0.510s] [ 80%] Built target hello_moveit_task_constructor_modular
[0.564s] [ 90%] Built target hello_moveit_task_constructor_mtc_node
[0.590s] [35m[1mConsolidate compiler generated dependencies of target hello_moveit_task_constructor_pick_place_demo[0m
[0.631s] [100%] Built target hello_moveit_task_constructor_pick_place_demo
[0.653s] Invoked command in '/home/devika/robo_ws/build/hello_moveit_task_constructor' returned '0': CMAKE_PREFIX_PATH=/home/devika/robo_ws/install/moveit_task_constructor_core:/home/devika/robo_ws/install/rviz_marker_tools:/home/devika/robo_ws/install/moveit_task_constructor_msgs:/home/devika/robo_ws/install/moveit_task_constructor_visualization:/home/devika/robo_ws/install/moveit_task_constructor_demo:/home/devika/robo_ws/install/moveit_task_constructor_capabilities:/home/devika/robo_ws/install/urdf_humble_test_moveit_config:/home/devika/robo_ws/install/warehouse_ros_mongo:/home/devika/robo_ws/install/urdf_humble_test:/home/devika/robo_ws/install/hello_moveit:/home/devika/robo_ws/install/gazebo_ros2_control:/home/devika/manga_ws/install/urdf_humble_test_moveit_config:/home/devika/manga_ws/install/urdf_humble_test:/home/devika/manga_ws/install/hello_moveit:/home/devika/some_ws/install/motoman_hc10_support:/home/devika/some_ws/install/motoman_resources:/home/devika/some_ws/install/hello_moveit:/home/devika/some_ws/install/hc20_sim_moveit_config:/home/devika/some_ws/install/hc20_moveit_config:/home/devika/some_ws/install/hc10_movit2v3:/home/devika/some_ws/install/hc10dt_moveit_config:/home/devika/robo_ws/install/perception_vision:/home/devika/robo_ws/install/cylinder_position_estimator:/opt/ros/humble LD_LIBRARY_PATH=/home/devika/robo_ws/install/moveit_task_constructor_core/lib:/home/devika/robo_ws/install/rviz_marker_tools/lib:/home/devika/robo_ws/install/moveit_task_constructor_msgs/lib:/home/devika/robo_ws/install/moveit_task_constructor_visualization/lib:/home/devika/robo_ws/install/moveit_task_constructor_demo/lib:/home/devika/robo_ws/install/moveit_task_constructor_capabilities/lib:/home/devika/robo_ws/install/warehouse_ros_mongo/lib:/home/devika/robo_ws/install/gazebo_ros2_control/lib:/usr/lib/x86_64-linux-gnu/gazebo-11/plugins:/opt/ros/humble/opt/rviz_ogre_vendor/lib:/opt/ros/humble/lib/x86_64-linux-gnu:/opt/ros/humble/lib /usr/bin/cmake --build /home/devika/robo_ws/build/hello_moveit_task_constructor
[0.656s] Invoking command in '/home/devika/robo_ws/build/hello_moveit_task_constructor': CMAKE_PREFIX_PATH=/home/devika/robo_ws/install/moveit_task_constructor_core:/home/devika/robo_ws/install/rviz_marker_tools:/home/devika/robo_ws/install/moveit_task_constructor_msgs:/home/devika/robo_ws/install/moveit_task_constructor_visualization:/home/devika/robo_ws/install/moveit_task_constructor_demo:/home/devika/robo_ws/install/moveit_task_constructor_capabilities:/home/devika/robo_ws/install/urdf_humble_test_moveit_config:/home/devika/robo_ws/install/warehouse_ros_mongo:/home/devika/robo_ws/install/urdf_humble_test:/home/devika/robo_ws/install/hello_moveit:/home/devika/robo_ws/install/gazebo_ros2_control:/home/devika/manga_ws/install/urdf_humble_test_moveit_config:/home/devika/manga_ws/install/urdf_humble_test:/home/devika/manga_ws/install/hello_moveit:/home/devika/some_ws/install/motoman_hc10_support:/home/devika/some_ws/install/motoman_resources:/home/devika/some_ws/install/hello_moveit:/home/devika/some_ws/install/hc20_sim_moveit_config:/home/devika/some_ws/install/hc20_moveit_config:/home/devika/some_ws/install/hc10_movit2v3:/home/devika/some_ws/install/hc10dt_moveit_config:/home/devika/robo_ws/install/perception_vision:/home/devika/robo_ws/install/cylinder_position_estimator:/opt/ros/humble LD_LIBRARY_PATH=/home/devika/robo_ws/install/moveit_task_constructor_core/lib:/home/devika/robo_ws/install/rviz_marker_tools/lib:/home/devika/robo_ws/install/moveit_task_constructor_msgs/lib:/home/devika/robo_ws/install/moveit_task_constructor_visualization/lib:/home/devika/robo_ws/install/moveit_task_constructor_demo/lib:/home/devika/robo_ws/install/moveit_task_constructor_capabilities/lib:/home/devika/robo_ws/install/warehouse_ros_mongo/lib:/home/devika/robo_ws/install/gazebo_ros2_control/lib:/usr/lib/x86_64-linux-gnu/gazebo-11/plugins:/opt/ros/humble/opt/rviz_ogre_vendor/lib:/opt/ros/humble/lib/x86_64-linux-gnu:/opt/ros/humble/lib /usr/bin/cmake --install /home/devika/robo_ws/build/hello_moveit_task_constructor
[0.669s] -- Install configuration: "Release"
[0.670s] -- Up-to-date: /home/devika/robo_ws/install/hello_moveit_task_constructor/lib/libhello_moveit_task_constructor_pick_place_task.so
[0.670s] -- Up-to-date: /home/devika/robo_ws/install/hello_moveit_task_constructor/lib/hello_moveit_task_constructor/alternative_path_costs
[0.670s] -- Up-to-date: /home/devika/robo_ws/install/hello_moveit_task_constructor/lib/hello_moveit_task_constructor/cartesian
[0.671s] -- Up-to-date: /home/devika/robo_ws/install/hello_moveit_task_constructor/lib/hello_moveit_task_constructor/fallbacks_move_to
[0.671s] -- Up-to-date: /home/devika/robo_ws/install/hello_moveit_task_constructor/include/hello_moveit_task_constructor
[0.671s] -- Up-to-date: /home/devika/robo_ws/install/hello_moveit_task_constructor/include/hello_moveit_task_constructor/ik_clearance_cost_parameters.hpp
[0.671s] -- Up-to-date: /home/devika/robo_ws/install/hello_moveit_task_constructor/include/hello_moveit_task_constructor/pick_place_demo_parameters.hpp
[0.672s] -- Up-to-date: /home/devika/robo_ws/install/hello_moveit_task_constructor/lib/hello_moveit_task_constructor/ik_clearance_cost
[0.672s] -- Up-to-date: /home/devika/robo_ws/install/hello_moveit_task_constructor/lib/hello_moveit_task_constructor/modular
[0.672s] -- Up-to-date: /home/devika/robo_ws/install/hello_moveit_task_constructor/lib/hello_moveit_task_constructor/mtc_node
[0.673s] -- Up-to-date: /home/devika/robo_ws/install/hello_moveit_task_constructor/include/hello_moveit_task_constructor
[0.673s] -- Up-to-date: /home/devika/robo_ws/install/hello_moveit_task_constructor/include/hello_moveit_task_constructor/ik_clearance_cost_parameters.hpp
[0.673s] -- Up-to-date: /home/devika/robo_ws/install/hello_moveit_task_constructor/include/hello_moveit_task_constructor/pick_place_demo_parameters.hpp
[0.673s] -- Up-to-date: /home/devika/robo_ws/install/hello_moveit_task_constructor/lib/hello_moveit_task_constructor/pick_place_demo
[0.674s] -- Up-to-date: /home/devika/robo_ws/install/hello_moveit_task_constructor/share/hello_moveit_task_constructor/config
[0.674s] -- Up-to-date: /home/devika/robo_ws/install/hello_moveit_task_constructor/share/hello_moveit_task_constructor/launch
[0.674s] -- Up-to-date: /home/devika/robo_ws/install/hello_moveit_task_constructor/share/hello_moveit_task_constructor/launch/run.launch.py
[0.674s] -- Up-to-date: /home/devika/robo_ws/install/hello_moveit_task_constructor/share/hello_moveit_task_constructor/launch/demo.launch.py
[0.674s] -- Installing: /home/devika/robo_ws/install/hello_moveit_task_constructor/share/hello_moveit_task_constructor/scripts
[0.675s] -- Up-to-date: /home/devika/robo_ws/install/hello_moveit_task_constructor/include/hello_moveit_task_constructor
[0.675s] -- Installing: /home/devika/robo_ws/install/hello_moveit_task_constructor/include/hello_moveit_task_constructor/hello_moveit_task_constructor
[0.675s] -- Installing: /home/devika/robo_ws/install/hello_moveit_task_constructor/include/hello_moveit_task_constructor/hello_moveit_task_constructor/pick_place_task.h
[0.675s] -- Installing: /home/devika/robo_ws/install/hello_moveit_task_constructor/share/ament_index/resource_index/package_run_dependencies/hello_moveit_task_constructor
[0.687s] -- Installing: /home/devika/robo_ws/install/hello_moveit_task_constructor/share/ament_index/resource_index/parent_prefix_path/hello_moveit_task_constructor
[0.692s] -- Installing: /home/devika/robo_ws/install/hello_moveit_task_constructor/share/hello_moveit_task_constructor/environment/ament_prefix_path.sh
[0.692s] -- Installing: /home/devika/robo_ws/install/hello_moveit_task_constructor/share/hello_moveit_task_constructor/environment/ament_prefix_path.dsv
[0.706s] -- Installing: /home/devika/robo_ws/install/hello_moveit_task_constructor/share/hello_moveit_task_constructor/environment/path.sh
[0.706s] -- Installing: /home/devika/robo_ws/install/hello_moveit_task_constructor/share/hello_moveit_task_constructor/environment/path.dsv
[0.707s] -- Installing: /home/devika/robo_ws/install/hello_moveit_task_constructor/share/hello_moveit_task_constructor/local_setup.bash
[0.708s] -- Installing: /home/devika/robo_ws/install/hello_moveit_task_constructor/share/hello_moveit_task_constructor/local_setup.sh
[0.709s] -- Installing: /home/devika/robo_ws/install/hello_moveit_task_constructor/share/hello_moveit_task_constructor/local_setup.zsh
[0.709s] -- Installing: /home/devika/robo_ws/install/hello_moveit_task_constructor/share/hello_moveit_task_constructor/local_setup.dsv
[0.710s] -- Installing: /home/devika/robo_ws/install/hello_moveit_task_constructor/share/hello_moveit_task_constructor/package.dsv
[0.711s] -- Installing: /home/devika/robo_ws/install/hello_moveit_task_constructor/share/ament_index/resource_index/packages/hello_moveit_task_constructor
[0.711s] -- Installing: /home/devika/robo_ws/install/hello_moveit_task_constructor/share/hello_moveit_task_constructor/cmake/hello_moveit_task_constructorConfig.cmake
[0.712s] -- Installing: /home/devika/robo_ws/install/hello_moveit_task_constructor/share/hello_moveit_task_constructor/cmake/hello_moveit_task_constructorConfig-version.cmake
[0.712s] -- Installing: /home/devika/robo_ws/install/hello_moveit_task_constructor/share/hello_moveit_task_constructor/package.xml
[0.717s] Invoked command in '/home/devika/robo_ws/build/hello_moveit_task_constructor' returned '0': CMAKE_PREFIX_PATH=/home/devika/robo_ws/install/moveit_task_constructor_core:/home/devika/robo_ws/install/rviz_marker_tools:/home/devika/robo_ws/install/moveit_task_constructor_msgs:/home/devika/robo_ws/install/moveit_task_constructor_visualization:/home/devika/robo_ws/install/moveit_task_constructor_demo:/home/devika/robo_ws/install/moveit_task_constructor_capabilities:/home/devika/robo_ws/install/urdf_humble_test_moveit_config:/home/devika/robo_ws/install/warehouse_ros_mongo:/home/devika/robo_ws/install/urdf_humble_test:/home/devika/robo_ws/install/hello_moveit:/home/devika/robo_ws/install/gazebo_ros2_control:/home/devika/manga_ws/install/urdf_humble_test_moveit_config:/home/devika/manga_ws/install/urdf_humble_test:/home/devika/manga_ws/install/hello_moveit:/home/devika/some_ws/install/motoman_hc10_support:/home/devika/some_ws/install/motoman_resources:/home/devika/some_ws/install/hello_moveit:/home/devika/some_ws/install/hc20_sim_moveit_config:/home/devika/some_ws/install/hc20_moveit_config:/home/devika/some_ws/install/hc10_movit2v3:/home/devika/some_ws/install/hc10dt_moveit_config:/home/devika/robo_ws/install/perception_vision:/home/devika/robo_ws/install/cylinder_position_estimator:/opt/ros/humble LD_LIBRARY_PATH=/home/devika/robo_ws/install/moveit_task_constructor_core/lib:/home/devika/robo_ws/install/rviz_marker_tools/lib:/home/devika/robo_ws/install/moveit_task_constructor_msgs/lib:/home/devika/robo_ws/install/moveit_task_constructor_visualization/lib:/home/devika/robo_ws/install/moveit_task_constructor_demo/lib:/home/devika/robo_ws/install/moveit_task_constructor_capabilities/lib:/home/devika/robo_ws/install/warehouse_ros_mongo/lib:/home/devika/robo_ws/install/gazebo_ros2_control/lib:/usr/lib/x86_64-linux-gnu/gazebo-11/plugins:/opt/ros/humble/opt/rviz_ogre_vendor/lib:/opt/ros/humble/lib/x86_64-linux-gnu:/opt/ros/humble/lib /usr/bin/cmake --install /home/devika/robo_ws/build/hello_moveit_task_constructor
