[4.176s] Invoking command in '/home/devika/robo_ws/src/perception_vision': PYTHONPATH=/home/devika/robo_ws/build/perception_vision/prefix_override:/usr/lib/python3/dist-packages/colcon_core/task/python/colcon_distutils_commands:/home/devika/robo_ws/install/perception_vision/lib/python3.10/site-packages:${PYTHONPATH} /usr/bin/python3 -W ignore:setup.py install is deprecated -W ignore:easy_install command is deprecated setup.py egg_info --egg-base ../../build/perception_vision build --build-base /home/devika/robo_ws/build/perception_vision/build install --record /home/devika/robo_ws/build/perception_vision/install.log --single-version-externally-managed install_data
[5.104s] running egg_info
[5.104s] writing ../../build/perception_vision/perception_vision.egg-info/PKG-INFO
[5.107s] writing dependency_links to ../../build/perception_vision/perception_vision.egg-info/dependency_links.txt
[5.108s] writing entry points to ../../build/perception_vision/perception_vision.egg-info/entry_points.txt
[5.110s] writing requirements to ../../build/perception_vision/perception_vision.egg-info/requires.txt
[5.114s] writing top-level names to ../../build/perception_vision/perception_vision.egg-info/top_level.txt
[5.124s] reading manifest file '../../build/perception_vision/perception_vision.egg-info/SOURCES.txt'
[5.132s] writing manifest file '../../build/perception_vision/perception_vision.egg-info/SOURCES.txt'
[5.144s] running build
[5.144s] running build_py
[5.164s] running install
[5.164s] running install_lib
[5.170s] running install_data
[5.171s] running install_egg_info
[5.175s] removing '/home/devika/robo_ws/install/perception_vision/lib/python3.10/site-packages/perception_vision-0.0.0-py3.10.egg-info' (and everything under it)
[5.177s] Copying ../../build/perception_vision/perception_vision.egg-info to /home/devika/robo_ws/install/perception_vision/lib/python3.10/site-packages/perception_vision-0.0.0-py3.10.egg-info
[5.182s] running install_scripts
[5.252s] Installing yolov8_obb_node script to /home/devika/robo_ws/install/perception_vision/lib/perception_vision
[5.253s] writing list of installed files to '/home/devika/robo_ws/build/perception_vision/install.log'
[5.358s] Invoked command in '/home/devika/robo_ws/src/perception_vision' returned '0': PYTHONPATH=/home/devika/robo_ws/build/perception_vision/prefix_override:/usr/lib/python3/dist-packages/colcon_core/task/python/colcon_distutils_commands:/home/devika/robo_ws/install/perception_vision/lib/python3.10/site-packages:${PYTHONPATH} /usr/bin/python3 -W ignore:setup.py install is deprecated -W ignore:easy_install command is deprecated setup.py egg_info --egg-base ../../build/perception_vision build --build-base /home/devika/robo_ws/build/perception_vision/build install --record /home/devika/robo_ws/build/perception_vision/install.log --single-version-externally-managed install_data
