running egg_info
writing ../../build/cylinder_position_estimator/cylinder_position_estimator.egg-info/PKG-INFO
writing dependency_links to ../../build/cylinder_position_estimator/cylinder_position_estimator.egg-info/dependency_links.txt
writing entry points to ../../build/cylinder_position_estimator/cylinder_position_estimator.egg-info/entry_points.txt
writing requirements to ../../build/cylinder_position_estimator/cylinder_position_estimator.egg-info/requires.txt
writing top-level names to ../../build/cylinder_position_estimator/cylinder_position_estimator.egg-info/top_level.txt
reading manifest file '../../build/cylinder_position_estimator/cylinder_position_estimator.egg-info/SOURCES.txt'
writing manifest file '../../build/cylinder_position_estimator/cylinder_position_estimator.egg-info/SOURCES.txt'
running build
running build_py
copying cylinder_position_estimator/pose_estimator_node.py -> /home/devika/robo_ws/build/cylinder_position_estimator/build/lib/cylinder_position_estimator
running install
running install_lib
copying /home/devika/robo_ws/build/cylinder_position_estimator/build/lib/cylinder_position_estimator/pose_estimator_node.py -> /home/devika/robo_ws/install/cylinder_position_estimator/lib/python3.10/site-packages/cylinder_position_estimator
byte-compiling /home/devika/robo_ws/install/cylinder_position_estimator/lib/python3.10/site-packages/cylinder_position_estimator/pose_estimator_node.py to pose_estimator_node.cpython-310.pyc
Sorry: TabError: inconsistent use of tabs and spaces in indentation (pose_estimator_node.py, line 59)
running install_data
running install_egg_info
removing '/home/devika/robo_ws/install/cylinder_position_estimator/lib/python3.10/site-packages/cylinder_position_estimator-0.0.0-py3.10.egg-info' (and everything under it)
Copying ../../build/cylinder_position_estimator/cylinder_position_estimator.egg-info to /home/devika/robo_ws/install/cylinder_position_estimator/lib/python3.10/site-packages/cylinder_position_estimator-0.0.0-py3.10.egg-info
running install_scripts
Installing pose_estimator_node script to /home/devika/robo_ws/install/cylinder_position_estimator/lib/cylinder_position_estimator
writing list of installed files to '/home/devika/robo_ws/build/cylinder_position_estimator/install.log'
