[5.253s] Invoking command in '/home/devika/robo_ws/src/perception_vision': PYTHONPATH=/home/devika/robo_ws/build/perception_vision/prefix_override:/usr/lib/python3/dist-packages/colcon_core/task/python/colcon_distutils_commands:/home/devika/robo_ws/install/perception_vision/lib/python3.10/site-packages:${PYTHONPATH} /usr/bin/python3 -W ignore:setup.py install is deprecated -W ignore:easy_install command is deprecated setup.py egg_info --egg-base ../../build/perception_vision build --build-base /home/devika/robo_ws/build/perception_vision/build install --record /home/devika/robo_ws/build/perception_vision/install.log --single-version-externally-managed install_data
[6.883s] running egg_info
[6.886s] writing ../../build/perception_vision/perception_vision.egg-info/PKG-INFO
[6.888s] writing dependency_links to ../../build/perception_vision/perception_vision.egg-info/dependency_links.txt
[6.891s] writing entry points to ../../build/perception_vision/perception_vision.egg-info/entry_points.txt
[6.892s] writing requirements to ../../build/perception_vision/perception_vision.egg-info/requires.txt
[6.893s] writing top-level names to ../../build/perception_vision/perception_vision.egg-info/top_level.txt
[6.900s] reading manifest file '../../build/perception_vision/perception_vision.egg-info/SOURCES.txt'
[6.907s] writing manifest file '../../build/perception_vision/perception_vision.egg-info/SOURCES.txt'
[6.907s] running build
[6.907s] running build_py
[6.908s] running install
[6.913s] running install_lib
[6.919s] running install_data
[6.919s] running install_egg_info
[6.930s] removing '/home/devika/robo_ws/install/perception_vision/lib/python3.10/site-packages/perception_vision-0.0.0-py3.10.egg-info' (and everything under it)
[6.931s] Copying ../../build/perception_vision/perception_vision.egg-info to /home/devika/robo_ws/install/perception_vision/lib/python3.10/site-packages/perception_vision-0.0.0-py3.10.egg-info
[6.939s] running install_scripts
[7.063s] Installing yolov8_obb_node script to /home/devika/robo_ws/install/perception_vision/lib/perception_vision
[7.067s] writing list of installed files to '/home/devika/robo_ws/build/perception_vision/install.log'
[7.193s] Invoked command in '/home/devika/robo_ws/src/perception_vision' returned '0': PYTHONPATH=/home/devika/robo_ws/build/perception_vision/prefix_override:/usr/lib/python3/dist-packages/colcon_core/task/python/colcon_distutils_commands:/home/devika/robo_ws/install/perception_vision/lib/python3.10/site-packages:${PYTHONPATH} /usr/bin/python3 -W ignore:setup.py install is deprecated -W ignore:easy_install command is deprecated setup.py egg_info --egg-base ../../build/perception_vision build --build-base /home/devika/robo_ws/build/perception_vision/build install --record /home/devika/robo_ws/build/perception_vision/install.log --single-version-externally-managed install_data
