[3.230s] Invoking command in '/home/devika/robo_ws/src/cylinder_position_estimator': PYTHONPATH=/home/devika/robo_ws/build/cylinder_position_estimator/prefix_override:/usr/lib/python3/dist-packages/colcon_core/task/python/colcon_distutils_commands:/home/devika/robo_ws/install/cylinder_position_estimator/lib/python3.10/site-packages:${PYTHONPATH} /usr/bin/python3 -W ignore:setup.py install is deprecated -W ignore:easy_install command is deprecated setup.py egg_info --egg-base ../../build/cylinder_position_estimator build --build-base /home/devika/robo_ws/build/cylinder_position_estimator/build install --record /home/devika/robo_ws/build/cylinder_position_estimator/install.log --single-version-externally-managed install_data
[3.937s] running egg_info
[3.942s] writing ../../build/cylinder_position_estimator/cylinder_position_estimator.egg-info/PKG-INFO
[3.943s] writing dependency_links to ../../build/cylinder_position_estimator/cylinder_position_estimator.egg-info/dependency_links.txt
[3.946s] writing entry points to ../../build/cylinder_position_estimator/cylinder_position_estimator.egg-info/entry_points.txt
[3.946s] writing requirements to ../../build/cylinder_position_estimator/cylinder_position_estimator.egg-info/requires.txt
[3.948s] writing top-level names to ../../build/cylinder_position_estimator/cylinder_position_estimator.egg-info/top_level.txt
[3.960s] reading manifest file '../../build/cylinder_position_estimator/cylinder_position_estimator.egg-info/SOURCES.txt'
[3.962s] writing manifest file '../../build/cylinder_position_estimator/cylinder_position_estimator.egg-info/SOURCES.txt'
[3.962s] running build
[3.962s] running build_py
[3.962s] running install
[3.966s] running install_lib
[3.978s] running install_data
[3.979s] running install_egg_info
[3.991s] removing '/home/devika/robo_ws/install/cylinder_position_estimator/lib/python3.10/site-packages/cylinder_position_estimator-0.0.0-py3.10.egg-info' (and everything under it)
[3.998s] Copying ../../build/cylinder_position_estimator/cylinder_position_estimator.egg-info to /home/devika/robo_ws/install/cylinder_position_estimator/lib/python3.10/site-packages/cylinder_position_estimator-0.0.0-py3.10.egg-info
[4.004s] running install_scripts
[4.174s] Installing pose_estimator_node script to /home/devika/robo_ws/install/cylinder_position_estimator/lib/cylinder_position_estimator
[4.174s] writing list of installed files to '/home/devika/robo_ws/build/cylinder_position_estimator/install.log'
[4.431s] Invoked command in '/home/devika/robo_ws/src/cylinder_position_estimator' returned '0': PYTHONPATH=/home/devika/robo_ws/build/cylinder_position_estimator/prefix_override:/usr/lib/python3/dist-packages/colcon_core/task/python/colcon_distutils_commands:/home/devika/robo_ws/install/cylinder_position_estimator/lib/python3.10/site-packages:${PYTHONPATH} /usr/bin/python3 -W ignore:setup.py install is deprecated -W ignore:easy_install command is deprecated setup.py egg_info --egg-base ../../build/cylinder_position_estimator build --build-base /home/devika/robo_ws/build/cylinder_position_estimator/build install --record /home/devika/robo_ws/build/cylinder_position_estimator/install.log --single-version-externally-managed install_data
