[0.337s] Invoking command in '/home/devika/robo_ws/build/gazebo_ros2_control': CMAKE_PREFIX_PATH=${CMAKE_PREFIX_PATH}:/home/devika/robo_ws/install/perception_vision:/home/devika/robo_ws/install/cylinder_position_estimator:/home/devika/ws_moveit2/install/moveit_configs_utils:/home/devika/ws_moveit2/install/launch_param_builder:/opt/ros/humble /usr/bin/cmake --build /home/devika/robo_ws/build/gazebo_ros2_control -- -j8 -l8
[2.124s] [ 50%] Built target gazebo_ros2_control
[2.127s] [100%] Built target gazebo_hardware_plugins
[3.153s] Invoked command in '/home/devika/robo_ws/build/gazebo_ros2_control' returned '0': CMAKE_PREFIX_PATH=${CMAKE_PREFIX_PATH}:/home/devika/robo_ws/install/perception_vision:/home/devika/robo_ws/install/cylinder_position_estimator:/home/devika/ws_moveit2/install/moveit_configs_utils:/home/devika/ws_moveit2/install/launch_param_builder:/opt/ros/humble /usr/bin/cmake --build /home/devika/robo_ws/build/gazebo_ros2_control -- -j8 -l8
[3.160s] Invoking command in '/home/devika/robo_ws/build/gazebo_ros2_control': CMAKE_PREFIX_PATH=${CMAKE_PREFIX_PATH}:/home/devika/robo_ws/install/perception_vision:/home/devika/robo_ws/install/cylinder_position_estimator:/home/devika/ws_moveit2/install/moveit_configs_utils:/home/devika/ws_moveit2/install/launch_param_builder:/opt/ros/humble /usr/bin/cmake --install /home/devika/robo_ws/build/gazebo_ros2_control
[3.212s] -- Install configuration: ""
[3.212s] -- Up-to-date: /home/devika/robo_ws/install/gazebo_ros2_control/lib/libgazebo_ros2_control.so
[3.212s] -- Up-to-date: /home/devika/robo_ws/install/gazebo_ros2_control/lib/libgazebo_hardware_plugins.so
[3.213s] -- Up-to-date: /home/devika/robo_ws/install/gazebo_ros2_control/share/gazebo_ros2_control/environment/library_path.sh
[3.213s] -- Up-to-date: /home/devika/robo_ws/install/gazebo_ros2_control/share/gazebo_ros2_control/environment/library_path.dsv
[3.213s] -- Up-to-date: /home/devika/robo_ws/install/gazebo_ros2_control/include/gazebo_ros2_control
[3.213s] -- Up-to-date: /home/devika/robo_ws/install/gazebo_ros2_control/include/gazebo_ros2_control/gazebo_ros2_control_plugin.hpp
[3.213s] -- Up-to-date: /home/devika/robo_ws/install/gazebo_ros2_control/include/gazebo_ros2_control/gazebo_system.hpp
[3.213s] -- Up-to-date: /home/devika/robo_ws/install/gazebo_ros2_control/include/gazebo_ros2_control/gazebo_system_interface.hpp
[3.214s] -- Up-to-date: /home/devika/robo_ws/install/gazebo_ros2_control/share/gazebo_ros2_control/gazebo_hardware_plugins.xml
[3.214s] -- Up-to-date: /home/devika/robo_ws/install/gazebo_ros2_control/share/ament_index/resource_index/package_run_dependencies/gazebo_ros2_control
[3.214s] -- Up-to-date: /home/devika/robo_ws/install/gazebo_ros2_control/share/ament_index/resource_index/parent_prefix_path/gazebo_ros2_control
[3.214s] -- Up-to-date: /home/devika/robo_ws/install/gazebo_ros2_control/share/gazebo_ros2_control/environment/ament_prefix_path.sh
[3.217s] -- Up-to-date: /home/devika/robo_ws/install/gazebo_ros2_control/share/gazebo_ros2_control/environment/ament_prefix_path.dsv
[3.217s] -- Up-to-date: /home/devika/robo_ws/install/gazebo_ros2_control/share/gazebo_ros2_control/environment/path.sh
[3.225s] -- Up-to-date: /home/devika/robo_ws/install/gazebo_ros2_control/share/gazebo_ros2_control/environment/path.dsv
[3.227s] -- Up-to-date: /home/devika/robo_ws/install/gazebo_ros2_control/share/gazebo_ros2_control/local_setup.bash
[3.228s] -- Up-to-date: /home/devika/robo_ws/install/gazebo_ros2_control/share/gazebo_ros2_control/local_setup.sh
[3.229s] -- Up-to-date: /home/devika/robo_ws/install/gazebo_ros2_control/share/gazebo_ros2_control/local_setup.zsh
[3.229s] -- Up-to-date: /home/devika/robo_ws/install/gazebo_ros2_control/share/gazebo_ros2_control/local_setup.dsv
[3.230s] -- Installing: /home/devika/robo_ws/install/gazebo_ros2_control/share/gazebo_ros2_control/package.dsv
[3.230s] -- Up-to-date: /home/devika/robo_ws/install/gazebo_ros2_control/share/ament_index/resource_index/packages/gazebo_ros2_control
[3.235s] -- Up-to-date: /home/devika/robo_ws/install/gazebo_ros2_control/share/ament_index/resource_index/gazebo_ros2_control__pluginlib__plugin/gazebo_ros2_control
[3.236s] -- Up-to-date: /home/devika/robo_ws/install/gazebo_ros2_control/share/gazebo_ros2_control/cmake/ament_cmake_export_include_directories-extras.cmake
[3.236s] -- Up-to-date: /home/devika/robo_ws/install/gazebo_ros2_control/share/gazebo_ros2_control/cmake/ament_cmake_export_dependencies-extras.cmake
[3.236s] -- Up-to-date: /home/devika/robo_ws/install/gazebo_ros2_control/share/gazebo_ros2_control/cmake/ament_cmake_export_libraries-extras.cmake
[3.237s] -- Up-to-date: /home/devika/robo_ws/install/gazebo_ros2_control/share/gazebo_ros2_control/cmake/gazebo_ros2_controlConfig.cmake
[3.237s] -- Up-to-date: /home/devika/robo_ws/install/gazebo_ros2_control/share/gazebo_ros2_control/cmake/gazebo_ros2_controlConfig-version.cmake
[3.237s] -- Up-to-date: /home/devika/robo_ws/install/gazebo_ros2_control/share/gazebo_ros2_control/package.xml
[3.481s] Invoked command in '/home/devika/robo_ws/build/gazebo_ros2_control' returned '0': CMAKE_PREFIX_PATH=${CMAKE_PREFIX_PATH}:/home/devika/robo_ws/install/perception_vision:/home/devika/robo_ws/install/cylinder_position_estimator:/home/devika/ws_moveit2/install/moveit_configs_utils:/home/devika/ws_moveit2/install/launch_param_builder:/opt/ros/humble /usr/bin/cmake --install /home/devika/robo_ws/build/gazebo_ros2_control
