[1.404s] Invoking command in '/home/devika/robo_ws/build/warehouse_ros_mongo': CMAKE_PREFIX_PATH=${CMAKE_PREFIX_PATH}:/home/devika/ws_moveit2/install/moveit_configs_utils:/home/devika/ws_moveit2/install/launch_param_builder:/home/devika/robo_ws/install/perception_vision:/home/devika/robo_ws/install/cylinder_position_estimator:/opt/ros/humble /usr/bin/cmake --build /home/devika/robo_ws/build/warehouse_ros_mongo
[1.771s] [  0%] Built target ament_cmake_python_copy_warehouse_ros_mongo
[2.498s] running egg_info
[2.499s] writing warehouse_ros_mongo.egg-info/PKG-INFO
[2.500s] writing dependency_links to warehouse_ros_mongo.egg-info/dependency_links.txt
[2.500s] writing top-level names to warehouse_ros_mongo.egg-info/top_level.txt
[2.508s] reading manifest file 'warehouse_ros_mongo.egg-info/SOURCES.txt'
[2.511s] writing manifest file 'warehouse_ros_mongo.egg-info/SOURCES.txt'
[2.603s] [  0%] Built target ament_cmake_python_build_warehouse_ros_mongo_egg
[2.781s] [ 40%] Built target warehouse_ros_mongo
[2.894s] [ 60%] Built target gtest_main
[2.993s] [ 80%] Built target gtest
[3.132s] [100%] Built target test_warehouse_ros_mongo_cpp
[3.184s] Invoked command in '/home/devika/robo_ws/build/warehouse_ros_mongo' returned '0': CMAKE_PREFIX_PATH=${CMAKE_PREFIX_PATH}:/home/devika/ws_moveit2/install/moveit_configs_utils:/home/devika/ws_moveit2/install/launch_param_builder:/home/devika/robo_ws/install/perception_vision:/home/devika/robo_ws/install/cylinder_position_estimator:/opt/ros/humble /usr/bin/cmake --build /home/devika/robo_ws/build/warehouse_ros_mongo
[3.194s] Invoking command in '/home/devika/robo_ws/build/warehouse_ros_mongo': CMAKE_PREFIX_PATH=${CMAKE_PREFIX_PATH}:/home/devika/ws_moveit2/install/moveit_configs_utils:/home/devika/ws_moveit2/install/launch_param_builder:/home/devika/robo_ws/install/perception_vision:/home/devika/robo_ws/install/cylinder_position_estimator:/opt/ros/humble /usr/bin/cmake --install /home/devika/robo_ws/build/warehouse_ros_mongo
[3.220s] -- Install configuration: ""
[3.223s] -- Up-to-date: /home/devika/robo_ws/install/warehouse_ros_mongo/share/warehouse_ros_mongo/environment/pythonpath.sh
[3.223s] -- Up-to-date: /home/devika/robo_ws/install/warehouse_ros_mongo/share/warehouse_ros_mongo/environment/pythonpath.dsv
[3.223s] -- Up-to-date: /home/devika/robo_ws/install/warehouse_ros_mongo/local/lib/python3.10/dist-packages/warehouse_ros_mongo-2.0.3-py3.10.egg-info
[3.223s] -- Installing: /home/devika/robo_ws/install/warehouse_ros_mongo/local/lib/python3.10/dist-packages/warehouse_ros_mongo-2.0.3-py3.10.egg-info/dependency_links.txt
[3.224s] -- Installing: /home/devika/robo_ws/install/warehouse_ros_mongo/local/lib/python3.10/dist-packages/warehouse_ros_mongo-2.0.3-py3.10.egg-info/top_level.txt
[3.224s] -- Installing: /home/devika/robo_ws/install/warehouse_ros_mongo/local/lib/python3.10/dist-packages/warehouse_ros_mongo-2.0.3-py3.10.egg-info/PKG-INFO
[3.224s] -- Installing: /home/devika/robo_ws/install/warehouse_ros_mongo/local/lib/python3.10/dist-packages/warehouse_ros_mongo-2.0.3-py3.10.egg-info/SOURCES.txt
[3.224s] -- Up-to-date: /home/devika/robo_ws/install/warehouse_ros_mongo/local/lib/python3.10/dist-packages/warehouse_ros_mongo
[3.224s] -- Up-to-date: /home/devika/robo_ws/install/warehouse_ros_mongo/local/lib/python3.10/dist-packages/warehouse_ros_mongo/mongo_wrapper_ros.py
[3.225s] -- Up-to-date: /home/devika/robo_ws/install/warehouse_ros_mongo/local/lib/python3.10/dist-packages/warehouse_ros_mongo/__init__.py
[3.327s] Listing '/home/devika/robo_ws/install/warehouse_ros_mongo/local/lib/python3.10/dist-packages/warehouse_ros_mongo'...
[3.341s] -- Up-to-date: /home/devika/robo_ws/install/warehouse_ros_mongo/lib/warehouse_ros_mongo/mongo_wrapper_ros.py
[3.342s] -- Up-to-date: /home/devika/robo_ws/install/warehouse_ros_mongo/include
[3.343s] -- Up-to-date: /home/devika/robo_ws/install/warehouse_ros_mongo/include/database_connection.h
[3.343s] -- Up-to-date: /home/devika/robo_ws/install/warehouse_ros_mongo/include/query_results.h
[3.343s] -- Up-to-date: /home/devika/robo_ws/install/warehouse_ros_mongo/include/metadata.h
[3.343s] -- Up-to-date: /home/devika/robo_ws/install/warehouse_ros_mongo/include/message_collection.h
[3.345s] -- Up-to-date: /home/devika/robo_ws/install/warehouse_ros_mongo/include/warehouse_ros_mongo/config.h
[3.346s] -- Up-to-date: /home/devika/robo_ws/install/warehouse_ros_mongo/share/warehouse_ros_mongo/warehouse_ros_mongo.launch.py
[3.346s] -- Up-to-date: /home/devika/robo_ws/install/warehouse_ros_mongo/share/warehouse_ros_mongo/cmake/FindMONGODB.cmake
[3.347s] -- Up-to-date: /home/devika/robo_ws/install/warehouse_ros_mongo/lib/libwarehouse_ros_mongo.so
[3.347s] -- Up-to-date: /home/devika/robo_ws/install/warehouse_ros_mongo/share/warehouse_ros_mongo/environment/library_path.sh
[3.348s] -- Up-to-date: /home/devika/robo_ws/install/warehouse_ros_mongo/share/warehouse_ros_mongo/environment/library_path.dsv
[3.348s] -- Up-to-date: /home/devika/robo_ws/install/warehouse_ros_mongo/share/warehouse_ros_mongo/mongo_database_connection_plugin_description.xml
[3.349s] -- Up-to-date: /home/devika/robo_ws/install/warehouse_ros_mongo/share/ament_index/resource_index/package_run_dependencies/warehouse_ros_mongo
[3.352s] -- Up-to-date: /home/devika/robo_ws/install/warehouse_ros_mongo/share/ament_index/resource_index/parent_prefix_path/warehouse_ros_mongo
[3.352s] -- Up-to-date: /home/devika/robo_ws/install/warehouse_ros_mongo/share/warehouse_ros_mongo/environment/ament_prefix_path.sh
[3.352s] -- Up-to-date: /home/devika/robo_ws/install/warehouse_ros_mongo/share/warehouse_ros_mongo/environment/ament_prefix_path.dsv
[3.352s] -- Up-to-date: /home/devika/robo_ws/install/warehouse_ros_mongo/share/warehouse_ros_mongo/environment/path.sh
[3.352s] -- Up-to-date: /home/devika/robo_ws/install/warehouse_ros_mongo/share/warehouse_ros_mongo/environment/path.dsv
[3.352s] -- Up-to-date: /home/devika/robo_ws/install/warehouse_ros_mongo/share/warehouse_ros_mongo/local_setup.bash
[3.353s] -- Up-to-date: /home/devika/robo_ws/install/warehouse_ros_mongo/share/warehouse_ros_mongo/local_setup.sh
[3.353s] -- Up-to-date: /home/devika/robo_ws/install/warehouse_ros_mongo/share/warehouse_ros_mongo/local_setup.zsh
[3.353s] -- Up-to-date: /home/devika/robo_ws/install/warehouse_ros_mongo/share/warehouse_ros_mongo/local_setup.dsv
[3.353s] -- Installing: /home/devika/robo_ws/install/warehouse_ros_mongo/share/warehouse_ros_mongo/package.dsv
[3.353s] -- Up-to-date: /home/devika/robo_ws/install/warehouse_ros_mongo/share/ament_index/resource_index/packages/warehouse_ros_mongo
[3.353s] -- Up-to-date: /home/devika/robo_ws/install/warehouse_ros_mongo/share/ament_index/resource_index/warehouse_ros__pluginlib__plugin/warehouse_ros_mongo
[3.357s] -- Up-to-date: /home/devika/robo_ws/install/warehouse_ros_mongo/share/warehouse_ros_mongo/cmake/export_warehouse_ros_mongoExport.cmake
[3.358s] -- Up-to-date: /home/devika/robo_ws/install/warehouse_ros_mongo/share/warehouse_ros_mongo/cmake/export_warehouse_ros_mongoExport-noconfig.cmake
[3.358s] -- Up-to-date: /home/devika/robo_ws/install/warehouse_ros_mongo/share/warehouse_ros_mongo/cmake/ConfigExtras.cmake
[3.358s] -- Up-to-date: /home/devika/robo_ws/install/warehouse_ros_mongo/share/warehouse_ros_mongo/cmake/ament_cmake_export_targets-extras.cmake
[3.358s] -- Up-to-date: /home/devika/robo_ws/install/warehouse_ros_mongo/share/warehouse_ros_mongo/cmake/ament_cmake_export_dependencies-extras.cmake
[3.359s] -- Up-to-date: /home/devika/robo_ws/install/warehouse_ros_mongo/share/warehouse_ros_mongo/cmake/warehouse_ros_mongoConfig.cmake
[3.359s] -- Up-to-date: /home/devika/robo_ws/install/warehouse_ros_mongo/share/warehouse_ros_mongo/cmake/warehouse_ros_mongoConfig-version.cmake
[3.359s] -- Up-to-date: /home/devika/robo_ws/install/warehouse_ros_mongo/share/warehouse_ros_mongo/package.xml
[3.372s] Invoked command in '/home/devika/robo_ws/build/warehouse_ros_mongo' returned '0': CMAKE_PREFIX_PATH=${CMAKE_PREFIX_PATH}:/home/devika/ws_moveit2/install/moveit_configs_utils:/home/devika/ws_moveit2/install/launch_param_builder:/home/devika/robo_ws/install/perception_vision:/home/devika/robo_ws/install/cylinder_position_estimator:/opt/ros/humble /usr/bin/cmake --install /home/devika/robo_ws/build/warehouse_ros_mongo
