[0.070s] Invoking command in '/home/devika/robo_ws/build/moveit_task_constructor_core': CMAKE_PREFIX_PATH=/home/devika/robo_ws/install/rviz_marker_tools:/home/devika/robo_ws/install/moveit_task_constructor_msgs:/home/devika/robo_ws/install/urdf_humble_test_moveit_config:/home/devika/robo_ws/install/warehouse_ros_mongo:/home/devika/robo_ws/install/urdf_humble_test:/home/devika/robo_ws/install/moveit_task_constructor_visualization:/home/devika/robo_ws/install/moveit_task_constructor_demo:/home/devika/robo_ws/install/moveit_task_constructor_capabilities:/home/devika/robo_ws/install/hello_moveit_task_constructor:/home/devika/robo_ws/install/moveit_task_constructor_core:/home/devika/robo_ws/install/hello_moveit:/home/devika/robo_ws/install/gazebo_ros2_control:/home/devika/ws_moveit2/install/pilz_industrial_motion_planner_testutils:/home/devika/ws_moveit2/install/moveit_runtime:/home/devika/ws_moveit2/install/moveit2_tutorials:/home/devika/ws_moveit2/install/moveit:/home/devika/ws_moveit2/install/moveit_planners:/home/devika/ws_moveit2/install/pilz_industrial_motion_planner:/home/devika/ws_moveit2/install/moveit_visual_tools:/home/devika/ws_moveit2/install/moveit_task_constructor_visualization:/home/devika/ws_moveit2/install/moveit_task_constructor_demo:/home/devika/ws_moveit2/install/moveit_task_constructor_capabilities:/home/devika/ws_moveit2/install/moveit_task_constructor_core:/home/devika/ws_moveit2/install/moveit_ros_control_interface:/home/devika/ws_moveit2/install/moveit_plugins:/home/devika/ws_moveit2/install/moveit_simple_controller_manager:/home/devika/ws_moveit2/install/moveit_setup_assistant:/home/devika/ws_moveit2/install/moveit_setup_srdf_plugins:/home/devika/ws_moveit2/install/moveit_setup_core_plugins:/home/devika/ws_moveit2/install/moveit_setup_controllers:/home/devika/ws_moveit2/install/moveit_setup_app_plugins:/home/devika/ws_moveit2/install/moveit_setup_framework:/home/devika/ws_moveit2/install/moveit_servo:/home/devika/ws_moveit2/install/moveit_ros:/home/devika/ws_moveit2/install/moveit_ros_visualization:/home/devika/ws_moveit2/install/moveit_hybrid_planning:/home/devika/ws_moveit2/install/moveit_ros_planning_interface:/home/devika/ws_moveit2/install/moveit_ros_benchmarks:/home/devika/ws_moveit2/install/moveit_ros_warehouse:/home/devika/ws_moveit2/install/moveit_ros_robot_interaction:/home/devika/ws_moveit2/install/moveit_ros_perception:/home/devika/ws_moveit2/install/moveit_resources_prbt_pg70_support:/home/devika/ws_moveit2/install/moveit_resources_prbt_moveit_config:/home/devika/ws_moveit2/install/moveit_ros_move_group:/home/devika/ws_moveit2/install/moveit_planners_ompl:/home/devika/ws_moveit2/install/moveit_ros_planning:/home/devika/ws_moveit2/install/moveit_ros_occupancy_map_monitor:/home/devika/ws_moveit2/install/moveit_resources_prbt_ikfast_manipulator_plugin:/home/devika/ws_moveit2/install/moveit_planners_chomp:/home/devika/ws_moveit2/install/moveit_kinematics:/home/devika/ws_moveit2/install/moveit_chomp_optimizer_adapter:/home/devika/ws_moveit2/install/chomp_motion_planner:/home/devika/ws_moveit2/install/moveit_core:/home/devika/ws_moveit2/install/srdfdom:/home/devika/ws_moveit2/install/rviz_marker_tools:/home/devika/ws_moveit2/install/rosparam_shortcuts:/home/devika/ws_moveit2/install/moveit_task_constructor_msgs:/home/devika/ws_moveit2/install/moveit_resources_prbt_support:/home/devika/ws_moveit2/install/moveit_resources:/home/devika/ws_moveit2/install/moveit_resources_pr2_description:/home/devika/ws_moveit2/install/moveit_resources_panda_moveit_config:/home/devika/ws_moveit2/install/moveit_resources_panda_description:/home/devika/ws_moveit2/install/moveit_resources_fanuc_moveit_config:/home/devika/ws_moveit2/install/moveit_resources_fanuc_description:/home/devika/ws_moveit2/install/moveit_common:/home/devika/manga_ws/install/urdf_humble_test_moveit_config:/home/devika/manga_ws/install/urdf_humble_test:/home/devika/manga_ws/install/hello_moveit:/home/devika/some_ws/install/motoman_hc10_support:/home/devika/some_ws/install/motoman_resources:/home/devika/some_ws/install/hello_moveit:/home/devika/some_ws/install/hc20_sim_moveit_config:/home/devika/some_ws/install/hc20_moveit_config:/home/devika/some_ws/install/hc10_movit2v3:/home/devika/some_ws/install/hc10dt_moveit_config:/home/devika/robo_ws/install/perception_vision:/home/devika/robo_ws/install/cylinder_position_estimator:/home/devika/ws_moveit2/install/moveit_configs_utils:/home/devika/ws_moveit2/install/launch_param_builder:/opt/ros/humble LD_LIBRARY_PATH=/home/devika/robo_ws/install/rviz_marker_tools/lib:/home/devika/robo_ws/install/moveit_task_constructor_msgs/lib:/home/devika/robo_ws/install/warehouse_ros_mongo/lib:/home/devika/robo_ws/install/moveit_task_constructor_visualization/lib:/home/devika/robo_ws/install/moveit_task_constructor_demo/lib:/home/devika/robo_ws/install/moveit_task_constructor_capabilities/lib:/home/devika/robo_ws/install/hello_moveit_task_constructor/lib:/home/devika/robo_ws/install/moveit_task_constructor_core/lib:/home/devika/robo_ws/install/gazebo_ros2_control/lib:/home/devika/ws_moveit2/install/pilz_industrial_motion_planner_testutils/lib:/home/devika/ws_moveit2/install/pilz_industrial_motion_planner/lib:/home/devika/ws_moveit2/install/moveit_visual_tools/lib:/home/devika/ws_moveit2/install/moveit_task_constructor_visualization/lib:/home/devika/ws_moveit2/install/moveit_task_constructor_demo/lib:/home/devika/ws_moveit2/install/moveit_task_constructor_capabilities/lib:/home/devika/ws_moveit2/install/moveit_task_constructor_core/lib:/home/devika/ws_moveit2/install/moveit_ros_control_interface/lib:/home/devika/ws_moveit2/install/moveit_simple_controller_manager/lib:/home/devika/ws_moveit2/install/moveit_setup_assistant/lib:/home/devika/ws_moveit2/install/moveit_setup_srdf_plugins/lib:/home/devika/ws_moveit2/install/moveit_setup_core_plugins/lib:/home/devika/ws_moveit2/install/moveit_setup_controllers/lib:/home/devika/ws_moveit2/install/moveit_setup_app_plugins/lib:/home/devika/ws_moveit2/install/moveit_setup_framework/lib:/home/devika/ws_moveit2/install/moveit_servo/lib:/home/devika/ws_moveit2/install/moveit_ros_visualization/lib:/home/devika/ws_moveit2/install/moveit_hybrid_planning/lib:/home/devika/ws_moveit2/install/moveit_ros_planning_interface/lib:/home/devika/ws_moveit2/install/moveit_ros_benchmarks/lib:/home/devika/ws_moveit2/install/moveit_ros_warehouse/lib:/home/devika/ws_moveit2/install/moveit_ros_robot_interaction/lib:/home/devika/ws_moveit2/install/moveit_ros_perception/lib:/home/devika/ws_moveit2/install/moveit_ros_move_group/lib:/home/devika/ws_moveit2/install/moveit_planners_ompl/lib:/home/devika/ws_moveit2/install/moveit_ros_planning/lib:/home/devika/ws_moveit2/install/moveit_ros_occupancy_map_monitor/lib:/home/devika/ws_moveit2/install/moveit_resources_prbt_ikfast_manipulator_plugin/lib:/home/devika/ws_moveit2/install/moveit_planners_chomp/lib:/home/devika/ws_moveit2/install/moveit_kinematics/lib:/home/devika/ws_moveit2/install/moveit_chomp_optimizer_adapter/lib:/home/devika/ws_moveit2/install/chomp_motion_planner/lib:/home/devika/ws_moveit2/install/moveit_core/lib:/home/devika/ws_moveit2/install/srdfdom/lib:/home/devika/ws_moveit2/install/rviz_marker_tools/lib:/home/devika/ws_moveit2/install/rosparam_shortcuts/lib:/home/devika/ws_moveit2/install/moveit_task_constructor_msgs/lib:/usr/lib/x86_64-linux-gnu/gazebo-11/plugins:/opt/ros/humble/opt/rviz_ogre_vendor/lib:/opt/ros/humble/lib/x86_64-linux-gnu:/opt/ros/humble/lib /usr/bin/cmake --build /home/devika/robo_ws/build/moveit_task_constructor_core -- -j8 -l8
[0.368s] [  2%] Built target gtest_main
[0.394s] [  5%] Built target gmock
[0.411s] [  8%] Built target gmock_main
[0.416s] [ 10%] Built target gtest
[0.417s] [ 10%] Built target ament_cmake_python_copy_moveit
[0.501s] [ 29%] Built target moveit_task_constructor_core
[0.656s] [ 34%] Built target gtest_utils
[0.746s] [ 55%] Built target moveit_task_constructor_core_stages
[0.981s] [ 57%] Built target moveit_task_constructor_core-test-mockups
[0.983s] [ 60%] Built target moveit_task_constructor_core-test-pruning
[0.995s] [ 62%] Built target moveit_task_constructor_core_stage_plugins
[1.016s] [ 64%] Built target moveit_task_constructor_core-test-stage
[1.016s] [ 67%] Built target moveit_task_constructor_core-test-serial
[1.023s] [ 69%] Built target moveit_task_constructor_core-test-container
[1.095s] [ 76%] Built target pymoveit_mtc
[1.177s] [ 78%] Built target moveit_task_constructor_core-test-properties
[1.184s] [ 81%] Built target moveit_task_constructor_core-test-cost-queue
[1.222s] [ 83%] Built target moveit_task_constructor_core-test-fallback
[1.255s] [ 87%] Built target moveit_task_constructor_core-test-cost-terms
[1.257s] [ 88%] Built target moveit_task_constructor_core-test-move-to
[1.301s] [ 90%] Built target moveit_task_constructor_core-test-move-relative
[1.302s] [ 92%] Built target moveit_task_constructor_core-test-interface-state
[1.352s] [ 95%] Built target pick_pr2
[1.368s] [ 97%] Built target pick_ur5
[1.389s] [100%] Built target pick_pa10
[1.466s] running egg_info
[1.468s] writing moveit.egg-info/PKG-INFO
[1.468s] writing dependency_links to moveit.egg-info/dependency_links.txt
[1.469s] writing top-level names to moveit.egg-info/top_level.txt
[1.475s] reading manifest file 'moveit.egg-info/SOURCES.txt'
[1.476s] writing manifest file 'moveit.egg-info/SOURCES.txt'
[1.576s] [100%] Built target ament_cmake_python_build_moveit_egg
[1.617s] Invoked command in '/home/devika/robo_ws/build/moveit_task_constructor_core' returned '0': CMAKE_PREFIX_PATH=/home/devika/robo_ws/install/rviz_marker_tools:/home/devika/robo_ws/install/moveit_task_constructor_msgs:/home/devika/robo_ws/install/urdf_humble_test_moveit_config:/home/devika/robo_ws/install/warehouse_ros_mongo:/home/devika/robo_ws/install/urdf_humble_test:/home/devika/robo_ws/install/moveit_task_constructor_visualization:/home/devika/robo_ws/install/moveit_task_constructor_demo:/home/devika/robo_ws/install/moveit_task_constructor_capabilities:/home/devika/robo_ws/install/hello_moveit_task_constructor:/home/devika/robo_ws/install/moveit_task_constructor_core:/home/devika/robo_ws/install/hello_moveit:/home/devika/robo_ws/install/gazebo_ros2_control:/home/devika/ws_moveit2/install/pilz_industrial_motion_planner_testutils:/home/devika/ws_moveit2/install/moveit_runtime:/home/devika/ws_moveit2/install/moveit2_tutorials:/home/devika/ws_moveit2/install/moveit:/home/devika/ws_moveit2/install/moveit_planners:/home/devika/ws_moveit2/install/pilz_industrial_motion_planner:/home/devika/ws_moveit2/install/moveit_visual_tools:/home/devika/ws_moveit2/install/moveit_task_constructor_visualization:/home/devika/ws_moveit2/install/moveit_task_constructor_demo:/home/devika/ws_moveit2/install/moveit_task_constructor_capabilities:/home/devika/ws_moveit2/install/moveit_task_constructor_core:/home/devika/ws_moveit2/install/moveit_ros_control_interface:/home/devika/ws_moveit2/install/moveit_plugins:/home/devika/ws_moveit2/install/moveit_simple_controller_manager:/home/devika/ws_moveit2/install/moveit_setup_assistant:/home/devika/ws_moveit2/install/moveit_setup_srdf_plugins:/home/devika/ws_moveit2/install/moveit_setup_core_plugins:/home/devika/ws_moveit2/install/moveit_setup_controllers:/home/devika/ws_moveit2/install/moveit_setup_app_plugins:/home/devika/ws_moveit2/install/moveit_setup_framework:/home/devika/ws_moveit2/install/moveit_servo:/home/devika/ws_moveit2/install/moveit_ros:/home/devika/ws_moveit2/install/moveit_ros_visualization:/home/devika/ws_moveit2/install/moveit_hybrid_planning:/home/devika/ws_moveit2/install/moveit_ros_planning_interface:/home/devika/ws_moveit2/install/moveit_ros_benchmarks:/home/devika/ws_moveit2/install/moveit_ros_warehouse:/home/devika/ws_moveit2/install/moveit_ros_robot_interaction:/home/devika/ws_moveit2/install/moveit_ros_perception:/home/devika/ws_moveit2/install/moveit_resources_prbt_pg70_support:/home/devika/ws_moveit2/install/moveit_resources_prbt_moveit_config:/home/devika/ws_moveit2/install/moveit_ros_move_group:/home/devika/ws_moveit2/install/moveit_planners_ompl:/home/devika/ws_moveit2/install/moveit_ros_planning:/home/devika/ws_moveit2/install/moveit_ros_occupancy_map_monitor:/home/devika/ws_moveit2/install/moveit_resources_prbt_ikfast_manipulator_plugin:/home/devika/ws_moveit2/install/moveit_planners_chomp:/home/devika/ws_moveit2/install/moveit_kinematics:/home/devika/ws_moveit2/install/moveit_chomp_optimizer_adapter:/home/devika/ws_moveit2/install/chomp_motion_planner:/home/devika/ws_moveit2/install/moveit_core:/home/devika/ws_moveit2/install/srdfdom:/home/devika/ws_moveit2/install/rviz_marker_tools:/home/devika/ws_moveit2/install/rosparam_shortcuts:/home/devika/ws_moveit2/install/moveit_task_constructor_msgs:/home/devika/ws_moveit2/install/moveit_resources_prbt_support:/home/devika/ws_moveit2/install/moveit_resources:/home/devika/ws_moveit2/install/moveit_resources_pr2_description:/home/devika/ws_moveit2/install/moveit_resources_panda_moveit_config:/home/devika/ws_moveit2/install/moveit_resources_panda_description:/home/devika/ws_moveit2/install/moveit_resources_fanuc_moveit_config:/home/devika/ws_moveit2/install/moveit_resources_fanuc_description:/home/devika/ws_moveit2/install/moveit_common:/home/devika/manga_ws/install/urdf_humble_test_moveit_config:/home/devika/manga_ws/install/urdf_humble_test:/home/devika/manga_ws/install/hello_moveit:/home/devika/some_ws/install/motoman_hc10_support:/home/devika/some_ws/install/motoman_resources:/home/devika/some_ws/install/hello_moveit:/home/devika/some_ws/install/hc20_sim_moveit_config:/home/devika/some_ws/install/hc20_moveit_config:/home/devika/some_ws/install/hc10_movit2v3:/home/devika/some_ws/install/hc10dt_moveit_config:/home/devika/robo_ws/install/perception_vision:/home/devika/robo_ws/install/cylinder_position_estimator:/home/devika/ws_moveit2/install/moveit_configs_utils:/home/devika/ws_moveit2/install/launch_param_builder:/opt/ros/humble LD_LIBRARY_PATH=/home/devika/robo_ws/install/rviz_marker_tools/lib:/home/devika/robo_ws/install/moveit_task_constructor_msgs/lib:/home/devika/robo_ws/install/warehouse_ros_mongo/lib:/home/devika/robo_ws/install/moveit_task_constructor_visualization/lib:/home/devika/robo_ws/install/moveit_task_constructor_demo/lib:/home/devika/robo_ws/install/moveit_task_constructor_capabilities/lib:/home/devika/robo_ws/install/hello_moveit_task_constructor/lib:/home/devika/robo_ws/install/moveit_task_constructor_core/lib:/home/devika/robo_ws/install/gazebo_ros2_control/lib:/home/devika/ws_moveit2/install/pilz_industrial_motion_planner_testutils/lib:/home/devika/ws_moveit2/install/pilz_industrial_motion_planner/lib:/home/devika/ws_moveit2/install/moveit_visual_tools/lib:/home/devika/ws_moveit2/install/moveit_task_constructor_visualization/lib:/home/devika/ws_moveit2/install/moveit_task_constructor_demo/lib:/home/devika/ws_moveit2/install/moveit_task_constructor_capabilities/lib:/home/devika/ws_moveit2/install/moveit_task_constructor_core/lib:/home/devika/ws_moveit2/install/moveit_ros_control_interface/lib:/home/devika/ws_moveit2/install/moveit_simple_controller_manager/lib:/home/devika/ws_moveit2/install/moveit_setup_assistant/lib:/home/devika/ws_moveit2/install/moveit_setup_srdf_plugins/lib:/home/devika/ws_moveit2/install/moveit_setup_core_plugins/lib:/home/devika/ws_moveit2/install/moveit_setup_controllers/lib:/home/devika/ws_moveit2/install/moveit_setup_app_plugins/lib:/home/devika/ws_moveit2/install/moveit_setup_framework/lib:/home/devika/ws_moveit2/install/moveit_servo/lib:/home/devika/ws_moveit2/install/moveit_ros_visualization/lib:/home/devika/ws_moveit2/install/moveit_hybrid_planning/lib:/home/devika/ws_moveit2/install/moveit_ros_planning_interface/lib:/home/devika/ws_moveit2/install/moveit_ros_benchmarks/lib:/home/devika/ws_moveit2/install/moveit_ros_warehouse/lib:/home/devika/ws_moveit2/install/moveit_ros_robot_interaction/lib:/home/devika/ws_moveit2/install/moveit_ros_perception/lib:/home/devika/ws_moveit2/install/moveit_ros_move_group/lib:/home/devika/ws_moveit2/install/moveit_planners_ompl/lib:/home/devika/ws_moveit2/install/moveit_ros_planning/lib:/home/devika/ws_moveit2/install/moveit_ros_occupancy_map_monitor/lib:/home/devika/ws_moveit2/install/moveit_resources_prbt_ikfast_manipulator_plugin/lib:/home/devika/ws_moveit2/install/moveit_planners_chomp/lib:/home/devika/ws_moveit2/install/moveit_kinematics/lib:/home/devika/ws_moveit2/install/moveit_chomp_optimizer_adapter/lib:/home/devika/ws_moveit2/install/chomp_motion_planner/lib:/home/devika/ws_moveit2/install/moveit_core/lib:/home/devika/ws_moveit2/install/srdfdom/lib:/home/devika/ws_moveit2/install/rviz_marker_tools/lib:/home/devika/ws_moveit2/install/rosparam_shortcuts/lib:/home/devika/ws_moveit2/install/moveit_task_constructor_msgs/lib:/usr/lib/x86_64-linux-gnu/gazebo-11/plugins:/opt/ros/humble/opt/rviz_ogre_vendor/lib:/opt/ros/humble/lib/x86_64-linux-gnu:/opt/ros/humble/lib /usr/bin/cmake --build /home/devika/robo_ws/build/moveit_task_constructor_core -- -j8 -l8
[1.620s] Invoking command in '/home/devika/robo_ws/build/moveit_task_constructor_core': CMAKE_PREFIX_PATH=/home/devika/robo_ws/install/rviz_marker_tools:/home/devika/robo_ws/install/moveit_task_constructor_msgs:/home/devika/robo_ws/install/urdf_humble_test_moveit_config:/home/devika/robo_ws/install/warehouse_ros_mongo:/home/devika/robo_ws/install/urdf_humble_test:/home/devika/robo_ws/install/moveit_task_constructor_visualization:/home/devika/robo_ws/install/moveit_task_constructor_demo:/home/devika/robo_ws/install/moveit_task_constructor_capabilities:/home/devika/robo_ws/install/hello_moveit_task_constructor:/home/devika/robo_ws/install/moveit_task_constructor_core:/home/devika/robo_ws/install/hello_moveit:/home/devika/robo_ws/install/gazebo_ros2_control:/home/devika/ws_moveit2/install/pilz_industrial_motion_planner_testutils:/home/devika/ws_moveit2/install/moveit_runtime:/home/devika/ws_moveit2/install/moveit2_tutorials:/home/devika/ws_moveit2/install/moveit:/home/devika/ws_moveit2/install/moveit_planners:/home/devika/ws_moveit2/install/pilz_industrial_motion_planner:/home/devika/ws_moveit2/install/moveit_visual_tools:/home/devika/ws_moveit2/install/moveit_task_constructor_visualization:/home/devika/ws_moveit2/install/moveit_task_constructor_demo:/home/devika/ws_moveit2/install/moveit_task_constructor_capabilities:/home/devika/ws_moveit2/install/moveit_task_constructor_core:/home/devika/ws_moveit2/install/moveit_ros_control_interface:/home/devika/ws_moveit2/install/moveit_plugins:/home/devika/ws_moveit2/install/moveit_simple_controller_manager:/home/devika/ws_moveit2/install/moveit_setup_assistant:/home/devika/ws_moveit2/install/moveit_setup_srdf_plugins:/home/devika/ws_moveit2/install/moveit_setup_core_plugins:/home/devika/ws_moveit2/install/moveit_setup_controllers:/home/devika/ws_moveit2/install/moveit_setup_app_plugins:/home/devika/ws_moveit2/install/moveit_setup_framework:/home/devika/ws_moveit2/install/moveit_servo:/home/devika/ws_moveit2/install/moveit_ros:/home/devika/ws_moveit2/install/moveit_ros_visualization:/home/devika/ws_moveit2/install/moveit_hybrid_planning:/home/devika/ws_moveit2/install/moveit_ros_planning_interface:/home/devika/ws_moveit2/install/moveit_ros_benchmarks:/home/devika/ws_moveit2/install/moveit_ros_warehouse:/home/devika/ws_moveit2/install/moveit_ros_robot_interaction:/home/devika/ws_moveit2/install/moveit_ros_perception:/home/devika/ws_moveit2/install/moveit_resources_prbt_pg70_support:/home/devika/ws_moveit2/install/moveit_resources_prbt_moveit_config:/home/devika/ws_moveit2/install/moveit_ros_move_group:/home/devika/ws_moveit2/install/moveit_planners_ompl:/home/devika/ws_moveit2/install/moveit_ros_planning:/home/devika/ws_moveit2/install/moveit_ros_occupancy_map_monitor:/home/devika/ws_moveit2/install/moveit_resources_prbt_ikfast_manipulator_plugin:/home/devika/ws_moveit2/install/moveit_planners_chomp:/home/devika/ws_moveit2/install/moveit_kinematics:/home/devika/ws_moveit2/install/moveit_chomp_optimizer_adapter:/home/devika/ws_moveit2/install/chomp_motion_planner:/home/devika/ws_moveit2/install/moveit_core:/home/devika/ws_moveit2/install/srdfdom:/home/devika/ws_moveit2/install/rviz_marker_tools:/home/devika/ws_moveit2/install/rosparam_shortcuts:/home/devika/ws_moveit2/install/moveit_task_constructor_msgs:/home/devika/ws_moveit2/install/moveit_resources_prbt_support:/home/devika/ws_moveit2/install/moveit_resources:/home/devika/ws_moveit2/install/moveit_resources_pr2_description:/home/devika/ws_moveit2/install/moveit_resources_panda_moveit_config:/home/devika/ws_moveit2/install/moveit_resources_panda_description:/home/devika/ws_moveit2/install/moveit_resources_fanuc_moveit_config:/home/devika/ws_moveit2/install/moveit_resources_fanuc_description:/home/devika/ws_moveit2/install/moveit_common:/home/devika/manga_ws/install/urdf_humble_test_moveit_config:/home/devika/manga_ws/install/urdf_humble_test:/home/devika/manga_ws/install/hello_moveit:/home/devika/some_ws/install/motoman_hc10_support:/home/devika/some_ws/install/motoman_resources:/home/devika/some_ws/install/hello_moveit:/home/devika/some_ws/install/hc20_sim_moveit_config:/home/devika/some_ws/install/hc20_moveit_config:/home/devika/some_ws/install/hc10_movit2v3:/home/devika/some_ws/install/hc10dt_moveit_config:/home/devika/robo_ws/install/perception_vision:/home/devika/robo_ws/install/cylinder_position_estimator:/home/devika/ws_moveit2/install/moveit_configs_utils:/home/devika/ws_moveit2/install/launch_param_builder:/opt/ros/humble LD_LIBRARY_PATH=/home/devika/robo_ws/install/rviz_marker_tools/lib:/home/devika/robo_ws/install/moveit_task_constructor_msgs/lib:/home/devika/robo_ws/install/warehouse_ros_mongo/lib:/home/devika/robo_ws/install/moveit_task_constructor_visualization/lib:/home/devika/robo_ws/install/moveit_task_constructor_demo/lib:/home/devika/robo_ws/install/moveit_task_constructor_capabilities/lib:/home/devika/robo_ws/install/hello_moveit_task_constructor/lib:/home/devika/robo_ws/install/moveit_task_constructor_core/lib:/home/devika/robo_ws/install/gazebo_ros2_control/lib:/home/devika/ws_moveit2/install/pilz_industrial_motion_planner_testutils/lib:/home/devika/ws_moveit2/install/pilz_industrial_motion_planner/lib:/home/devika/ws_moveit2/install/moveit_visual_tools/lib:/home/devika/ws_moveit2/install/moveit_task_constructor_visualization/lib:/home/devika/ws_moveit2/install/moveit_task_constructor_demo/lib:/home/devika/ws_moveit2/install/moveit_task_constructor_capabilities/lib:/home/devika/ws_moveit2/install/moveit_task_constructor_core/lib:/home/devika/ws_moveit2/install/moveit_ros_control_interface/lib:/home/devika/ws_moveit2/install/moveit_simple_controller_manager/lib:/home/devika/ws_moveit2/install/moveit_setup_assistant/lib:/home/devika/ws_moveit2/install/moveit_setup_srdf_plugins/lib:/home/devika/ws_moveit2/install/moveit_setup_core_plugins/lib:/home/devika/ws_moveit2/install/moveit_setup_controllers/lib:/home/devika/ws_moveit2/install/moveit_setup_app_plugins/lib:/home/devika/ws_moveit2/install/moveit_setup_framework/lib:/home/devika/ws_moveit2/install/moveit_servo/lib:/home/devika/ws_moveit2/install/moveit_ros_visualization/lib:/home/devika/ws_moveit2/install/moveit_hybrid_planning/lib:/home/devika/ws_moveit2/install/moveit_ros_planning_interface/lib:/home/devika/ws_moveit2/install/moveit_ros_benchmarks/lib:/home/devika/ws_moveit2/install/moveit_ros_warehouse/lib:/home/devika/ws_moveit2/install/moveit_ros_robot_interaction/lib:/home/devika/ws_moveit2/install/moveit_ros_perception/lib:/home/devika/ws_moveit2/install/moveit_ros_move_group/lib:/home/devika/ws_moveit2/install/moveit_planners_ompl/lib:/home/devika/ws_moveit2/install/moveit_ros_planning/lib:/home/devika/ws_moveit2/install/moveit_ros_occupancy_map_monitor/lib:/home/devika/ws_moveit2/install/moveit_resources_prbt_ikfast_manipulator_plugin/lib:/home/devika/ws_moveit2/install/moveit_planners_chomp/lib:/home/devika/ws_moveit2/install/moveit_kinematics/lib:/home/devika/ws_moveit2/install/moveit_chomp_optimizer_adapter/lib:/home/devika/ws_moveit2/install/chomp_motion_planner/lib:/home/devika/ws_moveit2/install/moveit_core/lib:/home/devika/ws_moveit2/install/srdfdom/lib:/home/devika/ws_moveit2/install/rviz_marker_tools/lib:/home/devika/ws_moveit2/install/rosparam_shortcuts/lib:/home/devika/ws_moveit2/install/moveit_task_constructor_msgs/lib:/usr/lib/x86_64-linux-gnu/gazebo-11/plugins:/opt/ros/humble/opt/rviz_ogre_vendor/lib:/opt/ros/humble/lib/x86_64-linux-gnu:/opt/ros/humble/lib /usr/bin/cmake --install /home/devika/robo_ws/build/moveit_task_constructor_core
[1.652s] -- Install configuration: "Release"
[1.653s] -- Up-to-date: /home/devika/robo_ws/install/moveit_task_constructor_core/lib/libmoveit_task_constructor_core_stages.so
[1.654s] -- Up-to-date: /home/devika/robo_ws/install/moveit_task_constructor_core/lib/libmoveit_task_constructor_core_stage_plugins.so
[1.655s] -- Up-to-date: /home/devika/robo_ws/install/moveit_task_constructor_core/lib/libmoveit_task_constructor_core.so
[1.655s] -- Up-to-date: /home/devika/robo_ws/install/moveit_task_constructor_core/share/moveit_task_constructor_core/environment/pythonpath.sh
[1.655s] -- Up-to-date: /home/devika/robo_ws/install/moveit_task_constructor_core/share/moveit_task_constructor_core/environment/pythonpath.dsv
[1.656s] -- Up-to-date: /home/devika/robo_ws/install/moveit_task_constructor_core/local/lib/python3.10/dist-packages/moveit-0.1.3-py3.10.egg-info
[1.656s] -- Installing: /home/devika/robo_ws/install/moveit_task_constructor_core/local/lib/python3.10/dist-packages/moveit-0.1.3-py3.10.egg-info/dependency_links.txt
[1.656s] -- Installing: /home/devika/robo_ws/install/moveit_task_constructor_core/local/lib/python3.10/dist-packages/moveit-0.1.3-py3.10.egg-info/top_level.txt
[1.656s] -- Installing: /home/devika/robo_ws/install/moveit_task_constructor_core/local/lib/python3.10/dist-packages/moveit-0.1.3-py3.10.egg-info/PKG-INFO
[1.657s] -- Installing: /home/devika/robo_ws/install/moveit_task_constructor_core/local/lib/python3.10/dist-packages/moveit-0.1.3-py3.10.egg-info/SOURCES.txt
[1.657s] -- Up-to-date: /home/devika/robo_ws/install/moveit_task_constructor_core/local/lib/python3.10/dist-packages/moveit
[1.658s] -- Up-to-date: /home/devika/robo_ws/install/moveit_task_constructor_core/local/lib/python3.10/dist-packages/moveit/task_constructor
[1.658s] -- Up-to-date: /home/devika/robo_ws/install/moveit_task_constructor_core/local/lib/python3.10/dist-packages/moveit/task_constructor/core.py
[1.658s] -- Up-to-date: /home/devika/robo_ws/install/moveit_task_constructor_core/local/lib/python3.10/dist-packages/moveit/task_constructor/stages.py
[1.658s] -- Up-to-date: /home/devika/robo_ws/install/moveit_task_constructor_core/local/lib/python3.10/dist-packages/moveit/task_constructor/__init__.py
[1.659s] -- Up-to-date: /home/devika/robo_ws/install/moveit_task_constructor_core/local/lib/python3.10/dist-packages/moveit/__init__.py
[1.755s] Listing '/home/devika/robo_ws/install/moveit_task_constructor_core/local/lib/python3.10/dist-packages/moveit'...
[1.755s] Listing '/home/devika/robo_ws/install/moveit_task_constructor_core/local/lib/python3.10/dist-packages/moveit/task_constructor'...
[1.771s] -- Up-to-date: /home/devika/robo_ws/install/moveit_task_constructor_core/include/moveit/python/pybind11
[1.771s] -- Up-to-date: /home/devika/robo_ws/install/moveit_task_constructor_core/include/moveit/python/pybind11/eval.h
[1.772s] -- Up-to-date: /home/devika/robo_ws/install/moveit_task_constructor_core/include/moveit/python/pybind11/trampoline_self_life_support.h
[1.772s] -- Up-to-date: /home/devika/robo_ws/install/moveit_task_constructor_core/include/moveit/python/pybind11/complex.h
[1.772s] -- Up-to-date: /home/devika/robo_ws/install/moveit_task_constructor_core/include/moveit/python/pybind11/embed.h
[1.772s] -- Up-to-date: /home/devika/robo_ws/install/moveit_task_constructor_core/include/moveit/python/pybind11/options.h
[1.772s] -- Up-to-date: /home/devika/robo_ws/install/moveit_task_constructor_core/include/moveit/python/pybind11/stl.h
[1.772s] -- Up-to-date: /home/devika/robo_ws/install/moveit_task_constructor_core/include/moveit/python/pybind11/functional.h
[1.773s] -- Up-to-date: /home/devika/robo_ws/install/moveit_task_constructor_core/include/moveit/python/pybind11/iostream.h
[1.773s] -- Up-to-date: /home/devika/robo_ws/install/moveit_task_constructor_core/include/moveit/python/pybind11/eigen
[1.774s] -- Up-to-date: /home/devika/robo_ws/install/moveit_task_constructor_core/include/moveit/python/pybind11/eigen/tensor.h
[1.775s] -- Up-to-date: /home/devika/robo_ws/install/moveit_task_constructor_core/include/moveit/python/pybind11/eigen/matrix.h
[1.775s] -- Up-to-date: /home/devika/robo_ws/install/moveit_task_constructor_core/include/moveit/python/pybind11/eigen/common.h
[1.775s] -- Up-to-date: /home/devika/robo_ws/install/moveit_task_constructor_core/include/moveit/python/pybind11/type_caster_pyobject_ptr.h
[1.775s] -- Up-to-date: /home/devika/robo_ws/install/moveit_task_constructor_core/include/moveit/python/pybind11/stl
[1.776s] -- Up-to-date: /home/devika/robo_ws/install/moveit_task_constructor_core/include/moveit/python/pybind11/stl/filesystem.h
[1.776s] -- Up-to-date: /home/devika/robo_ws/install/moveit_task_constructor_core/include/moveit/python/pybind11/attr.h
[1.776s] -- Up-to-date: /home/devika/robo_ws/install/moveit_task_constructor_core/include/moveit/python/pybind11/smart_holder.h
[1.776s] -- Up-to-date: /home/devika/robo_ws/install/moveit_task_constructor_core/include/moveit/python/pybind11/typing.h
[1.776s] -- Up-to-date: /home/devika/robo_ws/install/moveit_task_constructor_core/include/moveit/python/pybind11/gil_safe_call_once.h
[1.776s] -- Up-to-date: /home/devika/robo_ws/install/moveit_task_constructor_core/include/moveit/python/pybind11/chrono.h
[1.777s] -- Up-to-date: /home/devika/robo_ws/install/moveit_task_constructor_core/include/moveit/python/pybind11/pytypes.h
[1.777s] -- Up-to-date: /home/devika/robo_ws/install/moveit_task_constructor_core/include/moveit/python/pybind11/operators.h
[1.777s] -- Up-to-date: /home/devika/robo_ws/install/moveit_task_constructor_core/include/moveit/python/pybind11/buffer_info.h
[1.777s] -- Up-to-date: /home/devika/robo_ws/install/moveit_task_constructor_core/include/moveit/python/pybind11/pybind11.h
[1.777s] -- Up-to-date: /home/devika/robo_ws/install/moveit_task_constructor_core/include/moveit/python/pybind11/numpy.h
[1.778s] -- Up-to-date: /home/devika/robo_ws/install/moveit_task_constructor_core/include/moveit/python/pybind11/stl_bind.h
[1.778s] -- Up-to-date: /home/devika/robo_ws/install/moveit_task_constructor_core/include/moveit/python/pybind11/gil.h
[1.778s] -- Up-to-date: /home/devika/robo_ws/install/moveit_task_constructor_core/include/moveit/python/pybind11/detail
[1.778s] -- Up-to-date: /home/devika/robo_ws/install/moveit_task_constructor_core/include/moveit/python/pybind11/detail/descr.h
[1.778s] -- Up-to-date: /home/devika/robo_ws/install/moveit_task_constructor_core/include/moveit/python/pybind11/detail/internals.h
[1.778s] -- Up-to-date: /home/devika/robo_ws/install/moveit_task_constructor_core/include/moveit/python/pybind11/detail/smart_holder_sfinae_hooks_only.h
[1.779s] -- Up-to-date: /home/devika/robo_ws/install/moveit_task_constructor_core/include/moveit/python/pybind11/detail/class.h
[1.779s] -- Up-to-date: /home/devika/robo_ws/install/moveit_task_constructor_core/include/moveit/python/pybind11/detail/type_caster_base.h
[1.779s] -- Up-to-date: /home/devika/robo_ws/install/moveit_task_constructor_core/include/moveit/python/pybind11/detail/typeid.h
[1.780s] -- Up-to-date: /home/devika/robo_ws/install/moveit_task_constructor_core/include/moveit/python/pybind11/detail/smart_holder_type_casters.h
[1.780s] -- Up-to-date: /home/devika/robo_ws/install/moveit_task_constructor_core/include/moveit/python/pybind11/detail/smart_holder_poc.h
[1.780s] -- Up-to-date: /home/devika/robo_ws/install/moveit_task_constructor_core/include/moveit/python/pybind11/detail/init.h
[1.780s] -- Up-to-date: /home/devika/robo_ws/install/moveit_task_constructor_core/include/moveit/python/pybind11/detail/type_caster_odr_guard.h
[1.780s] -- Up-to-date: /home/devika/robo_ws/install/moveit_task_constructor_core/include/moveit/python/pybind11/detail/common.h
[1.781s] -- Up-to-date: /home/devika/robo_ws/install/moveit_task_constructor_core/include/moveit/python/pybind11/detail/dynamic_raw_ptr_cast_if_possible.h
[1.781s] -- Up-to-date: /home/devika/robo_ws/install/moveit_task_constructor_core/include/moveit/python/pybind11/common.h
[1.781s] -- Up-to-date: /home/devika/robo_ws/install/moveit_task_constructor_core/include/moveit/python/pybind11/cast.h
[1.781s] -- Up-to-date: /home/devika/robo_ws/install/moveit_task_constructor_core/include/moveit/python/pybind11/eigen.h
[1.782s] -- Up-to-date: /home/devika/robo_ws/install/moveit_task_constructor_core/share/moveit_task_constructor_core/cmake/pybind11Config.cmake
[1.782s] -- Up-to-date: /home/devika/robo_ws/install/moveit_task_constructor_core/share/moveit_task_constructor_core/cmake/pybind11ConfigVersion.cmake
[1.782s] -- Up-to-date: /home/devika/robo_ws/install/moveit_task_constructor_core/share/moveit_task_constructor_core/cmake/FindPythonLibsNew.cmake
[1.782s] -- Up-to-date: /home/devika/robo_ws/install/moveit_task_constructor_core/share/moveit_task_constructor_core/cmake/pybind11Common.cmake
[1.782s] -- Up-to-date: /home/devika/robo_ws/install/moveit_task_constructor_core/share/moveit_task_constructor_core/cmake/pybind11Tools.cmake
[1.783s] -- Up-to-date: /home/devika/robo_ws/install/moveit_task_constructor_core/share/moveit_task_constructor_core/cmake/pybind11NewTools.cmake
[1.783s] -- Up-to-date: /home/devika/robo_ws/install/moveit_task_constructor_core/share/moveit_task_constructor_core/cmake/pybind11Targets.cmake
[1.783s] -- Up-to-date: /home/devika/robo_ws/install/moveit_task_constructor_core/share/pkgconfig/pybind11.pc
[1.783s] -- Up-to-date: /home/devika/robo_ws/install/moveit_task_constructor_core/local/lib/python3.10/dist-packages/pymoveit_mtc.cpython-310-x86_64-linux-gnu.so
[1.783s] -- Up-to-date: /home/devika/robo_ws/install/moveit_task_constructor_core/include
[1.783s] -- Up-to-date: /home/devika/robo_ws/install/moveit_task_constructor_core/include/moveit
[1.783s] -- Up-to-date: /home/devika/robo_ws/install/moveit_task_constructor_core/include/moveit/task_constructor
[1.784s] -- Up-to-date: /home/devika/robo_ws/install/moveit_task_constructor_core/include/moveit/task_constructor/stages.h
[1.784s] -- Up-to-date: /home/devika/robo_ws/install/moveit_task_constructor_core/include/moveit/task_constructor/type_traits.h
[1.784s] -- Up-to-date: /home/devika/robo_ws/install/moveit_task_constructor_core/include/moveit/task_constructor/properties.h
[1.784s] -- Up-to-date: /home/devika/robo_ws/install/moveit_task_constructor_core/include/moveit/task_constructor/trajectory_execution_info.h
[1.784s] -- Up-to-date: /home/devika/robo_ws/install/moveit_task_constructor_core/include/moveit/task_constructor/stage.h
[1.784s] -- Up-to-date: /home/devika/robo_ws/install/moveit_task_constructor_core/include/moveit/task_constructor/container.h
[1.784s] -- Up-to-date: /home/devika/robo_ws/install/moveit_task_constructor_core/include/moveit/task_constructor/solvers.h
[1.785s] -- Up-to-date: /home/devika/robo_ws/install/moveit_task_constructor_core/include/moveit/task_constructor/moveit_compat.h
[1.785s] -- Up-to-date: /home/devika/robo_ws/install/moveit_task_constructor_core/include/moveit/task_constructor/cost_terms.h
[1.785s] -- Up-to-date: /home/devika/robo_ws/install/moveit_task_constructor_core/include/moveit/task_constructor/utils.h
[1.785s] -- Up-to-date: /home/devika/robo_ws/install/moveit_task_constructor_core/include/moveit/task_constructor/solvers
[1.785s] -- Up-to-date: /home/devika/robo_ws/install/moveit_task_constructor_core/include/moveit/task_constructor/solvers/cartesian_path.h
[1.785s] -- Up-to-date: /home/devika/robo_ws/install/moveit_task_constructor_core/include/moveit/task_constructor/solvers/multi_planner.h
[1.785s] -- Up-to-date: /home/devika/robo_ws/install/moveit_task_constructor_core/include/moveit/task_constructor/solvers/pipeline_planner.h
[1.786s] -- Up-to-date: /home/devika/robo_ws/install/moveit_task_constructor_core/include/moveit/task_constructor/solvers/joint_interpolation.h
[1.786s] -- Up-to-date: /home/devika/robo_ws/install/moveit_task_constructor_core/include/moveit/task_constructor/solvers/planner_interface.h
[1.786s] -- Up-to-date: /home/devika/robo_ws/install/moveit_task_constructor_core/include/moveit/task_constructor/marker_tools.h
[1.786s] -- Up-to-date: /home/devika/robo_ws/install/moveit_task_constructor_core/include/moveit/task_constructor/storage.h
[1.786s] -- Up-to-date: /home/devika/robo_ws/install/moveit_task_constructor_core/include/moveit/task_constructor/cost_queue.h
[1.786s] -- Up-to-date: /home/devika/robo_ws/install/moveit_task_constructor_core/include/moveit/task_constructor/stages
[1.787s] -- Up-to-date: /home/devika/robo_ws/install/moveit_task_constructor_core/include/moveit/task_constructor/stages/connect.h
[1.787s] -- Up-to-date: /home/devika/robo_ws/install/moveit_task_constructor_core/include/moveit/task_constructor/stages/generate_grasp_pose.h
[1.787s] -- Up-to-date: /home/devika/robo_ws/install/moveit_task_constructor_core/include/moveit/task_constructor/stages/noop.h
[1.790s] -- Up-to-date: /home/devika/robo_ws/install/moveit_task_constructor_core/include/moveit/task_constructor/stages/modify_planning_scene.h
[1.790s] -- Up-to-date: /home/devika/robo_ws/install/moveit_task_constructor_core/include/moveit/task_constructor/stages/generate_place_pose.h
[1.790s] -- Up-to-date: /home/devika/robo_ws/install/moveit_task_constructor_core/include/moveit/task_constructor/stages/passthrough.h
[1.790s] -- Up-to-date: /home/devika/robo_ws/install/moveit_task_constructor_core/include/moveit/task_constructor/stages/pick.h
[1.790s] -- Up-to-date: /home/devika/robo_ws/install/moveit_task_constructor_core/include/moveit/task_constructor/stages/move_to.h
[1.790s] -- Up-to-date: /home/devika/robo_ws/install/moveit_task_constructor_core/include/moveit/task_constructor/stages/generate_pose.h
[1.791s] -- Up-to-date: /home/devika/robo_ws/install/moveit_task_constructor_core/include/moveit/task_constructor/stages/current_state.h
[1.791s] -- Up-to-date: /home/devika/robo_ws/install/moveit_task_constructor_core/include/moveit/task_constructor/stages/fixed_cartesian_poses.h
[1.791s] -- Up-to-date: /home/devika/robo_ws/install/moveit_task_constructor_core/include/moveit/task_constructor/stages/compute_ik.h
[1.791s] -- Up-to-date: /home/devika/robo_ws/install/moveit_task_constructor_core/include/moveit/task_constructor/stages/fixed_state.h
[1.791s] -- Up-to-date: /home/devika/robo_ws/install/moveit_task_constructor_core/include/moveit/task_constructor/stages/move_relative.h
[1.791s] -- Up-to-date: /home/devika/robo_ws/install/moveit_task_constructor_core/include/moveit/task_constructor/stages/predicate_filter.h
[1.792s] -- Up-to-date: /home/devika/robo_ws/install/moveit_task_constructor_core/include/moveit/task_constructor/stages/fix_collision_objects.h
[1.792s] -- Up-to-date: /home/devika/robo_ws/install/moveit_task_constructor_core/include/moveit/task_constructor/stages/simple_grasp.h
[1.792s] -- Up-to-date: /home/devika/robo_ws/install/moveit_task_constructor_core/include/moveit/task_constructor/stages/generate_random_pose.h
[1.792s] -- Up-to-date: /home/devika/robo_ws/install/moveit_task_constructor_core/include/moveit/task_constructor/task.h
[1.792s] -- Up-to-date: /home/devika/robo_ws/install/moveit_task_constructor_core/include/moveit/task_constructor/introspection.h
[1.792s] -- Up-to-date: /home/devika/robo_ws/install/moveit_task_constructor_core/include/moveit/task_constructor/merge.h
[1.793s] -- Up-to-date: /home/devika/robo_ws/install/moveit_task_constructor_core/include/moveit/python
[1.793s] -- Up-to-date: /home/devika/robo_ws/install/moveit_task_constructor_core/include/moveit/python/task_constructor
[1.793s] -- Up-to-date: /home/devika/robo_ws/install/moveit_task_constructor_core/include/moveit/python/task_constructor/properties.h
[1.793s] -- Up-to-date: /home/devika/robo_ws/install/moveit_task_constructor_core/share/moveit_task_constructor_core/motion_planning_stages_plugin_description.xml
[1.793s] -- Up-to-date: /home/devika/robo_ws/install/moveit_task_constructor_core/share/moveit_task_constructor_core/environment/library_path.sh
[1.793s] -- Up-to-date: /home/devika/robo_ws/install/moveit_task_constructor_core/share/moveit_task_constructor_core/environment/library_path.dsv
[1.794s] -- Up-to-date: /home/devika/robo_ws/install/moveit_task_constructor_core/share/ament_index/resource_index/package_run_dependencies/moveit_task_constructor_core
[1.794s] -- Up-to-date: /home/devika/robo_ws/install/moveit_task_constructor_core/share/ament_index/resource_index/parent_prefix_path/moveit_task_constructor_core
[1.794s] -- Up-to-date: /home/devika/robo_ws/install/moveit_task_constructor_core/share/moveit_task_constructor_core/environment/ament_prefix_path.sh
[1.794s] -- Up-to-date: /home/devika/robo_ws/install/moveit_task_constructor_core/share/moveit_task_constructor_core/environment/ament_prefix_path.dsv
[1.795s] -- Up-to-date: /home/devika/robo_ws/install/moveit_task_constructor_core/share/moveit_task_constructor_core/environment/path.sh
[1.795s] -- Up-to-date: /home/devika/robo_ws/install/moveit_task_constructor_core/share/moveit_task_constructor_core/environment/path.dsv
[1.795s] -- Up-to-date: /home/devika/robo_ws/install/moveit_task_constructor_core/share/moveit_task_constructor_core/local_setup.bash
[1.795s] -- Up-to-date: /home/devika/robo_ws/install/moveit_task_constructor_core/share/moveit_task_constructor_core/local_setup.sh
[1.795s] -- Up-to-date: /home/devika/robo_ws/install/moveit_task_constructor_core/share/moveit_task_constructor_core/local_setup.zsh
[1.796s] -- Up-to-date: /home/devika/robo_ws/install/moveit_task_constructor_core/share/moveit_task_constructor_core/local_setup.dsv
[1.796s] -- Installing: /home/devika/robo_ws/install/moveit_task_constructor_core/share/moveit_task_constructor_core/package.dsv
[1.796s] -- Up-to-date: /home/devika/robo_ws/install/moveit_task_constructor_core/share/ament_index/resource_index/packages/moveit_task_constructor_core
[1.796s] -- Up-to-date: /home/devika/robo_ws/install/moveit_task_constructor_core/share/ament_index/resource_index/moveit_task_constructor_core__pluginlib__plugin/moveit_task_constructor_core
[1.796s] -- Up-to-date: /home/devika/robo_ws/install/moveit_task_constructor_core/share/moveit_task_constructor_core/cmake/moveit_task_constructor_coreTargetsExport.cmake
[1.797s] -- Up-to-date: /home/devika/robo_ws/install/moveit_task_constructor_core/share/moveit_task_constructor_core/cmake/moveit_task_constructor_coreTargetsExport-release.cmake
[1.797s] -- Up-to-date: /home/devika/robo_ws/install/moveit_task_constructor_core/share/moveit_task_constructor_core/cmake/ament_cmake_export_targets-extras.cmake
[1.797s] -- Up-to-date: /home/devika/robo_ws/install/moveit_task_constructor_core/share/moveit_task_constructor_core/cmake/ament_cmake_export_dependencies-extras.cmake
[1.797s] -- Up-to-date: /home/devika/robo_ws/install/moveit_task_constructor_core/share/moveit_task_constructor_core/cmake/moveit_task_constructor_coreConfig.cmake
[1.797s] -- Up-to-date: /home/devika/robo_ws/install/moveit_task_constructor_core/share/moveit_task_constructor_core/cmake/moveit_task_constructor_coreConfig-version.cmake
[1.798s] -- Up-to-date: /home/devika/robo_ws/install/moveit_task_constructor_core/share/moveit_task_constructor_core/package.xml
[1.798s] Invoked command in '/home/devika/robo_ws/build/moveit_task_constructor_core' returned '0': CMAKE_PREFIX_PATH=/home/devika/robo_ws/install/rviz_marker_tools:/home/devika/robo_ws/install/moveit_task_constructor_msgs:/home/devika/robo_ws/install/urdf_humble_test_moveit_config:/home/devika/robo_ws/install/warehouse_ros_mongo:/home/devika/robo_ws/install/urdf_humble_test:/home/devika/robo_ws/install/moveit_task_constructor_visualization:/home/devika/robo_ws/install/moveit_task_constructor_demo:/home/devika/robo_ws/install/moveit_task_constructor_capabilities:/home/devika/robo_ws/install/hello_moveit_task_constructor:/home/devika/robo_ws/install/moveit_task_constructor_core:/home/devika/robo_ws/install/hello_moveit:/home/devika/robo_ws/install/gazebo_ros2_control:/home/devika/ws_moveit2/install/pilz_industrial_motion_planner_testutils:/home/devika/ws_moveit2/install/moveit_runtime:/home/devika/ws_moveit2/install/moveit2_tutorials:/home/devika/ws_moveit2/install/moveit:/home/devika/ws_moveit2/install/moveit_planners:/home/devika/ws_moveit2/install/pilz_industrial_motion_planner:/home/devika/ws_moveit2/install/moveit_visual_tools:/home/devika/ws_moveit2/install/moveit_task_constructor_visualization:/home/devika/ws_moveit2/install/moveit_task_constructor_demo:/home/devika/ws_moveit2/install/moveit_task_constructor_capabilities:/home/devika/ws_moveit2/install/moveit_task_constructor_core:/home/devika/ws_moveit2/install/moveit_ros_control_interface:/home/devika/ws_moveit2/install/moveit_plugins:/home/devika/ws_moveit2/install/moveit_simple_controller_manager:/home/devika/ws_moveit2/install/moveit_setup_assistant:/home/devika/ws_moveit2/install/moveit_setup_srdf_plugins:/home/devika/ws_moveit2/install/moveit_setup_core_plugins:/home/devika/ws_moveit2/install/moveit_setup_controllers:/home/devika/ws_moveit2/install/moveit_setup_app_plugins:/home/devika/ws_moveit2/install/moveit_setup_framework:/home/devika/ws_moveit2/install/moveit_servo:/home/devika/ws_moveit2/install/moveit_ros:/home/devika/ws_moveit2/install/moveit_ros_visualization:/home/devika/ws_moveit2/install/moveit_hybrid_planning:/home/devika/ws_moveit2/install/moveit_ros_planning_interface:/home/devika/ws_moveit2/install/moveit_ros_benchmarks:/home/devika/ws_moveit2/install/moveit_ros_warehouse:/home/devika/ws_moveit2/install/moveit_ros_robot_interaction:/home/devika/ws_moveit2/install/moveit_ros_perception:/home/devika/ws_moveit2/install/moveit_resources_prbt_pg70_support:/home/devika/ws_moveit2/install/moveit_resources_prbt_moveit_config:/home/devika/ws_moveit2/install/moveit_ros_move_group:/home/devika/ws_moveit2/install/moveit_planners_ompl:/home/devika/ws_moveit2/install/moveit_ros_planning:/home/devika/ws_moveit2/install/moveit_ros_occupancy_map_monitor:/home/devika/ws_moveit2/install/moveit_resources_prbt_ikfast_manipulator_plugin:/home/devika/ws_moveit2/install/moveit_planners_chomp:/home/devika/ws_moveit2/install/moveit_kinematics:/home/devika/ws_moveit2/install/moveit_chomp_optimizer_adapter:/home/devika/ws_moveit2/install/chomp_motion_planner:/home/devika/ws_moveit2/install/moveit_core:/home/devika/ws_moveit2/install/srdfdom:/home/devika/ws_moveit2/install/rviz_marker_tools:/home/devika/ws_moveit2/install/rosparam_shortcuts:/home/devika/ws_moveit2/install/moveit_task_constructor_msgs:/home/devika/ws_moveit2/install/moveit_resources_prbt_support:/home/devika/ws_moveit2/install/moveit_resources:/home/devika/ws_moveit2/install/moveit_resources_pr2_description:/home/devika/ws_moveit2/install/moveit_resources_panda_moveit_config:/home/devika/ws_moveit2/install/moveit_resources_panda_description:/home/devika/ws_moveit2/install/moveit_resources_fanuc_moveit_config:/home/devika/ws_moveit2/install/moveit_resources_fanuc_description:/home/devika/ws_moveit2/install/moveit_common:/home/devika/manga_ws/install/urdf_humble_test_moveit_config:/home/devika/manga_ws/install/urdf_humble_test:/home/devika/manga_ws/install/hello_moveit:/home/devika/some_ws/install/motoman_hc10_support:/home/devika/some_ws/install/motoman_resources:/home/devika/some_ws/install/hello_moveit:/home/devika/some_ws/install/hc20_sim_moveit_config:/home/devika/some_ws/install/hc20_moveit_config:/home/devika/some_ws/install/hc10_movit2v3:/home/devika/some_ws/install/hc10dt_moveit_config:/home/devika/robo_ws/install/perception_vision:/home/devika/robo_ws/install/cylinder_position_estimator:/home/devika/ws_moveit2/install/moveit_configs_utils:/home/devika/ws_moveit2/install/launch_param_builder:/opt/ros/humble LD_LIBRARY_PATH=/home/devika/robo_ws/install/rviz_marker_tools/lib:/home/devika/robo_ws/install/moveit_task_constructor_msgs/lib:/home/devika/robo_ws/install/warehouse_ros_mongo/lib:/home/devika/robo_ws/install/moveit_task_constructor_visualization/lib:/home/devika/robo_ws/install/moveit_task_constructor_demo/lib:/home/devika/robo_ws/install/moveit_task_constructor_capabilities/lib:/home/devika/robo_ws/install/hello_moveit_task_constructor/lib:/home/devika/robo_ws/install/moveit_task_constructor_core/lib:/home/devika/robo_ws/install/gazebo_ros2_control/lib:/home/devika/ws_moveit2/install/pilz_industrial_motion_planner_testutils/lib:/home/devika/ws_moveit2/install/pilz_industrial_motion_planner/lib:/home/devika/ws_moveit2/install/moveit_visual_tools/lib:/home/devika/ws_moveit2/install/moveit_task_constructor_visualization/lib:/home/devika/ws_moveit2/install/moveit_task_constructor_demo/lib:/home/devika/ws_moveit2/install/moveit_task_constructor_capabilities/lib:/home/devika/ws_moveit2/install/moveit_task_constructor_core/lib:/home/devika/ws_moveit2/install/moveit_ros_control_interface/lib:/home/devika/ws_moveit2/install/moveit_simple_controller_manager/lib:/home/devika/ws_moveit2/install/moveit_setup_assistant/lib:/home/devika/ws_moveit2/install/moveit_setup_srdf_plugins/lib:/home/devika/ws_moveit2/install/moveit_setup_core_plugins/lib:/home/devika/ws_moveit2/install/moveit_setup_controllers/lib:/home/devika/ws_moveit2/install/moveit_setup_app_plugins/lib:/home/devika/ws_moveit2/install/moveit_setup_framework/lib:/home/devika/ws_moveit2/install/moveit_servo/lib:/home/devika/ws_moveit2/install/moveit_ros_visualization/lib:/home/devika/ws_moveit2/install/moveit_hybrid_planning/lib:/home/devika/ws_moveit2/install/moveit_ros_planning_interface/lib:/home/devika/ws_moveit2/install/moveit_ros_benchmarks/lib:/home/devika/ws_moveit2/install/moveit_ros_warehouse/lib:/home/devika/ws_moveit2/install/moveit_ros_robot_interaction/lib:/home/devika/ws_moveit2/install/moveit_ros_perception/lib:/home/devika/ws_moveit2/install/moveit_ros_move_group/lib:/home/devika/ws_moveit2/install/moveit_planners_ompl/lib:/home/devika/ws_moveit2/install/moveit_ros_planning/lib:/home/devika/ws_moveit2/install/moveit_ros_occupancy_map_monitor/lib:/home/devika/ws_moveit2/install/moveit_resources_prbt_ikfast_manipulator_plugin/lib:/home/devika/ws_moveit2/install/moveit_planners_chomp/lib:/home/devika/ws_moveit2/install/moveit_kinematics/lib:/home/devika/ws_moveit2/install/moveit_chomp_optimizer_adapter/lib:/home/devika/ws_moveit2/install/chomp_motion_planner/lib:/home/devika/ws_moveit2/install/moveit_core/lib:/home/devika/ws_moveit2/install/srdfdom/lib:/home/devika/ws_moveit2/install/rviz_marker_tools/lib:/home/devika/ws_moveit2/install/rosparam_shortcuts/lib:/home/devika/ws_moveit2/install/moveit_task_constructor_msgs/lib:/usr/lib/x86_64-linux-gnu/gazebo-11/plugins:/opt/ros/humble/opt/rviz_ogre_vendor/lib:/opt/ros/humble/lib/x86_64-linux-gnu:/opt/ros/humble/lib /usr/bin/cmake --install /home/devika/robo_ws/build/moveit_task_constructor_core
