[0.232s] Invoking command in '/home/devika/robo_ws/build/rviz_marker_tools': CMAKE_PREFIX_PATH=${CMAKE_PREFIX_PATH}:/home/devika/robo_ws/install/perception_vision:/home/devika/robo_ws/install/cylinder_position_estimator:/home/devika/ws_moveit2/install/moveit_configs_utils:/home/devika/ws_moveit2/install/launch_param_builder:/opt/ros/humble /usr/bin/cmake --build /home/devika/robo_ws/build/rviz_marker_tools -- -j8 -l8
[2.249s] [100%] Built target rviz_marker_tools
[2.272s] Invoked command in '/home/devika/robo_ws/build/rviz_marker_tools' returned '0': CMAKE_PREFIX_PATH=${CMAKE_PREFIX_PATH}:/home/devika/robo_ws/install/perception_vision:/home/devika/robo_ws/install/cylinder_position_estimator:/home/devika/ws_moveit2/install/moveit_configs_utils:/home/devika/ws_moveit2/install/launch_param_builder:/opt/ros/humble /usr/bin/cmake --build /home/devika/robo_ws/build/rviz_marker_tools -- -j8 -l8
[2.334s] Invoking command in '/home/devika/robo_ws/build/rviz_marker_tools': CMAKE_PREFIX_PATH=${CMAKE_PREFIX_PATH}:/home/devika/robo_ws/install/perception_vision:/home/devika/robo_ws/install/cylinder_position_estimator:/home/devika/ws_moveit2/install/moveit_configs_utils:/home/devika/ws_moveit2/install/launch_param_builder:/opt/ros/humble /usr/bin/cmake --install /home/devika/robo_ws/build/rviz_marker_tools
[3.531s] -- Install configuration: "Release"
[3.531s] -- Up-to-date: /home/devika/robo_ws/install/rviz_marker_tools/include
[3.531s] -- Up-to-date: /home/devika/robo_ws/install/rviz_marker_tools/include/rviz_marker_tools
[3.532s] -- Up-to-date: /home/devika/robo_ws/install/rviz_marker_tools/include/rviz_marker_tools/marker_creation.h
[3.532s] -- Up-to-date: /home/devika/robo_ws/install/rviz_marker_tools/lib/librviz_marker_tools.so
[3.532s] -- Up-to-date: /home/devika/robo_ws/install/rviz_marker_tools/share/rviz_marker_tools/environment/library_path.sh
[3.533s] -- Up-to-date: /home/devika/robo_ws/install/rviz_marker_tools/share/rviz_marker_tools/environment/library_path.dsv
[3.533s] -- Up-to-date: /home/devika/robo_ws/install/rviz_marker_tools/share/ament_index/resource_index/package_run_dependencies/rviz_marker_tools
[3.534s] -- Up-to-date: /home/devika/robo_ws/install/rviz_marker_tools/share/ament_index/resource_index/parent_prefix_path/rviz_marker_tools
[3.534s] -- Up-to-date: /home/devika/robo_ws/install/rviz_marker_tools/share/rviz_marker_tools/environment/ament_prefix_path.sh
[3.534s] -- Up-to-date: /home/devika/robo_ws/install/rviz_marker_tools/share/rviz_marker_tools/environment/ament_prefix_path.dsv
[3.534s] -- Up-to-date: /home/devika/robo_ws/install/rviz_marker_tools/share/rviz_marker_tools/environment/path.sh
[3.534s] -- Up-to-date: /home/devika/robo_ws/install/rviz_marker_tools/share/rviz_marker_tools/environment/path.dsv
[3.535s] -- Up-to-date: /home/devika/robo_ws/install/rviz_marker_tools/share/rviz_marker_tools/local_setup.bash
[3.535s] -- Up-to-date: /home/devika/robo_ws/install/rviz_marker_tools/share/rviz_marker_tools/local_setup.sh
[3.535s] -- Up-to-date: /home/devika/robo_ws/install/rviz_marker_tools/share/rviz_marker_tools/local_setup.zsh
[3.535s] -- Up-to-date: /home/devika/robo_ws/install/rviz_marker_tools/share/rviz_marker_tools/local_setup.dsv
[3.535s] -- Installing: /home/devika/robo_ws/install/rviz_marker_tools/share/rviz_marker_tools/package.dsv
[3.536s] -- Up-to-date: /home/devika/robo_ws/install/rviz_marker_tools/share/ament_index/resource_index/packages/rviz_marker_tools
[3.536s] -- Up-to-date: /home/devika/robo_ws/install/rviz_marker_tools/share/rviz_marker_tools/cmake/rviz_marker_toolsTargetsExport.cmake
[3.536s] -- Up-to-date: /home/devika/robo_ws/install/rviz_marker_tools/share/rviz_marker_tools/cmake/rviz_marker_toolsTargetsExport-release.cmake
[3.536s] -- Up-to-date: /home/devika/robo_ws/install/rviz_marker_tools/share/rviz_marker_tools/cmake/ament_cmake_export_targets-extras.cmake
[3.537s] -- Up-to-date: /home/devika/robo_ws/install/rviz_marker_tools/share/rviz_marker_tools/cmake/ament_cmake_export_dependencies-extras.cmake
[3.537s] -- Up-to-date: /home/devika/robo_ws/install/rviz_marker_tools/share/rviz_marker_tools/cmake/rviz_marker_toolsConfig.cmake
[3.537s] -- Up-to-date: /home/devika/robo_ws/install/rviz_marker_tools/share/rviz_marker_tools/cmake/rviz_marker_toolsConfig-version.cmake
[3.538s] -- Up-to-date: /home/devika/robo_ws/install/rviz_marker_tools/share/rviz_marker_tools/package.xml
[3.541s] Invoked command in '/home/devika/robo_ws/build/rviz_marker_tools' returned '0': CMAKE_PREFIX_PATH=${CMAKE_PREFIX_PATH}:/home/devika/robo_ws/install/perception_vision:/home/devika/robo_ws/install/cylinder_position_estimator:/home/devika/ws_moveit2/install/moveit_configs_utils:/home/devika/ws_moveit2/install/launch_param_builder:/opt/ros/humble /usr/bin/cmake --install /home/devika/robo_ws/build/rviz_marker_tools
