[4.674s] Invoking command in '/home/devika/robo_ws/src/cylinder_position_estimator': PYTHONPATH=/home/devika/robo_ws/build/cylinder_position_estimator/prefix_override:/usr/lib/python3/dist-packages/colcon_core/task/python/colcon_distutils_commands:/home/devika/robo_ws/install/cylinder_position_estimator/lib/python3.10/site-packages:${PYTHONPATH} /usr/bin/python3 -W ignore:setup.py install is deprecated -W ignore:easy_install command is deprecated setup.py egg_info --egg-base ../../build/cylinder_position_estimator build --build-base /home/devika/robo_ws/build/cylinder_position_estimator/build install --record /home/devika/robo_ws/build/cylinder_position_estimator/install.log --single-version-externally-managed install_data
[5.525s] running egg_info
[5.527s] writing ../../build/cylinder_position_estimator/cylinder_position_estimator.egg-info/PKG-INFO
[5.530s] writing dependency_links to ../../build/cylinder_position_estimator/cylinder_position_estimator.egg-info/dependency_links.txt
[5.530s] writing entry points to ../../build/cylinder_position_estimator/cylinder_position_estimator.egg-info/entry_points.txt
[5.531s] writing requirements to ../../build/cylinder_position_estimator/cylinder_position_estimator.egg-info/requires.txt
[5.531s] writing top-level names to ../../build/cylinder_position_estimator/cylinder_position_estimator.egg-info/top_level.txt
[5.537s] reading manifest file '../../build/cylinder_position_estimator/cylinder_position_estimator.egg-info/SOURCES.txt'
[5.544s] writing manifest file '../../build/cylinder_position_estimator/cylinder_position_estimator.egg-info/SOURCES.txt'
[5.544s] running build
[5.545s] running build_py
[5.547s] running install
[5.551s] running install_lib
[5.558s] running install_data
[5.558s] running install_egg_info
[5.563s] removing '/home/devika/robo_ws/install/cylinder_position_estimator/lib/python3.10/site-packages/cylinder_position_estimator-0.0.0-py3.10.egg-info' (and everything under it)
[5.572s] Copying ../../build/cylinder_position_estimator/cylinder_position_estimator.egg-info to /home/devika/robo_ws/install/cylinder_position_estimator/lib/python3.10/site-packages/cylinder_position_estimator-0.0.0-py3.10.egg-info
[5.576s] running install_scripts
[5.639s] Installing pose_estimator_node script to /home/devika/robo_ws/install/cylinder_position_estimator/lib/cylinder_position_estimator
[5.640s] writing list of installed files to '/home/devika/robo_ws/build/cylinder_position_estimator/install.log'
[5.740s] Invoked command in '/home/devika/robo_ws/src/cylinder_position_estimator' returned '0': PYTHONPATH=/home/devika/robo_ws/build/cylinder_position_estimator/prefix_override:/usr/lib/python3/dist-packages/colcon_core/task/python/colcon_distutils_commands:/home/devika/robo_ws/install/cylinder_position_estimator/lib/python3.10/site-packages:${PYTHONPATH} /usr/bin/python3 -W ignore:setup.py install is deprecated -W ignore:easy_install command is deprecated setup.py egg_info --egg-base ../../build/cylinder_position_estimator build --build-base /home/devika/robo_ws/build/cylinder_position_estimator/build install --record /home/devika/robo_ws/build/cylinder_position_estimator/install.log --single-version-externally-managed install_data
