[1.929s] Invoking command in '/home/devika/robo_ws/build/serial': CMAKE_PREFIX_PATH=${CMAKE_PREFIX_PATH}:/home/devika/robo_ws/install/perception_vision:/home/devika/robo_ws/install/cylinder_position_estimator:/home/devika/ws_moveit2/install/moveit_configs_utils:/home/devika/ws_moveit2/install/launch_param_builder:/opt/ros/humble /usr/bin/cmake --build /home/devika/robo_ws/build/serial -- -j8 -l8
[2.315s] [ 28%] Built target serial
[2.392s] [ 42%] Built target gtest
[2.407s] [ 57%] Built target gtest_main
[2.651s] [ 71%] Built target serial_example
[2.692s] [ 85%] Built target serial-test-timer
[2.737s] [100%] Built target serial-test
[2.852s] Invoked command in '/home/devika/robo_ws/build/serial' returned '0': CMAKE_PREFIX_PATH=${CMAKE_PREFIX_PATH}:/home/devika/robo_ws/install/perception_vision:/home/devika/robo_ws/install/cylinder_position_estimator:/home/devika/ws_moveit2/install/moveit_configs_utils:/home/devika/ws_moveit2/install/launch_param_builder:/opt/ros/humble /usr/bin/cmake --build /home/devika/robo_ws/build/serial -- -j8 -l8
[2.855s] Invoking command in '/home/devika/robo_ws/build/serial': CMAKE_PREFIX_PATH=${CMAKE_PREFIX_PATH}:/home/devika/robo_ws/install/perception_vision:/home/devika/robo_ws/install/cylinder_position_estimator:/home/devika/ws_moveit2/install/moveit_configs_utils:/home/devika/ws_moveit2/install/launch_param_builder:/opt/ros/humble /usr/bin/cmake --install /home/devika/robo_ws/build/serial
[2.924s] -- Install configuration: ""
[2.925s] -- Up-to-date: /home/devika/robo_ws/install/serial/lib/libserial.a
[2.926s] -- Up-to-date: /home/devika/robo_ws/install/serial/include/serial/serial.h
[2.927s] -- Up-to-date: /home/devika/robo_ws/install/serial/include/serial/v8stdint.h
[2.929s] -- Up-to-date: /home/devika/robo_ws/install/serial/share/serial/environment/library_path.sh
[2.932s] -- Up-to-date: /home/devika/robo_ws/install/serial/share/serial/environment/library_path.dsv
[2.934s] -- Up-to-date: /home/devika/robo_ws/install/serial/share/ament_index/resource_index/package_run_dependencies/serial
[2.939s] -- Up-to-date: /home/devika/robo_ws/install/serial/share/ament_index/resource_index/parent_prefix_path/serial
[2.939s] -- Up-to-date: /home/devika/robo_ws/install/serial/share/serial/environment/ament_prefix_path.sh
[2.940s] -- Up-to-date: /home/devika/robo_ws/install/serial/share/serial/environment/ament_prefix_path.dsv
[2.941s] -- Up-to-date: /home/devika/robo_ws/install/serial/share/serial/environment/path.sh
[2.942s] -- Up-to-date: /home/devika/robo_ws/install/serial/share/serial/environment/path.dsv
[2.943s] -- Up-to-date: /home/devika/robo_ws/install/serial/share/serial/local_setup.bash
[2.947s] -- Up-to-date: /home/devika/robo_ws/install/serial/share/serial/local_setup.sh
[2.947s] -- Up-to-date: /home/devika/robo_ws/install/serial/share/serial/local_setup.zsh
[2.948s] -- Up-to-date: /home/devika/robo_ws/install/serial/share/serial/local_setup.dsv
[2.948s] -- Installing: /home/devika/robo_ws/install/serial/share/serial/package.dsv
[2.950s] -- Up-to-date: /home/devika/robo_ws/install/serial/share/ament_index/resource_index/packages/serial
[2.950s] -- Up-to-date: /home/devika/robo_ws/install/serial/share/serial/cmake/ament_cmake_export_include_directories-extras.cmake
[2.952s] -- Up-to-date: /home/devika/robo_ws/install/serial/share/serial/cmake/ament_cmake_export_libraries-extras.cmake
[2.952s] -- Up-to-date: /home/devika/robo_ws/install/serial/share/serial/cmake/serialConfig.cmake
[2.952s] -- Up-to-date: /home/devika/robo_ws/install/serial/share/serial/cmake/serialConfig-version.cmake
[2.952s] -- Up-to-date: /home/devika/robo_ws/install/serial/share/serial/package.xml
[2.959s] Invoked command in '/home/devika/robo_ws/build/serial' returned '0': CMAKE_PREFIX_PATH=${CMAKE_PREFIX_PATH}:/home/devika/robo_ws/install/perception_vision:/home/devika/robo_ws/install/cylinder_position_estimator:/home/devika/ws_moveit2/install/moveit_configs_utils:/home/devika/ws_moveit2/install/launch_param_builder:/opt/ros/humble /usr/bin/cmake --install /home/devika/robo_ws/build/serial
