[ 11%] Built target pick_place_demo_parameters
[35m[1mConsolidate compiler generated dependencies of target moveit_task_constructor_demo_pick_place_task[0m
[ 22%] Built target moveit_task_constructor_demo_pick_place_task
[35m[1mConsolidate compiler generated dependencies of target moveit_task_constructor_demo_cartesian[0m
[ 33%] Built target moveit_task_constructor_demo_cartesian
[35m[1mConsolidate compiler generated dependencies of target moveit_task_constructor_demo_modular[0m
[ 44%] Built target moveit_task_constructor_demo_modular
[35m[1mConsolidate compiler generated dependencies of target moveit_task_constructor_demo_alternative_path_costs[0m
[ 55%] Built target moveit_task_constructor_demo_alternative_path_costs
[ 66%] Built target ik_clearance_cost_parameters
[35m[1mConsolidate compiler generated dependencies of target moveit_task_constructor_demo_ik_clearance_cost[0m
[ 77%] Built target moveit_task_constructor_demo_ik_clearance_cost
[35m[1mConsolidate compiler generated dependencies of target moveit_task_constructor_demo_fallbacks_move_to[0m
[ 88%] Built target moveit_task_constructor_demo_fallbacks_move_to
[35m[1mConsolidate compiler generated dependencies of target moveit_task_constructor_demo_pick_place_demo[0m
[100%] Built target moveit_task_constructor_demo_pick_place_demo
-- Install configuration: "Release"
-- Installing: /home/devika/robo_ws/install/moveit_task_constructor_demo/lib/libmoveit_task_constructor_demo_pick_place_task.so
-- Set runtime path of "/home/devika/robo_ws/install/moveit_task_constructor_demo/lib/libmoveit_task_constructor_demo_pick_place_task.so" to ""
-- Installing: /home/devika/robo_ws/install/moveit_task_constructor_demo/lib/moveit_task_constructor_demo/cartesian
-- Set runtime path of "/home/devika/robo_ws/install/moveit_task_constructor_demo/lib/moveit_task_constructor_demo/cartesian" to ""
-- Installing: /home/devika/robo_ws/install/moveit_task_constructor_demo/lib/moveit_task_constructor_demo/modular
-- Set runtime path of "/home/devika/robo_ws/install/moveit_task_constructor_demo/lib/moveit_task_constructor_demo/modular" to ""
-- Installing: /home/devika/robo_ws/install/moveit_task_constructor_demo/lib/moveit_task_constructor_demo/alternative_path_costs
-- Set runtime path of "/home/devika/robo_ws/install/moveit_task_constructor_demo/lib/moveit_task_constructor_demo/alternative_path_costs" to ""
-- Installing: /home/devika/robo_ws/install/moveit_task_constructor_demo/include/moveit_task_constructor_demo
-- Installing: /home/devika/robo_ws/install/moveit_task_constructor_demo/include/moveit_task_constructor_demo/ik_clearance_cost_parameters.hpp
-- Installing: /home/devika/robo_ws/install/moveit_task_constructor_demo/include/moveit_task_constructor_demo/pick_place_demo_parameters.hpp
-- Installing: /home/devika/robo_ws/install/moveit_task_constructor_demo/lib/moveit_task_constructor_demo/ik_clearance_cost
-- Set runtime path of "/home/devika/robo_ws/install/moveit_task_constructor_demo/lib/moveit_task_constructor_demo/ik_clearance_cost" to ""
-- Installing: /home/devika/robo_ws/install/moveit_task_constructor_demo/lib/moveit_task_constructor_demo/fallbacks_move_to
-- Set runtime path of "/home/devika/robo_ws/install/moveit_task_constructor_demo/lib/moveit_task_constructor_demo/fallbacks_move_to" to ""
-- Up-to-date: /home/devika/robo_ws/install/moveit_task_constructor_demo/include/moveit_task_constructor_demo
-- Up-to-date: /home/devika/robo_ws/install/moveit_task_constructor_demo/include/moveit_task_constructor_demo/ik_clearance_cost_parameters.hpp
-- Up-to-date: /home/devika/robo_ws/install/moveit_task_constructor_demo/include/moveit_task_constructor_demo/pick_place_demo_parameters.hpp
-- Installing: /home/devika/robo_ws/install/moveit_task_constructor_demo/lib/moveit_task_constructor_demo/pick_place_demo
-- Set runtime path of "/home/devika/robo_ws/install/moveit_task_constructor_demo/lib/moveit_task_constructor_demo/pick_place_demo" to ""
-- Installing: /home/devika/robo_ws/install/moveit_task_constructor_demo/lib/moveit_task_constructor_demo/alternatives.py
-- Installing: /home/devika/robo_ws/install/moveit_task_constructor_demo/lib/moveit_task_constructor_demo/cartesian.py
-- Installing: /home/devika/robo_ws/install/moveit_task_constructor_demo/lib/moveit_task_constructor_demo/compute_ik.py
-- Installing: /home/devika/robo_ws/install/moveit_task_constructor_demo/lib/moveit_task_constructor_demo/constrained.py
-- Installing: /home/devika/robo_ws/install/moveit_task_constructor_demo/lib/moveit_task_constructor_demo/current_state.py
-- Installing: /home/devika/robo_ws/install/moveit_task_constructor_demo/lib/moveit_task_constructor_demo/fallbacks.py
-- Installing: /home/devika/robo_ws/install/moveit_task_constructor_demo/lib/moveit_task_constructor_demo/fix_collision_objects.py
-- Installing: /home/devika/robo_ws/install/moveit_task_constructor_demo/lib/moveit_task_constructor_demo/fixed_state.py
-- Installing: /home/devika/robo_ws/install/moveit_task_constructor_demo/lib/moveit_task_constructor_demo/generate_pose.py
-- Installing: /home/devika/robo_ws/install/moveit_task_constructor_demo/lib/moveit_task_constructor_demo/merger.py
-- Installing: /home/devika/robo_ws/install/moveit_task_constructor_demo/lib/moveit_task_constructor_demo/modify_planning_scene.py
-- Installing: /home/devika/robo_ws/install/moveit_task_constructor_demo/lib/moveit_task_constructor_demo/multi_planner.py
-- Installing: /home/devika/robo_ws/install/moveit_task_constructor_demo/lib/moveit_task_constructor_demo/pickplace.py
-- Installing: /home/devika/robo_ws/install/moveit_task_constructor_demo/lib/moveit_task_constructor_demo/properties.py
-- Installing: /home/devika/robo_ws/install/moveit_task_constructor_demo/share/moveit_task_constructor_demo/launch
-- Installing: /home/devika/robo_ws/install/moveit_task_constructor_demo/share/moveit_task_constructor_demo/launch/run.launch.py
-- Installing: /home/devika/robo_ws/install/moveit_task_constructor_demo/share/moveit_task_constructor_demo/launch/demo.launch.py
-- Installing: /home/devika/robo_ws/install/moveit_task_constructor_demo/share/moveit_task_constructor_demo/config
-- Installing: /home/devika/robo_ws/install/moveit_task_constructor_demo/share/moveit_task_constructor_demo/config/panda_config.yaml
-- Installing: /home/devika/robo_ws/install/moveit_task_constructor_demo/share/moveit_task_constructor_demo/config/mtc.rviz
-- Installing: /home/devika/robo_ws/install/moveit_task_constructor_demo/share/ament_index/resource_index/package_run_dependencies/moveit_task_constructor_demo
-- Installing: /home/devika/robo_ws/install/moveit_task_constructor_demo/share/ament_index/resource_index/parent_prefix_path/moveit_task_constructor_demo
-- Installing: /home/devika/robo_ws/install/moveit_task_constructor_demo/share/moveit_task_constructor_demo/environment/ament_prefix_path.sh
-- Installing: /home/devika/robo_ws/install/moveit_task_constructor_demo/share/moveit_task_constructor_demo/environment/ament_prefix_path.dsv
-- Installing: /home/devika/robo_ws/install/moveit_task_constructor_demo/share/moveit_task_constructor_demo/environment/path.sh
-- Installing: /home/devika/robo_ws/install/moveit_task_constructor_demo/share/moveit_task_constructor_demo/environment/path.dsv
-- Installing: /home/devika/robo_ws/install/moveit_task_constructor_demo/share/moveit_task_constructor_demo/local_setup.bash
-- Installing: /home/devika/robo_ws/install/moveit_task_constructor_demo/share/moveit_task_constructor_demo/local_setup.sh
-- Installing: /home/devika/robo_ws/install/moveit_task_constructor_demo/share/moveit_task_constructor_demo/local_setup.zsh
-- Installing: /home/devika/robo_ws/install/moveit_task_constructor_demo/share/moveit_task_constructor_demo/local_setup.dsv
-- Installing: /home/devika/robo_ws/install/moveit_task_constructor_demo/share/moveit_task_constructor_demo/package.dsv
-- Installing: /home/devika/robo_ws/install/moveit_task_constructor_demo/share/ament_index/resource_index/packages/moveit_task_constructor_demo
-- Installing: /home/devika/robo_ws/install/moveit_task_constructor_demo/share/moveit_task_constructor_demo/cmake/moveit_task_constructor_demoConfig.cmake
-- Installing: /home/devika/robo_ws/install/moveit_task_constructor_demo/share/moveit_task_constructor_demo/cmake/moveit_task_constructor_demoConfig-version.cmake
-- Installing: /home/devika/robo_ws/install/moveit_task_constructor_demo/share/moveit_task_constructor_demo/package.xml
