[3.134s] Invoking command in '/home/devika/robo_ws/build/yolov8_msgs': CMAKE_PREFIX_PATH=${CMAKE_PREFIX_PATH}:/home/devika/robo_ws/install/perception_vision:/home/devika/robo_ws/install/cylinder_position_estimator:/home/devika/ws_moveit2/install/moveit_configs_utils:/home/devika/ws_moveit2/install/launch_param_builder:/opt/ros/humble /usr/bin/cmake --build /home/devika/robo_ws/build/yolov8_msgs -- -j8 -l8
[3.888s] [  2%] Built target yolov8_msgs__cpp
[4.434s] [  2%] Built target ament_cmake_python_copy_yolov8_msgs
[4.743s] [ 12%] Built target yolov8_msgs__rosidl_typesupport_introspection_cpp
[7.289s] running egg_info
[7.299s] writing yolov8_msgs.egg-info/PKG-INFO
[7.300s] writing dependency_links to yolov8_msgs.egg-info/dependency_links.txt
[7.300s] writing top-level names to yolov8_msgs.egg-info/top_level.txt
[7.316s] reading manifest file 'yolov8_msgs.egg-info/SOURCES.txt'
[7.318s] writing manifest file 'yolov8_msgs.egg-info/SOURCES.txt'
[7.527s] [ 12%] Built target ament_cmake_python_build_yolov8_msgs_egg
[7.796s] [ 23%] Built target yolov8_msgs__rosidl_typesupport_fastrtps_cpp
[8.031s] [ 33%] Built target yolov8_msgs__rosidl_typesupport_cpp
[8.246s] [ 43%] Built target yolov8_msgs__rosidl_generator_c
[8.481s] [ 53%] Built target yolov8_msgs__rosidl_typesupport_fastrtps_c
[8.752s] [ 64%] Built target yolov8_msgs__rosidl_typesupport_c
[8.963s] [ 74%] Built target yolov8_msgs__rosidl_typesupport_introspection_c
[9.219s] [ 74%] Built target yolov8_msgs
[9.402s] [ 76%] Built target yolov8_msgs__py
[9.585s] [ 84%] Built target yolov8_msgs__rosidl_generator_py
[9.766s] [ 89%] Built target yolov8_msgs__rosidl_typesupport_fastrtps_c__pyext
[9.937s] [ 94%] Built target yolov8_msgs__rosidl_typesupport_c__pyext
[10.108s] [100%] Built target yolov8_msgs__rosidl_typesupport_introspection_c__pyext
[10.191s] Invoked command in '/home/devika/robo_ws/build/yolov8_msgs' returned '0': CMAKE_PREFIX_PATH=${CMAKE_PREFIX_PATH}:/home/devika/robo_ws/install/perception_vision:/home/devika/robo_ws/install/cylinder_position_estimator:/home/devika/ws_moveit2/install/moveit_configs_utils:/home/devika/ws_moveit2/install/launch_param_builder:/opt/ros/humble /usr/bin/cmake --build /home/devika/robo_ws/build/yolov8_msgs -- -j8 -l8
[10.197s] Invoking command in '/home/devika/robo_ws/build/yolov8_msgs': CMAKE_PREFIX_PATH=${CMAKE_PREFIX_PATH}:/home/devika/robo_ws/install/perception_vision:/home/devika/robo_ws/install/cylinder_position_estimator:/home/devika/ws_moveit2/install/moveit_configs_utils:/home/devika/ws_moveit2/install/launch_param_builder:/opt/ros/humble /usr/bin/cmake --install /home/devika/robo_ws/build/yolov8_msgs
[10.252s] -- Install configuration: ""
[10.253s] -- Up-to-date: /home/devika/robo_ws/install/yolov8_msgs/share/ament_index/resource_index/rosidl_interfaces/yolov8_msgs
[10.253s] -- Up-to-date: /home/devika/robo_ws/install/yolov8_msgs/include/yolov8_msgs/yolov8_msgs
[10.254s] -- Up-to-date: /home/devika/robo_ws/install/yolov8_msgs/include/yolov8_msgs/yolov8_msgs/msg
[10.255s] -- Up-to-date: /home/devika/robo_ws/install/yolov8_msgs/include/yolov8_msgs/yolov8_msgs/msg/inference_result.h
[10.256s] -- Up-to-date: /home/devika/robo_ws/install/yolov8_msgs/include/yolov8_msgs/yolov8_msgs/msg/rosidl_generator_c__visibility_control.h
[10.256s] -- Up-to-date: /home/devika/robo_ws/install/yolov8_msgs/include/yolov8_msgs/yolov8_msgs/msg/yolov8_inference.h
[10.257s] -- Up-to-date: /home/devika/robo_ws/install/yolov8_msgs/include/yolov8_msgs/yolov8_msgs/msg/detail
[10.259s] -- Up-to-date: /home/devika/robo_ws/install/yolov8_msgs/include/yolov8_msgs/yolov8_msgs/msg/detail/yolov8_inference__functions.c
[10.260s] -- Up-to-date: /home/devika/robo_ws/install/yolov8_msgs/include/yolov8_msgs/yolov8_msgs/msg/detail/inference_result__functions.c
[10.260s] -- Up-to-date: /home/devika/robo_ws/install/yolov8_msgs/include/yolov8_msgs/yolov8_msgs/msg/detail/inference_result__type_support.h
[10.260s] -- Up-to-date: /home/devika/robo_ws/install/yolov8_msgs/include/yolov8_msgs/yolov8_msgs/msg/detail/yolov8_inference__struct.h
[10.260s] -- Up-to-date: /home/devika/robo_ws/install/yolov8_msgs/include/yolov8_msgs/yolov8_msgs/msg/detail/yolov8_inference__functions.h
[10.263s] -- Up-to-date: /home/devika/robo_ws/install/yolov8_msgs/include/yolov8_msgs/yolov8_msgs/msg/detail/yolov8_inference__type_support.h
[10.264s] -- Up-to-date: /home/devika/robo_ws/install/yolov8_msgs/include/yolov8_msgs/yolov8_msgs/msg/detail/inference_result__struct.h
[10.264s] -- Up-to-date: /home/devika/robo_ws/install/yolov8_msgs/include/yolov8_msgs/yolov8_msgs/msg/detail/inference_result__functions.h
[10.265s] -- Up-to-date: /home/devika/robo_ws/install/yolov8_msgs/share/yolov8_msgs/environment/library_path.sh
[10.265s] -- Up-to-date: /home/devika/robo_ws/install/yolov8_msgs/share/yolov8_msgs/environment/library_path.dsv
[10.265s] -- Up-to-date: /home/devika/robo_ws/install/yolov8_msgs/lib/libyolov8_msgs__rosidl_generator_c.so
[10.265s] -- Up-to-date: /home/devika/robo_ws/install/yolov8_msgs/include/yolov8_msgs/yolov8_msgs
[10.267s] -- Up-to-date: /home/devika/robo_ws/install/yolov8_msgs/include/yolov8_msgs/yolov8_msgs/msg
[10.267s] -- Up-to-date: /home/devika/robo_ws/install/yolov8_msgs/include/yolov8_msgs/yolov8_msgs/msg/rosidl_typesupport_fastrtps_c__visibility_control.h
[10.268s] -- Up-to-date: /home/devika/robo_ws/install/yolov8_msgs/include/yolov8_msgs/yolov8_msgs/msg/detail
[10.268s] -- Up-to-date: /home/devika/robo_ws/install/yolov8_msgs/include/yolov8_msgs/yolov8_msgs/msg/detail/yolov8_inference__rosidl_typesupport_fastrtps_c.h
[10.269s] -- Up-to-date: /home/devika/robo_ws/install/yolov8_msgs/include/yolov8_msgs/yolov8_msgs/msg/detail/inference_result__rosidl_typesupport_fastrtps_c.h
[10.270s] -- Up-to-date: /home/devika/robo_ws/install/yolov8_msgs/lib/libyolov8_msgs__rosidl_typesupport_fastrtps_c.so
[10.272s] -- Up-to-date: /home/devika/robo_ws/install/yolov8_msgs/include/yolov8_msgs/yolov8_msgs
[10.272s] -- Up-to-date: /home/devika/robo_ws/install/yolov8_msgs/include/yolov8_msgs/yolov8_msgs/msg
[10.273s] -- Up-to-date: /home/devika/robo_ws/install/yolov8_msgs/include/yolov8_msgs/yolov8_msgs/msg/rosidl_generator_cpp__visibility_control.hpp
[10.274s] -- Up-to-date: /home/devika/robo_ws/install/yolov8_msgs/include/yolov8_msgs/yolov8_msgs/msg/inference_result.hpp
[10.274s] -- Up-to-date: /home/devika/robo_ws/install/yolov8_msgs/include/yolov8_msgs/yolov8_msgs/msg/yolov8_inference.hpp
[10.275s] -- Up-to-date: /home/devika/robo_ws/install/yolov8_msgs/include/yolov8_msgs/yolov8_msgs/msg/detail
[10.276s] -- Up-to-date: /home/devika/robo_ws/install/yolov8_msgs/include/yolov8_msgs/yolov8_msgs/msg/detail/yolov8_inference__type_support.hpp
[10.276s] -- Up-to-date: /home/devika/robo_ws/install/yolov8_msgs/include/yolov8_msgs/yolov8_msgs/msg/detail/inference_result__traits.hpp
[10.277s] -- Up-to-date: /home/devika/robo_ws/install/yolov8_msgs/include/yolov8_msgs/yolov8_msgs/msg/detail/inference_result__struct.hpp
[10.278s] -- Up-to-date: /home/devika/robo_ws/install/yolov8_msgs/include/yolov8_msgs/yolov8_msgs/msg/detail/yolov8_inference__builder.hpp
[10.278s] -- Up-to-date: /home/devika/robo_ws/install/yolov8_msgs/include/yolov8_msgs/yolov8_msgs/msg/detail/inference_result__builder.hpp
[10.283s] -- Up-to-date: /home/devika/robo_ws/install/yolov8_msgs/include/yolov8_msgs/yolov8_msgs/msg/detail/yolov8_inference__struct.hpp
[10.283s] -- Up-to-date: /home/devika/robo_ws/install/yolov8_msgs/include/yolov8_msgs/yolov8_msgs/msg/detail/inference_result__type_support.hpp
[10.283s] -- Up-to-date: /home/devika/robo_ws/install/yolov8_msgs/include/yolov8_msgs/yolov8_msgs/msg/detail/yolov8_inference__traits.hpp
[10.284s] -- Up-to-date: /home/devika/robo_ws/install/yolov8_msgs/include/yolov8_msgs/yolov8_msgs
[10.284s] -- Up-to-date: /home/devika/robo_ws/install/yolov8_msgs/include/yolov8_msgs/yolov8_msgs/msg
[10.284s] -- Up-to-date: /home/devika/robo_ws/install/yolov8_msgs/include/yolov8_msgs/yolov8_msgs/msg/rosidl_typesupport_fastrtps_cpp__visibility_control.h
[10.284s] -- Up-to-date: /home/devika/robo_ws/install/yolov8_msgs/include/yolov8_msgs/yolov8_msgs/msg/detail
[10.285s] -- Up-to-date: /home/devika/robo_ws/install/yolov8_msgs/include/yolov8_msgs/yolov8_msgs/msg/detail/yolov8_inference__rosidl_typesupport_fastrtps_cpp.hpp
[10.285s] -- Up-to-date: /home/devika/robo_ws/install/yolov8_msgs/include/yolov8_msgs/yolov8_msgs/msg/detail/inference_result__rosidl_typesupport_fastrtps_cpp.hpp
[10.285s] -- Up-to-date: /home/devika/robo_ws/install/yolov8_msgs/include/yolov8_msgs/yolov8_msgs/msg/detail/dds_fastrtps
[10.286s] -- Up-to-date: /home/devika/robo_ws/install/yolov8_msgs/lib/libyolov8_msgs__rosidl_typesupport_fastrtps_cpp.so
[10.286s] -- Up-to-date: /home/devika/robo_ws/install/yolov8_msgs/include/yolov8_msgs/yolov8_msgs
[10.286s] -- Up-to-date: /home/devika/robo_ws/install/yolov8_msgs/include/yolov8_msgs/yolov8_msgs/msg
[10.286s] -- Up-to-date: /home/devika/robo_ws/install/yolov8_msgs/include/yolov8_msgs/yolov8_msgs/msg/rosidl_typesupport_introspection_c__visibility_control.h
[10.287s] -- Up-to-date: /home/devika/robo_ws/install/yolov8_msgs/include/yolov8_msgs/yolov8_msgs/msg/detail
[10.290s] -- Up-to-date: /home/devika/robo_ws/install/yolov8_msgs/include/yolov8_msgs/yolov8_msgs/msg/detail/yolov8_inference__type_support.c
[10.290s] -- Up-to-date: /home/devika/robo_ws/install/yolov8_msgs/include/yolov8_msgs/yolov8_msgs/msg/detail/inference_result__rosidl_typesupport_introspection_c.h
[10.291s] -- Up-to-date: /home/devika/robo_ws/install/yolov8_msgs/include/yolov8_msgs/yolov8_msgs/msg/detail/inference_result__type_support.c
[10.291s] -- Up-to-date: /home/devika/robo_ws/install/yolov8_msgs/include/yolov8_msgs/yolov8_msgs/msg/detail/yolov8_inference__rosidl_typesupport_introspection_c.h
[10.291s] -- Up-to-date: /home/devika/robo_ws/install/yolov8_msgs/lib/libyolov8_msgs__rosidl_typesupport_introspection_c.so
[10.291s] -- Up-to-date: /home/devika/robo_ws/install/yolov8_msgs/lib/libyolov8_msgs__rosidl_typesupport_c.so
[10.292s] -- Up-to-date: /home/devika/robo_ws/install/yolov8_msgs/include/yolov8_msgs/yolov8_msgs
[10.293s] -- Up-to-date: /home/devika/robo_ws/install/yolov8_msgs/include/yolov8_msgs/yolov8_msgs/msg
[10.293s] -- Up-to-date: /home/devika/robo_ws/install/yolov8_msgs/include/yolov8_msgs/yolov8_msgs/msg/detail
[10.293s] -- Up-to-date: /home/devika/robo_ws/install/yolov8_msgs/include/yolov8_msgs/yolov8_msgs/msg/detail/yolov8_inference__type_support.cpp
[10.293s] -- Up-to-date: /home/devika/robo_ws/install/yolov8_msgs/include/yolov8_msgs/yolov8_msgs/msg/detail/inference_result__rosidl_typesupport_introspection_cpp.hpp
[10.294s] -- Up-to-date: /home/devika/robo_ws/install/yolov8_msgs/include/yolov8_msgs/yolov8_msgs/msg/detail/inference_result__type_support.cpp
[10.294s] -- Up-to-date: /home/devika/robo_ws/install/yolov8_msgs/include/yolov8_msgs/yolov8_msgs/msg/detail/yolov8_inference__rosidl_typesupport_introspection_cpp.hpp
[10.294s] -- Up-to-date: /home/devika/robo_ws/install/yolov8_msgs/lib/libyolov8_msgs__rosidl_typesupport_introspection_cpp.so
[10.302s] -- Up-to-date: /home/devika/robo_ws/install/yolov8_msgs/lib/libyolov8_msgs__rosidl_typesupport_cpp.so
[10.303s] -- Up-to-date: /home/devika/robo_ws/install/yolov8_msgs/share/yolov8_msgs/environment/pythonpath.sh
[10.303s] -- Up-to-date: /home/devika/robo_ws/install/yolov8_msgs/share/yolov8_msgs/environment/pythonpath.dsv
[10.303s] -- Up-to-date: /home/devika/robo_ws/install/yolov8_msgs/local/lib/python3.10/dist-packages/yolov8_msgs-0.0.0-py3.10.egg-info
[10.303s] -- Installing: /home/devika/robo_ws/install/yolov8_msgs/local/lib/python3.10/dist-packages/yolov8_msgs-0.0.0-py3.10.egg-info/dependency_links.txt
[10.304s] -- Installing: /home/devika/robo_ws/install/yolov8_msgs/local/lib/python3.10/dist-packages/yolov8_msgs-0.0.0-py3.10.egg-info/top_level.txt
[10.304s] -- Installing: /home/devika/robo_ws/install/yolov8_msgs/local/lib/python3.10/dist-packages/yolov8_msgs-0.0.0-py3.10.egg-info/PKG-INFO
[10.304s] -- Installing: /home/devika/robo_ws/install/yolov8_msgs/local/lib/python3.10/dist-packages/yolov8_msgs-0.0.0-py3.10.egg-info/SOURCES.txt
[10.305s] -- Up-to-date: /home/devika/robo_ws/install/yolov8_msgs/local/lib/python3.10/dist-packages/yolov8_msgs
[10.305s] -- Up-to-date: /home/devika/robo_ws/install/yolov8_msgs/local/lib/python3.10/dist-packages/yolov8_msgs/yolov8_msgs_s__rosidl_typesupport_fastrtps_c.cpython-310-x86_64-linux-gnu.so
[10.305s] -- Up-to-date: /home/devika/robo_ws/install/yolov8_msgs/local/lib/python3.10/dist-packages/yolov8_msgs/_yolov8_msgs_s.ep.rosidl_typesupport_fastrtps_c.c
[10.308s] -- Up-to-date: /home/devika/robo_ws/install/yolov8_msgs/local/lib/python3.10/dist-packages/yolov8_msgs/msg
[10.308s] -- Up-to-date: /home/devika/robo_ws/install/yolov8_msgs/local/lib/python3.10/dist-packages/yolov8_msgs/msg/_inference_result_s.c
[10.308s] -- Up-to-date: /home/devika/robo_ws/install/yolov8_msgs/local/lib/python3.10/dist-packages/yolov8_msgs/msg/_yolov8_inference.py
[10.309s] -- Up-to-date: /home/devika/robo_ws/install/yolov8_msgs/local/lib/python3.10/dist-packages/yolov8_msgs/msg/_inference_result.py
[10.309s] -- Up-to-date: /home/devika/robo_ws/install/yolov8_msgs/local/lib/python3.10/dist-packages/yolov8_msgs/msg/_yolov8_inference_s.c
[10.309s] -- Up-to-date: /home/devika/robo_ws/install/yolov8_msgs/local/lib/python3.10/dist-packages/yolov8_msgs/msg/__init__.py
[10.309s] -- Up-to-date: /home/devika/robo_ws/install/yolov8_msgs/local/lib/python3.10/dist-packages/yolov8_msgs/_yolov8_msgs_s.ep.rosidl_typesupport_introspection_c.c
[10.310s] -- Up-to-date: /home/devika/robo_ws/install/yolov8_msgs/local/lib/python3.10/dist-packages/yolov8_msgs/yolov8_msgs_s__rosidl_typesupport_c.cpython-310-x86_64-linux-gnu.so
[10.310s] -- Up-to-date: /home/devika/robo_ws/install/yolov8_msgs/local/lib/python3.10/dist-packages/yolov8_msgs/libyolov8_msgs__rosidl_generator_py.so
[10.310s] -- Up-to-date: /home/devika/robo_ws/install/yolov8_msgs/local/lib/python3.10/dist-packages/yolov8_msgs/_yolov8_msgs_s.ep.rosidl_typesupport_c.c
[10.310s] -- Up-to-date: /home/devika/robo_ws/install/yolov8_msgs/local/lib/python3.10/dist-packages/yolov8_msgs/__init__.py
[10.311s] -- Up-to-date: /home/devika/robo_ws/install/yolov8_msgs/local/lib/python3.10/dist-packages/yolov8_msgs/yolov8_msgs_s__rosidl_typesupport_introspection_c.cpython-310-x86_64-linux-gnu.so
[10.502s] Listing '/home/devika/robo_ws/install/yolov8_msgs/local/lib/python3.10/dist-packages/yolov8_msgs'...
[10.502s] Listing '/home/devika/robo_ws/install/yolov8_msgs/local/lib/python3.10/dist-packages/yolov8_msgs/msg'...
[10.518s] -- Up-to-date: /home/devika/robo_ws/install/yolov8_msgs/local/lib/python3.10/dist-packages/yolov8_msgs/yolov8_msgs_s__rosidl_typesupport_fastrtps_c.cpython-310-x86_64-linux-gnu.so
[10.520s] -- Up-to-date: /home/devika/robo_ws/install/yolov8_msgs/local/lib/python3.10/dist-packages/yolov8_msgs/yolov8_msgs_s__rosidl_typesupport_introspection_c.cpython-310-x86_64-linux-gnu.so
[10.520s] -- Up-to-date: /home/devika/robo_ws/install/yolov8_msgs/local/lib/python3.10/dist-packages/yolov8_msgs/yolov8_msgs_s__rosidl_typesupport_c.cpython-310-x86_64-linux-gnu.so
[10.521s] -- Up-to-date: /home/devika/robo_ws/install/yolov8_msgs/lib/libyolov8_msgs__rosidl_generator_py.so
[10.527s] -- Up-to-date: /home/devika/robo_ws/install/yolov8_msgs/share/yolov8_msgs/msg/InferenceResult.idl
[10.527s] -- Up-to-date: /home/devika/robo_ws/install/yolov8_msgs/share/yolov8_msgs/msg/Yolov8Inference.idl
[10.527s] -- Up-to-date: /home/devika/robo_ws/install/yolov8_msgs/share/yolov8_msgs/msg/InferenceResult.msg
[10.527s] -- Up-to-date: /home/devika/robo_ws/install/yolov8_msgs/share/yolov8_msgs/msg/Yolov8Inference.msg
[10.528s] -- Up-to-date: /home/devika/robo_ws/install/yolov8_msgs/share/ament_index/resource_index/package_run_dependencies/yolov8_msgs
[10.528s] -- Up-to-date: /home/devika/robo_ws/install/yolov8_msgs/share/ament_index/resource_index/parent_prefix_path/yolov8_msgs
[10.528s] -- Up-to-date: /home/devika/robo_ws/install/yolov8_msgs/share/yolov8_msgs/environment/ament_prefix_path.sh
[10.528s] -- Up-to-date: /home/devika/robo_ws/install/yolov8_msgs/share/yolov8_msgs/environment/ament_prefix_path.dsv
[10.528s] -- Up-to-date: /home/devika/robo_ws/install/yolov8_msgs/share/yolov8_msgs/environment/path.sh
[10.529s] -- Up-to-date: /home/devika/robo_ws/install/yolov8_msgs/share/yolov8_msgs/environment/path.dsv
[10.529s] -- Up-to-date: /home/devika/robo_ws/install/yolov8_msgs/share/yolov8_msgs/local_setup.bash
[10.529s] -- Up-to-date: /home/devika/robo_ws/install/yolov8_msgs/share/yolov8_msgs/local_setup.sh
[10.529s] -- Up-to-date: /home/devika/robo_ws/install/yolov8_msgs/share/yolov8_msgs/local_setup.zsh
[10.530s] -- Up-to-date: /home/devika/robo_ws/install/yolov8_msgs/share/yolov8_msgs/local_setup.dsv
[10.530s] -- Installing: /home/devika/robo_ws/install/yolov8_msgs/share/yolov8_msgs/package.dsv
[10.532s] -- Up-to-date: /home/devika/robo_ws/install/yolov8_msgs/share/ament_index/resource_index/packages/yolov8_msgs
[10.532s] -- Up-to-date: /home/devika/robo_ws/install/yolov8_msgs/share/yolov8_msgs/cmake/export_yolov8_msgs__rosidl_generator_cExport.cmake
[10.533s] -- Up-to-date: /home/devika/robo_ws/install/yolov8_msgs/share/yolov8_msgs/cmake/export_yolov8_msgs__rosidl_generator_cExport-noconfig.cmake
[10.533s] -- Up-to-date: /home/devika/robo_ws/install/yolov8_msgs/share/yolov8_msgs/cmake/export_yolov8_msgs__rosidl_typesupport_fastrtps_cExport.cmake
[10.533s] -- Up-to-date: /home/devika/robo_ws/install/yolov8_msgs/share/yolov8_msgs/cmake/export_yolov8_msgs__rosidl_typesupport_fastrtps_cExport-noconfig.cmake
[10.533s] -- Up-to-date: /home/devika/robo_ws/install/yolov8_msgs/share/yolov8_msgs/cmake/export_yolov8_msgs__rosidl_generator_cppExport.cmake
[10.534s] -- Up-to-date: /home/devika/robo_ws/install/yolov8_msgs/share/yolov8_msgs/cmake/export_yolov8_msgs__rosidl_typesupport_fastrtps_cppExport.cmake
[10.534s] -- Up-to-date: /home/devika/robo_ws/install/yolov8_msgs/share/yolov8_msgs/cmake/export_yolov8_msgs__rosidl_typesupport_fastrtps_cppExport-noconfig.cmake
[10.534s] -- Up-to-date: /home/devika/robo_ws/install/yolov8_msgs/share/yolov8_msgs/cmake/yolov8_msgs__rosidl_typesupport_introspection_cExport.cmake
[10.536s] -- Up-to-date: /home/devika/robo_ws/install/yolov8_msgs/share/yolov8_msgs/cmake/yolov8_msgs__rosidl_typesupport_introspection_cExport-noconfig.cmake
[10.536s] -- Up-to-date: /home/devika/robo_ws/install/yolov8_msgs/share/yolov8_msgs/cmake/yolov8_msgs__rosidl_typesupport_cExport.cmake
[10.537s] -- Up-to-date: /home/devika/robo_ws/install/yolov8_msgs/share/yolov8_msgs/cmake/yolov8_msgs__rosidl_typesupport_cExport-noconfig.cmake
[10.539s] -- Up-to-date: /home/devika/robo_ws/install/yolov8_msgs/share/yolov8_msgs/cmake/yolov8_msgs__rosidl_typesupport_introspection_cppExport.cmake
[10.539s] -- Up-to-date: /home/devika/robo_ws/install/yolov8_msgs/share/yolov8_msgs/cmake/yolov8_msgs__rosidl_typesupport_introspection_cppExport-noconfig.cmake
[10.540s] -- Up-to-date: /home/devika/robo_ws/install/yolov8_msgs/share/yolov8_msgs/cmake/yolov8_msgs__rosidl_typesupport_cppExport.cmake
[10.540s] -- Up-to-date: /home/devika/robo_ws/install/yolov8_msgs/share/yolov8_msgs/cmake/yolov8_msgs__rosidl_typesupport_cppExport-noconfig.cmake
[10.541s] -- Up-to-date: /home/devika/robo_ws/install/yolov8_msgs/share/yolov8_msgs/cmake/export_yolov8_msgs__rosidl_generator_pyExport.cmake
[10.543s] -- Up-to-date: /home/devika/robo_ws/install/yolov8_msgs/share/yolov8_msgs/cmake/export_yolov8_msgs__rosidl_generator_pyExport-noconfig.cmake
[10.543s] -- Up-to-date: /home/devika/robo_ws/install/yolov8_msgs/share/yolov8_msgs/cmake/rosidl_cmake-extras.cmake
[10.544s] -- Up-to-date: /home/devika/robo_ws/install/yolov8_msgs/share/yolov8_msgs/cmake/ament_cmake_export_dependencies-extras.cmake
[10.544s] -- Up-to-date: /home/devika/robo_ws/install/yolov8_msgs/share/yolov8_msgs/cmake/ament_cmake_export_include_directories-extras.cmake
[10.544s] -- Up-to-date: /home/devika/robo_ws/install/yolov8_msgs/share/yolov8_msgs/cmake/ament_cmake_export_libraries-extras.cmake
[10.544s] -- Up-to-date: /home/devika/robo_ws/install/yolov8_msgs/share/yolov8_msgs/cmake/ament_cmake_export_targets-extras.cmake
[10.544s] -- Up-to-date: /home/devika/robo_ws/install/yolov8_msgs/share/yolov8_msgs/cmake/rosidl_cmake_export_typesupport_targets-extras.cmake
[10.545s] -- Up-to-date: /home/devika/robo_ws/install/yolov8_msgs/share/yolov8_msgs/cmake/rosidl_cmake_export_typesupport_libraries-extras.cmake
[10.545s] -- Up-to-date: /home/devika/robo_ws/install/yolov8_msgs/share/yolov8_msgs/cmake/yolov8_msgsConfig.cmake
[10.547s] -- Up-to-date: /home/devika/robo_ws/install/yolov8_msgs/share/yolov8_msgs/cmake/yolov8_msgsConfig-version.cmake
[10.547s] -- Up-to-date: /home/devika/robo_ws/install/yolov8_msgs/share/yolov8_msgs/package.xml
[10.560s] Invoked command in '/home/devika/robo_ws/build/yolov8_msgs' returned '0': CMAKE_PREFIX_PATH=${CMAKE_PREFIX_PATH}:/home/devika/robo_ws/install/perception_vision:/home/devika/robo_ws/install/cylinder_position_estimator:/home/devika/ws_moveit2/install/moveit_configs_utils:/home/devika/ws_moveit2/install/launch_param_builder:/opt/ros/humble /usr/bin/cmake --install /home/devika/robo_ws/build/yolov8_msgs
